[2026-09-25T00:16:03Z INFO  tape_rs::daemon::net] 节点间通信监听 0.0.0.0:7500
[2026-09-25T00:16:03Z INFO  tape_rs::daemon::http] 客户端接口监听 0.0.0.0:7501
[2026-09-25T00:16:03Z INFO  raft::raft] switched to configuration, raft_id: 1, config: Configuration { voters: Configuration { incoming: Configuration { voters: {1, 2, 3} }, outgoing: Configuration { voters: {} } }, learners: {}, learners_next: {}, auto_leave: false }
[2026-09-25T00:16:03Z INFO  raft::raft] became follower at term 26, raft_id: 1, term: 26
[2026-09-25T00:16:03Z INFO  raft::raft] newRaft, raft_id: 1, peers: Configuration { incoming: Configuration { voters: {1, 2, 3} }, outgoing: Configuration { voters: {} } }, last term: 26, last index: 240, applied: 0, commit: 240, term: 26
[2026-09-25T00:16:03Z INFO  raft::raw_node] RawNode created with id 1., raft_id: 1, id: 1
[2026-09-25T00:16:03Z INFO  tape_rs::daemon::node] 节点 3 成为执行者，轮次 6
[2026-09-25T00:16:03Z INFO  tape_rs::daemon::node] 节点 2 成为执行者，轮次 21
[2026-09-25T00:16:03Z INFO  tape_rs::daemon::node] 节点 3 成为执行者，轮次 26
[2026-09-25T00:16:03Z INFO  tape_rs::daemon::node] 节点 2 成为执行者，轮次 59
[2026-09-25T00:16:03Z INFO  tape_rs::daemon::node] 节点 3 成为执行者，轮次 104
[2026-09-25T00:16:03Z INFO  tape_rs::daemon::node] 节点 2 成为执行者，轮次 109
[2026-09-25T00:16:03Z INFO  tape_rs::daemon::node] 节点 2 成为执行者，轮次 114
[2026-09-25T00:16:03Z INFO  tape_rs::daemon::node] 节点 3 成为执行者，轮次 119
[2026-09-25T00:16:03Z INFO  tape_rs::daemon::node] 节点 2 成为执行者，轮次 124
[2026-09-25T00:16:03Z INFO  tape_rs::daemon::node] 节点 3 成为执行者，轮次 150
[2026-09-25T00:16:03Z INFO  tape_rs::daemon::node] 节点 2 成为执行者，轮次 157
[2026-09-25T00:16:03Z INFO  tape_rs::daemon::node] 节点 3 成为执行者，轮次 177
[2026-09-25T00:16:03Z INFO  tape_rs::daemon::node] 节点 2 成为执行者，轮次 191
[2026-09-25T00:16:03Z INFO  tape_rs::daemon::node] 节点 3 成为执行者，轮次 196
[2026-09-25T00:16:03Z INFO  tape_rs::daemon::node] 节点 2 成为执行者，轮次 210
[2026-09-25T00:16:04Z INFO  raft::raft] [logterm: 26, index: 240, vote: 1] cast vote for 2 [logterm: 26, index: 240] at term 26, raft_id: 1, msg type: MsgRequestPreVote, term: 26, msg_index: 240, msg_term: 26, from: 2, vote: 1, log_index: 240, log_term: 26
[2026-09-25T00:16:04Z INFO  raft::raft] received a message with higher term from 2, raft_id: 1, msg type: MsgRequestVote, message_term: 27, term: 26, from: 2
[2026-09-25T00:16:04Z INFO  raft::raft] became follower at term 27, raft_id: 1, term: 27
[2026-09-25T00:16:04Z INFO  raft::raft] [logterm: 26, index: 240, vote: 0] cast vote for 2 [logterm: 26, index: 240] at term 27, raft_id: 1, msg type: MsgRequestVote, term: 27, msg_index: 240, msg_term: 26, from: 2, vote: 0, log_index: 240, log_term: 26
[2026-09-25T00:16:04Z INFO  tape_rs::daemon::node] 节点 2 成为执行者，轮次 242
[2026-09-25T00:18:01Z INFO  raft::raft] starting a new election, raft_id: 1, term: 27
[2026-09-25T00:18:01Z INFO  raft::raft] became pre-candidate at term 27, raft_id: 1, term: 27
[2026-09-25T00:18:01Z INFO  raft::raft] broadcasting vote request, raft_id: 1, to: [2, 3], log_index: 245, log_term: 27, term: 27, type: MsgRequestPreVote
[2026-09-25T00:18:01Z INFO  raft::raft] received votes response, raft_id: 1, term: 27, type: MsgRequestPreVoteResponse, approvals: 2, rejections: 0, from: 3, vote: true
[2026-09-25T00:18:01Z INFO  raft::raft] became candidate at term 28, raft_id: 1, term: 28
[2026-09-25T00:18:01Z INFO  raft::raft] broadcasting vote request, raft_id: 1, to: [2, 3], log_index: 245, log_term: 27, term: 28, type: MsgRequestVote
[2026-09-25T00:18:01Z INFO  raft::raft] received votes response, raft_id: 1, term: 28, type: MsgRequestVoteResponse, approvals: 2, rejections: 0, from: 3, vote: true
[2026-09-25T00:18:01Z INFO  raft::raft] became leader at term 28, raft_id: 1, term: 28
[2026-09-25T00:18:01Z INFO  tape_rs::daemon::node] 本节点成为执行者，轮次 247（任期 28）
[2026-09-25T00:18:01Z INFO  tape_rs::scsi::reservation] /dev/sg9: 预留现状 generation=3 keys=[4c020000000000f2] holder=Some((4c020000000000f2, 3))
[2026-09-25T00:18:01Z INFO  tape_rs::daemon::executor] 执行线程: IBMtaper2287_LL3 (/dev/sg9) 已隔离（原持有者 Some(4c020000000000f2)）
[2026-09-25T00:18:01Z INFO  tape_rs::scsi::reservation] /dev/sg10: 预留现状 generation=3 keys=[4c020000000000f2] holder=Some((4c020000000000f2, 3))
[2026-09-25T00:18:01Z INFO  tape_rs::daemon::executor] 执行线程: IBMtaper2287 (/dev/sg10) 已隔离（原持有者 Some(4c020000000000f2)）
[2026-09-25T00:18:01Z INFO  tape_rs::scsi::reservation] /dev/sg11: 预留现状 generation=3 keys=[4c020000000000f2] holder=Some((4c020000000000f2, 3))
[2026-09-25T00:18:01Z INFO  tape_rs::daemon::executor] 执行线程: IBMtaper3D5E (/dev/sg11) 已隔离（原持有者 Some(4c020000000000f2)）
[2026-09-25T00:18:01Z INFO  tape_rs::tape::commands] 定位到 partition=0, block=0
[2026-09-25T00:18:01Z INFO  tape_rs::tape::commands] 定位到 partition=0, block=2
[2026-09-25T00:18:01Z INFO  tape_rs::ltfs::volume] LTFS label: version=2.4.0 uuid=26aefb84-fbc8-4c4a-a500-c85264ba2d29 blocksize=524288 compression=false
[2026-09-25T00:18:01Z INFO  tape_rs::tape::commands] 定位到 partition=1, block=0
[2026-09-25T00:18:01Z INFO  tape_rs::tape::commands] 定位到 partition=1, block=273
[2026-09-25T00:18:01Z INFO  tape_rs::ltfs::recovery] 分区 1 末索引 gen=80 @ 273..274
[2026-09-25T00:18:01Z INFO  tape_rs::tape::commands] 定位到 partition=0, block=0
[2026-09-25T00:18:01Z INFO  tape_rs::tape::commands] 定位到 partition=0, block=5
[2026-09-25T00:18:01Z INFO  tape_rs::ltfs::recovery] 分区 0 末索引 gen=79 @ 5..6
[2026-09-25T00:18:01Z INFO  tape_rs::tape::commands] 定位到 partition=1, block=270
[2026-09-25T00:18:01Z INFO  tape_rs::tape::commands] 定位到 partition=1, block=270
[2026-09-25T00:18:01Z INFO  tape_rs::tape::commands] 定位到 partition=1, block=252
[2026-09-25T00:18:01Z INFO  tape_rs::tape::commands] 定位到 partition=1, block=246
[2026-09-25T00:18:01Z INFO  tape_rs::tape::commands] 定位到 partition=1, block=237
[2026-09-25T00:18:01Z INFO  tape_rs::tape::commands] 定位到 partition=1, block=232
[2026-09-25T00:18:01Z INFO  tape_rs::tape::commands] 定位到 partition=1, block=223
[2026-09-25T00:18:01Z INFO  tape_rs::tape::commands] 定位到 partition=1, block=202
[2026-09-25T00:18:01Z INFO  tape_rs::tape::commands] 定位到 partition=1, block=199
[2026-09-25T00:18:01Z INFO  tape_rs::tape::commands] 定位到 partition=1, block=193
[2026-09-25T00:18:01Z INFO  tape_rs::tape::commands] 定位到 partition=1, block=184
[2026-09-25T00:18:01Z INFO  tape_rs::tape::commands] 定位到 partition=1, block=165
[2026-09-25T00:18:01Z INFO  tape_rs::tape::commands] 定位到 partition=1, block=162
[2026-09-25T00:18:01Z INFO  tape_rs::tape::commands] 定位到 partition=1, block=153
[2026-09-25T00:18:01Z INFO  tape_rs::tape::commands] 定位到 partition=1, block=130
[2026-09-25T00:18:01Z INFO  tape_rs::tape::commands] 定位到 partition=1, block=111
[2026-09-25T00:18:01Z INFO  tape_rs::tape::commands] 定位到 partition=1, block=91
[2026-09-25T00:18:01Z INFO  tape_rs::tape::commands] 定位到 partition=1, block=87
[2026-09-25T00:18:01Z INFO  tape_rs::tape::commands] 定位到 partition=1, block=75
[2026-09-25T00:18:01Z INFO  tape_rs::tape::commands] 定位到 partition=1, block=57
[2026-09-25T00:18:01Z INFO  tape_rs::tape::commands] 定位到 partition=1, block=28
[2026-09-25T00:18:01Z INFO  tape_rs::tape::commands] 定位到 partition=1, block=13
[2026-09-25T00:18:01Z INFO  tape_rs::tape::commands] 定位到 partition=1, block=8
[2026-09-25T00:18:01Z INFO  tape_rs::tape::commands] 定位到 partition=1, block=5
[2026-09-25T00:18:01Z INFO  tape_rs::tape::commands] 定位到 partition=1, block=275
[2026-09-25T00:18:01Z INFO  tape_rs::ltfs::volume] index gen=80 highest_uid=56 (dp_tail=Complete, ip_tail=Complete, writable=true)
[2026-09-25T00:18:01Z INFO  tape_rs::daemon::node] RT2502L8 目录停在第 79 代，磁带是第 80 代：以磁带为准重写该带的目录
[2026-09-25T00:18:01Z INFO  tape_rs::daemon::node] 轮次 247 开始服务：IBMtaper2287 (/dev/sg10) [RT2502L8]: gen=80 文件 26 个 尾部 Complete；可用 72 MiB
[2026-09-25T00:18:35Z INFO  tape_rs::tape::commands] 定位到 partition=0, block=2
[2026-09-25T00:18:35Z INFO  tape_rs::ltfs::volume] LTFS label: version=2.4.0 uuid=26aefb84-fbc8-4c4a-a500-c85264ba2d29 blocksize=524288 compression=false
[2026-09-25T00:18:35Z INFO  tape_rs::tape::commands] 定位到 partition=1, block=0
[2026-09-25T00:18:35Z INFO  tape_rs::tape::commands] 定位到 partition=1, block=273
[2026-09-25T00:18:35Z INFO  tape_rs::ltfs::recovery] 分区 1 末索引 gen=80 @ 273..274
[2026-09-25T00:18:35Z INFO  tape_rs::tape::commands] 定位到 partition=0, block=0
[2026-09-25T00:18:35Z INFO  tape_rs::tape::commands] 定位到 partition=0, block=5
[2026-09-25T00:18:35Z INFO  tape_rs::ltfs::recovery] 分区 0 末索引 gen=79 @ 5..6
[2026-09-25T00:18:35Z INFO  tape_rs::tape::commands] 定位到 partition=1, block=270
[2026-09-25T00:18:35Z INFO  tape_rs::tape::commands] 定位到 partition=1, block=270
[2026-09-25T00:18:35Z INFO  tape_rs::tape::commands] 定位到 partition=1, block=252
[2026-09-25T00:18:35Z INFO  tape_rs::tape::commands] 定位到 partition=1, block=246
[2026-09-25T00:18:35Z INFO  tape_rs::tape::commands] 定位到 partition=1, block=237
[2026-09-25T00:18:35Z INFO  tape_rs::tape::commands] 定位到 partition=1, block=232
[2026-09-25T00:18:35Z INFO  tape_rs::tape::commands] 定位到 partition=1, block=223
[2026-09-25T00:18:35Z INFO  tape_rs::tape::commands] 定位到 partition=1, block=202
[2026-09-25T00:18:35Z INFO  tape_rs::tape::commands] 定位到 partition=1, block=199
[2026-09-25T00:18:35Z INFO  tape_rs::tape::commands] 定位到 partition=1, block=193
[2026-09-25T00:18:35Z INFO  tape_rs::tape::commands] 定位到 partition=1, block=184
[2026-09-25T00:18:35Z INFO  tape_rs::tape::commands] 定位到 partition=1, block=165
[2026-09-25T00:18:35Z INFO  tape_rs::tape::commands] 定位到 partition=1, block=162
[2026-09-25T00:18:35Z INFO  tape_rs::tape::commands] 定位到 partition=1, block=153
[2026-09-25T00:18:35Z INFO  tape_rs::tape::commands] 定位到 partition=1, block=130
[2026-09-25T00:18:35Z INFO  tape_rs::tape::commands] 定位到 partition=1, block=111
[2026-09-25T00:18:35Z INFO  tape_rs::tape::commands] 定位到 partition=1, block=91
[2026-09-25T00:18:35Z INFO  tape_rs::tape::commands] 定位到 partition=1, block=87
[2026-09-25T00:18:35Z INFO  tape_rs::tape::commands] 定位到 partition=1, block=75
[2026-09-25T00:18:35Z INFO  tape_rs::tape::commands] 定位到 partition=1, block=57
[2026-09-25T00:18:35Z INFO  tape_rs::tape::commands] 定位到 partition=1, block=28
[2026-09-25T00:18:35Z INFO  tape_rs::tape::commands] 定位到 partition=1, block=13
[2026-09-25T00:18:35Z INFO  tape_rs::tape::commands] 定位到 partition=1, block=8
[2026-09-25T00:18:35Z INFO  tape_rs::tape::commands] 定位到 partition=1, block=5
[2026-09-25T00:18:35Z INFO  tape_rs::tape::commands] 定位到 partition=1, block=275
[2026-09-25T00:18:35Z INFO  tape_rs::ltfs::volume] index gen=80 highest_uid=56 (dp_tail=Complete, ip_tail=Complete, writable=true)
[2026-09-25T00:18:35Z INFO  tape_rs::tape::commands] 定位到 partition=1, block=89
[2026-09-25T00:18:35Z INFO  tape_rs::ltfs::volume] 读取 rc/dir-interop-20260924/le-file: 23 字节
[2026-09-25T00:18:35Z INFO  tape_rs::tape::commands] 定位到 partition=0, block=2
[2026-09-25T00:18:35Z INFO  tape_rs::ltfs::volume] LTFS label: version=2.4.0 uuid=26aefb84-fbc8-4c4a-a500-c85264ba2d29 blocksize=524288 compression=false
[2026-09-25T00:18:35Z INFO  tape_rs::tape::commands] 定位到 partition=1, block=0
[2026-09-25T00:18:35Z INFO  tape_rs::tape::commands] 定位到 partition=1, block=273
[2026-09-25T00:18:35Z INFO  tape_rs::ltfs::recovery] 分区 1 末索引 gen=80 @ 273..274
[2026-09-25T00:18:35Z INFO  tape_rs::tape::commands] 定位到 partition=0, block=0
[2026-09-25T00:18:35Z INFO  tape_rs::tape::commands] 定位到 partition=0, block=5
[2026-09-25T00:18:35Z INFO  tape_rs::ltfs::recovery] 分区 0 末索引 gen=79 @ 5..6
[2026-09-25T00:18:35Z INFO  tape_rs::tape::commands] 定位到 partition=1, block=270
[2026-09-25T00:18:35Z INFO  tape_rs::tape::commands] 定位到 partition=1, block=270
[2026-09-25T00:18:35Z INFO  tape_rs::tape::commands] 定位到 partition=1, block=252
[2026-09-25T00:18:35Z INFO  tape_rs::tape::commands] 定位到 partition=1, block=246
[2026-09-25T00:18:35Z INFO  tape_rs::tape::commands] 定位到 partition=1, block=237
[2026-09-25T00:18:35Z INFO  tape_rs::tape::commands] 定位到 partition=1, block=232
[2026-09-25T00:18:35Z INFO  tape_rs::tape::commands] 定位到 partition=1, block=223
[2026-09-25T00:18:35Z INFO  tape_rs::tape::commands] 定位到 partition=1, block=202
[2026-09-25T00:18:35Z INFO  tape_rs::tape::commands] 定位到 partition=1, block=199
[2026-09-25T00:18:35Z INFO  tape_rs::tape::commands] 定位到 partition=1, block=193
[2026-09-25T00:18:35Z INFO  tape_rs::tape::commands] 定位到 partition=1, block=184
[2026-09-25T00:18:35Z INFO  tape_rs::tape::commands] 定位到 partition=1, block=165
[2026-09-25T00:18:35Z INFO  tape_rs::tape::commands] 定位到 partition=1, block=162
[2026-09-25T00:18:35Z INFO  tape_rs::tape::commands] 定位到 partition=1, block=153
[2026-09-25T00:18:35Z INFO  tape_rs::tape::commands] 定位到 partition=1, block=130
[2026-09-25T00:18:35Z INFO  tape_rs::tape::commands] 定位到 partition=1, block=111
[2026-09-25T00:18:35Z INFO  tape_rs::tape::commands] 定位到 partition=1, block=91
[2026-09-25T00:18:35Z INFO  tape_rs::tape::commands] 定位到 partition=1, block=87
[2026-09-25T00:18:35Z INFO  tape_rs::tape::commands] 定位到 partition=1, block=75
[2026-09-25T00:18:35Z INFO  tape_rs::tape::commands] 定位到 partition=1, block=57
[2026-09-25T00:18:35Z INFO  tape_rs::tape::commands] 定位到 partition=1, block=28
[2026-09-25T00:18:35Z INFO  tape_rs::tape::commands] 定位到 partition=1, block=13
[2026-09-25T00:18:35Z INFO  tape_rs::tape::commands] 定位到 partition=1, block=8
[2026-09-25T00:18:35Z INFO  tape_rs::tape::commands] 定位到 partition=1, block=5
[2026-09-25T00:18:35Z INFO  tape_rs::tape::commands] 定位到 partition=1, block=275
[2026-09-25T00:18:35Z INFO  tape_rs::ltfs::volume] index gen=80 highest_uid=56 (dp_tail=Complete, ip_tail=Complete, writable=true)
[2026-09-25T00:18:35Z INFO  tape_rs::tape::commands] 定位到 partition=1, block=45
[2026-09-25T00:18:35Z INFO  tape_rs::ltfs::volume] 读取 rc/edit.bin: 70012 字节
[2026-09-25T00:18:35Z INFO  tape_rs::tape::commands] 定位到 partition=0, block=2
[2026-09-25T00:18:35Z INFO  tape_rs::ltfs::volume] LTFS label: version=2.4.0 uuid=26aefb84-fbc8-4c4a-a500-c85264ba2d29 blocksize=524288 compression=false
[2026-09-25T00:18:35Z INFO  tape_rs::tape::commands] 定位到 partition=1, block=0
[2026-09-25T00:18:35Z INFO  tape_rs::tape::commands] 定位到 partition=1, block=273
[2026-09-25T00:18:35Z INFO  tape_rs::ltfs::recovery] 分区 1 末索引 gen=80 @ 273..274
[2026-09-25T00:18:35Z INFO  tape_rs::tape::commands] 定位到 partition=0, block=0
[2026-09-25T00:18:35Z INFO  tape_rs::tape::commands] 定位到 partition=0, block=5
[2026-09-25T00:18:35Z INFO  tape_rs::ltfs::recovery] 分区 0 末索引 gen=79 @ 5..6
[2026-09-25T00:18:35Z INFO  tape_rs::tape::commands] 定位到 partition=1, block=270
[2026-09-25T00:18:35Z INFO  tape_rs::tape::commands] 定位到 partition=1, block=270
[2026-09-25T00:18:35Z INFO  tape_rs::tape::commands] 定位到 partition=1, block=252
[2026-09-25T00:18:35Z INFO  tape_rs::tape::commands] 定位到 partition=1, block=246
[2026-09-25T00:18:35Z INFO  tape_rs::tape::commands] 定位到 partition=1, block=237
[2026-09-25T00:18:35Z INFO  tape_rs::tape::commands] 定位到 partition=1, block=232
[2026-09-25T00:18:35Z INFO  tape_rs::tape::commands] 定位到 partition=1, block=223
[2026-09-25T00:18:35Z INFO  tape_rs::tape::commands] 定位到 partition=1, block=202
[2026-09-25T00:18:35Z INFO  tape_rs::tape::commands] 定位到 partition=1, block=199
[2026-09-25T00:18:35Z INFO  tape_rs::tape::commands] 定位到 partition=1, block=193
[2026-09-25T00:18:35Z INFO  tape_rs::tape::commands] 定位到 partition=1, block=184
[2026-09-25T00:18:35Z INFO  tape_rs::tape::commands] 定位到 partition=1, block=165
[2026-09-25T00:18:35Z INFO  tape_rs::tape::commands] 定位到 partition=1, block=162
[2026-09-25T00:18:35Z INFO  tape_rs::tape::commands] 定位到 partition=1, block=153
[2026-09-25T00:18:35Z INFO  tape_rs::tape::commands] 定位到 partition=1, block=130
[2026-09-25T00:18:35Z INFO  tape_rs::tape::commands] 定位到 partition=1, block=111
[2026-09-25T00:18:35Z INFO  tape_rs::tape::commands] 定位到 partition=1, block=91
[2026-09-25T00:18:35Z INFO  tape_rs::tape::commands] 定位到 partition=1, block=87
[2026-09-25T00:18:35Z INFO  tape_rs::tape::commands] 定位到 partition=1, block=75
[2026-09-25T00:18:35Z INFO  tape_rs::tape::commands] 定位到 partition=1, block=57
[2026-09-25T00:18:35Z INFO  tape_rs::tape::commands] 定位到 partition=1, block=28
[2026-09-25T00:18:35Z INFO  tape_rs::tape::commands] 定位到 partition=1, block=13
[2026-09-25T00:18:35Z INFO  tape_rs::tape::commands] 定位到 partition=1, block=8
[2026-09-25T00:18:35Z INFO  tape_rs::tape::commands] 定位到 partition=1, block=5
[2026-09-25T00:18:35Z INFO  tape_rs::tape::commands] 定位到 partition=1, block=275
[2026-09-25T00:18:35Z INFO  tape_rs::ltfs::volume] index gen=80 highest_uid=56 (dp_tail=Complete, ip_tail=Complete, writable=true)
[2026-09-25T00:18:35Z INFO  tape_rs::tape::commands] 定位到 partition=1, block=52
[2026-09-25T00:18:35Z INFO  tape_rs::ltfs::volume] 读取 rc/ha-delete.bin: 34 字节
[2026-09-25T00:18:35Z INFO  tape_rs::tape::commands] 定位到 partition=0, block=2
[2026-09-25T00:18:35Z INFO  tape_rs::ltfs::volume] LTFS label: version=2.4.0 uuid=26aefb84-fbc8-4c4a-a500-c85264ba2d29 blocksize=524288 compression=false
[2026-09-25T00:18:35Z INFO  tape_rs::tape::commands] 定位到 partition=1, block=0
[2026-09-25T00:18:35Z INFO  tape_rs::tape::commands] 定位到 partition=1, block=273
[2026-09-25T00:18:35Z INFO  tape_rs::ltfs::recovery] 分区 1 末索引 gen=80 @ 273..274
[2026-09-25T00:18:35Z INFO  tape_rs::tape::commands] 定位到 partition=0, block=0
[2026-09-25T00:18:35Z INFO  tape_rs::tape::commands] 定位到 partition=0, block=5
[2026-09-25T00:18:35Z INFO  tape_rs::ltfs::recovery] 分区 0 末索引 gen=79 @ 5..6
[2026-09-25T00:18:35Z INFO  tape_rs::tape::commands] 定位到 partition=1, block=270
[2026-09-25T00:18:35Z INFO  tape_rs::tape::commands] 定位到 partition=1, block=270
[2026-09-25T00:18:35Z INFO  tape_rs::tape::commands] 定位到 partition=1, block=252
[2026-09-25T00:18:35Z INFO  tape_rs::tape::commands] 定位到 partition=1, block=246
[2026-09-25T00:18:35Z INFO  tape_rs::tape::commands] 定位到 partition=1, block=237
[2026-09-25T00:18:35Z INFO  tape_rs::tape::commands] 定位到 partition=1, block=232
[2026-09-25T00:18:35Z INFO  tape_rs::tape::commands] 定位到 partition=1, block=223
[2026-09-25T00:18:35Z INFO  tape_rs::tape::commands] 定位到 partition=1, block=202
[2026-09-25T00:18:35Z INFO  tape_rs::tape::commands] 定位到 partition=1, block=199
[2026-09-25T00:18:35Z INFO  tape_rs::tape::commands] 定位到 partition=1, block=193
[2026-09-25T00:18:35Z INFO  tape_rs::tape::commands] 定位到 partition=1, block=184
[2026-09-25T00:18:35Z INFO  tape_rs::tape::commands] 定位到 partition=1, block=165
[2026-09-25T00:18:35Z INFO  tape_rs::tape::commands] 定位到 partition=1, block=162
[2026-09-25T00:18:35Z INFO  tape_rs::tape::commands] 定位到 partition=1, block=153
[2026-09-25T00:18:35Z INFO  tape_rs::tape::commands] 定位到 partition=1, block=130
[2026-09-25T00:18:35Z INFO  tape_rs::tape::commands] 定位到 partition=1, block=111
[2026-09-25T00:18:35Z INFO  tape_rs::tape::commands] 定位到 partition=1, block=91
[2026-09-25T00:18:35Z INFO  tape_rs::tape::commands] 定位到 partition=1, block=87
[2026-09-25T00:18:35Z INFO  tape_rs::tape::commands] 定位到 partition=1, block=75
[2026-09-25T00:18:35Z INFO  tape_rs::tape::commands] 定位到 partition=1, block=57
[2026-09-25T00:18:35Z INFO  tape_rs::tape::commands] 定位到 partition=1, block=28
[2026-09-25T00:18:35Z INFO  tape_rs::tape::commands] 定位到 partition=1, block=13
[2026-09-25T00:18:35Z INFO  tape_rs::tape::commands] 定位到 partition=1, block=8
[2026-09-25T00:18:35Z INFO  tape_rs::tape::commands] 定位到 partition=1, block=5
[2026-09-25T00:18:35Z INFO  tape_rs::tape::commands] 定位到 partition=1, block=275
[2026-09-25T00:18:35Z INFO  tape_rs::ltfs::volume] index gen=80 highest_uid=56 (dp_tail=Complete, ip_tail=Complete, writable=true)
[2026-09-25T00:18:35Z INFO  tape_rs::tape::commands] 定位到 partition=1, block=34
[2026-09-25T00:18:35Z INFO  tape_rs::ltfs::volume] 读取 rc/ha-upload.bin: 4194304 字节
[2026-09-25T00:18:35Z INFO  tape_rs::tape::commands] 定位到 partition=0, block=2
[2026-09-25T00:18:35Z INFO  tape_rs::ltfs::volume] LTFS label: version=2.4.0 uuid=26aefb84-fbc8-4c4a-a500-c85264ba2d29 blocksize=524288 compression=false
[2026-09-25T00:18:35Z INFO  tape_rs::tape::commands] 定位到 partition=1, block=0
[2026-09-25T00:18:35Z INFO  tape_rs::tape::commands] 定位到 partition=1, block=273
[2026-09-25T00:18:35Z INFO  tape_rs::ltfs::recovery] 分区 1 末索引 gen=80 @ 273..274
[2026-09-25T00:18:35Z INFO  tape_rs::tape::commands] 定位到 partition=0, block=0
[2026-09-25T00:18:35Z INFO  tape_rs::tape::commands] 定位到 partition=0, block=5
[2026-09-25T00:18:35Z INFO  tape_rs::ltfs::recovery] 分区 0 末索引 gen=79 @ 5..6
[2026-09-25T00:18:35Z INFO  tape_rs::tape::commands] 定位到 partition=1, block=270
[2026-09-25T00:18:35Z INFO  tape_rs::tape::commands] 定位到 partition=1, block=270
[2026-09-25T00:18:35Z INFO  tape_rs::tape::commands] 定位到 partition=1, block=252
[2026-09-25T00:18:35Z INFO  tape_rs::tape::commands] 定位到 partition=1, block=246
[2026-09-25T00:18:35Z INFO  tape_rs::tape::commands] 定位到 partition=1, block=237
[2026-09-25T00:18:35Z INFO  tape_rs::tape::commands] 定位到 partition=1, block=232
[2026-09-25T00:18:35Z INFO  tape_rs::tape::commands] 定位到 partition=1, block=223
[2026-09-25T00:18:35Z INFO  tape_rs::tape::commands] 定位到 partition=1, block=202
[2026-09-25T00:18:35Z INFO  tape_rs::tape::commands] 定位到 partition=1, block=199
[2026-09-25T00:18:35Z INFO  tape_rs::tape::commands] 定位到 partition=1, block=193
[2026-09-25T00:18:35Z INFO  tape_rs::tape::commands] 定位到 partition=1, block=184
[2026-09-25T00:18:35Z INFO  tape_rs::tape::commands] 定位到 partition=1, block=165
[2026-09-25T00:18:35Z INFO  tape_rs::tape::commands] 定位到 partition=1, block=162
[2026-09-25T00:18:35Z INFO  tape_rs::tape::commands] 定位到 partition=1, block=153
[2026-09-25T00:18:35Z INFO  tape_rs::tape::commands] 定位到 partition=1, block=130
[2026-09-25T00:18:35Z INFO  tape_rs::tape::commands] 定位到 partition=1, block=111
[2026-09-25T00:18:35Z INFO  tape_rs::tape::commands] 定位到 partition=1, block=91
[2026-09-25T00:18:35Z INFO  tape_rs::tape::commands] 定位到 partition=1, block=87
[2026-09-25T00:18:35Z INFO  tape_rs::tape::commands] 定位到 partition=1, block=75
[2026-09-25T00:18:35Z INFO  tape_rs::tape::commands] 定位到 partition=1, block=57
[2026-09-25T00:18:35Z INFO  tape_rs::tape::commands] 定位到 partition=1, block=28
[2026-09-25T00:18:35Z INFO  tape_rs::tape::commands] 定位到 partition=1, block=13
[2026-09-25T00:18:35Z INFO  tape_rs::tape::commands] 定位到 partition=1, block=8
[2026-09-25T00:18:35Z INFO  tape_rs::tape::commands] 定位到 partition=1, block=5
[2026-09-25T00:18:35Z INFO  tape_rs::tape::commands] 定位到 partition=1, block=275
[2026-09-25T00:18:35Z INFO  tape_rs::ltfs::volume] index gen=80 highest_uid=56 (dp_tail=Complete, ip_tail=Complete, writable=true)
[2026-09-25T00:18:35Z INFO  tape_rs::tape::commands] 定位到 partition=1, block=10
[2026-09-25T00:18:35Z INFO  tape_rs::ltfs::volume] 读取 rc/keep.bin: 65536 字节
[2026-09-25T00:18:35Z INFO  tape_rs::tape::commands] 定位到 partition=0, block=2
[2026-09-25T00:18:35Z INFO  tape_rs::ltfs::volume] LTFS label: version=2.4.0 uuid=26aefb84-fbc8-4c4a-a500-c85264ba2d29 blocksize=524288 compression=false
[2026-09-25T00:18:35Z INFO  tape_rs::tape::commands] 定位到 partition=1, block=0
[2026-09-25T00:18:35Z INFO  tape_rs::tape::commands] 定位到 partition=1, block=273
[2026-09-25T00:18:35Z INFO  tape_rs::ltfs::recovery] 分区 1 末索引 gen=80 @ 273..274
[2026-09-25T00:18:35Z INFO  tape_rs::tape::commands] 定位到 partition=0, block=0
[2026-09-25T00:18:35Z INFO  tape_rs::tape::commands] 定位到 partition=0, block=5
[2026-09-25T00:18:35Z INFO  tape_rs::ltfs::recovery] 分区 0 末索引 gen=79 @ 5..6
[2026-09-25T00:18:35Z INFO  tape_rs::tape::commands] 定位到 partition=1, block=270
[2026-09-25T00:18:35Z INFO  tape_rs::tape::commands] 定位到 partition=1, block=270
[2026-09-25T00:18:35Z INFO  tape_rs::tape::commands] 定位到 partition=1, block=252
[2026-09-25T00:18:35Z INFO  tape_rs::tape::commands] 定位到 partition=1, block=246
[2026-09-25T00:18:35Z INFO  tape_rs::tape::commands] 定位到 partition=1, block=237
[2026-09-25T00:18:35Z INFO  tape_rs::tape::commands] 定位到 partition=1, block=232
[2026-09-25T00:18:35Z INFO  tape_rs::tape::commands] 定位到 partition=1, block=223
[2026-09-25T00:18:35Z INFO  tape_rs::tape::commands] 定位到 partition=1, block=202
[2026-09-25T00:18:35Z INFO  tape_rs::tape::commands] 定位到 partition=1, block=199
[2026-09-25T00:18:35Z INFO  tape_rs::tape::commands] 定位到 partition=1, block=193
[2026-09-25T00:18:35Z INFO  tape_rs::tape::commands] 定位到 partition=1, block=184
[2026-09-25T00:18:35Z INFO  tape_rs::tape::commands] 定位到 partition=1, block=165
[2026-09-25T00:18:35Z INFO  tape_rs::tape::commands] 定位到 partition=1, block=162
[2026-09-25T00:18:35Z INFO  tape_rs::tape::commands] 定位到 partition=1, block=153
[2026-09-25T00:18:35Z INFO  tape_rs::tape::commands] 定位到 partition=1, block=130
[2026-09-25T00:18:35Z INFO  tape_rs::tape::commands] 定位到 partition=1, block=111
[2026-09-25T00:18:35Z INFO  tape_rs::tape::commands] 定位到 partition=1, block=91
[2026-09-25T00:18:35Z INFO  tape_rs::tape::commands] 定位到 partition=1, block=87
[2026-09-25T00:18:35Z INFO  tape_rs::tape::commands] 定位到 partition=1, block=75
[2026-09-25T00:18:35Z INFO  tape_rs::tape::commands] 定位到 partition=1, block=57
[2026-09-25T00:18:35Z INFO  tape_rs::tape::commands] 定位到 partition=1, block=28
[2026-09-25T00:18:35Z INFO  tape_rs::tape::commands] 定位到 partition=1, block=13
[2026-09-25T00:18:35Z INFO  tape_rs::tape::commands] 定位到 partition=1, block=8
[2026-09-25T00:18:35Z INFO  tape_rs::tape::commands] 定位到 partition=1, block=5
[2026-09-25T00:18:35Z INFO  tape_rs::tape::commands] 定位到 partition=1, block=275
[2026-09-25T00:18:35Z INFO  tape_rs::ltfs::volume] index gen=80 highest_uid=56 (dp_tail=Complete, ip_tail=Complete, writable=true)
[2026-09-25T00:18:35Z INFO  tape_rs::tape::commands] 定位到 partition=1, block=10
[2026-09-25T00:18:35Z INFO  tape_rs::ltfs::volume] 读取 rc/keep.bin: 65536 字节
[2026-09-25T00:18:35Z INFO  tape_rs::tape::commands] 定位到 partition=0, block=2
[2026-09-25T00:18:35Z INFO  tape_rs::ltfs::volume] LTFS label: version=2.4.0 uuid=26aefb84-fbc8-4c4a-a500-c85264ba2d29 blocksize=524288 compression=false
[2026-09-25T00:18:35Z INFO  tape_rs::tape::commands] 定位到 partition=1, block=0
[2026-09-25T00:18:35Z INFO  tape_rs::tape::commands] 定位到 partition=1, block=273
[2026-09-25T00:18:35Z INFO  tape_rs::ltfs::recovery] 分区 1 末索引 gen=80 @ 273..274
[2026-09-25T00:18:35Z INFO  tape_rs::tape::commands] 定位到 partition=0, block=0
[2026-09-25T00:18:35Z INFO  tape_rs::tape::commands] 定位到 partition=0, block=5
[2026-09-25T00:18:35Z INFO  tape_rs::ltfs::recovery] 分区 0 末索引 gen=79 @ 5..6
[2026-09-25T00:18:35Z INFO  tape_rs::tape::commands] 定位到 partition=1, block=270
[2026-09-25T00:18:35Z INFO  tape_rs::tape::commands] 定位到 partition=1, block=270
[2026-09-25T00:18:35Z INFO  tape_rs::tape::commands] 定位到 partition=1, block=252
[2026-09-25T00:18:35Z INFO  tape_rs::tape::commands] 定位到 partition=1, block=246
[2026-09-25T00:18:35Z INFO  tape_rs::tape::commands] 定位到 partition=1, block=237
[2026-09-25T00:18:35Z INFO  tape_rs::tape::commands] 定位到 partition=1, block=232
[2026-09-25T00:18:35Z INFO  tape_rs::tape::commands] 定位到 partition=1, block=223
[2026-09-25T00:18:35Z INFO  tape_rs::tape::commands] 定位到 partition=1, block=202
[2026-09-25T00:18:35Z INFO  tape_rs::tape::commands] 定位到 partition=1, block=199
[2026-09-25T00:18:35Z INFO  tape_rs::tape::commands] 定位到 partition=1, block=193
[2026-09-25T00:18:35Z INFO  tape_rs::tape::commands] 定位到 partition=1, block=184
[2026-09-25T00:18:35Z INFO  tape_rs::tape::commands] 定位到 partition=1, block=165
[2026-09-25T00:18:35Z INFO  tape_rs::tape::commands] 定位到 partition=1, block=162
[2026-09-25T00:18:35Z INFO  tape_rs::tape::commands] 定位到 partition=1, block=153
[2026-09-25T00:18:35Z INFO  tape_rs::tape::commands] 定位到 partition=1, block=130
[2026-09-25T00:18:35Z INFO  tape_rs::tape::commands] 定位到 partition=1, block=111
[2026-09-25T00:18:35Z INFO  tape_rs::tape::commands] 定位到 partition=1, block=91
[2026-09-25T00:18:35Z INFO  tape_rs::tape::commands] 定位到 partition=1, block=87
[2026-09-25T00:18:35Z INFO  tape_rs::tape::commands] 定位到 partition=1, block=75
[2026-09-25T00:18:35Z INFO  tape_rs::tape::commands] 定位到 partition=1, block=57
[2026-09-25T00:18:35Z INFO  tape_rs::tape::commands] 定位到 partition=1, block=28
[2026-09-25T00:18:35Z INFO  tape_rs::tape::commands] 定位到 partition=1, block=13
[2026-09-25T00:18:35Z INFO  tape_rs::tape::commands] 定位到 partition=1, block=8
[2026-09-25T00:18:35Z INFO  tape_rs::tape::commands] 定位到 partition=1, block=5
[2026-09-25T00:18:35Z INFO  tape_rs::tape::commands] 定位到 partition=1, block=275
[2026-09-25T00:18:35Z INFO  tape_rs::ltfs::volume] index gen=80 highest_uid=56 (dp_tail=Complete, ip_tail=Complete, writable=true)
[2026-09-25T00:18:35Z INFO  tape_rs::tape::commands] 定位到 partition=1, block=23
[2026-09-25T00:18:35Z INFO  tape_rs::ltfs::volume] 读取 rc/new.bin: 26 字节
[2026-09-25T00:18:35Z INFO  tape_rs::tape::commands] 定位到 partition=0, block=2
[2026-09-25T00:18:35Z INFO  tape_rs::ltfs::volume] LTFS label: version=2.4.0 uuid=26aefb84-fbc8-4c4a-a500-c85264ba2d29 blocksize=524288 compression=false
[2026-09-25T00:18:35Z INFO  tape_rs::tape::commands] 定位到 partition=1, block=0
[2026-09-25T00:18:35Z INFO  tape_rs::tape::commands] 定位到 partition=1, block=273
[2026-09-25T00:18:35Z INFO  tape_rs::ltfs::recovery] 分区 1 末索引 gen=80 @ 273..274
[2026-09-25T00:18:35Z INFO  tape_rs::tape::commands] 定位到 partition=0, block=0
[2026-09-25T00:18:35Z INFO  tape_rs::tape::commands] 定位到 partition=0, block=5
[2026-09-25T00:18:35Z INFO  tape_rs::ltfs::recovery] 分区 0 末索引 gen=79 @ 5..6
[2026-09-25T00:18:35Z INFO  tape_rs::tape::commands] 定位到 partition=1, block=270
[2026-09-25T00:18:35Z INFO  tape_rs::tape::commands] 定位到 partition=1, block=270
[2026-09-25T00:18:35Z INFO  tape_rs::tape::commands] 定位到 partition=1, block=252
[2026-09-25T00:18:35Z INFO  tape_rs::tape::commands] 定位到 partition=1, block=246
[2026-09-25T00:18:35Z INFO  tape_rs::tape::commands] 定位到 partition=1, block=237
[2026-09-25T00:18:35Z INFO  tape_rs::tape::commands] 定位到 partition=1, block=232
[2026-09-25T00:18:35Z INFO  tape_rs::tape::commands] 定位到 partition=1, block=223
[2026-09-25T00:18:35Z INFO  tape_rs::tape::commands] 定位到 partition=1, block=202
[2026-09-25T00:18:35Z INFO  tape_rs::tape::commands] 定位到 partition=1, block=199
[2026-09-25T00:18:35Z INFO  tape_rs::tape::commands] 定位到 partition=1, block=193
[2026-09-25T00:18:35Z INFO  tape_rs::tape::commands] 定位到 partition=1, block=184
[2026-09-25T00:18:35Z INFO  tape_rs::tape::commands] 定位到 partition=1, block=165
[2026-09-25T00:18:35Z INFO  tape_rs::tape::commands] 定位到 partition=1, block=162
[2026-09-25T00:18:35Z INFO  tape_rs::tape::commands] 定位到 partition=1, block=153
[2026-09-25T00:18:35Z INFO  tape_rs::tape::commands] 定位到 partition=1, block=130
[2026-09-25T00:18:35Z INFO  tape_rs::tape::commands] 定位到 partition=1, block=111
[2026-09-25T00:18:35Z INFO  tape_rs::tape::commands] 定位到 partition=1, block=91
[2026-09-25T00:18:35Z INFO  tape_rs::tape::commands] 定位到 partition=1, block=87
[2026-09-25T00:18:35Z INFO  tape_rs::tape::commands] 定位到 partition=1, block=75
[2026-09-25T00:18:35Z INFO  tape_rs::tape::commands] 定位到 partition=1, block=57
[2026-09-25T00:18:35Z INFO  tape_rs::tape::commands] 定位到 partition=1, block=28
[2026-09-25T00:18:35Z INFO  tape_rs::tape::commands] 定位到 partition=1, block=13
[2026-09-25T00:18:35Z INFO  tape_rs::tape::commands] 定位到 partition=1, block=8
[2026-09-25T00:18:35Z INFO  tape_rs::tape::commands] 定位到 partition=1, block=5
[2026-09-25T00:18:35Z INFO  tape_rs::tape::commands] 定位到 partition=1, block=275
[2026-09-25T00:18:35Z INFO  tape_rs::ltfs::volume] index gen=80 highest_uid=56 (dp_tail=Complete, ip_tail=Complete, writable=true)
[2026-09-25T00:18:35Z INFO  tape_rs::tape::commands] 定位到 partition=1, block=96
[2026-09-25T00:18:35Z INFO  tape_rs::ltfs::volume] 读取 rc/rename-interop-20260924/client-target: 13 字节
[2026-09-25T00:18:35Z INFO  tape_rs::tape::commands] 定位到 partition=0, block=2
[2026-09-25T00:18:35Z INFO  tape_rs::ltfs::volume] LTFS label: version=2.4.0 uuid=26aefb84-fbc8-4c4a-a500-c85264ba2d29 blocksize=524288 compression=false
[2026-09-25T00:18:35Z INFO  tape_rs::tape::commands] 定位到 partition=1, block=0
[2026-09-25T00:18:35Z INFO  tape_rs::tape::commands] 定位到 partition=1, block=273
[2026-09-25T00:18:35Z INFO  tape_rs::ltfs::recovery] 分区 1 末索引 gen=80 @ 273..274
[2026-09-25T00:18:35Z INFO  tape_rs::tape::commands] 定位到 partition=0, block=0
[2026-09-25T00:18:35Z INFO  tape_rs::tape::commands] 定位到 partition=0, block=5
[2026-09-25T00:18:35Z INFO  tape_rs::ltfs::recovery] 分区 0 末索引 gen=79 @ 5..6
[2026-09-25T00:18:35Z INFO  tape_rs::tape::commands] 定位到 partition=1, block=270
[2026-09-25T00:18:35Z INFO  tape_rs::tape::commands] 定位到 partition=1, block=270
[2026-09-25T00:18:35Z INFO  tape_rs::tape::commands] 定位到 partition=1, block=252
[2026-09-25T00:18:35Z INFO  tape_rs::tape::commands] 定位到 partition=1, block=246
[2026-09-25T00:18:35Z INFO  tape_rs::tape::commands] 定位到 partition=1, block=237
[2026-09-25T00:18:35Z INFO  tape_rs::tape::commands] 定位到 partition=1, block=232
[2026-09-25T00:18:35Z INFO  tape_rs::tape::commands] 定位到 partition=1, block=223
[2026-09-25T00:18:35Z INFO  tape_rs::tape::commands] 定位到 partition=1, block=202
[2026-09-25T00:18:35Z INFO  tape_rs::tape::commands] 定位到 partition=1, block=199
[2026-09-25T00:18:35Z INFO  tape_rs::tape::commands] 定位到 partition=1, block=193
[2026-09-25T00:18:35Z INFO  tape_rs::tape::commands] 定位到 partition=1, block=184
[2026-09-25T00:18:35Z INFO  tape_rs::tape::commands] 定位到 partition=1, block=165
[2026-09-25T00:18:35Z INFO  tape_rs::tape::commands] 定位到 partition=1, block=162
[2026-09-25T00:18:35Z INFO  tape_rs::tape::commands] 定位到 partition=1, block=153
[2026-09-25T00:18:35Z INFO  tape_rs::tape::commands] 定位到 partition=1, block=130
[2026-09-25T00:18:35Z INFO  tape_rs::tape::commands] 定位到 partition=1, block=111
[2026-09-25T00:18:35Z INFO  tape_rs::tape::commands] 定位到 partition=1, block=91
[2026-09-25T00:18:35Z INFO  tape_rs::tape::commands] 定位到 partition=1, block=87
[2026-09-25T00:18:35Z INFO  tape_rs::tape::commands] 定位到 partition=1, block=75
[2026-09-25T00:18:35Z INFO  tape_rs::tape::commands] 定位到 partition=1, block=57
[2026-09-25T00:18:35Z INFO  tape_rs::tape::commands] 定位到 partition=1, block=28
[2026-09-25T00:18:35Z INFO  tape_rs::tape::commands] 定位到 partition=1, block=13
[2026-09-25T00:18:35Z INFO  tape_rs::tape::commands] 定位到 partition=1, block=8
[2026-09-25T00:18:35Z INFO  tape_rs::tape::commands] 定位到 partition=1, block=5
[2026-09-25T00:18:35Z INFO  tape_rs::tape::commands] 定位到 partition=1, block=275
[2026-09-25T00:18:35Z INFO  tape_rs::ltfs::volume] index gen=80 highest_uid=56 (dp_tail=Complete, ip_tail=Complete, writable=true)
[2026-09-25T00:18:35Z INFO  tape_rs::tape::commands] 定位到 partition=1, block=109
[2026-09-25T00:18:35Z INFO  tape_rs::ltfs::volume] 读取 rc/rename-interop-20260924/lost-target/file: 20 字节
[2026-09-25T00:18:35Z INFO  tape_rs::tape::commands] 定位到 partition=0, block=2
[2026-09-25T00:18:35Z INFO  tape_rs::ltfs::volume] LTFS label: version=2.4.0 uuid=26aefb84-fbc8-4c4a-a500-c85264ba2d29 blocksize=524288 compression=false
[2026-09-25T00:18:35Z INFO  tape_rs::tape::commands] 定位到 partition=1, block=0
[2026-09-25T00:18:35Z INFO  tape_rs::tape::commands] 定位到 partition=1, block=273
[2026-09-25T00:18:35Z INFO  tape_rs::ltfs::recovery] 分区 1 末索引 gen=80 @ 273..274
[2026-09-25T00:18:35Z INFO  tape_rs::tape::commands] 定位到 partition=0, block=0
[2026-09-25T00:18:35Z INFO  tape_rs::tape::commands] 定位到 partition=0, block=5
[2026-09-25T00:18:35Z INFO  tape_rs::ltfs::recovery] 分区 0 末索引 gen=79 @ 5..6
[2026-09-25T00:18:35Z INFO  tape_rs::tape::commands] 定位到 partition=1, block=270
[2026-09-25T00:18:35Z INFO  tape_rs::tape::commands] 定位到 partition=1, block=270
[2026-09-25T00:18:35Z INFO  tape_rs::tape::commands] 定位到 partition=1, block=252
[2026-09-25T00:18:35Z INFO  tape_rs::tape::commands] 定位到 partition=1, block=246
[2026-09-25T00:18:35Z INFO  tape_rs::tape::commands] 定位到 partition=1, block=237
[2026-09-25T00:18:35Z INFO  tape_rs::tape::commands] 定位到 partition=1, block=232
[2026-09-25T00:18:35Z INFO  tape_rs::tape::commands] 定位到 partition=1, block=223
[2026-09-25T00:18:35Z INFO  tape_rs::tape::commands] 定位到 partition=1, block=202
[2026-09-25T00:18:35Z INFO  tape_rs::tape::commands] 定位到 partition=1, block=199
[2026-09-25T00:18:35Z INFO  tape_rs::tape::commands] 定位到 partition=1, block=193
[2026-09-25T00:18:35Z INFO  tape_rs::tape::commands] 定位到 partition=1, block=184
[2026-09-25T00:18:35Z INFO  tape_rs::tape::commands] 定位到 partition=1, block=165
[2026-09-25T00:18:35Z INFO  tape_rs::tape::commands] 定位到 partition=1, block=162
[2026-09-25T00:18:35Z INFO  tape_rs::tape::commands] 定位到 partition=1, block=153
[2026-09-25T00:18:35Z INFO  tape_rs::tape::commands] 定位到 partition=1, block=130
[2026-09-25T00:18:35Z INFO  tape_rs::tape::commands] 定位到 partition=1, block=111
[2026-09-25T00:18:35Z INFO  tape_rs::tape::commands] 定位到 partition=1, block=91
[2026-09-25T00:18:35Z INFO  tape_rs::tape::commands] 定位到 partition=1, block=87
[2026-09-25T00:18:35Z INFO  tape_rs::tape::commands] 定位到 partition=1, block=75
[2026-09-25T00:18:35Z INFO  tape_rs::tape::commands] 定位到 partition=1, block=57
[2026-09-25T00:18:35Z INFO  tape_rs::tape::commands] 定位到 partition=1, block=28
[2026-09-25T00:18:35Z INFO  tape_rs::tape::commands] 定位到 partition=1, block=13
[2026-09-25T00:18:35Z INFO  tape_rs::tape::commands] 定位到 partition=1, block=8
[2026-09-25T00:18:35Z INFO  tape_rs::tape::commands] 定位到 partition=1, block=5
[2026-09-25T00:18:35Z INFO  tape_rs::tape::commands] 定位到 partition=1, block=275
[2026-09-25T00:18:35Z INFO  tape_rs::ltfs::volume] index gen=80 highest_uid=56 (dp_tail=Complete, ip_tail=Complete, writable=true)
[2026-09-25T00:18:35Z INFO  tape_rs::tape::commands] 定位到 partition=1, block=147
[2026-09-25T00:18:35Z INFO  tape_rs::ltfs::volume] 读取 rc/rename-interop-20260924/replace-again-target: 10 字节
[2026-09-25T00:18:35Z INFO  tape_rs::tape::commands] 定位到 partition=0, block=2
[2026-09-25T00:18:35Z INFO  tape_rs::ltfs::volume] LTFS label: version=2.4.0 uuid=26aefb84-fbc8-4c4a-a500-c85264ba2d29 blocksize=524288 compression=false
[2026-09-25T00:18:35Z INFO  tape_rs::tape::commands] 定位到 partition=1, block=0
[2026-09-25T00:18:35Z INFO  tape_rs::tape::commands] 定位到 partition=1, block=273
[2026-09-25T00:18:35Z INFO  tape_rs::ltfs::recovery] 分区 1 末索引 gen=80 @ 273..274
[2026-09-25T00:18:35Z INFO  tape_rs::tape::commands] 定位到 partition=0, block=0
[2026-09-25T00:18:35Z INFO  tape_rs::tape::commands] 定位到 partition=0, block=5
[2026-09-25T00:18:35Z INFO  tape_rs::ltfs::recovery] 分区 0 末索引 gen=79 @ 5..6
[2026-09-25T00:18:35Z INFO  tape_rs::tape::commands] 定位到 partition=1, block=270
[2026-09-25T00:18:35Z INFO  tape_rs::tape::commands] 定位到 partition=1, block=270
[2026-09-25T00:18:35Z INFO  tape_rs::tape::commands] 定位到 partition=1, block=252
[2026-09-25T00:18:35Z INFO  tape_rs::tape::commands] 定位到 partition=1, block=246
[2026-09-25T00:18:35Z INFO  tape_rs::tape::commands] 定位到 partition=1, block=237
[2026-09-25T00:18:35Z INFO  tape_rs::tape::commands] 定位到 partition=1, block=232
[2026-09-25T00:18:35Z INFO  tape_rs::tape::commands] 定位到 partition=1, block=223
[2026-09-25T00:18:35Z INFO  tape_rs::tape::commands] 定位到 partition=1, block=202
[2026-09-25T00:18:35Z INFO  tape_rs::tape::commands] 定位到 partition=1, block=199
[2026-09-25T00:18:35Z INFO  tape_rs::tape::commands] 定位到 partition=1, block=193
[2026-09-25T00:18:35Z INFO  tape_rs::tape::commands] 定位到 partition=1, block=184
[2026-09-25T00:18:35Z INFO  tape_rs::tape::commands] 定位到 partition=1, block=165
[2026-09-25T00:18:35Z INFO  tape_rs::tape::commands] 定位到 partition=1, block=162
[2026-09-25T00:18:35Z INFO  tape_rs::tape::commands] 定位到 partition=1, block=153
[2026-09-25T00:18:35Z INFO  tape_rs::tape::commands] 定位到 partition=1, block=130
[2026-09-25T00:18:35Z INFO  tape_rs::tape::commands] 定位到 partition=1, block=111
[2026-09-25T00:18:35Z INFO  tape_rs::tape::commands] 定位到 partition=1, block=91
[2026-09-25T00:18:35Z INFO  tape_rs::tape::commands] 定位到 partition=1, block=87
[2026-09-25T00:18:35Z INFO  tape_rs::tape::commands] 定位到 partition=1, block=75
[2026-09-25T00:18:35Z INFO  tape_rs::tape::commands] 定位到 partition=1, block=57
[2026-09-25T00:18:35Z INFO  tape_rs::tape::commands] 定位到 partition=1, block=28
[2026-09-25T00:18:35Z INFO  tape_rs::tape::commands] 定位到 partition=1, block=13
[2026-09-25T00:18:35Z INFO  tape_rs::tape::commands] 定位到 partition=1, block=8
[2026-09-25T00:18:35Z INFO  tape_rs::tape::commands] 定位到 partition=1, block=5
[2026-09-25T00:18:35Z INFO  tape_rs::tape::commands] 定位到 partition=1, block=275
[2026-09-25T00:18:35Z INFO  tape_rs::ltfs::volume] index gen=80 highest_uid=56 (dp_tail=Complete, ip_tail=Complete, writable=true)
[2026-09-25T00:18:35Z INFO  tape_rs::tape::commands] 定位到 partition=1, block=143
[2026-09-25T00:18:35Z INFO  tape_rs::ltfs::volume] 读取 rc/rename-interop-20260924/target: 12 字节
[2026-09-25T00:18:35Z INFO  tape_rs::tape::commands] 定位到 partition=0, block=2
[2026-09-25T00:18:35Z INFO  tape_rs::ltfs::volume] LTFS label: version=2.4.0 uuid=26aefb84-fbc8-4c4a-a500-c85264ba2d29 blocksize=524288 compression=false
[2026-09-25T00:18:35Z INFO  tape_rs::tape::commands] 定位到 partition=1, block=0
[2026-09-25T00:18:35Z INFO  tape_rs::tape::commands] 定位到 partition=1, block=273
[2026-09-25T00:18:35Z INFO  tape_rs::ltfs::recovery] 分区 1 末索引 gen=80 @ 273..274
[2026-09-25T00:18:35Z INFO  tape_rs::tape::commands] 定位到 partition=0, block=0
[2026-09-25T00:18:35Z INFO  tape_rs::tape::commands] 定位到 partition=0, block=5
[2026-09-25T00:18:35Z INFO  tape_rs::ltfs::recovery] 分区 0 末索引 gen=79 @ 5..6
[2026-09-25T00:18:35Z INFO  tape_rs::tape::commands] 定位到 partition=1, block=270
[2026-09-25T00:18:35Z INFO  tape_rs::tape::commands] 定位到 partition=1, block=270
[2026-09-25T00:18:35Z INFO  tape_rs::tape::commands] 定位到 partition=1, block=252
[2026-09-25T00:18:35Z INFO  tape_rs::tape::commands] 定位到 partition=1, block=246
[2026-09-25T00:18:35Z INFO  tape_rs::tape::commands] 定位到 partition=1, block=237
[2026-09-25T00:18:35Z INFO  tape_rs::tape::commands] 定位到 partition=1, block=232
[2026-09-25T00:18:35Z INFO  tape_rs::tape::commands] 定位到 partition=1, block=223
[2026-09-25T00:18:35Z INFO  tape_rs::tape::commands] 定位到 partition=1, block=202
[2026-09-25T00:18:35Z INFO  tape_rs::tape::commands] 定位到 partition=1, block=199
[2026-09-25T00:18:35Z INFO  tape_rs::tape::commands] 定位到 partition=1, block=193
[2026-09-25T00:18:35Z INFO  tape_rs::tape::commands] 定位到 partition=1, block=184
[2026-09-25T00:18:35Z INFO  tape_rs::tape::commands] 定位到 partition=1, block=165
[2026-09-25T00:18:35Z INFO  tape_rs::tape::commands] 定位到 partition=1, block=162
[2026-09-25T00:18:35Z INFO  tape_rs::tape::commands] 定位到 partition=1, block=153
[2026-09-25T00:18:35Z INFO  tape_rs::tape::commands] 定位到 partition=1, block=130
[2026-09-25T00:18:35Z INFO  tape_rs::tape::commands] 定位到 partition=1, block=111
[2026-09-25T00:18:35Z INFO  tape_rs::tape::commands] 定位到 partition=1, block=91
[2026-09-25T00:18:35Z INFO  tape_rs::tape::commands] 定位到 partition=1, block=87
[2026-09-25T00:18:35Z INFO  tape_rs::tape::commands] 定位到 partition=1, block=75
[2026-09-25T00:18:35Z INFO  tape_rs::tape::commands] 定位到 partition=1, block=57
[2026-09-25T00:18:35Z INFO  tape_rs::tape::commands] 定位到 partition=1, block=28
[2026-09-25T00:18:35Z INFO  tape_rs::tape::commands] 定位到 partition=1, block=13
[2026-09-25T00:18:35Z INFO  tape_rs::tape::commands] 定位到 partition=1, block=8
[2026-09-25T00:18:35Z INFO  tape_rs::tape::commands] 定位到 partition=1, block=5
[2026-09-25T00:18:35Z INFO  tape_rs::tape::commands] 定位到 partition=1, block=275
[2026-09-25T00:18:35Z INFO  tape_rs::ltfs::volume] index gen=80 highest_uid=56 (dp_tail=Complete, ip_tail=Complete, writable=true)
[2026-09-25T00:18:35Z INFO  tape_rs::tape::commands] 定位到 partition=1, block=204
[2026-09-25T00:18:35Z INFO  tape_rs::ltfs::volume] 读取 rc/xattr-fault-20260925: 26 字节
[2026-09-25T00:18:35Z INFO  tape_rs::tape::commands] 定位到 partition=0, block=2
[2026-09-25T00:18:35Z INFO  tape_rs::ltfs::volume] LTFS label: version=2.4.0 uuid=26aefb84-fbc8-4c4a-a500-c85264ba2d29 blocksize=524288 compression=false
[2026-09-25T00:18:35Z INFO  tape_rs::tape::commands] 定位到 partition=1, block=0
[2026-09-25T00:18:35Z INFO  tape_rs::tape::commands] 定位到 partition=1, block=273
[2026-09-25T00:18:35Z INFO  tape_rs::ltfs::recovery] 分区 1 末索引 gen=80 @ 273..274
[2026-09-25T00:18:35Z INFO  tape_rs::tape::commands] 定位到 partition=0, block=0
[2026-09-25T00:18:35Z INFO  tape_rs::tape::commands] 定位到 partition=0, block=5
[2026-09-25T00:18:35Z INFO  tape_rs::ltfs::recovery] 分区 0 末索引 gen=79 @ 5..6
[2026-09-25T00:18:35Z INFO  tape_rs::tape::commands] 定位到 partition=1, block=270
[2026-09-25T00:18:35Z INFO  tape_rs::tape::commands] 定位到 partition=1, block=270
[2026-09-25T00:18:35Z INFO  tape_rs::tape::commands] 定位到 partition=1, block=252
[2026-09-25T00:18:35Z INFO  tape_rs::tape::commands] 定位到 partition=1, block=246
[2026-09-25T00:18:35Z INFO  tape_rs::tape::commands] 定位到 partition=1, block=237
[2026-09-25T00:18:35Z INFO  tape_rs::tape::commands] 定位到 partition=1, block=232
[2026-09-25T00:18:35Z INFO  tape_rs::tape::commands] 定位到 partition=1, block=223
[2026-09-25T00:18:35Z INFO  tape_rs::tape::commands] 定位到 partition=1, block=202
[2026-09-25T00:18:35Z INFO  tape_rs::tape::commands] 定位到 partition=1, block=199
[2026-09-25T00:18:35Z INFO  tape_rs::tape::commands] 定位到 partition=1, block=193
[2026-09-25T00:18:35Z INFO  tape_rs::tape::commands] 定位到 partition=1, block=184
[2026-09-25T00:18:35Z INFO  tape_rs::tape::commands] 定位到 partition=1, block=165
[2026-09-25T00:18:35Z INFO  tape_rs::tape::commands] 定位到 partition=1, block=162
[2026-09-25T00:18:35Z INFO  tape_rs::tape::commands] 定位到 partition=1, block=153
[2026-09-25T00:18:35Z INFO  tape_rs::tape::commands] 定位到 partition=1, block=130
[2026-09-25T00:18:35Z INFO  tape_rs::tape::commands] 定位到 partition=1, block=111
[2026-09-25T00:18:35Z INFO  tape_rs::tape::commands] 定位到 partition=1, block=91
[2026-09-25T00:18:35Z INFO  tape_rs::tape::commands] 定位到 partition=1, block=87
[2026-09-25T00:18:35Z INFO  tape_rs::tape::commands] 定位到 partition=1, block=75
[2026-09-25T00:18:35Z INFO  tape_rs::tape::commands] 定位到 partition=1, block=57
[2026-09-25T00:18:35Z INFO  tape_rs::tape::commands] 定位到 partition=1, block=28
[2026-09-25T00:18:35Z INFO  tape_rs::tape::commands] 定位到 partition=1, block=13
[2026-09-25T00:18:35Z INFO  tape_rs::tape::commands] 定位到 partition=1, block=8
[2026-09-25T00:18:35Z INFO  tape_rs::tape::commands] 定位到 partition=1, block=5
[2026-09-25T00:18:35Z INFO  tape_rs::tape::commands] 定位到 partition=1, block=275
[2026-09-25T00:18:35Z INFO  tape_rs::ltfs::volume] index gen=80 highest_uid=56 (dp_tail=Complete, ip_tail=Complete, writable=true)
[2026-09-25T00:18:35Z INFO  tape_rs::tape::commands] 定位到 partition=1, block=170
[2026-09-25T00:18:35Z INFO  tape_rs::ltfs::volume] 读取 rc/xattr-interop-20260924/file: 22 字节
[2026-09-25T00:18:47Z INFO  tape_rs::tape::commands] 定位到 partition=0, block=2
[2026-09-25T00:18:47Z INFO  tape_rs::ltfs::volume] LTFS label: version=2.4.0 uuid=26aefb84-fbc8-4c4a-a500-c85264ba2d29 blocksize=524288 compression=false
[2026-09-25T00:18:48Z INFO  tape_rs::tape::commands] 定位到 partition=1, block=0
[2026-09-25T00:18:49Z INFO  tape_rs::tape::commands] 定位到 partition=1, block=273
[2026-09-25T00:18:50Z INFO  tape_rs::ltfs::recovery] 分区 1 末索引 gen=80 @ 273..274
[2026-09-25T00:18:50Z INFO  tape_rs::tape::commands] 定位到 partition=0, block=0
[2026-09-25T00:18:51Z INFO  tape_rs::tape::commands] 定位到 partition=0, block=5
[2026-09-25T00:18:52Z INFO  tape_rs::ltfs::recovery] 分区 0 末索引 gen=79 @ 5..6
[2026-09-25T00:18:52Z INFO  tape_rs::tape::commands] 定位到 partition=1, block=270
[2026-09-25T00:18:53Z INFO  tape_rs::tape::commands] 定位到 partition=1, block=270
[2026-09-25T00:18:53Z INFO  tape_rs::tape::commands] 定位到 partition=1, block=252
[2026-09-25T00:18:54Z INFO  tape_rs::tape::commands] 定位到 partition=1, block=246
[2026-09-25T00:18:55Z INFO  tape_rs::tape::commands] 定位到 partition=1, block=237
[2026-09-25T00:18:55Z INFO  tape_rs::tape::commands] 定位到 partition=1, block=232
[2026-09-25T00:18:56Z INFO  tape_rs::tape::commands] 定位到 partition=1, block=223
[2026-09-25T00:18:56Z INFO  tape_rs::tape::commands] 定位到 partition=1, block=202
[2026-09-25T00:18:57Z INFO  tape_rs::tape::commands] 定位到 partition=1, block=199
[2026-09-25T00:18:58Z INFO  tape_rs::tape::commands] 定位到 partition=1, block=193
[2026-09-25T00:18:58Z INFO  tape_rs::tape::commands] 定位到 partition=1, block=184
[2026-09-25T00:18:59Z INFO  tape_rs::tape::commands] 定位到 partition=1, block=165
[2026-09-25T00:18:59Z INFO  tape_rs::tape::commands] 定位到 partition=1, block=162
[2026-09-25T00:19:00Z INFO  tape_rs::tape::commands] 定位到 partition=1, block=153
[2026-09-25T00:19:01Z INFO  tape_rs::tape::commands] 定位到 partition=1, block=130
[2026-09-25T00:19:01Z INFO  tape_rs::tape::commands] 定位到 partition=1, block=111
[2026-09-25T00:19:02Z INFO  tape_rs::tape::commands] 定位到 partition=1, block=91
[2026-09-25T00:19:02Z INFO  tape_rs::tape::commands] 定位到 partition=1, block=87
[2026-09-25T00:19:03Z INFO  tape_rs::tape::commands] 定位到 partition=1, block=75
[2026-09-25T00:19:04Z INFO  tape_rs::tape::commands] 定位到 partition=1, block=57
[2026-09-25T00:19:04Z INFO  tape_rs::tape::commands] 定位到 partition=1, block=28
[2026-09-25T00:19:05Z INFO  tape_rs::tape::commands] 定位到 partition=1, block=13
[2026-09-25T00:19:05Z INFO  tape_rs::tape::commands] 定位到 partition=1, block=8
[2026-09-25T00:19:06Z INFO  tape_rs::tape::commands] 定位到 partition=1, block=5
[2026-09-25T00:19:07Z INFO  tape_rs::tape::commands] 定位到 partition=1, block=275
[2026-09-25T00:19:07Z INFO  tape_rs::ltfs::volume] index gen=80 highest_uid=56 (dp_tail=Complete, ip_tail=Complete, writable=true)
[2026-09-25T00:19:07Z INFO  tape_rs::tape::commands] 定位到 partition=1, block=275
[2026-09-25T00:19:51Z INFO  tape_rs::daemon::net] 节点间通信监听 0.0.0.0:7500
[2026-09-25T00:19:51Z INFO  tape_rs::daemon::http] 客户端接口监听 0.0.0.0:7501
[2026-09-25T00:19:51Z INFO  raft::raft] switched to configuration, raft_id: 1, config: Configuration { voters: Configuration { incoming: Configuration { voters: {1, 2, 3} }, outgoing: Configuration { voters: {} } }, learners: {}, learners_next: {}, auto_leave: false }
[2026-09-25T00:19:51Z INFO  raft::raft] became follower at term 28, raft_id: 1, term: 28
[2026-09-25T00:19:51Z INFO  raft::raft] newRaft, raft_id: 1, peers: Configuration { incoming: Configuration { voters: {1, 2, 3} }, outgoing: Configuration { voters: {} } }, last term: 28, last index: 250, applied: 0, commit: 250, term: 28
[2026-09-25T00:19:51Z INFO  raft::raw_node] RawNode created with id 1., raft_id: 1, id: 1
[2026-09-25T00:19:51Z INFO  tape_rs::daemon::node] 节点 3 成为执行者，轮次 6
[2026-09-25T00:19:51Z INFO  tape_rs::daemon::node] 节点 2 成为执行者，轮次 21
[2026-09-25T00:19:51Z INFO  tape_rs::daemon::node] 节点 3 成为执行者，轮次 26
[2026-09-25T00:19:51Z INFO  tape_rs::daemon::node] 节点 2 成为执行者，轮次 59
[2026-09-25T00:19:51Z INFO  tape_rs::daemon::node] 节点 3 成为执行者，轮次 104
[2026-09-25T00:19:51Z INFO  tape_rs::daemon::node] 节点 2 成为执行者，轮次 109
[2026-09-25T00:19:51Z INFO  tape_rs::daemon::node] 节点 2 成为执行者，轮次 114
[2026-09-25T00:19:51Z INFO  tape_rs::daemon::node] 节点 3 成为执行者，轮次 119
[2026-09-25T00:19:51Z INFO  tape_rs::daemon::node] 节点 2 成为执行者，轮次 124
[2026-09-25T00:19:51Z INFO  tape_rs::daemon::node] 节点 3 成为执行者，轮次 150
[2026-09-25T00:19:51Z INFO  tape_rs::daemon::node] 节点 2 成为执行者，轮次 157
[2026-09-25T00:19:51Z INFO  tape_rs::daemon::node] 节点 3 成为执行者，轮次 177
[2026-09-25T00:19:51Z INFO  tape_rs::daemon::node] 节点 2 成为执行者，轮次 191
[2026-09-25T00:19:51Z INFO  tape_rs::daemon::node] 节点 3 成为执行者，轮次 196
[2026-09-25T00:19:51Z INFO  tape_rs::daemon::node] 节点 2 成为执行者，轮次 210
[2026-09-25T00:19:51Z INFO  tape_rs::daemon::node] 节点 2 成为执行者，轮次 242
[2026-09-25T00:19:51Z INFO  raft::raft] received a message with higher term from 2, raft_id: 1, msg type: MsgHeartbeat, message_term: 29, term: 28, from: 2
[2026-09-25T00:19:51Z INFO  raft::raft] became follower at term 29, raft_id: 1, term: 29
[2026-09-25T00:19:51Z INFO  tape_rs::daemon::node] 节点 2 成为执行者，轮次 252
[2026-09-25T00:20:31Z INFO  ltfsd] 收到停机信号，正在计划停机（再按一次直接退出）
[2026-09-25T00:20:31Z INFO  tape_rs::daemon::node] 节点 1 停机
