partition-0 ltfsindex {'version': '2.5.0'} generation 13 creator IBM LTFS 2.4.8.3 (10521) - Linux - ltfs.tape.library - Sync by EA
<ltfsindex version="2.5.0">
  <creator>IBM LTFS 2.4.8.3 (10521) - Linux - ltfs.tape.library - Sync by EA</creator>
  <volumeuuid>26aefb84-fbc8-4c4a-a500-c85264ba2d29</volumeuuid>
  <generationnumber>13</generationnumber>
  <updatetime>2026-09-24T13:14:48.371001829Z</updatetime>
  <location>
    <partition>a</partition>
    <startblock>5</startblock>
  </location>
  <previousgenerationlocation>
    <partition>b</partition>
    <startblock>57</startblock>
  </previousgenerationlocation>
  <allowpolicyupdate>true</allowpolicyupdate>
  <volumelockstate>unlocked</volumelockstate>
  <highestfileuid>16</highestfileuid>
  <directory>
    <name></name>
    <readonly>false</readonly>
    <creationtime>2026-09-22T03:25:13.109135251Z</creationtime>
    <changetime>2026-09-24T12:50:09.308199778Z</changetime>
    <modifytime>2026-09-24T12:50:09.308199778Z</modifytime>
    <accesstime>2026-09-22T03:25:13.109135251Z</accesstime>
    <backuptime>2026-09-22T03:25:13.109135251Z</backuptime>
    <fileuid>1</fileuid>
    <extendedattributes>
      <xattr>
        <key>ltfs.mediaPool.uuid</key>
        <value>0ba1b026-9595-4b86-9056-c54c7858e744</value>
      </xattr>
      <xattr>
        <key>ltfs.mediaPool.name</key>
        <value>rc</value>
      </xattr>
    </extendedattributes>
    <contents>
      <directory>
        <name>rc</name>
        <readonly>false</readonly>
        <creationtime>2026-09-24T12:50:09.308199778Z</creationtime>
        <changetime>2026-09-24T12:50:09.360734887Z</changetime>
        <modifytime>2026-09-24T12:50:09.360734887Z</modifytime>
        <accesstime>2026-09-24T12:50:09.308199778Z</accesstime>
        <backuptime>2026-09-24T12:50:09.308199778Z</backuptime>
        <fileuid>2</fileuid>
        <contents>
          <file>
            <name>keep.bin</name>
            <length>65536</length>
            <readonly>false</readonly>
            <creationtime>2026-09-24T12:50:09.308510375Z</creationtime>
            <changetime>2026-09-24T12:50:09.358886706Z</changetime>
            <modifytime>2026-09-23T21:46:40.123456789Z</modifytime>
            <accesstime>2026-09-23T21:46:40.123456789Z</accesstime>
            <backuptime>2026-09-24T12:50:09.308510375Z</backuptime>
            <fileuid>3</fileuid>
            <extendedattributes>
              <xattr>
                <key>roundtrip.binary</key>
                <value type="base64">AP9MRS1yb3VuZHRyaXA=</value>
              </xattr>
            </extendedattributes>
            <extentinfo>
              <extent>
                <partition>b</partition>
                <startblock>10</startblock>
                <byteoffset>0</byteoffset>
                <bytecount>65536</bytecount>
                <fileoffset>0</fileoffset>
              </extent>
            </extentinfo>
          </file>
          <file>
            <name>link</name>
            <length>0</length>
            <readonly>true</readonly>
            <creationtime>2026-09-24T12:50:09.360734887Z</creationtime>
            <changetime>2026-09-24T12:50:09.360734887Z</changetime>
            <modifytime>2026-09-24T12:50:09.360734887Z</modifytime>
            <accesstime>2026-09-24T12:50:09.360734887Z</accesstime>
            <backuptime>2026-09-24T12:50:09.360734887Z</backuptime>
            <fileuid>6</fileuid>
            <extendedattributes>
              <xattr>
                <key>ltfs.vendor.IBM.prefixLength</key>
                <value>0</value>
              </xattr>
            </extendedattributes>
            <symlink>keep.bin</symlink>
          </file>
          <file>
            <name>new.bin</name>
            <length>26</length>
            <readonly>false</readonly>
            <creationtime>2026-09-24T13:01:18.032542687Z</creationtime>
            <changetime>2026-09-24T13:01:18.032542687Z</changetime>
            <modifytime>2026-09-24T13:01:18.032542687Z</modifytime>
            <accesstime>2026-09-24T13:01:18.032542687Z</accesstime>
            <backuptime>2026-09-24T13:01:18.032542687Z</backuptime>
            <fileuid>9</fileuid>
            <extendedattributes>
              <xattr>
                <key>tapers.version</key>
                <value>6.3</value>
              </xattr>
              <xattr>
                <key>ltfs.hash.sha256sum</key>
                <value>75ad67ecf8c747a39fa87f1c2449a2cd06c2af93248e40b02f56805491560096</value>
              </xattr>
            </extendedattributes>
            <extentinfo>
              <extent>
                <partition>b</partition>
                <startblock>23</startblock>
                <byteoffset>0</byteoffset>
                <bytecount>26</bytecount>
                <fileoffset>0</fileoffset>
              </extent>
            </extentinfo>
          </file>
          <file>
            <name>ha-upload.bin</name>
            <length>4194304</length>
            <readonly>false</readonly>
            <creationtime>2026-09-24T13:11:40.132112938Z</creationtime>
            <changetime>2026-09-24T13:11:40.132112938Z</changetime>
            <modifytime>2026-09-24T13:11:40.132112938Z</modifytime>
            <accesstime>2026-09-24T13:11:40.132112938Z</accesstime>
            <backuptime>2026-09-24T13:11:40.132112938Z</backuptime>
            <fileuid>11</fileuid>
            <extendedattributes>
              <xattr>
                <key>tapers.version</key>
                <value>14.1</value>
              </xattr>
              <xattr>
                <key>ltfs.hash.sha256sum</key>
                <value>a117210941a0b00dcb2d8577e680d84b6fa0eaf760d2afc654c953b9859d54fa</value>
              </xattr>
            </extendedattributes>
            <extentinfo>
              <extent>
                <partition>b</partition>
                <startblock>34</startblock>
                <byteoffset>0</byteoffset>
                <bytecount>4194304</bytecount>
                <fileoffset>0</fileoffset>
              </extent>
            </extentinfo>
          </file>
          <file>
            <name>edit.bin</name>
            <length>70012</length>
            <readonly>false</readonly>
            <creationtime>2026-09-24T13:12:28.742420630Z</creationtime>
            <changetime>2026-09-24T13:12:28.742420630Z</changetime>
            <modifytime>2026-09-24T13:12:28.742420630Z</modifytime>
            <accesstime>2026-09-24T13:12:28.742420630Z</accesstime>
            <backuptime>2026-09-24T13:12:28.742420630Z</backuptime>
            <fileuid>12</fileuid>
            <extendedattributes>
              <xattr>
                <key>roundtrip.binary</key>
                <value type="base64">AP9MRS1yb3VuZHRyaXA=</value>
              </xattr>
              <xattr>
                <key>tapers.version</key>
                <value>14.2</value>
              </xattr>
              <xattr>
                <key>ltfs.hash.sha256sum</key>
                <value>84597e955e5de74231acdcc939fd74098ef372c0d2356268e25e6c58598ae8fd</value>
              </xattr>
            </extendedattributes>
            <extentinfo>
              <extent>
                <partition>b</partition>
                <startblock>45</startblock>
                <byteoffset>0</byteoffset>
                <bytecount>70012</bytecount>
                <fileoffset>0</fileoffset>
              </extent>
            </extentinfo>
          </file>
          <file>
            <name>ha-delete.bin</name>
            <length>34</length>
            <readonly>false</readonly>
            <creationtime>2026-09-24T13:13:49.364575314Z</creationtime>
            <changetime>2026-09-24T13:13:49.364575314Z</changetime>
            <modifytime>2026-09-24T13:13:49.364575314Z</modifytime>
            <accesstime>2026-09-24T13:13:49.364575314Z</accesstime>
            <backuptime>2026-09-24T13:13:49.364575314Z</backuptime>
            <fileuid>16</fileuid>
            <extendedattributes>
              <xattr>
                <key>tapers.version</key>
                <value>26.1</value>
              </xattr>
              <xattr>
                <key>ltfs.hash.sha256sum</key>
                <value>90b11f72caf3534dfe476a45cb81732215454c571db7f1e32d5e7f47f912b0fa</value>
              </xattr>
            </extendedattributes>
            <extentinfo>
              <extent>
                <partition>b</partition>
                <startblock>52</startblock>
                <byteoffset>0</byteoffset>
                <bytecount>34</bytecount>
                <fileoffset>0</fileoffset>
              </extent>
            </extentinfo>
          </file>
          <directory>
            <name>empty</name>
            <readonly>false</readonly>
            <creationtime>2026-09-24T12:50:09.360495159Z</creationtime>
            <changetime>2026-09-24T12:50:09.360495159Z</changetime>
            <modifytime>2026-09-24T12:50:09.360495159Z</modifytime>
            <accesstime>2026-09-24T12:50:09.360495159Z</accesstime>
            <backuptime>2026-09-24T12:50:09.360495159Z</backuptime>
            <fileuid>5</fileuid>
            <contents>
            </contents>
          </directory>
        </contents>
      </directory>
      <directory>
        <name>.tapers</name>
        <readonly>false</readonly>
        <creationtime>2026-09-24T13:13:30.639116891Z</creationtime>
        <changetime>2026-09-24T13:13:30.639116891Z</changetime>
        <modifytime>2026-09-24T13:13:30.639116891Z</modifytime>
        <accesstime>2026-09-24T13:13:30.639116891Z</accesstime>
        <backuptime>2026-09-24T13:13:30.639116891Z</backuptime>
        <fileuid>14</fileuid>
        <contents>
          <directory>
            <name>deleted</name>
            <readonly>false</readonly>
            <creationtime>2026-09-24T13:13:30.639118368Z</creationtime>
            <changetime>2026-09-24T13:13:30.639118368Z</changetime>
            <modifytime>2026-09-24T13:13:30.639118368Z</modifytime>
            <accesstime>2026-09-24T13:13:30.639118368Z</accesstime>
            <backuptime>2026-09-24T13:13:30.639118368Z</backuptime>
            <fileuid>15</fileuid>
            <contents>
            </contents>
          </directory>
        </contents>
      </directory>
    </contents>
  </directory>
</ltfsindex>
partition-1 ltfsindex {'version': '2.5.0'} generation 13 creator IBM LTFS 2.4.8.3 (10521) - Linux - ltfs.tape.library - Sync by EA
<ltfsindex version="2.5.0">
  <creator>IBM LTFS 2.4.8.3 (10521) - Linux - ltfs.tape.library - Sync by EA</creator>
  <volumeuuid>26aefb84-fbc8-4c4a-a500-c85264ba2d29</volumeuuid>
  <generationnumber>13</generationnumber>
  <updatetime>2026-09-24T13:14:48.371001829Z</updatetime>
  <location>
    <partition>b</partition>
    <startblock>57</startblock>
  </location>
  <previousgenerationlocation>
    <partition>b</partition>
    <startblock>28</startblock>
  </previousgenerationlocation>
  <previousincrementallocation>
    <partition>b</partition>
    <startblock>54</startblock>
  </previousincrementallocation>
  <allowpolicyupdate>true</allowpolicyupdate>
  <volumelockstate>unlocked</volumelockstate>
  <highestfileuid>16</highestfileuid>
  <directory>
    <name></name>
    <readonly>false</readonly>
    <creationtime>2026-09-22T03:25:13.109135251Z</creationtime>
    <changetime>2026-09-24T12:50:09.308199778Z</changetime>
    <modifytime>2026-09-24T12:50:09.308199778Z</modifytime>
    <accesstime>2026-09-22T03:25:13.109135251Z</accesstime>
    <backuptime>2026-09-22T03:25:13.109135251Z</backuptime>
    <fileuid>1</fileuid>
    <extendedattributes>
      <xattr>
        <key>ltfs.mediaPool.uuid</key>
        <value>0ba1b026-9595-4b86-9056-c54c7858e744</value>
      </xattr>
      <xattr>
        <key>ltfs.mediaPool.name</key>
        <value>rc</value>
      </xattr>
    </extendedattributes>
    <contents>
      <directory>
        <name>rc</name>
        <readonly>false</readonly>
        <creationtime>2026-09-24T12:50:09.308199778Z</creationtime>
        <changetime>2026-09-24T12:50:09.360734887Z</changetime>
        <modifytime>2026-09-24T12:50:09.360734887Z</modifytime>
        <accesstime>2026-09-24T12:50:09.308199778Z</accesstime>
        <backuptime>2026-09-24T12:50:09.308199778Z</backuptime>
        <fileuid>2</fileuid>
        <contents>
          <file>
            <name>keep.bin</name>
            <length>65536</length>
            <readonly>false</readonly>
            <creationtime>2026-09-24T12:50:09.308510375Z</creationtime>
            <changetime>2026-09-24T12:50:09.358886706Z</changetime>
            <modifytime>2026-09-23T21:46:40.123456789Z</modifytime>
            <accesstime>2026-09-23T21:46:40.123456789Z</accesstime>
            <backuptime>2026-09-24T12:50:09.308510375Z</backuptime>
            <fileuid>3</fileuid>
            <extendedattributes>
              <xattr>
                <key>roundtrip.binary</key>
                <value type="base64">AP9MRS1yb3VuZHRyaXA=</value>
              </xattr>
            </extendedattributes>
            <extentinfo>
              <extent>
                <partition>b</partition>
                <startblock>10</startblock>
                <byteoffset>0</byteoffset>
                <bytecount>65536</bytecount>
                <fileoffset>0</fileoffset>
              </extent>
            </extentinfo>
          </file>
          <file>
            <name>link</name>
            <length>0</length>
            <readonly>true</readonly>
            <creationtime>2026-09-24T12:50:09.360734887Z</creationtime>
            <changetime>2026-09-24T12:50:09.360734887Z</changetime>
            <modifytime>2026-09-24T12:50:09.360734887Z</modifytime>
            <accesstime>2026-09-24T12:50:09.360734887Z</accesstime>
            <backuptime>2026-09-24T12:50:09.360734887Z</backuptime>
            <fileuid>6</fileuid>
            <extendedattributes>
              <xattr>
                <key>ltfs.vendor.IBM.prefixLength</key>
                <value>0</value>
              </xattr>
            </extendedattributes>
            <symlink>keep.bin</symlink>
          </file>
          <file>
            <name>new.bin</name>
            <length>26</length>
            <readonly>false</readonly>
            <creationtime>2026-09-24T13:01:18.032542687Z</creationtime>
            <changetime>2026-09-24T13:01:18.032542687Z</changetime>
            <modifytime>2026-09-24T13:01:18.032542687Z</modifytime>
            <accesstime>2026-09-24T13:01:18.032542687Z</accesstime>
            <backuptime>2026-09-24T13:01:18.032542687Z</backuptime>
            <fileuid>9</fileuid>
            <extendedattributes>
              <xattr>
                <key>tapers.version</key>
                <value>6.3</value>
              </xattr>
              <xattr>
                <key>ltfs.hash.sha256sum</key>
                <value>75ad67ecf8c747a39fa87f1c2449a2cd06c2af93248e40b02f56805491560096</value>
              </xattr>
            </extendedattributes>
            <extentinfo>
              <extent>
                <partition>b</partition>
                <startblock>23</startblock>
                <byteoffset>0</byteoffset>
                <bytecount>26</bytecount>
                <fileoffset>0</fileoffset>
              </extent>
            </extentinfo>
          </file>
          <file>
            <name>ha-upload.bin</name>
            <length>4194304</length>
            <readonly>false</readonly>
            <creationtime>2026-09-24T13:11:40.132112938Z</creationtime>
            <changetime>2026-09-24T13:11:40.132112938Z</changetime>
            <modifytime>2026-09-24T13:11:40.132112938Z</modifytime>
            <accesstime>2026-09-24T13:11:40.132112938Z</accesstime>
            <backuptime>2026-09-24T13:11:40.132112938Z</backuptime>
            <fileuid>11</fileuid>
            <extendedattributes>
              <xattr>
                <key>tapers.version</key>
                <value>14.1</value>
              </xattr>
              <xattr>
                <key>ltfs.hash.sha256sum</key>
                <value>a117210941a0b00dcb2d8577e680d84b6fa0eaf760d2afc654c953b9859d54fa</value>
              </xattr>
            </extendedattributes>
            <extentinfo>
              <extent>
                <partition>b</partition>
                <startblock>34</startblock>
                <byteoffset>0</byteoffset>
                <bytecount>4194304</bytecount>
                <fileoffset>0</fileoffset>
              </extent>
            </extentinfo>
          </file>
          <file>
            <name>edit.bin</name>
            <length>70012</length>
            <readonly>false</readonly>
            <creationtime>2026-09-24T13:12:28.742420630Z</creationtime>
            <changetime>2026-09-24T13:12:28.742420630Z</changetime>
            <modifytime>2026-09-24T13:12:28.742420630Z</modifytime>
            <accesstime>2026-09-24T13:12:28.742420630Z</accesstime>
            <backuptime>2026-09-24T13:12:28.742420630Z</backuptime>
            <fileuid>12</fileuid>
            <extendedattributes>
              <xattr>
                <key>roundtrip.binary</key>
                <value type="base64">AP9MRS1yb3VuZHRyaXA=</value>
              </xattr>
              <xattr>
                <key>tapers.version</key>
                <value>14.2</value>
              </xattr>
              <xattr>
                <key>ltfs.hash.sha256sum</key>
                <value>84597e955e5de74231acdcc939fd74098ef372c0d2356268e25e6c58598ae8fd</value>
              </xattr>
            </extendedattributes>
            <extentinfo>
              <extent>
                <partition>b</partition>
                <startblock>45</startblock>
                <byteoffset>0</byteoffset>
                <bytecount>70012</bytecount>
                <fileoffset>0</fileoffset>
              </extent>
            </extentinfo>
          </file>
          <file>
            <name>ha-delete.bin</name>
            <length>34</length>
            <readonly>false</readonly>
            <creationtime>2026-09-24T13:13:49.364575314Z</creationtime>
            <changetime>2026-09-24T13:13:49.364575314Z</changetime>
            <modifytime>2026-09-24T13:13:49.364575314Z</modifytime>
            <accesstime>2026-09-24T13:13:49.364575314Z</accesstime>
            <backuptime>2026-09-24T13:13:49.364575314Z</backuptime>
            <fileuid>16</fileuid>
            <extendedattributes>
              <xattr>
                <key>tapers.version</key>
                <value>26.1</value>
              </xattr>
              <xattr>
                <key>ltfs.hash.sha256sum</key>
                <value>90b11f72caf3534dfe476a45cb81732215454c571db7f1e32d5e7f47f912b0fa</value>
              </xattr>
            </extendedattributes>
            <extentinfo>
              <extent>
                <partition>b</partition>
                <startblock>52</startblock>
                <byteoffset>0</byteoffset>
                <bytecount>34</bytecount>
                <fileoffset>0</fileoffset>
              </extent>
            </extentinfo>
          </file>
          <directory>
            <name>empty</name>
            <readonly>false</readonly>
            <creationtime>2026-09-24T12:50:09.360495159Z</creationtime>
            <changetime>2026-09-24T12:50:09.360495159Z</changetime>
            <modifytime>2026-09-24T12:50:09.360495159Z</modifytime>
            <accesstime>2026-09-24T12:50:09.360495159Z</accesstime>
            <backuptime>2026-09-24T12:50:09.360495159Z</backuptime>
            <fileuid>5</fileuid>
            <contents>
            </contents>
          </directory>
        </contents>
      </directory>
      <directory>
        <name>.tapers</name>
        <readonly>false</readonly>
        <creationtime>2026-09-24T13:13:30.639116891Z</creationtime>
        <changetime>2026-09-24T13:13:30.639116891Z</changetime>
        <modifytime>2026-09-24T13:13:30.639116891Z</modifytime>
        <accesstime>2026-09-24T13:13:30.639116891Z</accesstime>
        <backuptime>2026-09-24T13:13:30.639116891Z</backuptime>
        <fileuid>14</fileuid>
        <contents>
          <directory>
            <name>deleted</name>
            <readonly>false</readonly>
            <creationtime>2026-09-24T13:13:30.639118368Z</creationtime>
            <changetime>2026-09-24T13:13:30.639118368Z</changetime>
            <modifytime>2026-09-24T13:13:30.639118368Z</modifytime>
            <accesstime>2026-09-24T13:13:30.639118368Z</accesstime>
            <backuptime>2026-09-24T13:13:30.639118368Z</backuptime>
            <fileuid>15</fileuid>
            <contents>
            </contents>
          </directory>
        </contents>
      </directory>
    </contents>
  </directory>
</ltfsindex>
