[2026-09-24T14:05:59Z INFO  tape_rs::daemon::net] 节点间通信监听 0.0.0.0:7500
[2026-09-24T14:05:59Z INFO  tape_rs::daemon::http] 客户端接口监听 0.0.0.0:7501
[2026-09-24T14:05:59Z INFO  raft::raft] switched to configuration, raft_id: 2, config: Configuration { voters: Configuration { incoming: Configuration { voters: {1, 2, 3} }, outgoing: Configuration { voters: {} } }, learners: {}, learners_next: {}, auto_leave: false }
[2026-09-24T14:05:59Z INFO  raft::raft] became follower at term 5, raft_id: 2, term: 5
[2026-09-24T14:05:59Z INFO  raft::raft] newRaft, raft_id: 2, peers: Configuration { incoming: Configuration { voters: {1, 2, 3} }, outgoing: Configuration { voters: {} } }, last term: 5, last index: 29, applied: 0, commit: 29, term: 5
[2026-09-24T14:05:59Z INFO  raft::raw_node] RawNode created with id 2., raft_id: 2, id: 2
[2026-09-24T14:05:59Z INFO  tape_rs::daemon::node] 节点 1 成为执行者，轮次 2
[2026-09-24T14:05:59Z INFO  tape_rs::daemon::node] 节点 3 成为执行者，轮次 6
[2026-09-24T14:05:59Z INFO  tape_rs::daemon::node] 节点 1 成为执行者，轮次 14
[2026-09-24T14:05:59Z INFO  tape_rs::daemon::node] 节点 3 成为执行者，轮次 26
[2026-09-24T14:06:00Z INFO  raft::raft] [logterm: 5, index: 29, vote: 0] cast vote for 1 [logterm: 5, index: 29] at term 5, raft_id: 2, msg type: MsgRequestPreVote, term: 5, msg_index: 29, msg_term: 5, from: 1, vote: 0, log_index: 29, log_term: 5
[2026-09-24T14:06:00Z INFO  raft::raft] received a message with higher term from 1, raft_id: 2, msg type: MsgRequestVote, message_term: 6, term: 5, from: 1
[2026-09-24T14:06:00Z INFO  raft::raft] became follower at term 6, raft_id: 2, term: 6
[2026-09-24T14:06:00Z INFO  raft::raft] [logterm: 5, index: 29, vote: 0] cast vote for 1 [logterm: 5, index: 29] at term 6, raft_id: 2, msg type: MsgRequestVote, term: 6, msg_index: 29, msg_term: 5, from: 1, vote: 0, log_index: 29, log_term: 5
[2026-09-24T14:06:00Z INFO  tape_rs::daemon::node] 节点 1 成为执行者，轮次 31
[2026-09-24T14:07:10Z INFO  ltfsd] 收到停机信号，正在计划停机（再按一次直接退出）
[2026-09-24T14:07:10Z INFO  tape_rs::daemon::node] 节点 2 停机
[2026-09-24T14:08:20Z INFO  tape_rs::daemon::net] 节点间通信监听 0.0.0.0:7500
[2026-09-24T14:08:20Z INFO  tape_rs::daemon::http] 客户端接口监听 0.0.0.0:7501
[2026-09-24T14:08:20Z INFO  raft::raft] switched to configuration, raft_id: 2, config: Configuration { voters: Configuration { incoming: Configuration { voters: {1, 2, 3} }, outgoing: Configuration { voters: {} } }, learners: {}, learners_next: {}, auto_leave: false }
[2026-09-24T14:08:20Z INFO  raft::raft] became follower at term 6, raft_id: 2, term: 6
[2026-09-24T14:08:20Z INFO  raft::raft] newRaft, raft_id: 2, peers: Configuration { incoming: Configuration { voters: {1, 2, 3} }, outgoing: Configuration { voters: {} } }, last term: 6, last index: 52, applied: 0, commit: 52, term: 6
[2026-09-24T14:08:20Z INFO  raft::raw_node] RawNode created with id 2., raft_id: 2, id: 2
[2026-09-24T14:08:20Z INFO  tape_rs::daemon::node] 节点 1 成为执行者，轮次 2
[2026-09-24T14:08:20Z INFO  tape_rs::daemon::node] 节点 3 成为执行者，轮次 6
[2026-09-24T14:08:20Z INFO  tape_rs::daemon::node] 节点 1 成为执行者，轮次 14
[2026-09-24T14:08:20Z INFO  tape_rs::daemon::node] 节点 3 成为执行者，轮次 26
[2026-09-24T14:08:20Z INFO  tape_rs::daemon::node] 节点 1 成为执行者，轮次 31
[2026-09-24T14:08:21Z INFO  raft::raft] [logterm: 6, index: 52, vote: 1] cast vote for 1 [logterm: 6, index: 52] at term 6, raft_id: 2, msg type: MsgRequestPreVote, term: 6, msg_index: 52, msg_term: 6, from: 1, vote: 1, log_index: 52, log_term: 6
[2026-09-24T14:08:21Z INFO  raft::raft] received a message with higher term from 1, raft_id: 2, msg type: MsgRequestVote, message_term: 7, term: 6, from: 1
[2026-09-24T14:08:21Z INFO  raft::raft] became follower at term 7, raft_id: 2, term: 7
[2026-09-24T14:08:21Z INFO  raft::raft] [logterm: 6, index: 52, vote: 0] cast vote for 1 [logterm: 6, index: 52] at term 7, raft_id: 2, msg type: MsgRequestVote, term: 7, msg_index: 52, msg_term: 6, from: 1, vote: 0, log_index: 52, log_term: 6
[2026-09-24T14:08:21Z INFO  tape_rs::daemon::node] 节点 1 成为执行者，轮次 54
[2026-09-24T14:08:57Z INFO  ltfsd] 收到停机信号，正在计划停机（再按一次直接退出）
[2026-09-24T14:08:57Z INFO  tape_rs::daemon::node] 节点 2 停机
