[2026-09-24T14:05:59Z INFO  tape_rs::daemon::net] 节点间通信监听 0.0.0.0:7500
[2026-09-24T14:05:59Z INFO  tape_rs::daemon::http] 客户端接口监听 0.0.0.0:7501
[2026-09-24T14:05:59Z INFO  raft::raft] switched to configuration, raft_id: 1, config: Configuration { voters: Configuration { incoming: Configuration { voters: {1, 2, 3} }, outgoing: Configuration { voters: {} } }, learners: {}, learners_next: {}, auto_leave: false }
[2026-09-24T14:05:59Z INFO  raft::raft] became follower at term 5, raft_id: 1, term: 5
[2026-09-24T14:05:59Z INFO  raft::raft] newRaft, raft_id: 1, peers: Configuration { incoming: Configuration { voters: {1, 2, 3} }, outgoing: Configuration { voters: {} } }, last term: 5, last index: 29, applied: 0, commit: 29, term: 5
[2026-09-24T14:05:59Z INFO  raft::raw_node] RawNode created with id 1., raft_id: 1, id: 1
[2026-09-24T14:05:59Z INFO  tape_rs::daemon::node] 节点 3 成为执行者，轮次 6
[2026-09-24T14:05:59Z INFO  tape_rs::daemon::node] 节点 2 成为执行者，轮次 21
[2026-09-24T14:05:59Z INFO  tape_rs::daemon::node] 节点 3 成为执行者，轮次 26
[2026-09-24T14:06:00Z INFO  raft::raft] starting a new election, raft_id: 1, term: 5
[2026-09-24T14:06:00Z INFO  raft::raft] became pre-candidate at term 5, raft_id: 1, term: 5
[2026-09-24T14:06:00Z INFO  raft::raft] broadcasting vote request, raft_id: 1, to: [2, 3], log_index: 29, log_term: 5, term: 5, type: MsgRequestPreVote
[2026-09-24T14:06:00Z INFO  raft::raft] received votes response, raft_id: 1, term: 5, type: MsgRequestPreVoteResponse, approvals: 2, rejections: 0, from: 3, vote: true
[2026-09-24T14:06:00Z INFO  raft::raft] became candidate at term 6, raft_id: 1, term: 6
[2026-09-24T14:06:00Z INFO  raft::raft] broadcasting vote request, raft_id: 1, to: [2, 3], log_index: 29, log_term: 5, term: 6, type: MsgRequestVote
[2026-09-24T14:06:00Z INFO  raft::raft] received votes response, raft_id: 1, term: 6, type: MsgRequestVoteResponse, approvals: 2, rejections: 0, from: 3, vote: true
[2026-09-24T14:06:00Z INFO  raft::raft] became leader at term 6, raft_id: 1, term: 6
[2026-09-24T14:06:00Z INFO  tape_rs::daemon::node] 本节点成为执行者，轮次 31（任期 6）
[2026-09-24T14:06:00Z INFO  tape_rs::scsi::reservation] /dev/sg9: PERSISTENT RESERVE IN 前越过 UNIT ATTENTION 2a/05
[2026-09-24T14:06:00Z INFO  tape_rs::scsi::reservation] /dev/sg9: 预留现状 generation=19 keys=[] holder=None
[2026-09-24T14:06:00Z INFO  tape_rs::daemon::executor] 执行线程: IBMtaper2287_LL3 (/dev/sg9) 已隔离（原持有者 None）
[2026-09-24T14:06:00Z INFO  tape_rs::scsi::reservation] /dev/sg10: PERSISTENT RESERVE IN 前越过 UNIT ATTENTION 2a/05
[2026-09-24T14:06:00Z INFO  tape_rs::scsi::reservation] /dev/sg10: 预留现状 generation=21 keys=[] holder=None
[2026-09-24T14:06:00Z INFO  tape_rs::daemon::executor] 执行线程: IBMtaper2287 (/dev/sg10) 已隔离（原持有者 None）
[2026-09-24T14:06:00Z INFO  tape_rs::scsi::reservation] /dev/sg11: PERSISTENT RESERVE IN 前越过 UNIT ATTENTION 2a/05
[2026-09-24T14:06:00Z INFO  tape_rs::scsi::reservation] /dev/sg11: 预留现状 generation=19 keys=[] holder=None
[2026-09-24T14:06:00Z INFO  tape_rs::daemon::executor] 执行线程: IBMtaper3D5E (/dev/sg11) 已隔离（原持有者 None）
[2026-09-24T14:06:00Z INFO  tape_rs::daemon::executor] 执行线程: 装载 RT2502L8 (槽位 0x0406) -> 驱动器 IBMtaper2287 (/dev/sg10)
[2026-09-24T14:06:00Z INFO  tape_rs::changer::commands] 移动介质: 从 0x0406 到 0x0100
[2026-09-24T14:06:00Z INFO  tape_rs::changer::commands] 移动完成
[2026-09-24T14:06:00Z WARN  tape_rs::scsi::transport] TEST UNIT READY: UNIT ATTENTION asc=0x28 ascq=0x00，重发（第 1 次）
[2026-09-24T14:06:00Z WARN  tape_rs::scsi::transport] TEST UNIT READY: UNIT ATTENTION asc=0x28 ascq=0x00，重发（第 2 次）
[2026-09-24T14:06:00Z INFO  tape_rs::tape::commands] 定位到 partition=0, block=0
[2026-09-24T14:06:00Z INFO  tape_rs::tape::commands] 定位到 partition=0, block=2
[2026-09-24T14:06:00Z INFO  tape_rs::ltfs::volume] LTFS label: version=2.4.0 uuid=26aefb84-fbc8-4c4a-a500-c85264ba2d29 blocksize=524288 compression=false
[2026-09-24T14:06:00Z INFO  tape_rs::tape::commands] 定位到 partition=1, block=0
[2026-09-24T14:06:00Z INFO  tape_rs::tape::commands] 定位到 partition=1, block=57
[2026-09-24T14:06:00Z INFO  tape_rs::ltfs::recovery] 分区 1 VCI 快速路径命中 gen=13 @ 57..58
[2026-09-24T14:06:00Z INFO  tape_rs::tape::commands] 定位到 partition=0, block=0
[2026-09-24T14:06:00Z INFO  tape_rs::tape::commands] 定位到 partition=0, block=5
[2026-09-24T14:06:00Z INFO  tape_rs::ltfs::recovery] 分区 0 VCI 快速路径命中 gen=13 @ 5..6
[2026-09-24T14:06:00Z INFO  tape_rs::tape::commands] 定位到 partition=1, block=28
[2026-09-24T14:06:00Z INFO  tape_rs::tape::commands] 定位到 partition=1, block=13
[2026-09-24T14:06:00Z INFO  tape_rs::tape::commands] 定位到 partition=1, block=8
[2026-09-24T14:06:00Z INFO  tape_rs::tape::commands] 定位到 partition=1, block=5
[2026-09-24T14:06:00Z INFO  tape_rs::tape::commands] 定位到 partition=1, block=59
[2026-09-24T14:06:00Z INFO  tape_rs::ltfs::volume] index gen=13 highest_uid=16 (dp_tail=Complete, ip_tail=Complete, writable=true)
[2026-09-24T14:06:00Z INFO  tape_rs::daemon::node] RT2502L8 目录停在第 12 代，磁带是第 13 代：以磁带为准重写该带的目录
[2026-09-24T14:06:00Z INFO  tape_rs::daemon::node] 轮次 31 开始服务：IBMtaper2287 (/dev/sg10) [RT2502L8]: gen=13 文件 6 个 尾部 Complete；可用 107 MiB
[2026-09-24T14:06:08Z INFO  tape_rs::tape::commands] 定位到 partition=0, block=2
[2026-09-24T14:06:08Z INFO  tape_rs::ltfs::volume] LTFS label: version=2.4.0 uuid=26aefb84-fbc8-4c4a-a500-c85264ba2d29 blocksize=524288 compression=false
[2026-09-24T14:06:08Z INFO  tape_rs::tape::commands] 定位到 partition=1, block=0
[2026-09-24T14:06:08Z INFO  tape_rs::tape::commands] 定位到 partition=1, block=57
[2026-09-24T14:06:08Z INFO  tape_rs::ltfs::recovery] 分区 1 VCI 快速路径命中 gen=13 @ 57..58
[2026-09-24T14:06:08Z INFO  tape_rs::tape::commands] 定位到 partition=0, block=0
[2026-09-24T14:06:08Z INFO  tape_rs::tape::commands] 定位到 partition=0, block=5
[2026-09-24T14:06:08Z INFO  tape_rs::ltfs::recovery] 分区 0 VCI 快速路径命中 gen=13 @ 5..6
[2026-09-24T14:06:08Z INFO  tape_rs::tape::commands] 定位到 partition=1, block=28
[2026-09-24T14:06:08Z INFO  tape_rs::tape::commands] 定位到 partition=1, block=13
[2026-09-24T14:06:08Z INFO  tape_rs::tape::commands] 定位到 partition=1, block=8
[2026-09-24T14:06:08Z INFO  tape_rs::tape::commands] 定位到 partition=1, block=5
[2026-09-24T14:06:08Z INFO  tape_rs::tape::commands] 定位到 partition=1, block=59
[2026-09-24T14:06:08Z INFO  tape_rs::ltfs::volume] index gen=13 highest_uid=16 (dp_tail=Complete, ip_tail=Complete, writable=true)
[2026-09-24T14:06:08Z INFO  tape_rs::tape::commands] 定位到 partition=1, block=10
[2026-09-24T14:06:08Z INFO  tape_rs::ltfs::volume] 读取 rc/keep.bin: 65536 字节
[2026-09-24T14:06:08Z INFO  tape_rs::tape::commands] 定位到 partition=0, block=2
[2026-09-24T14:06:08Z INFO  tape_rs::ltfs::volume] LTFS label: version=2.4.0 uuid=26aefb84-fbc8-4c4a-a500-c85264ba2d29 blocksize=524288 compression=false
[2026-09-24T14:06:08Z INFO  tape_rs::tape::commands] 定位到 partition=1, block=0
[2026-09-24T14:06:08Z INFO  tape_rs::tape::commands] 定位到 partition=1, block=57
[2026-09-24T14:06:08Z INFO  tape_rs::ltfs::recovery] 分区 1 VCI 快速路径命中 gen=13 @ 57..58
[2026-09-24T14:06:08Z INFO  tape_rs::tape::commands] 定位到 partition=0, block=0
[2026-09-24T14:06:08Z INFO  tape_rs::tape::commands] 定位到 partition=0, block=5
[2026-09-24T14:06:08Z INFO  tape_rs::ltfs::recovery] 分区 0 VCI 快速路径命中 gen=13 @ 5..6
[2026-09-24T14:06:08Z INFO  tape_rs::tape::commands] 定位到 partition=1, block=28
[2026-09-24T14:06:08Z INFO  tape_rs::tape::commands] 定位到 partition=1, block=13
[2026-09-24T14:06:08Z INFO  tape_rs::tape::commands] 定位到 partition=1, block=8
[2026-09-24T14:06:08Z INFO  tape_rs::tape::commands] 定位到 partition=1, block=5
[2026-09-24T14:06:08Z INFO  tape_rs::tape::commands] 定位到 partition=1, block=59
[2026-09-24T14:06:08Z INFO  tape_rs::ltfs::volume] index gen=13 highest_uid=16 (dp_tail=Complete, ip_tail=Complete, writable=true)
[2026-09-24T14:06:08Z INFO  tape_rs::tape::commands] 定位到 partition=1, block=59
[2026-09-24T14:06:09Z INFO  tape_rs::ltfs::volume] commit: gen 14 @ P0 5, P1 60
[2026-09-24T14:06:09Z INFO  tape_rs::daemon::executor] 执行线程: 已提交 1 个文件，索引 gen=14
[2026-09-24T14:06:09Z INFO  tape_rs::tape::commands] 定位到 partition=0, block=2
[2026-09-24T14:06:09Z INFO  tape_rs::ltfs::volume] LTFS label: version=2.4.0 uuid=26aefb84-fbc8-4c4a-a500-c85264ba2d29 blocksize=524288 compression=false
[2026-09-24T14:06:09Z INFO  tape_rs::tape::commands] 定位到 partition=1, block=0
[2026-09-24T14:06:09Z INFO  tape_rs::tape::commands] 定位到 partition=1, block=60
[2026-09-24T14:06:09Z INFO  tape_rs::ltfs::recovery] 分区 1 VCI 快速路径命中 gen=14 @ 60..61
[2026-09-24T14:06:09Z INFO  tape_rs::tape::commands] 定位到 partition=0, block=0
[2026-09-24T14:06:09Z INFO  tape_rs::tape::commands] 定位到 partition=0, block=5
[2026-09-24T14:06:09Z INFO  tape_rs::ltfs::recovery] 分区 0 VCI 快速路径命中 gen=13 @ 5..6
[2026-09-24T14:06:09Z INFO  tape_rs::tape::commands] 定位到 partition=1, block=57
[2026-09-24T14:06:09Z INFO  tape_rs::tape::commands] 定位到 partition=1, block=57
[2026-09-24T14:06:09Z INFO  tape_rs::tape::commands] 定位到 partition=1, block=28
[2026-09-24T14:06:09Z INFO  tape_rs::tape::commands] 定位到 partition=1, block=13
[2026-09-24T14:06:09Z INFO  tape_rs::tape::commands] 定位到 partition=1, block=8
[2026-09-24T14:06:09Z INFO  tape_rs::tape::commands] 定位到 partition=1, block=5
[2026-09-24T14:06:09Z INFO  tape_rs::tape::commands] 定位到 partition=1, block=62
[2026-09-24T14:06:09Z INFO  tape_rs::ltfs::volume] index gen=14 highest_uid=17 (dp_tail=Complete, ip_tail=Complete, writable=true)
[2026-09-24T14:06:09Z INFO  tape_rs::tape::commands] 定位到 partition=1, block=62
[2026-09-24T14:06:09Z INFO  tape_rs::ltfs::volume] commit: gen 15 @ P0 5, P1 63
[2026-09-24T14:06:09Z INFO  tape_rs::daemon::executor] 执行线程: 已提交 1 个文件，索引 gen=15
[2026-09-24T14:06:10Z INFO  tape_rs::tape::commands] 定位到 partition=0, block=2
[2026-09-24T14:06:10Z INFO  tape_rs::ltfs::volume] LTFS label: version=2.4.0 uuid=26aefb84-fbc8-4c4a-a500-c85264ba2d29 blocksize=524288 compression=false
[2026-09-24T14:06:10Z INFO  tape_rs::tape::commands] 定位到 partition=1, block=0
[2026-09-24T14:06:10Z INFO  tape_rs::tape::commands] 定位到 partition=1, block=63
[2026-09-24T14:06:10Z INFO  tape_rs::ltfs::recovery] 分区 1 VCI 快速路径命中 gen=15 @ 63..64
[2026-09-24T14:06:10Z INFO  tape_rs::tape::commands] 定位到 partition=0, block=0
[2026-09-24T14:06:10Z INFO  tape_rs::tape::commands] 定位到 partition=0, block=5
[2026-09-24T14:06:10Z INFO  tape_rs::ltfs::recovery] 分区 0 VCI 快速路径命中 gen=13 @ 5..6
[2026-09-24T14:06:10Z INFO  tape_rs::tape::commands] 定位到 partition=1, block=60
[2026-09-24T14:06:10Z INFO  tape_rs::tape::commands] 定位到 partition=1, block=57
[2026-09-24T14:06:10Z INFO  tape_rs::tape::commands] 定位到 partition=1, block=57
[2026-09-24T14:06:10Z INFO  tape_rs::tape::commands] 定位到 partition=1, block=28
[2026-09-24T14:06:10Z INFO  tape_rs::tape::commands] 定位到 partition=1, block=13
[2026-09-24T14:06:10Z INFO  tape_rs::tape::commands] 定位到 partition=1, block=8
[2026-09-24T14:06:10Z INFO  tape_rs::tape::commands] 定位到 partition=1, block=5
[2026-09-24T14:06:10Z INFO  tape_rs::tape::commands] 定位到 partition=1, block=65
[2026-09-24T14:06:10Z INFO  tape_rs::ltfs::volume] index gen=15 highest_uid=18 (dp_tail=Complete, ip_tail=Complete, writable=true)
[2026-09-24T14:06:10Z INFO  tape_rs::tape::commands] 定位到 partition=1, block=65
[2026-09-24T14:06:10Z INFO  tape_rs::ltfs::volume] commit: gen 16 @ P0 5, P1 66
[2026-09-24T14:06:10Z INFO  tape_rs::daemon::executor] 执行线程: 已提交 1 个文件，索引 gen=16
[2026-09-24T14:06:11Z INFO  tape_rs::tape::commands] 定位到 partition=0, block=2
[2026-09-24T14:06:11Z INFO  tape_rs::ltfs::volume] LTFS label: version=2.4.0 uuid=26aefb84-fbc8-4c4a-a500-c85264ba2d29 blocksize=524288 compression=false
[2026-09-24T14:06:11Z INFO  tape_rs::tape::commands] 定位到 partition=1, block=0
[2026-09-24T14:06:11Z INFO  tape_rs::tape::commands] 定位到 partition=1, block=66
[2026-09-24T14:06:11Z INFO  tape_rs::ltfs::recovery] 分区 1 VCI 快速路径命中 gen=16 @ 66..67
[2026-09-24T14:06:11Z INFO  tape_rs::tape::commands] 定位到 partition=0, block=0
[2026-09-24T14:06:11Z INFO  tape_rs::tape::commands] 定位到 partition=0, block=5
[2026-09-24T14:06:11Z INFO  tape_rs::ltfs::recovery] 分区 0 VCI 快速路径命中 gen=13 @ 5..6
[2026-09-24T14:06:11Z INFO  tape_rs::tape::commands] 定位到 partition=1, block=63
[2026-09-24T14:06:11Z INFO  tape_rs::tape::commands] 定位到 partition=1, block=60
[2026-09-24T14:06:11Z INFO  tape_rs::tape::commands] 定位到 partition=1, block=57
[2026-09-24T14:06:11Z INFO  tape_rs::tape::commands] 定位到 partition=1, block=57
[2026-09-24T14:06:11Z INFO  tape_rs::tape::commands] 定位到 partition=1, block=28
[2026-09-24T14:06:11Z INFO  tape_rs::tape::commands] 定位到 partition=1, block=13
[2026-09-24T14:06:11Z INFO  tape_rs::tape::commands] 定位到 partition=1, block=8
[2026-09-24T14:06:11Z INFO  tape_rs::tape::commands] 定位到 partition=1, block=5
[2026-09-24T14:06:11Z INFO  tape_rs::tape::commands] 定位到 partition=1, block=68
[2026-09-24T14:06:11Z INFO  tape_rs::ltfs::volume] index gen=16 highest_uid=19 (dp_tail=Complete, ip_tail=Complete, writable=true)
[2026-09-24T14:06:11Z INFO  tape_rs::tape::commands] 定位到 partition=1, block=68
[2026-09-24T14:06:11Z INFO  tape_rs::ltfs::volume] 追加 .tapers/deleted/3e0dab3ffca0da1bee63cfd2a08bdcf97fc6310d750b23785ad73bb4a529547d: 0 字节 @ P1 block 68
[2026-09-24T14:06:11Z INFO  tape_rs::tape::commands] 定位到 partition=1, block=68
[2026-09-24T14:06:11Z INFO  tape_rs::ltfs::volume] commit: gen 17 @ P0 5, P1 69
[2026-09-24T14:06:11Z INFO  tape_rs::daemon::executor] 执行线程: 已提交 1 个文件，索引 gen=17
[2026-09-24T14:06:11Z INFO  tape_rs::tape::commands] 定位到 partition=0, block=2
[2026-09-24T14:06:11Z INFO  tape_rs::ltfs::volume] LTFS label: version=2.4.0 uuid=26aefb84-fbc8-4c4a-a500-c85264ba2d29 blocksize=524288 compression=false
[2026-09-24T14:06:11Z INFO  tape_rs::tape::commands] 定位到 partition=1, block=0
[2026-09-24T14:06:11Z INFO  tape_rs::tape::commands] 定位到 partition=1, block=69
[2026-09-24T14:06:11Z INFO  tape_rs::ltfs::recovery] 分区 1 VCI 快速路径命中 gen=17 @ 69..70
[2026-09-24T14:06:11Z INFO  tape_rs::tape::commands] 定位到 partition=0, block=0
[2026-09-24T14:06:11Z INFO  tape_rs::tape::commands] 定位到 partition=0, block=5
[2026-09-24T14:06:11Z INFO  tape_rs::ltfs::recovery] 分区 0 VCI 快速路径命中 gen=13 @ 5..6
[2026-09-24T14:06:11Z INFO  tape_rs::tape::commands] 定位到 partition=1, block=66
[2026-09-24T14:06:11Z INFO  tape_rs::tape::commands] 定位到 partition=1, block=63
[2026-09-24T14:06:11Z INFO  tape_rs::tape::commands] 定位到 partition=1, block=60
[2026-09-24T14:06:11Z INFO  tape_rs::tape::commands] 定位到 partition=1, block=57
[2026-09-24T14:06:11Z INFO  tape_rs::tape::commands] 定位到 partition=1, block=57
[2026-09-24T14:06:11Z INFO  tape_rs::tape::commands] 定位到 partition=1, block=28
[2026-09-24T14:06:11Z INFO  tape_rs::tape::commands] 定位到 partition=1, block=13
[2026-09-24T14:06:11Z INFO  tape_rs::tape::commands] 定位到 partition=1, block=8
[2026-09-24T14:06:11Z INFO  tape_rs::tape::commands] 定位到 partition=1, block=5
[2026-09-24T14:06:11Z INFO  tape_rs::tape::commands] 定位到 partition=1, block=71
[2026-09-24T14:06:11Z INFO  tape_rs::ltfs::volume] index gen=17 highest_uid=20 (dp_tail=Complete, ip_tail=Complete, writable=true)
[2026-09-24T14:06:11Z INFO  tape_rs::tape::commands] 定位到 partition=1, block=10
[2026-09-24T14:06:11Z INFO  tape_rs::ltfs::volume] 读取 rc/keep.bin: 65536 字节
[2026-09-24T14:06:45Z INFO  tape_rs::tape::commands] 定位到 partition=0, block=2
[2026-09-24T14:06:45Z INFO  tape_rs::ltfs::volume] LTFS label: version=2.4.0 uuid=26aefb84-fbc8-4c4a-a500-c85264ba2d29 blocksize=524288 compression=false
[2026-09-24T14:06:45Z INFO  tape_rs::tape::commands] 定位到 partition=1, block=0
[2026-09-24T14:06:45Z INFO  tape_rs::tape::commands] 定位到 partition=1, block=69
[2026-09-24T14:06:45Z INFO  tape_rs::ltfs::recovery] 分区 1 VCI 快速路径命中 gen=17 @ 69..70
[2026-09-24T14:06:45Z INFO  tape_rs::tape::commands] 定位到 partition=0, block=0
[2026-09-24T14:06:45Z INFO  tape_rs::tape::commands] 定位到 partition=0, block=5
[2026-09-24T14:06:45Z INFO  tape_rs::ltfs::recovery] 分区 0 VCI 快速路径命中 gen=13 @ 5..6
[2026-09-24T14:06:45Z INFO  tape_rs::tape::commands] 定位到 partition=1, block=66
[2026-09-24T14:06:45Z INFO  tape_rs::tape::commands] 定位到 partition=1, block=63
[2026-09-24T14:06:45Z INFO  tape_rs::tape::commands] 定位到 partition=1, block=60
[2026-09-24T14:06:45Z INFO  tape_rs::tape::commands] 定位到 partition=1, block=57
[2026-09-24T14:06:45Z INFO  tape_rs::tape::commands] 定位到 partition=1, block=57
[2026-09-24T14:06:45Z INFO  tape_rs::tape::commands] 定位到 partition=1, block=28
[2026-09-24T14:06:45Z INFO  tape_rs::tape::commands] 定位到 partition=1, block=13
[2026-09-24T14:06:45Z INFO  tape_rs::tape::commands] 定位到 partition=1, block=8
[2026-09-24T14:06:45Z INFO  tape_rs::tape::commands] 定位到 partition=1, block=5
[2026-09-24T14:06:45Z INFO  tape_rs::tape::commands] 定位到 partition=1, block=71
[2026-09-24T14:06:45Z INFO  tape_rs::ltfs::volume] index gen=17 highest_uid=20 (dp_tail=Complete, ip_tail=Complete, writable=true)
[2026-09-24T14:06:45Z INFO  tape_rs::tape::commands] 定位到 partition=1, block=71
[2026-09-24T14:06:46Z INFO  tape_rs::ltfs::volume] commit: gen 18 @ P0 5, P1 72
[2026-09-24T14:06:46Z INFO  tape_rs::daemon::executor] 执行线程: 已提交 1 个文件，索引 gen=18
[2026-09-24T14:06:46Z INFO  tape_rs::tape::commands] 定位到 partition=0, block=2
[2026-09-24T14:06:46Z INFO  tape_rs::ltfs::volume] LTFS label: version=2.4.0 uuid=26aefb84-fbc8-4c4a-a500-c85264ba2d29 blocksize=524288 compression=false
[2026-09-24T14:06:46Z INFO  tape_rs::tape::commands] 定位到 partition=1, block=0
[2026-09-24T14:06:46Z INFO  tape_rs::tape::commands] 定位到 partition=1, block=72
[2026-09-24T14:06:46Z INFO  tape_rs::ltfs::recovery] 分区 1 VCI 快速路径命中 gen=18 @ 72..73
[2026-09-24T14:06:46Z INFO  tape_rs::tape::commands] 定位到 partition=0, block=0
[2026-09-24T14:06:46Z INFO  tape_rs::tape::commands] 定位到 partition=0, block=5
[2026-09-24T14:06:46Z INFO  tape_rs::ltfs::recovery] 分区 0 VCI 快速路径命中 gen=13 @ 5..6
[2026-09-24T14:06:46Z INFO  tape_rs::tape::commands] 定位到 partition=1, block=69
[2026-09-24T14:06:46Z INFO  tape_rs::tape::commands] 定位到 partition=1, block=66
[2026-09-24T14:06:46Z INFO  tape_rs::tape::commands] 定位到 partition=1, block=63
[2026-09-24T14:06:46Z INFO  tape_rs::tape::commands] 定位到 partition=1, block=60
[2026-09-24T14:06:46Z INFO  tape_rs::tape::commands] 定位到 partition=1, block=57
[2026-09-24T14:06:46Z INFO  tape_rs::tape::commands] 定位到 partition=1, block=57
[2026-09-24T14:06:46Z INFO  tape_rs::tape::commands] 定位到 partition=1, block=28
[2026-09-24T14:06:46Z INFO  tape_rs::tape::commands] 定位到 partition=1, block=13
[2026-09-24T14:06:46Z INFO  tape_rs::tape::commands] 定位到 partition=1, block=8
[2026-09-24T14:06:46Z INFO  tape_rs::tape::commands] 定位到 partition=1, block=5
[2026-09-24T14:06:46Z INFO  tape_rs::tape::commands] 定位到 partition=1, block=74
[2026-09-24T14:06:46Z INFO  tape_rs::ltfs::volume] index gen=18 highest_uid=21 (dp_tail=Complete, ip_tail=Complete, writable=true)
[2026-09-24T14:06:46Z INFO  tape_rs::tape::commands] 定位到 partition=1, block=74
[2026-09-24T14:06:47Z INFO  tape_rs::tape::commands] 定位到 partition=0, block=4
[2026-09-24T14:06:47Z INFO  tape_rs::ltfs::volume] commit: gen 19 @ P0 5, P1 75
[2026-09-24T14:06:47Z INFO  tape_rs::daemon::executor] 执行线程: 已提交 1 个文件，索引 gen=19
[2026-09-24T14:06:48Z INFO  tape_rs::tape::commands] 定位到 partition=0, block=2
[2026-09-24T14:06:48Z INFO  tape_rs::ltfs::volume] LTFS label: version=2.4.0 uuid=26aefb84-fbc8-4c4a-a500-c85264ba2d29 blocksize=524288 compression=false
[2026-09-24T14:06:48Z INFO  tape_rs::tape::commands] 定位到 partition=1, block=0
[2026-09-24T14:06:48Z INFO  tape_rs::tape::commands] 定位到 partition=1, block=75
[2026-09-24T14:06:48Z INFO  tape_rs::ltfs::recovery] 分区 1 VCI 快速路径命中 gen=19 @ 75..76
[2026-09-24T14:06:48Z INFO  tape_rs::tape::commands] 定位到 partition=0, block=0
[2026-09-24T14:06:48Z INFO  tape_rs::tape::commands] 定位到 partition=0, block=5
[2026-09-24T14:06:48Z INFO  tape_rs::ltfs::recovery] 分区 0 VCI 快速路径命中 gen=19 @ 5..6
[2026-09-24T14:06:48Z INFO  tape_rs::tape::commands] 定位到 partition=1, block=57
[2026-09-24T14:06:48Z INFO  tape_rs::tape::commands] 定位到 partition=1, block=28
[2026-09-24T14:06:48Z INFO  tape_rs::tape::commands] 定位到 partition=1, block=13
[2026-09-24T14:06:48Z INFO  tape_rs::tape::commands] 定位到 partition=1, block=8
[2026-09-24T14:06:48Z INFO  tape_rs::tape::commands] 定位到 partition=1, block=5
[2026-09-24T14:06:48Z INFO  tape_rs::tape::commands] 定位到 partition=1, block=77
[2026-09-24T14:06:48Z INFO  tape_rs::ltfs::volume] index gen=19 highest_uid=22 (dp_tail=Complete, ip_tail=Complete, writable=true)
[2026-09-24T14:06:48Z INFO  tape_rs::tape::commands] 定位到 partition=1, block=77
[2026-09-24T14:06:48Z INFO  tape_rs::ltfs::volume] commit: gen 20 @ P0 5, P1 78
[2026-09-24T14:06:48Z INFO  tape_rs::daemon::executor] 执行线程: 已提交 1 个文件，索引 gen=20
[2026-09-24T14:06:48Z INFO  tape_rs::tape::commands] 定位到 partition=0, block=2
[2026-09-24T14:06:48Z INFO  tape_rs::ltfs::volume] LTFS label: version=2.4.0 uuid=26aefb84-fbc8-4c4a-a500-c85264ba2d29 blocksize=524288 compression=false
[2026-09-24T14:06:48Z INFO  tape_rs::tape::commands] 定位到 partition=1, block=0
[2026-09-24T14:06:48Z INFO  tape_rs::tape::commands] 定位到 partition=1, block=78
[2026-09-24T14:06:48Z INFO  tape_rs::ltfs::recovery] 分区 1 VCI 快速路径命中 gen=20 @ 78..79
[2026-09-24T14:06:48Z INFO  tape_rs::tape::commands] 定位到 partition=0, block=0
[2026-09-24T14:06:48Z INFO  tape_rs::tape::commands] 定位到 partition=0, block=5
[2026-09-24T14:06:48Z INFO  tape_rs::ltfs::recovery] 分区 0 VCI 快速路径命中 gen=19 @ 5..6
[2026-09-24T14:06:48Z INFO  tape_rs::tape::commands] 定位到 partition=1, block=75
[2026-09-24T14:06:48Z INFO  tape_rs::tape::commands] 定位到 partition=1, block=75
[2026-09-24T14:06:48Z INFO  tape_rs::tape::commands] 定位到 partition=1, block=57
[2026-09-24T14:06:48Z INFO  tape_rs::tape::commands] 定位到 partition=1, block=28
[2026-09-24T14:06:48Z INFO  tape_rs::tape::commands] 定位到 partition=1, block=13
[2026-09-24T14:06:48Z INFO  tape_rs::tape::commands] 定位到 partition=1, block=8
[2026-09-24T14:06:48Z INFO  tape_rs::tape::commands] 定位到 partition=1, block=5
[2026-09-24T14:06:48Z INFO  tape_rs::tape::commands] 定位到 partition=1, block=80
[2026-09-24T14:06:48Z INFO  tape_rs::ltfs::volume] index gen=20 highest_uid=23 (dp_tail=Complete, ip_tail=Complete, writable=true)
[2026-09-24T14:06:48Z INFO  tape_rs::tape::commands] 定位到 partition=1, block=80
[2026-09-24T14:06:49Z INFO  tape_rs::ltfs::volume] commit: gen 21 @ P0 5, P1 81
[2026-09-24T14:06:49Z INFO  tape_rs::daemon::executor] 执行线程: 已提交 1 个文件，索引 gen=21
[2026-09-24T14:06:49Z INFO  tape_rs::tape::commands] 定位到 partition=0, block=2
[2026-09-24T14:06:49Z INFO  tape_rs::ltfs::volume] LTFS label: version=2.4.0 uuid=26aefb84-fbc8-4c4a-a500-c85264ba2d29 blocksize=524288 compression=false
[2026-09-24T14:06:49Z INFO  tape_rs::tape::commands] 定位到 partition=1, block=0
[2026-09-24T14:06:49Z INFO  tape_rs::tape::commands] 定位到 partition=1, block=81
[2026-09-24T14:06:49Z INFO  tape_rs::ltfs::recovery] 分区 1 VCI 快速路径命中 gen=21 @ 81..82
[2026-09-24T14:06:49Z INFO  tape_rs::tape::commands] 定位到 partition=0, block=0
[2026-09-24T14:06:49Z INFO  tape_rs::tape::commands] 定位到 partition=0, block=5
[2026-09-24T14:06:49Z INFO  tape_rs::ltfs::recovery] 分区 0 VCI 快速路径命中 gen=19 @ 5..6
[2026-09-24T14:06:49Z INFO  tape_rs::tape::commands] 定位到 partition=1, block=78
[2026-09-24T14:06:49Z INFO  tape_rs::tape::commands] 定位到 partition=1, block=75
[2026-09-24T14:06:49Z INFO  tape_rs::tape::commands] 定位到 partition=1, block=75
[2026-09-24T14:06:49Z INFO  tape_rs::tape::commands] 定位到 partition=1, block=57
[2026-09-24T14:06:49Z INFO  tape_rs::tape::commands] 定位到 partition=1, block=28
[2026-09-24T14:06:49Z INFO  tape_rs::tape::commands] 定位到 partition=1, block=13
[2026-09-24T14:06:49Z INFO  tape_rs::tape::commands] 定位到 partition=1, block=8
[2026-09-24T14:06:49Z INFO  tape_rs::tape::commands] 定位到 partition=1, block=5
[2026-09-24T14:06:49Z INFO  tape_rs::tape::commands] 定位到 partition=1, block=83
[2026-09-24T14:06:49Z INFO  tape_rs::ltfs::volume] index gen=21 highest_uid=24 (dp_tail=Complete, ip_tail=Complete, writable=true)
[2026-09-24T14:06:49Z INFO  tape_rs::tape::commands] 定位到 partition=1, block=83
[2026-09-24T14:06:49Z INFO  tape_rs::ltfs::volume] 追加 .tapers/deleted/464fadb844afaa2bd7f56203806b983b6cd969512ec5d094657804cd7292a89f: 0 字节 @ P1 block 83
[2026-09-24T14:06:49Z INFO  tape_rs::tape::commands] 定位到 partition=1, block=83
[2026-09-24T14:06:49Z INFO  tape_rs::ltfs::volume] commit: gen 22 @ P0 5, P1 84
[2026-09-24T14:06:49Z INFO  tape_rs::daemon::executor] 执行线程: 已提交 1 个文件，索引 gen=22
[2026-09-24T14:06:49Z INFO  tape_rs::tape::commands] 定位到 partition=0, block=2
[2026-09-24T14:06:49Z INFO  tape_rs::ltfs::volume] LTFS label: version=2.4.0 uuid=26aefb84-fbc8-4c4a-a500-c85264ba2d29 blocksize=524288 compression=false
[2026-09-24T14:06:49Z INFO  tape_rs::tape::commands] 定位到 partition=1, block=0
[2026-09-24T14:06:49Z INFO  tape_rs::tape::commands] 定位到 partition=1, block=84
[2026-09-24T14:06:49Z INFO  tape_rs::ltfs::recovery] 分区 1 VCI 快速路径命中 gen=22 @ 84..85
[2026-09-24T14:06:49Z INFO  tape_rs::tape::commands] 定位到 partition=0, block=0
[2026-09-24T14:06:49Z INFO  tape_rs::tape::commands] 定位到 partition=0, block=5
[2026-09-24T14:06:49Z INFO  tape_rs::ltfs::recovery] 分区 0 VCI 快速路径命中 gen=19 @ 5..6
[2026-09-24T14:06:49Z INFO  tape_rs::tape::commands] 定位到 partition=1, block=81
[2026-09-24T14:06:49Z INFO  tape_rs::tape::commands] 定位到 partition=1, block=78
[2026-09-24T14:06:49Z INFO  tape_rs::tape::commands] 定位到 partition=1, block=75
[2026-09-24T14:06:49Z INFO  tape_rs::tape::commands] 定位到 partition=1, block=75
[2026-09-24T14:06:49Z INFO  tape_rs::tape::commands] 定位到 partition=1, block=57
[2026-09-24T14:06:49Z INFO  tape_rs::tape::commands] 定位到 partition=1, block=28
[2026-09-24T14:06:49Z INFO  tape_rs::tape::commands] 定位到 partition=1, block=13
[2026-09-24T14:06:49Z INFO  tape_rs::tape::commands] 定位到 partition=1, block=8
[2026-09-24T14:06:49Z INFO  tape_rs::tape::commands] 定位到 partition=1, block=5
[2026-09-24T14:06:49Z INFO  tape_rs::tape::commands] 定位到 partition=1, block=86
[2026-09-24T14:06:49Z INFO  tape_rs::ltfs::volume] index gen=22 highest_uid=25 (dp_tail=Complete, ip_tail=Complete, writable=true)
[2026-09-24T14:06:49Z INFO  tape_rs::tape::commands] 定位到 partition=1, block=10
[2026-09-24T14:06:49Z INFO  tape_rs::ltfs::volume] 读取 rc/keep.bin: 65536 字节
[2026-09-24T14:07:04Z INFO  tape_rs::tape::commands] 定位到 partition=0, block=2
[2026-09-24T14:07:04Z INFO  tape_rs::ltfs::volume] LTFS label: version=2.4.0 uuid=26aefb84-fbc8-4c4a-a500-c85264ba2d29 blocksize=524288 compression=false
[2026-09-24T14:07:04Z INFO  tape_rs::tape::commands] 定位到 partition=1, block=0
[2026-09-24T14:07:04Z INFO  tape_rs::tape::commands] 定位到 partition=1, block=84
[2026-09-24T14:07:04Z INFO  tape_rs::ltfs::recovery] 分区 1 VCI 快速路径命中 gen=22 @ 84..85
[2026-09-24T14:07:04Z INFO  tape_rs::tape::commands] 定位到 partition=0, block=0
[2026-09-24T14:07:04Z INFO  tape_rs::tape::commands] 定位到 partition=0, block=5
[2026-09-24T14:07:04Z INFO  tape_rs::ltfs::recovery] 分区 0 VCI 快速路径命中 gen=19 @ 5..6
[2026-09-24T14:07:04Z INFO  tape_rs::tape::commands] 定位到 partition=1, block=81
[2026-09-24T14:07:04Z INFO  tape_rs::tape::commands] 定位到 partition=1, block=78
[2026-09-24T14:07:04Z INFO  tape_rs::tape::commands] 定位到 partition=1, block=75
[2026-09-24T14:07:04Z INFO  tape_rs::tape::commands] 定位到 partition=1, block=75
[2026-09-24T14:07:04Z INFO  tape_rs::tape::commands] 定位到 partition=1, block=57
[2026-09-24T14:07:04Z INFO  tape_rs::tape::commands] 定位到 partition=1, block=28
[2026-09-24T14:07:04Z INFO  tape_rs::tape::commands] 定位到 partition=1, block=13
[2026-09-24T14:07:04Z INFO  tape_rs::tape::commands] 定位到 partition=1, block=8
[2026-09-24T14:07:04Z INFO  tape_rs::tape::commands] 定位到 partition=1, block=5
[2026-09-24T14:07:04Z INFO  tape_rs::tape::commands] 定位到 partition=1, block=86
[2026-09-24T14:07:04Z INFO  tape_rs::ltfs::volume] index gen=22 highest_uid=25 (dp_tail=Complete, ip_tail=Complete, writable=true)
[2026-09-24T14:07:04Z INFO  tape_rs::tape::commands] 定位到 partition=1, block=10
[2026-09-24T14:07:04Z INFO  tape_rs::ltfs::volume] 读取 rc/keep.bin: 65536 字节
[2026-09-24T14:07:10Z INFO  ltfsd] 收到停机信号，正在计划停机（再按一次直接退出）
[2026-09-24T14:07:10Z INFO  tape_rs::daemon::executor] 执行线程: 轮次 31 计划停机
[2026-09-24T14:07:10Z INFO  tape_rs::tape::commands] 定位到 partition=0, block=2
[2026-09-24T14:07:10Z INFO  tape_rs::ltfs::volume] LTFS label: version=2.4.0 uuid=26aefb84-fbc8-4c4a-a500-c85264ba2d29 blocksize=524288 compression=false
[2026-09-24T14:07:10Z INFO  tape_rs::tape::commands] 定位到 partition=1, block=0
[2026-09-24T14:07:10Z INFO  tape_rs::tape::commands] 定位到 partition=1, block=84
[2026-09-24T14:07:10Z INFO  tape_rs::ltfs::recovery] 分区 1 VCI 快速路径命中 gen=22 @ 84..85
[2026-09-24T14:07:10Z INFO  tape_rs::tape::commands] 定位到 partition=0, block=0
[2026-09-24T14:07:10Z INFO  tape_rs::tape::commands] 定位到 partition=0, block=5
[2026-09-24T14:07:10Z INFO  tape_rs::ltfs::recovery] 分区 0 VCI 快速路径命中 gen=19 @ 5..6
[2026-09-24T14:07:10Z INFO  tape_rs::tape::commands] 定位到 partition=1, block=81
[2026-09-24T14:07:10Z INFO  tape_rs::tape::commands] 定位到 partition=1, block=78
[2026-09-24T14:07:10Z INFO  tape_rs::tape::commands] 定位到 partition=1, block=75
[2026-09-24T14:07:10Z INFO  tape_rs::tape::commands] 定位到 partition=1, block=75
[2026-09-24T14:07:10Z INFO  tape_rs::tape::commands] 定位到 partition=1, block=57
[2026-09-24T14:07:10Z INFO  tape_rs::tape::commands] 定位到 partition=1, block=28
[2026-09-24T14:07:10Z INFO  tape_rs::tape::commands] 定位到 partition=1, block=13
[2026-09-24T14:07:10Z INFO  tape_rs::tape::commands] 定位到 partition=1, block=8
[2026-09-24T14:07:10Z INFO  tape_rs::tape::commands] 定位到 partition=1, block=5
[2026-09-24T14:07:10Z INFO  tape_rs::tape::commands] 定位到 partition=1, block=86
[2026-09-24T14:07:10Z INFO  tape_rs::ltfs::volume] index gen=22 highest_uid=25 (dp_tail=Complete, ip_tail=Complete, writable=true)
[2026-09-24T14:07:10Z INFO  tape_rs::tape::commands] 定位到 partition=1, block=86
[2026-09-24T14:07:10Z INFO  tape_rs::tape::commands] 定位到 partition=0, block=4
[2026-09-24T14:07:11Z INFO  tape_rs::ltfs::volume] commit: gen 23 @ P0 5, P1 87
[2026-09-24T14:07:11Z INFO  tape_rs::tape::commands] 弹出磁带...
[2026-09-24T14:07:11Z INFO  tape_rs::tape::commands] 弹出完成
[2026-09-24T14:07:11Z INFO  tape_rs::daemon::executor] 执行线程: IBMtaper2287_LL3 (/dev/sg9) 的预留已释放
[2026-09-24T14:07:11Z INFO  tape_rs::daemon::executor] 执行线程: IBMtaper2287 (/dev/sg10) 的预留已释放
[2026-09-24T14:07:11Z INFO  tape_rs::daemon::executor] 执行线程: IBMtaper3D5E (/dev/sg11) 的预留已释放
[2026-09-24T14:07:11Z INFO  tape_rs::daemon::node] 节点 1 停机
[2026-09-24T14:08:20Z INFO  tape_rs::daemon::net] 节点间通信监听 0.0.0.0:7500
[2026-09-24T14:08:20Z INFO  tape_rs::daemon::http] 客户端接口监听 0.0.0.0:7501
[2026-09-24T14:08:20Z INFO  raft::raft] switched to configuration, raft_id: 1, config: Configuration { voters: Configuration { incoming: Configuration { voters: {1, 2, 3} }, outgoing: Configuration { voters: {} } }, learners: {}, learners_next: {}, auto_leave: false }
[2026-09-24T14:08:20Z INFO  raft::raft] became follower at term 6, raft_id: 1, term: 6
[2026-09-24T14:08:20Z INFO  raft::raft] newRaft, raft_id: 1, peers: Configuration { incoming: Configuration { voters: {1, 2, 3} }, outgoing: Configuration { voters: {} } }, last term: 6, last index: 52, applied: 0, commit: 52, term: 6
[2026-09-24T14:08:20Z INFO  raft::raw_node] RawNode created with id 1., raft_id: 1, id: 1
[2026-09-24T14:08:20Z INFO  tape_rs::daemon::node] 节点 3 成为执行者，轮次 6
[2026-09-24T14:08:20Z INFO  tape_rs::daemon::node] 节点 2 成为执行者，轮次 21
[2026-09-24T14:08:20Z INFO  tape_rs::daemon::node] 节点 3 成为执行者，轮次 26
[2026-09-24T14:08:21Z INFO  raft::raft] starting a new election, raft_id: 1, term: 6
[2026-09-24T14:08:21Z INFO  raft::raft] became pre-candidate at term 6, raft_id: 1, term: 6
[2026-09-24T14:08:21Z INFO  raft::raft] broadcasting vote request, raft_id: 1, to: [2, 3], log_index: 52, log_term: 6, term: 6, type: MsgRequestPreVote
[2026-09-24T14:08:21Z INFO  raft::raft] received votes response, raft_id: 1, term: 6, type: MsgRequestPreVoteResponse, approvals: 2, rejections: 0, from: 2, vote: true
[2026-09-24T14:08:21Z INFO  raft::raft] became candidate at term 7, raft_id: 1, term: 7
[2026-09-24T14:08:21Z INFO  raft::raft] broadcasting vote request, raft_id: 1, to: [2, 3], log_index: 52, log_term: 6, term: 7, type: MsgRequestVote
[2026-09-24T14:08:21Z INFO  raft::raft] received votes response, raft_id: 1, term: 7, type: MsgRequestVoteResponse, approvals: 2, rejections: 0, from: 3, vote: true
[2026-09-24T14:08:21Z INFO  raft::raft] became leader at term 7, raft_id: 1, term: 7
[2026-09-24T14:08:21Z INFO  tape_rs::daemon::node] 本节点成为执行者，轮次 54（任期 7）
[2026-09-24T14:08:21Z INFO  tape_rs::scsi::reservation] /dev/sg9: 预留现状 generation=20 keys=[] holder=None
[2026-09-24T14:08:21Z INFO  tape_rs::daemon::executor] 执行线程: IBMtaper2287_LL3 (/dev/sg9) 已隔离（原持有者 None）
[2026-09-24T14:08:21Z INFO  tape_rs::scsi::reservation] /dev/sg10: 预留现状 generation=22 keys=[] holder=None
[2026-09-24T14:08:21Z INFO  tape_rs::daemon::executor] 执行线程: IBMtaper2287 (/dev/sg10) 已隔离（原持有者 None）
[2026-09-24T14:08:21Z INFO  tape_rs::scsi::reservation] /dev/sg11: 预留现状 generation=20 keys=[] holder=None
[2026-09-24T14:08:21Z INFO  tape_rs::daemon::executor] 执行线程: IBMtaper3D5E (/dev/sg11) 已隔离（原持有者 None）
[2026-09-24T14:08:21Z INFO  tape_rs::daemon::executor] 执行线程: 装载 RT2502L8 (槽位 0x0406) -> 驱动器 IBMtaper2287 (/dev/sg10)
[2026-09-24T14:08:21Z INFO  tape_rs::changer::commands] 移动介质: 从 0x0406 到 0x0100
[2026-09-24T14:08:21Z INFO  tape_rs::changer::commands] 移动完成
[2026-09-24T14:08:21Z WARN  tape_rs::scsi::transport] TEST UNIT READY: UNIT ATTENTION asc=0x28 ascq=0x00，重发（第 1 次）
[2026-09-24T14:08:21Z WARN  tape_rs::scsi::transport] TEST UNIT READY: UNIT ATTENTION asc=0x28 ascq=0x00，重发（第 2 次）
[2026-09-24T14:08:21Z INFO  tape_rs::tape::commands] 定位到 partition=0, block=0
[2026-09-24T14:08:21Z INFO  tape_rs::tape::commands] 定位到 partition=0, block=2
[2026-09-24T14:08:21Z INFO  tape_rs::ltfs::volume] LTFS label: version=2.4.0 uuid=26aefb84-fbc8-4c4a-a500-c85264ba2d29 blocksize=524288 compression=false
[2026-09-24T14:08:21Z INFO  tape_rs::tape::commands] 定位到 partition=1, block=0
[2026-09-24T14:08:21Z INFO  tape_rs::tape::commands] 定位到 partition=1, block=91
[2026-09-24T14:08:21Z INFO  tape_rs::ltfs::recovery] 分区 1 末索引 gen=24 @ 91..92
[2026-09-24T14:08:21Z INFO  tape_rs::tape::commands] 定位到 partition=0, block=0
[2026-09-24T14:08:21Z INFO  tape_rs::tape::commands] 定位到 partition=0, block=5
[2026-09-24T14:08:21Z INFO  tape_rs::ltfs::recovery] 分区 0 末索引 gen=24 @ 5..6
[2026-09-24T14:08:21Z INFO  tape_rs::tape::commands] 定位到 partition=1, block=87
[2026-09-24T14:08:21Z INFO  tape_rs::tape::commands] 定位到 partition=1, block=75
[2026-09-24T14:08:21Z INFO  tape_rs::tape::commands] 定位到 partition=1, block=57
[2026-09-24T14:08:21Z INFO  tape_rs::tape::commands] 定位到 partition=1, block=28
[2026-09-24T14:08:21Z INFO  tape_rs::tape::commands] 定位到 partition=1, block=13
[2026-09-24T14:08:21Z INFO  tape_rs::tape::commands] 定位到 partition=1, block=8
[2026-09-24T14:08:21Z INFO  tape_rs::tape::commands] 定位到 partition=1, block=5
[2026-09-24T14:08:21Z INFO  tape_rs::tape::commands] 定位到 partition=1, block=93
[2026-09-24T14:08:21Z INFO  tape_rs::ltfs::volume] index gen=24 highest_uid=27 (dp_tail=Complete, ip_tail=Complete, writable=true)
[2026-09-24T14:08:21Z INFO  tape_rs::daemon::node] RT2502L8 目录停在第 22 代，磁带是第 24 代：以磁带为准重写该带的目录
[2026-09-24T14:08:21Z INFO  tape_rs::daemon::node] 轮次 54 开始服务：IBMtaper2287 (/dev/sg10) [RT2502L8]: gen=24 文件 9 个 尾部 Complete；可用 102 MiB
[2026-09-24T14:08:32Z INFO  tape_rs::tape::commands] 定位到 partition=0, block=2
[2026-09-24T14:08:32Z INFO  tape_rs::ltfs::volume] LTFS label: version=2.4.0 uuid=26aefb84-fbc8-4c4a-a500-c85264ba2d29 blocksize=524288 compression=false
[2026-09-24T14:08:32Z INFO  tape_rs::tape::commands] 定位到 partition=1, block=0
[2026-09-24T14:08:32Z INFO  tape_rs::tape::commands] 定位到 partition=1, block=91
[2026-09-24T14:08:32Z INFO  tape_rs::ltfs::recovery] 分区 1 末索引 gen=24 @ 91..92
[2026-09-24T14:08:32Z INFO  tape_rs::tape::commands] 定位到 partition=0, block=0
[2026-09-24T14:08:32Z INFO  tape_rs::tape::commands] 定位到 partition=0, block=5
[2026-09-24T14:08:32Z INFO  tape_rs::ltfs::recovery] 分区 0 末索引 gen=24 @ 5..6
[2026-09-24T14:08:32Z INFO  tape_rs::tape::commands] 定位到 partition=1, block=87
[2026-09-24T14:08:32Z INFO  tape_rs::tape::commands] 定位到 partition=1, block=75
[2026-09-24T14:08:32Z INFO  tape_rs::tape::commands] 定位到 partition=1, block=57
[2026-09-24T14:08:32Z INFO  tape_rs::tape::commands] 定位到 partition=1, block=28
[2026-09-24T14:08:32Z INFO  tape_rs::tape::commands] 定位到 partition=1, block=13
[2026-09-24T14:08:32Z INFO  tape_rs::tape::commands] 定位到 partition=1, block=8
[2026-09-24T14:08:32Z INFO  tape_rs::tape::commands] 定位到 partition=1, block=5
[2026-09-24T14:08:32Z INFO  tape_rs::tape::commands] 定位到 partition=1, block=93
[2026-09-24T14:08:32Z INFO  tape_rs::ltfs::volume] index gen=24 highest_uid=27 (dp_tail=Complete, ip_tail=Complete, writable=true)
[2026-09-24T14:08:32Z INFO  tape_rs::tape::commands] 定位到 partition=1, block=10
[2026-09-24T14:08:32Z INFO  tape_rs::ltfs::volume] 读取 rc/keep.bin: 65536 字节
[2026-09-24T14:08:32Z INFO  tape_rs::tape::commands] 定位到 partition=0, block=2
[2026-09-24T14:08:32Z INFO  tape_rs::ltfs::volume] LTFS label: version=2.4.0 uuid=26aefb84-fbc8-4c4a-a500-c85264ba2d29 blocksize=524288 compression=false
[2026-09-24T14:08:32Z INFO  tape_rs::tape::commands] 定位到 partition=1, block=0
[2026-09-24T14:08:32Z INFO  tape_rs::tape::commands] 定位到 partition=1, block=91
[2026-09-24T14:08:32Z INFO  tape_rs::ltfs::recovery] 分区 1 末索引 gen=24 @ 91..92
[2026-09-24T14:08:32Z INFO  tape_rs::tape::commands] 定位到 partition=0, block=0
[2026-09-24T14:08:32Z INFO  tape_rs::tape::commands] 定位到 partition=0, block=5
[2026-09-24T14:08:32Z INFO  tape_rs::ltfs::recovery] 分区 0 末索引 gen=24 @ 5..6
[2026-09-24T14:08:32Z INFO  tape_rs::tape::commands] 定位到 partition=1, block=87
[2026-09-24T14:08:32Z INFO  tape_rs::tape::commands] 定位到 partition=1, block=75
[2026-09-24T14:08:32Z INFO  tape_rs::tape::commands] 定位到 partition=1, block=57
[2026-09-24T14:08:32Z INFO  tape_rs::tape::commands] 定位到 partition=1, block=28
[2026-09-24T14:08:32Z INFO  tape_rs::tape::commands] 定位到 partition=1, block=13
[2026-09-24T14:08:32Z INFO  tape_rs::tape::commands] 定位到 partition=1, block=8
[2026-09-24T14:08:32Z INFO  tape_rs::tape::commands] 定位到 partition=1, block=5
[2026-09-24T14:08:32Z INFO  tape_rs::tape::commands] 定位到 partition=1, block=93
[2026-09-24T14:08:32Z INFO  tape_rs::ltfs::volume] index gen=24 highest_uid=27 (dp_tail=Complete, ip_tail=Complete, writable=true)
[2026-09-24T14:08:32Z INFO  tape_rs::tape::commands] 定位到 partition=1, block=89
[2026-09-24T14:08:32Z INFO  tape_rs::ltfs::volume] 读取 rc/dir-interop-20260924/le-file: 23 字节
[2026-09-24T14:08:32Z INFO  tape_rs::tape::commands] 定位到 partition=0, block=2
[2026-09-24T14:08:32Z INFO  tape_rs::ltfs::volume] LTFS label: version=2.4.0 uuid=26aefb84-fbc8-4c4a-a500-c85264ba2d29 blocksize=524288 compression=false
[2026-09-24T14:08:32Z INFO  tape_rs::tape::commands] 定位到 partition=1, block=0
[2026-09-24T14:08:32Z INFO  tape_rs::tape::commands] 定位到 partition=1, block=91
[2026-09-24T14:08:32Z INFO  tape_rs::ltfs::recovery] 分区 1 末索引 gen=24 @ 91..92
[2026-09-24T14:08:32Z INFO  tape_rs::tape::commands] 定位到 partition=0, block=0
[2026-09-24T14:08:32Z INFO  tape_rs::tape::commands] 定位到 partition=0, block=5
[2026-09-24T14:08:32Z INFO  tape_rs::ltfs::recovery] 分区 0 末索引 gen=24 @ 5..6
[2026-09-24T14:08:32Z INFO  tape_rs::tape::commands] 定位到 partition=1, block=87
[2026-09-24T14:08:32Z INFO  tape_rs::tape::commands] 定位到 partition=1, block=75
[2026-09-24T14:08:32Z INFO  tape_rs::tape::commands] 定位到 partition=1, block=57
[2026-09-24T14:08:32Z INFO  tape_rs::tape::commands] 定位到 partition=1, block=28
[2026-09-24T14:08:32Z INFO  tape_rs::tape::commands] 定位到 partition=1, block=13
[2026-09-24T14:08:32Z INFO  tape_rs::tape::commands] 定位到 partition=1, block=8
[2026-09-24T14:08:32Z INFO  tape_rs::tape::commands] 定位到 partition=1, block=5
[2026-09-24T14:08:32Z INFO  tape_rs::tape::commands] 定位到 partition=1, block=93
[2026-09-24T14:08:32Z INFO  tape_rs::ltfs::volume] index gen=24 highest_uid=27 (dp_tail=Complete, ip_tail=Complete, writable=true)
[2026-09-24T14:08:32Z INFO  tape_rs::tape::commands] 定位到 partition=1, block=10
[2026-09-24T14:08:32Z INFO  tape_rs::ltfs::volume] 读取 rc/keep.bin: 65536 字节
[2026-09-24T14:08:45Z INFO  tape_rs::tape::commands] 定位到 partition=0, block=2
[2026-09-24T14:08:45Z INFO  tape_rs::ltfs::volume] LTFS label: version=2.4.0 uuid=26aefb84-fbc8-4c4a-a500-c85264ba2d29 blocksize=524288 compression=false
[2026-09-24T14:08:45Z INFO  tape_rs::tape::commands] 定位到 partition=1, block=0
[2026-09-24T14:08:45Z INFO  tape_rs::tape::commands] 定位到 partition=1, block=91
[2026-09-24T14:08:45Z INFO  tape_rs::ltfs::recovery] 分区 1 末索引 gen=24 @ 91..92
[2026-09-24T14:08:45Z INFO  tape_rs::tape::commands] 定位到 partition=0, block=0
[2026-09-24T14:08:45Z INFO  tape_rs::tape::commands] 定位到 partition=0, block=5
[2026-09-24T14:08:45Z INFO  tape_rs::ltfs::recovery] 分区 0 末索引 gen=24 @ 5..6
[2026-09-24T14:08:45Z INFO  tape_rs::tape::commands] 定位到 partition=1, block=87
[2026-09-24T14:08:45Z INFO  tape_rs::tape::commands] 定位到 partition=1, block=75
[2026-09-24T14:08:45Z INFO  tape_rs::tape::commands] 定位到 partition=1, block=57
[2026-09-24T14:08:45Z INFO  tape_rs::tape::commands] 定位到 partition=1, block=28
[2026-09-24T14:08:45Z INFO  tape_rs::tape::commands] 定位到 partition=1, block=13
[2026-09-24T14:08:45Z INFO  tape_rs::tape::commands] 定位到 partition=1, block=8
[2026-09-24T14:08:45Z INFO  tape_rs::tape::commands] 定位到 partition=1, block=5
[2026-09-24T14:08:45Z INFO  tape_rs::tape::commands] 定位到 partition=1, block=93
[2026-09-24T14:08:45Z INFO  tape_rs::ltfs::volume] index gen=24 highest_uid=27 (dp_tail=Complete, ip_tail=Complete, writable=true)
[2026-09-24T14:08:45Z INFO  tape_rs::tape::commands] 定位到 partition=1, block=89
[2026-09-24T14:08:45Z INFO  tape_rs::ltfs::volume] 读取 rc/dir-interop-20260924/le-file: 23 字节
[2026-09-24T14:08:57Z INFO  ltfsd] 收到停机信号，正在计划停机（再按一次直接退出）
[2026-09-24T14:08:57Z INFO  tape_rs::daemon::executor] 执行线程: 轮次 54 计划停机
[2026-09-24T14:08:57Z INFO  tape_rs::tape::commands] 定位到 partition=0, block=2
[2026-09-24T14:08:57Z INFO  tape_rs::ltfs::volume] LTFS label: version=2.4.0 uuid=26aefb84-fbc8-4c4a-a500-c85264ba2d29 blocksize=524288 compression=false
[2026-09-24T14:08:57Z INFO  tape_rs::tape::commands] 定位到 partition=1, block=0
[2026-09-24T14:08:57Z INFO  tape_rs::tape::commands] 定位到 partition=1, block=91
[2026-09-24T14:08:57Z INFO  tape_rs::ltfs::recovery] 分区 1 末索引 gen=24 @ 91..92
[2026-09-24T14:08:57Z INFO  tape_rs::tape::commands] 定位到 partition=0, block=0
[2026-09-24T14:08:57Z INFO  tape_rs::tape::commands] 定位到 partition=0, block=5
[2026-09-24T14:08:57Z INFO  tape_rs::ltfs::recovery] 分区 0 末索引 gen=24 @ 5..6
[2026-09-24T14:08:57Z INFO  tape_rs::tape::commands] 定位到 partition=1, block=87
[2026-09-24T14:08:57Z INFO  tape_rs::tape::commands] 定位到 partition=1, block=75
[2026-09-24T14:08:57Z INFO  tape_rs::tape::commands] 定位到 partition=1, block=57
[2026-09-24T14:08:57Z INFO  tape_rs::tape::commands] 定位到 partition=1, block=28
[2026-09-24T14:08:57Z INFO  tape_rs::tape::commands] 定位到 partition=1, block=13
[2026-09-24T14:08:57Z INFO  tape_rs::tape::commands] 定位到 partition=1, block=8
[2026-09-24T14:08:57Z INFO  tape_rs::tape::commands] 定位到 partition=1, block=5
[2026-09-24T14:08:57Z INFO  tape_rs::tape::commands] 定位到 partition=1, block=93
[2026-09-24T14:08:57Z INFO  tape_rs::ltfs::volume] index gen=24 highest_uid=27 (dp_tail=Complete, ip_tail=Complete, writable=true)
[2026-09-24T14:08:57Z INFO  tape_rs::tape::commands] 弹出磁带...
[2026-09-24T14:08:57Z INFO  tape_rs::tape::commands] 弹出完成
[2026-09-24T14:08:57Z INFO  tape_rs::daemon::executor] 执行线程: IBMtaper2287_LL3 (/dev/sg9) 的预留已释放
[2026-09-24T14:08:57Z INFO  tape_rs::daemon::executor] 执行线程: IBMtaper2287 (/dev/sg10) 的预留已释放
[2026-09-24T14:08:57Z INFO  tape_rs::daemon::executor] 执行线程: IBMtaper3D5E (/dev/sg11) 的预留已释放
[2026-09-24T14:08:57Z INFO  tape_rs::daemon::node] 节点 1 停机
