{
  "status": "WRITABLE",
  "severity": "OK",
  "handling": "MOUNTED",
  "read_perms": 0,
  "mount_node": "ee1.ee.lab",
  "accessible": true,
  "format_condition": "WRITABLE",
  "label_mismatch": false,
  "total_blocks": 87,
  "valid_blocks": 12,
  "slot_type": "DRIVE",
  "slot": 256,
  "home_slot": 1032,
  "place_by_operator": false,
  "validation_error": null,
  "cart_type": 136,
  "density_code": "0x5e",
  "is_encrypted": false,
  "is_worm": false,
  "write_protect": "NONE",
  "total_ip": 122,
  "remaining_ip": 121,
  "total_dp": 61,
  "remaining_dp": 45,
  "total_cap": 61,
  "remaining_cap": 45,
  "tape_alert": 9223372036854775808,
  "obj_type": "cartridge",
  "obj_id": "TS1000L8",
  "assignment": "ASSIGNED",
  "placed_by_operator": false
}
PASS LE native directory read/write 7daca2095d0438260fa849183dfc67faa459fdf4936e1bc91eec6b281b27e4c2
