[2026-09-24T23:46:45Z INFO  tape_rs::daemon::net] 节点间通信监听 0.0.0.0:7500
[2026-09-24T23:46:45Z INFO  tape_rs::daemon::http] 客户端接口监听 0.0.0.0:7501
[2026-09-24T23:46:45Z INFO  raft::raft] switched to configuration, raft_id: 2, config: Configuration { voters: Configuration { incoming: Configuration { voters: {1, 2, 3} }, outgoing: Configuration { voters: {} } }, learners: {}, learners_next: {}, auto_leave: false }
[2026-09-24T23:46:45Z INFO  raft::raft] became follower at term 20, raft_id: 2, term: 20
[2026-09-24T23:46:45Z INFO  raft::raft] newRaft, raft_id: 2, peers: Configuration { incoming: Configuration { voters: {1, 2, 3} }, outgoing: Configuration { voters: {} } }, last term: 20, last index: 194, applied: 0, commit: 194, term: 20
[2026-09-24T23:46:45Z INFO  raft::raw_node] RawNode created with id 2., raft_id: 2, id: 2
[2026-09-24T23:46:45Z INFO  tape_rs::daemon::node] 节点 1 成为执行者，轮次 2
[2026-09-24T23:46:45Z INFO  tape_rs::daemon::node] 节点 3 成为执行者，轮次 6
[2026-09-24T23:46:45Z INFO  tape_rs::daemon::node] 节点 1 成为执行者，轮次 14
[2026-09-24T23:46:45Z INFO  tape_rs::daemon::node] 节点 3 成为执行者，轮次 26
[2026-09-24T23:46:45Z INFO  tape_rs::daemon::node] 节点 1 成为执行者，轮次 31
[2026-09-24T23:46:45Z INFO  tape_rs::daemon::node] 节点 1 成为执行者，轮次 54
[2026-09-24T23:46:45Z INFO  tape_rs::daemon::node] 节点 3 成为执行者，轮次 104
[2026-09-24T23:46:45Z INFO  tape_rs::daemon::node] 节点 3 成为执行者，轮次 119
[2026-09-24T23:46:45Z INFO  tape_rs::daemon::node] 节点 1 成为执行者，轮次 129
[2026-09-24T23:46:45Z INFO  tape_rs::daemon::node] 节点 3 成为执行者，轮次 150
[2026-09-24T23:46:45Z INFO  tape_rs::daemon::node] 节点 1 成为执行者，轮次 162
[2026-09-24T23:46:45Z INFO  tape_rs::daemon::node] 节点 3 成为执行者，轮次 177
[2026-09-24T23:46:45Z INFO  tape_rs::daemon::node] 节点 1 成为执行者，轮次 184
[2026-09-24T23:46:47Z INFO  raft::raft] [logterm: 20, index: 194, vote: 2] rejected vote from 1 [logterm: 19, index: 189] at term 20, raft_id: 2, msg type: MsgRequestPreVote, term: 20, msg_index: 189, msg_term: 19, from: 1, vote: 2, log_index: 194, log_term: 20
[2026-09-24T23:46:47Z INFO  raft::raft] [logterm: 20, index: 194, vote: 2] cast vote for 3 [logterm: 20, index: 194] at term 20, raft_id: 2, msg type: MsgRequestPreVote, term: 20, msg_index: 194, msg_term: 20, from: 3, vote: 2, log_index: 194, log_term: 20
[2026-09-24T23:46:47Z INFO  raft::raft] received a message with higher term from 3, raft_id: 2, msg type: MsgRequestVote, message_term: 21, term: 20, from: 3
[2026-09-24T23:46:47Z INFO  raft::raft] became follower at term 21, raft_id: 2, term: 21
[2026-09-24T23:46:47Z INFO  raft::raft] [logterm: 20, index: 194, vote: 0] cast vote for 3 [logterm: 20, index: 194] at term 21, raft_id: 2, msg type: MsgRequestVote, term: 21, msg_index: 194, msg_term: 20, from: 3, vote: 0, log_index: 194, log_term: 20
[2026-09-24T23:46:47Z INFO  tape_rs::daemon::node] 节点 3 成为执行者，轮次 196
[2026-09-24T23:47:46Z INFO  raft::raft] [logterm: 21, index: 199, vote: 3] cast vote for 1 [logterm: 21, index: 199] at term 21, raft_id: 2, msg type: MsgRequestPreVote, term: 21, msg_index: 199, msg_term: 21, from: 1, vote: 3, log_index: 199, log_term: 21
[2026-09-24T23:47:46Z INFO  raft::raft] received a message with higher term from 1, raft_id: 2, msg type: MsgRequestVote, message_term: 22, term: 21, from: 1
[2026-09-24T23:47:46Z INFO  raft::raft] became follower at term 22, raft_id: 2, term: 22
[2026-09-24T23:47:46Z INFO  raft::raft] [logterm: 21, index: 199, vote: 0] cast vote for 1 [logterm: 21, index: 199] at term 22, raft_id: 2, msg type: MsgRequestVote, term: 22, msg_index: 199, msg_term: 21, from: 1, vote: 0, log_index: 199, log_term: 21
[2026-09-24T23:47:46Z INFO  tape_rs::daemon::node] 节点 1 成为执行者，轮次 201
[2026-09-24T23:48:25Z INFO  ltfsd] 收到停机信号，正在计划停机（再按一次直接退出）
[2026-09-24T23:48:25Z INFO  tape_rs::daemon::node] 节点 2 停机
