{"name": "permissions_observed_as_root", "status": "PASS", "detail": {"readonly_mode": "0o400", "root_write_to_readonly": "allowed", "requested_0777_mode": "0o600", "requested_owner_12347_12348": [0, 0]}, "seconds": 0.0559}
Tape EE8005L8 has been successfully unmounted.
{
  "status": "WRITABLE",
  "severity": "OK",
  "handling": "UNMOUNTED",
  "read_perms": 0,
  "mount_node": null,
  "accessible": true,
  "format_condition": "WRITABLE",
  "label_mismatch": false,
  "total_blocks": 97,
  "valid_blocks": 24,
  "slot_type": "SLOT",
  "slot": 1030,
  "home_slot": 1030,
  "place_by_operator": false,
  "validation_error": null,
  "cart_type": 136,
  "density_code": "0x5e",
  "is_encrypted": false,
  "is_worm": false,
  "write_protect": "NONE",
  "total_ip": 976,
  "remaining_ip": 975,
  "total_dp": 96191,
  "remaining_dp": 96164,
  "total_cap": 96191,
  "remaining_cap": 96164,
  "tape_alert": 9223372036854775808,
  "obj_type": "cartridge",
  "obj_id": "EE8005L8",
  "assignment": "ASSIGNED",
  "placed_by_operator": false
}
