temporarily enabled sg direct I/O for this diagnostic run
{"interface": "rust-library", "kind": "load", "barcode": "PF2701L08", "move_seconds": 0.003324190154671669, "total_seconds": 0.08350931014865637, "wall_time": 1790493253.0152216}
{"interface": "rust-library", "kind": "resource", "mode": "write", "group": "large", "maxrss_kib": 7172, "user_seconds": 0.43580399999999997, "system_seconds": 0.29526199999999997, "wall_seconds": 1.4395496440120041, "wall_time": 1790493254.455117}
{"bytes": 33554432, "commit_seconds": 0.442642689, "count": 4, "data_seconds": 0.262963286, "generation": 2, "group": "large", "interface": "rust-library", "kind": "write", "mixed_reads": 0, "mount_seconds": 0.006439994, "total_seconds": 0.705612891, "wall_time": 1790493254.4552927}
{"borrowed": false, "direct": 70, "indirect": 0, "interface": "rust-library", "kind": "direct-io", "mixed": 0, "store_sha256": false, "wall_time": 1790493254.455336}
{"interface": "rust-library", "kind": "resource", "mode": "write", "group": "small", "maxrss_kib": 7308, "user_seconds": 0.257052, "system_seconds": 0.338867, "wall_seconds": 1.1923319371417165, "wall_time": 1790493255.6478057}
{"bytes": 1048576, "commit_seconds": 0.418548449, "count": 256, "data_seconds": 0.182799389, "generation": 3, "group": "small", "interface": "rust-library", "kind": "write", "mixed_reads": 0, "mount_seconds": 0.007369359, "total_seconds": 0.601356005, "wall_time": 1790493255.6480138}
{"borrowed": false, "direct": 264, "indirect": 0, "interface": "rust-library", "kind": "direct-io", "mixed": 0, "store_sha256": false, "wall_time": 1790493255.6480637}
{"interface": "rust-library", "kind": "resource", "mode": "list", "group": "large", "maxrss_kib": 7372, "user_seconds": 0.226713, "system_seconds": 0.300265, "wall_seconds": 0.5403253401163965, "wall_time": 1790493256.188558}
{"count": 4, "group": "large", "interface": "rust-library", "kind": "list", "mount_seconds": 0.012476894, "samples_ms": [0.0020480000000000003, 0.00037099999999999996, 0.00025100000000000003, 0.00023999999999999998, 0.000217, 0.00021899999999999998, 0.00024400000000000002, 0.000246, 0.000207, 0.000206], "wall_time": 1790493256.1887898}
{"borrowed": false, "direct": 9, "indirect": 0, "interface": "rust-library", "kind": "direct-io", "mixed": 0, "store_sha256": false, "wall_time": 1790493256.1888585}
{"interface": "rust-library", "kind": "resource", "mode": "list", "group": "small", "maxrss_kib": 7376, "user_seconds": 0.23538299999999998, "system_seconds": 0.31277299999999997, "wall_seconds": 0.5612489399500191, "wall_time": 1790493256.750296}
{"count": 256, "group": "small", "interface": "rust-library", "kind": "list", "mount_seconds": 0.012265075, "samples_ms": [0.009619, 0.009446999999999999, 0.009084, 0.009165, 0.00868, 0.008583, 0.008637, 0.008428, 0.008425, 0.008522], "wall_time": 1790493256.7504783}
{"borrowed": false, "direct": 9, "indirect": 0, "interface": "rust-library", "kind": "direct-io", "mixed": 0, "store_sha256": false, "wall_time": 1790493256.7505238}
{"interface": "rust-library", "kind": "resource", "mode": "write", "group": "growth", "maxrss_kib": 14172, "user_seconds": 0.331384, "system_seconds": 0.42021, "wall_seconds": 2.7840149770490825, "wall_time": 1790493259.534699}
{"bytes": 160000, "commit_seconds": 0.414677367, "count": 2500, "data_seconds": 1.786622803, "generation": 4, "group": "growth", "interface": "rust-library", "kind": "write", "mixed_reads": 0, "mount_seconds": 0.012422036, "total_seconds": 2.201330754, "wall_time": 1790493259.534933}
{"borrowed": false, "direct": 2514, "indirect": 0, "interface": "rust-library", "kind": "direct-io", "mixed": 0, "store_sha256": false, "wall_time": 1790493259.5349772}
{"interface": "rust-library", "kind": "resource", "mode": "list", "group": "large", "maxrss_kib": 11836, "user_seconds": 0.239218, "system_seconds": 0.309048, "wall_seconds": 0.5768279160838574, "wall_time": 1790493260.1119783}
{"count": 4, "group": "large", "interface": "rust-library", "kind": "list", "mount_seconds": 0.050497057, "samples_ms": [0.0025050000000000003, 0.000558, 0.00033099999999999997, 0.000239, 0.000263, 0.00026, 0.00021899999999999998, 0.00025699999999999996, 0.000224, 0.000255], "wall_time": 1790493260.11218}
{"borrowed": false, "direct": 15, "indirect": 0, "interface": "rust-library", "kind": "direct-io", "mixed": 0, "store_sha256": false, "wall_time": 1790493260.1122594}
{"interface": "rust-library", "kind": "resource", "mode": "list", "group": "small", "maxrss_kib": 11832, "user_seconds": 0.258198, "system_seconds": 0.299235, "wall_seconds": 0.5854858548846096, "wall_time": 1790493260.6979094}
{"count": 256, "group": "small", "interface": "rust-library", "kind": "list", "mount_seconds": 0.049067247, "samples_ms": [0.011119, 0.009724, 0.009342, 0.009139, 0.018337, 0.009402, 0.009013, 0.009105, 0.009009, 0.008776], "wall_time": 1790493260.6981087}
{"borrowed": false, "direct": 15, "indirect": 0, "interface": "rust-library", "kind": "direct-io", "mixed": 0, "store_sha256": false, "wall_time": 1790493260.6981516}
{"interface": "rust-library", "kind": "resource", "mode": "write", "group": "continuous-00", "maxrss_kib": 17536, "user_seconds": 0.22843999999999998, "system_seconds": 0.320838, "wall_seconds": 1.0698772391770035, "wall_time": 1790493261.7681885}
{"bytes": 131072, "commit_seconds": 0.437621465, "count": 32, "data_seconds": 0.065126725, "generation": 5, "group": "continuous-00", "interface": "rust-library", "kind": "write", "mixed_reads": 0, "mount_seconds": 0.050240967, "total_seconds": 0.502757413, "wall_time": 1790493261.7683895}
{"borrowed": false, "direct": 52, "indirect": 0, "interface": "rust-library", "kind": "direct-io", "mixed": 0, "store_sha256": false, "wall_time": 1790493261.7684295}
{"interface": "rust-library", "kind": "resource", "mode": "write", "group": "continuous-01", "maxrss_kib": 18356, "user_seconds": 0.262013, "system_seconds": 0.32444, "wall_seconds": 1.083165535936132, "wall_time": 1790493262.851775}
{"bytes": 131072, "commit_seconds": 0.398866861, "count": 32, "data_seconds": 0.061870877, "generation": 6, "group": "continuous-01", "interface": "rust-library", "kind": "write", "mixed_reads": 0, "mount_seconds": 0.084135183, "total_seconds": 0.46074736, "wall_time": 1790493262.8519833}
{"borrowed": false, "direct": 58, "indirect": 0, "interface": "rust-library", "kind": "direct-io", "mixed": 0, "store_sha256": false, "wall_time": 1790493262.8520265}
{"interface": "rust-library", "kind": "resource", "mode": "write", "group": "continuous-02", "maxrss_kib": 19668, "user_seconds": 0.29045099999999996, "system_seconds": 0.32381699999999997, "wall_seconds": 1.154063394991681, "wall_time": 1790493264.0062444}
{"bytes": 131072, "commit_seconds": 0.400636853, "count": 32, "data_seconds": 0.088405096, "generation": 7, "group": "continuous-02", "interface": "rust-library", "kind": "write", "mixed_reads": 0, "mount_seconds": 0.12104123, "total_seconds": 0.48905349, "wall_time": 1790493264.0064528}
{"borrowed": false, "direct": 64, "indirect": 0, "interface": "rust-library", "kind": "direct-io", "mixed": 0, "store_sha256": false, "wall_time": 1790493264.006495}
{"interface": "rust-library", "kind": "resource", "mode": "write", "group": "continuous-03", "maxrss_kib": 21376, "user_seconds": 0.30330599999999996, "system_seconds": 0.32217399999999996, "wall_seconds": 1.1487814439460635, "wall_time": 1790493265.1554418}
{"bytes": 131072, "commit_seconds": 0.409252526, "count": 32, "data_seconds": 0.053279298, "generation": 8, "group": "continuous-03", "interface": "rust-library", "kind": "write", "mixed_reads": 0, "mount_seconds": 0.14718396, "total_seconds": 0.46254117, "wall_time": 1790493265.155648}
{"borrowed": false, "direct": 71, "indirect": 0, "interface": "rust-library", "kind": "direct-io", "mixed": 0, "store_sha256": false, "wall_time": 1790493265.1556969}
{"interface": "rust-library", "kind": "resource", "mode": "write", "group": "continuous-04", "maxrss_kib": 19888, "user_seconds": 0.330733, "system_seconds": 0.296929, "wall_seconds": 1.1837627529166639, "wall_time": 1790493266.3396614}
{"bytes": 131072, "commit_seconds": 0.411200159, "count": 32, "data_seconds": 0.065799456, "generation": 9, "group": "continuous-04", "interface": "rust-library", "kind": "write", "mixed_reads": 0, "mount_seconds": 0.182412316, "total_seconds": 0.47701066, "wall_time": 1790493266.3399642}
{"borrowed": false, "direct": 78, "indirect": 0, "interface": "rust-library", "kind": "direct-io", "mixed": 0, "store_sha256": false, "wall_time": 1790493266.340024}
{"interface": "rust-library", "kind": "resource", "mode": "write", "group": "continuous-05", "maxrss_kib": 19936, "user_seconds": 0.34238599999999997, "system_seconds": 0.31665499999999996, "wall_seconds": 1.9165157950483263, "wall_time": 1790493268.256733}
{"bytes": 131072, "commit_seconds": 0.858474973, "count": 32, "data_seconds": 0.297847815, "generation": 10, "group": "continuous-05", "interface": "rust-library", "kind": "write", "mixed_reads": 0, "mount_seconds": 0.226941468, "total_seconds": 1.156339281, "wall_time": 1790493268.2569687}
{"borrowed": false, "direct": 85, "indirect": 0, "interface": "rust-library", "kind": "direct-io", "mixed": 0, "store_sha256": false, "wall_time": 1790493268.2570066}
{"interface": "rust-library", "kind": "resource", "mode": "write", "group": "continuous-06", "maxrss_kib": 19728, "user_seconds": 0.369913, "system_seconds": 0.314324, "wall_seconds": 1.3640012789983302, "wall_time": 1790493269.6211834}
{"bytes": 131072, "commit_seconds": 0.503019569, "count": 32, "data_seconds": 0.064744468, "generation": 11, "group": "continuous-06", "interface": "rust-library", "kind": "write", "mixed_reads": 0, "mount_seconds": 0.257993288, "total_seconds": 0.567778923, "wall_time": 1790493269.6214194}
{"borrowed": false, "direct": 92, "indirect": 0, "interface": "rust-library", "kind": "direct-io", "mixed": 0, "store_sha256": false, "wall_time": 1790493269.6214566}
{"interface": "rust-library", "kind": "resource", "mode": "write", "group": "continuous-07", "maxrss_kib": 20160, "user_seconds": 0.361377, "system_seconds": 0.338598, "wall_seconds": 1.2896818050649017, "wall_time": 1790493270.9113111}
{"bytes": 131072, "commit_seconds": 0.402385898, "count": 32, "data_seconds": 0.062259603, "generation": 12, "group": "continuous-07", "interface": "rust-library", "kind": "write", "mixed_reads": 0, "mount_seconds": 0.288218217, "total_seconds": 0.464659067, "wall_time": 1790493270.9115448}
{"borrowed": false, "direct": 99, "indirect": 0, "interface": "rust-library", "kind": "direct-io", "mixed": 0, "store_sha256": false, "wall_time": 1790493270.9115858}
{"interface": "rust-library", "kind": "resource", "mode": "write", "group": "continuous-08", "maxrss_kib": 20204, "user_seconds": 0.41323499999999996, "system_seconds": 0.341181, "wall_seconds": 2.334158457117155, "wall_time": 1790493273.24595}
{"bytes": 131072, "commit_seconds": 1.3782582859999999, "count": 32, "data_seconds": 0.055976062, "generation": 13, "group": "continuous-08", "interface": "rust-library", "kind": "write", "mixed_reads": 0, "mount_seconds": 0.324619147, "total_seconds": 1.434245843, "wall_time": 1790493273.2461765}
{"borrowed": false, "direct": 106, "indirect": 0, "interface": "rust-library", "kind": "direct-io", "mixed": 0, "store_sha256": false, "wall_time": 1790493273.2462163}
{"interface": "rust-library", "kind": "resource", "mode": "write", "group": "continuous-09", "maxrss_kib": 20228, "user_seconds": 0.430463, "system_seconds": 0.30507999999999996, "wall_seconds": 1.4126882110722363, "wall_time": 1790493274.6590817}
{"bytes": 131072, "commit_seconds": 0.438469584, "count": 32, "data_seconds": 0.073474136, "generation": 14, "group": "continuous-09", "interface": "rust-library", "kind": "write", "mixed_reads": 0, "mount_seconds": 0.374419055, "total_seconds": 0.51195547, "wall_time": 1790493274.659289}
{"borrowed": false, "direct": 113, "indirect": 0, "interface": "rust-library", "kind": "direct-io", "mixed": 0, "store_sha256": false, "wall_time": 1790493274.659329}
{"interface": "rust-library", "kind": "resource", "mode": "write", "group": "continuous-10", "maxrss_kib": 21616, "user_seconds": 0.451532, "system_seconds": 0.31536, "wall_seconds": 1.3965762332081795, "wall_time": 1790493276.0560694}
{"bytes": 131072, "commit_seconds": 0.386598177, "count": 32, "data_seconds": 0.069669598, "generation": 15, "group": "continuous-10", "interface": "rust-library", "kind": "write", "mixed_reads": 0, "mount_seconds": 0.399812663, "total_seconds": 0.456278431, "wall_time": 1790493276.0562708}
{"borrowed": false, "direct": 120, "indirect": 0, "interface": "rust-library", "kind": "direct-io", "mixed": 0, "store_sha256": false, "wall_time": 1790493276.0563276}
{"interface": "rust-library", "kind": "resource", "mode": "write", "group": "continuous-11", "maxrss_kib": 20324, "user_seconds": 0.465219, "system_seconds": 0.328225, "wall_seconds": 2.3608625759370625, "wall_time": 1790493278.4173536}
{"bytes": 131072, "commit_seconds": 1.328008814, "count": 32, "data_seconds": 0.048927338, "generation": 16, "group": "continuous-11", "interface": "rust-library", "kind": "write", "mixed_reads": 0, "mount_seconds": 0.435398185, "total_seconds": 1.376947953, "wall_time": 1790493278.4175565}
{"borrowed": false, "direct": 127, "indirect": 0, "interface": "rust-library", "kind": "direct-io", "mixed": 0, "store_sha256": false, "wall_time": 1790493278.4175987}
{"interface": "rust-library", "kind": "resource", "mode": "write", "group": "mixed", "maxrss_kib": 20452, "user_seconds": 1.068421, "system_seconds": 0.325119, "wall_seconds": 2.710000430000946, "wall_time": 1790493281.1278083}
{"bytes": 2097152, "commit_seconds": 0.443217445, "count": 64, "data_seconds": 1.240887398, "generation": 17, "group": "mixed", "interface": "rust-library", "kind": "write", "mixed_reads": 12, "mount_seconds": 0.474748928, "total_seconds": 1.6841169630000001, "wall_time": 1790493281.1280317}
{"borrowed": false, "direct": 358, "indirect": 0, "interface": "rust-library", "kind": "direct-io", "mixed": 0, "store_sha256": false, "wall_time": 1790493281.128091}
{"interface": "rust-library", "kind": "resource", "mode": "checkpoint", "group": "all", "maxrss_kib": 20596, "user_seconds": 0.49310299999999996, "system_seconds": 0.329489, "wall_seconds": 2.5943810960743576, "wall_time": 1790493283.7259488}
{"generation": 17, "interface": "rust-library", "kind": "checkpoint", "mount_seconds": 0.505840345, "seconds": 1.544288371, "wall_time": 1790493283.7261784}
{"borrowed": false, "direct": 109, "indirect": 0, "interface": "rust-library", "kind": "direct-io", "mixed": 0, "store_sha256": false, "wall_time": 1790493283.7262096}
{"interface": "rust-library", "kind": "unload", "barcode": "PF2701L08", "unthread_seconds": 2.6327962779905647, "total_seconds": 2.6366653258446604, "wall_time": 1790493283.7681167}
{"interface": "rust-library", "kind": "load", "barcode": "PF2701L08", "move_seconds": 0.0031847041100263596, "total_seconds": 0.03554699313826859, "wall_time": 1790493283.8067074}
{"interface": "rust-library", "kind": "resource", "mode": "read", "group": "all", "maxrss_kib": 18168, "user_seconds": 1.17627, "system_seconds": 0.510439, "wall_seconds": 5.727660688105971, "wall_time": 1790493289.5346444}
{"bytes": 38433024, "count": 3208, "group": "all", "interface": "rust-library", "kind": "read", "label": "first", "mount_seconds": 0.538157752, "seconds": 2.337446121, "verified": true, "wall_time": 1790493289.5348787}
{"bytes": 38433024, "count": 3208, "group": "all", "interface": "rust-library", "kind": "read", "label": "repeat", "mount_seconds": 0.538157752, "seconds": 2.307175984, "verified": true, "wall_time": 1790493289.534924}
{"borrowed": false, "direct": 6644, "indirect": 0, "interface": "rust-library", "kind": "direct-io", "mixed": 0, "store_sha256": false, "wall_time": 1790493289.5349689}
{"interface": "rust-library", "kind": "resource", "mode": "checkpoint", "group": "all", "maxrss_kib": 18172, "user_seconds": 0.539063, "system_seconds": 0.356153, "wall_seconds": 1.1827860320918262, "wall_time": 1790493290.721648}
{"generation": 17, "interface": "rust-library", "kind": "checkpoint", "mount_seconds": 0.60469904, "seconds": 6.624e-06, "wall_time": 1790493290.7218826}
{"borrowed": false, "direct": 108, "indirect": 0, "interface": "rust-library", "kind": "direct-io", "mixed": 0, "store_sha256": false, "wall_time": 1790493290.7219212}
{"interface": "rust-library", "kind": "unload", "barcode": "PF2701L08", "unthread_seconds": 1.2387680688407272, "total_seconds": 1.2434152239002287, "wall_time": 1790493290.7821455}
{"interface": "rust-library", "kind": "load", "barcode": "PF2702L08", "move_seconds": 0.004723157035186887, "total_seconds": 0.044986027060076594, "wall_time": 1790493290.831177}
{"interface": "rust-library", "kind": "resource", "mode": "write", "group": "switch-volume", "maxrss_kib": 5340, "user_seconds": 0.777135, "system_seconds": 0.046209, "wall_seconds": 3.850823840824887, "wall_time": 1790493294.6822948}
{"bytes": 134217728, "commit_seconds": 2.246915232, "count": 1, "data_seconds": 0.800302114, "generation": 2, "group": "switch-volume", "interface": "rust-library", "kind": "write", "mixed_reads": 0, "mount_seconds": 0.006903404, "total_seconds": 3.047224201, "wall_time": 1790493294.6825206}
{"borrowed": false, "direct": 262, "indirect": 0, "interface": "rust-library", "kind": "direct-io", "mixed": 0, "store_sha256": false, "wall_time": 1790493294.6825628}
{"interface": "rust-library", "kind": "resource", "mode": "write", "group": "switch-read", "maxrss_kib": 5340, "user_seconds": 0.052435999999999997, "system_seconds": 0.001976, "wall_seconds": 1.374695469159633, "wall_time": 1790493296.0574262}
{"bytes": 8388608, "commit_seconds": 1.135513721, "count": 1, "data_seconds": 0.179131613, "generation": 3, "group": "switch-read", "interface": "rust-library", "kind": "write", "mixed_reads": 0, "mount_seconds": 0.007358596, "total_seconds": 1.314652534, "wall_time": 1790493296.057722}
{"borrowed": false, "direct": 24, "indirect": 0, "interface": "rust-library", "kind": "direct-io", "mixed": 0, "store_sha256": false, "wall_time": 1790493296.057824}
{"interface": "rust-library", "kind": "resource", "mode": "checkpoint", "group": "all", "maxrss_kib": 5340, "user_seconds": 0.0006349999999999999, "system_seconds": 0.002549, "wall_seconds": 0.36208258592523634, "wall_time": 1790493296.4238126}
{"generation": 3, "interface": "rust-library", "kind": "checkpoint", "mount_seconds": 0.008217427, "seconds": 0.350982885, "wall_time": 1790493296.4240267}
{"borrowed": false, "direct": 10, "indirect": 0, "interface": "rust-library", "kind": "direct-io", "mixed": 0, "store_sha256": false, "wall_time": 1790493296.4240584}
{"interface": "rust-library", "kind": "unload", "barcode": "PF2702L08", "unthread_seconds": 0.39307047007605433, "total_seconds": 0.3970835800282657, "wall_time": 1790493296.4586465}
{"interface": "rust-library", "kind": "load", "barcode": "PF2702L08", "move_seconds": 0.003464851062744856, "total_seconds": 0.036439795047044754, "wall_time": 1790493296.4982986}
{"interface": "rust-library", "kind": "resource", "mode": "read", "group": "all", "maxrss_kib": 5344, "user_seconds": 1.723923, "system_seconds": 0.037354, "wall_seconds": 3.398298173910007, "wall_time": 1790493299.8968873}
{"bytes": 142606336, "count": 2, "group": "all", "interface": "rust-library", "kind": "read", "label": "first", "mount_seconds": 0.008531977, "seconds": 1.806178292, "verified": true, "wall_time": 1790493299.897103}
{"bytes": 142606336, "count": 2, "group": "all", "interface": "rust-library", "kind": "read", "label": "repeat", "mount_seconds": 0.008531977, "seconds": 1.5806039410000001, "verified": true, "wall_time": 1790493299.897143}
{"borrowed": false, "direct": 553, "indirect": 0, "interface": "rust-library", "kind": "direct-io", "mixed": 0, "store_sha256": false, "wall_time": 1790493299.8971682}
{"interface": "rust-library", "kind": "resource", "mode": "checkpoint", "group": "all", "maxrss_kib": 5344, "user_seconds": 0.002725, "system_seconds": 0.0, "wall_seconds": 0.010593811981379986, "wall_time": 1790493299.9115908}
{"generation": 3, "interface": "rust-library", "kind": "checkpoint", "mount_seconds": 0.008081116, "seconds": 2.477e-06, "wall_time": 1790493299.9117775}
{"borrowed": false, "direct": 9, "indirect": 0, "interface": "rust-library", "kind": "direct-io", "mixed": 0, "store_sha256": false, "wall_time": 1790493299.9118178}
{"interface": "rust-library", "kind": "unload", "barcode": "PF2702L08", "unthread_seconds": 0.07061137212440372, "total_seconds": 0.0744222670327872, "wall_time": 1790493299.9753034}
{"interface": "rust-library", "kind": "load", "barcode": "PF2701L08", "move_seconds": 0.0036655019503086805, "total_seconds": 0.0358487768098712, "wall_time": 1790493300.0141063}
{"interface": "rust-library", "kind": "resource", "mode": "read", "group": "all", "maxrss_kib": 18824, "user_seconds": 0.622151, "system_seconds": 0.33622599999999997, "wall_seconds": 1.2382628498598933, "wall_time": 1790493301.2526348}
{"bytes": 8388608, "count": 1, "group": "all", "interface": "rust-library", "kind": "read", "label": "first", "mount_seconds": 0.587522432, "seconds": 0.090154995, "verified": true, "wall_time": 1790493301.2528546}
{"borrowed": false, "direct": 124, "indirect": 0, "interface": "rust-library", "kind": "direct-io", "mixed": 0, "store_sha256": false, "wall_time": 1790493301.2528956}
{"interface": "rust-library", "kind": "cross-tape-first-read", "cycle": 0, "barcode": "PF2701L08", "bytes": 8388608, "seconds": 1.355724035995081, "wall_time": 1790493301.252952}
{"interface": "rust-library", "kind": "resource", "mode": "checkpoint", "group": "all", "maxrss_kib": 19660, "user_seconds": 0.5279659999999999, "system_seconds": 0.341445, "wall_seconds": 1.1002120280172676, "wall_time": 1790493302.3566935}
{"generation": 17, "interface": "rust-library", "kind": "checkpoint", "mount_seconds": 0.545064519, "seconds": 3.423e-06, "wall_time": 1790493302.356936}
{"borrowed": false, "direct": 108, "indirect": 0, "interface": "rust-library", "kind": "direct-io", "mixed": 0, "store_sha256": false, "wall_time": 1790493302.3569837}
{"interface": "rust-library", "kind": "unload", "barcode": "PF2701L08", "unthread_seconds": 1.1310862570535392, "total_seconds": 1.1349733900278807, "wall_time": 1790493302.3913457}
{"interface": "rust-library", "kind": "load", "barcode": "PF2702L08", "move_seconds": 0.0033437609672546387, "total_seconds": 0.03484977292828262, "wall_time": 1790493302.430007}
{"interface": "rust-library", "kind": "resource", "mode": "read", "group": "all", "maxrss_kib": 5356, "user_seconds": 0.050581, "system_seconds": 0.0020109999999999998, "wall_seconds": 0.10607466893270612, "wall_time": 1790493302.5363584}
{"bytes": 8388608, "count": 1, "group": "all", "interface": "rust-library", "kind": "read", "label": "first", "mount_seconds": 0.009777281, "seconds": 0.092683096, "verified": true, "wall_time": 1790493302.5365648}
{"borrowed": false, "direct": 25, "indirect": 0, "interface": "rust-library", "kind": "direct-io", "mixed": 0, "store_sha256": false, "wall_time": 1790493302.5366006}
{"interface": "rust-library", "kind": "cross-tape-first-read", "cycle": 1, "barcode": "PF2702L08", "bytes": 8388608, "seconds": 1.2836639750748873, "wall_time": 1790493302.5366657}
{"interface": "rust-library", "kind": "resource", "mode": "checkpoint", "group": "all", "maxrss_kib": 5360, "user_seconds": 0.0008669999999999999, "system_seconds": 0.0017339999999999999, "wall_seconds": 0.010562333045527339, "wall_time": 1790493302.5507112}
{"generation": 3, "interface": "rust-library", "kind": "checkpoint", "mount_seconds": 0.008081494, "seconds": 2.932e-06, "wall_time": 1790493302.550896}
{"borrowed": false, "direct": 9, "indirect": 0, "interface": "rust-library", "kind": "direct-io", "mixed": 0, "store_sha256": false, "wall_time": 1790493302.550933}
{"interface": "rust-library", "kind": "unload", "barcode": "PF2702L08", "unthread_seconds": 0.09737125900574028, "total_seconds": 0.10129301506094635, "wall_time": 1790493302.6413245}
{"interface": "rust-library", "kind": "load", "barcode": "PF2701L08", "move_seconds": 0.0033224450889974833, "total_seconds": 0.03576088510453701, "wall_time": 1790493302.6800785}
{"interface": "rust-library", "kind": "resource", "mode": "read", "group": "all", "maxrss_kib": 18188, "user_seconds": 0.5794469999999999, "system_seconds": 0.309149, "wall_seconds": 1.1740450349170715, "wall_time": 1790493303.8543854}
{"bytes": 8388608, "count": 1, "group": "all", "interface": "rust-library", "kind": "read", "label": "first", "mount_seconds": 0.541608397, "seconds": 0.089591975, "verified": true, "wall_time": 1790493303.8545992}
{"borrowed": false, "direct": 124, "indirect": 0, "interface": "rust-library", "kind": "direct-io", "mixed": 0, "store_sha256": false, "wall_time": 1790493303.854635}
{"interface": "rust-library", "kind": "cross-tape-first-read", "cycle": 2, "barcode": "PF2701L08", "bytes": 8388608, "seconds": 1.3179870711173862, "wall_time": 1790493303.854695}
{"interface": "rust-library", "kind": "resource", "mode": "checkpoint", "group": "all", "maxrss_kib": 18040, "user_seconds": 0.545887, "system_seconds": 0.29983899999999997, "wall_seconds": 1.0744402660056949, "wall_time": 1790493304.9327216}
{"generation": 17, "interface": "rust-library", "kind": "checkpoint", "mount_seconds": 0.528492376, "seconds": 3.704e-06, "wall_time": 1790493304.9329386}
{"borrowed": false, "direct": 108, "indirect": 0, "interface": "rust-library", "kind": "direct-io", "mixed": 0, "store_sha256": false, "wall_time": 1790493304.9329748}
{"interface": "rust-library", "kind": "unload", "barcode": "PF2701L08", "unthread_seconds": 1.1291004531085491, "total_seconds": 1.1331437129992992, "wall_time": 1790493304.991314}
{"interface": "rust-library", "kind": "load", "barcode": "PF2702L08", "move_seconds": 0.003305820981040597, "total_seconds": 0.0352456911932677, "wall_time": 1790493305.0295641}
{"interface": "rust-library", "kind": "resource", "mode": "read", "group": "all", "maxrss_kib": 5364, "user_seconds": 0.048104, "system_seconds": 0.0030009999999999998, "wall_seconds": 0.10209485003724694, "wall_time": 1790493305.1319382}
{"bytes": 8388608, "count": 1, "group": "all", "interface": "rust-library", "kind": "read", "label": "first", "mount_seconds": 0.008930669, "seconds": 0.090310731, "verified": true, "wall_time": 1790493305.13215}
{"borrowed": false, "direct": 25, "indirect": 0, "interface": "rust-library", "kind": "direct-io", "mixed": 0, "store_sha256": false, "wall_time": 1790493305.1321838}
{"interface": "rust-library", "kind": "cross-tape-first-read", "cycle": 3, "barcode": "PF2702L08", "bytes": 8388608, "seconds": 1.277517091948539, "wall_time": 1790493305.132247}
{"interface": "rust-library", "kind": "resource", "mode": "checkpoint", "group": "all", "maxrss_kib": 5364, "user_seconds": 0.0008799999999999999, "system_seconds": 0.0017469999999999999, "wall_seconds": 0.010307309916242957, "wall_time": 1790493305.146011}
{"generation": 3, "interface": "rust-library", "kind": "checkpoint", "mount_seconds": 0.00777295, "seconds": 2.666e-06, "wall_time": 1790493305.1461766}
{"borrowed": false, "direct": 9, "indirect": 0, "interface": "rust-library", "kind": "direct-io", "mixed": 0, "store_sha256": false, "wall_time": 1790493305.1462102}
{"interface": "rust-library", "kind": "unload", "barcode": "PF2702L08", "unthread_seconds": 0.03478824510239065, "total_seconds": 0.03855333407409489, "wall_time": 1790493305.174147}
{"interface": "rust-library", "kind": "load", "barcode": "PF2701L08", "move_seconds": 0.0033742610830813646, "total_seconds": 0.035706702154129744, "wall_time": 1790493305.2128556}
{"interface": "rust-library", "kind": "resource", "mode": "read", "group": "all", "maxrss_kib": 18952, "user_seconds": 0.565689, "system_seconds": 0.318941, "wall_seconds": 1.1759362439624965, "wall_time": 1790493306.3890555}
{"bytes": 8388608, "count": 1, "group": "all", "interface": "rust-library", "kind": "read", "label": "first", "mount_seconds": 0.541683526, "seconds": 0.093354934, "verified": true, "wall_time": 1790493306.389262}
{"borrowed": false, "direct": 124, "indirect": 0, "interface": "rust-library", "kind": "direct-io", "mixed": 0, "store_sha256": false, "wall_time": 1790493306.3892975}
{"interface": "rust-library", "kind": "cross-tape-first-read", "cycle": 4, "barcode": "PF2701L08", "bytes": 8388608, "seconds": 1.2570705539546907, "wall_time": 1790493306.3893564}
{"interface": "rust-library", "kind": "resource", "mode": "checkpoint", "group": "all", "maxrss_kib": 18988, "user_seconds": 0.51144, "system_seconds": 0.352188, "wall_seconds": 1.1070175559725612, "wall_time": 1790493307.50005}
{"generation": 17, "interface": "rust-library", "kind": "checkpoint", "mount_seconds": 0.546538752, "seconds": 3.864e-06, "wall_time": 1790493307.5002673}
{"borrowed": false, "direct": 108, "indirect": 0, "interface": "rust-library", "kind": "direct-io", "mixed": 0, "store_sha256": false, "wall_time": 1790493307.500304}
{"interface": "rust-library", "kind": "unload", "barcode": "PF2701L08", "unthread_seconds": 1.1687469850294292, "total_seconds": 1.1726616132073104, "wall_time": 1790493307.5655777}
{"interface": "rust-library", "kind": "load", "barcode": "PF2702L08", "move_seconds": 0.0032139429822564125, "total_seconds": 0.03595621814019978, "wall_time": 1790493307.604388}
{"interface": "rust-library", "kind": "resource", "mode": "read", "group": "all", "maxrss_kib": 5364, "user_seconds": 0.051108, "system_seconds": 0.001013, "wall_seconds": 0.1060648940037936, "wall_time": 1790493307.710727}
{"bytes": 8388608, "count": 1, "group": "all", "interface": "rust-library", "kind": "read", "label": "first", "mount_seconds": 0.009633429, "seconds": 0.093501044, "verified": true, "wall_time": 1790493307.710943}
{"borrowed": false, "direct": 25, "indirect": 0, "interface": "rust-library", "kind": "direct-io", "mixed": 0, "store_sha256": false, "wall_time": 1790493307.7109797}
{"interface": "rust-library", "kind": "cross-tape-first-read", "cycle": 5, "barcode": "PF2702L08", "bytes": 8388608, "seconds": 1.3216528848279268, "wall_time": 1790493307.7110488}
{"interface": "rust-library", "kind": "resource", "mode": "checkpoint", "group": "all", "maxrss_kib": 5364, "user_seconds": 0.0, "system_seconds": 0.002657, "wall_seconds": 0.01089033903554082, "wall_time": 1790493307.725357}
{"generation": 3, "interface": "rust-library", "kind": "checkpoint", "mount_seconds": 0.008257199, "seconds": 2.87e-06, "wall_time": 1790493307.7255275}
{"borrowed": false, "direct": 9, "indirect": 0, "interface": "rust-library", "kind": "direct-io", "mixed": 0, "store_sha256": false, "wall_time": 1790493307.725564}
{"interface": "rust-library", "kind": "unload", "barcode": "PF2702L08", "unthread_seconds": 0.09716490400023758, "total_seconds": 0.1010242491029203, "wall_time": 1790493307.8153791}
{"kind": "complete", "passed": true, "wall_time": 1790493307.8155186}
restored original sg allow_dio=0

