{"interface": "rust-library", "kind": "load", "barcode": "PF2701L08", "move_seconds": 0.005366947036236525, "total_seconds": 0.045665702084079385, "wall_time": 1790493135.8722997}
{"interface": "rust-library", "kind": "resource", "mode": "write", "group": "large", "maxrss_kib": 7172, "user_seconds": 0.411626, "system_seconds": 0.344933, "wall_seconds": 1.5940134341362864, "wall_time": 1790493137.4667385}
{"bytes": 33554432, "commit_seconds": 0.579119754, "count": 4, "data_seconds": 0.256965234, "generation": 2, "group": "large", "interface": "rust-library", "kind": "write", "mixed_reads": 0, "mount_seconds": 0.009737317, "total_seconds": 0.836095829, "wall_time": 1790493137.4670665}
{"borrowed": false, "direct": 0, "indirect": 70, "interface": "rust-library", "kind": "direct-io", "mixed": 0, "store_sha256": false, "wall_time": 1790493137.4671314}
{"interface": "rust-library", "kind": "resource", "mode": "write", "group": "small", "maxrss_kib": 7308, "user_seconds": 0.33325899999999997, "system_seconds": 0.399553, "wall_seconds": 1.3912942130118608, "wall_time": 1790493138.8586664}
{"bytes": 1048576, "commit_seconds": 0.41687902, "count": 256, "data_seconds": 0.240968157, "generation": 3, "group": "small", "interface": "rust-library", "kind": "write", "mixed_reads": 0, "mount_seconds": 0.010768503, "total_seconds": 0.657860412, "wall_time": 1790493138.8589199}
{"borrowed": false, "direct": 0, "indirect": 264, "interface": "rust-library", "kind": "direct-io", "mixed": 0, "store_sha256": false, "wall_time": 1790493138.8589776}
{"interface": "rust-library", "kind": "resource", "mode": "list", "group": "large", "maxrss_kib": 7364, "user_seconds": 0.22408899999999998, "system_seconds": 0.34746099999999996, "wall_seconds": 0.5876547200605273, "wall_time": 1790493139.4468255}
{"count": 4, "group": "large", "interface": "rust-library", "kind": "list", "mount_seconds": 0.015150446, "samples_ms": [0.0026079999999999996, 0.00058, 0.0003, 0.00025100000000000003, 0.000239, 0.000255, 0.000261, 0.00024400000000000002, 0.00021799999999999999, 0.00024900000000000004], "wall_time": 1790493139.4470494}
{"borrowed": false, "direct": 0, "indirect": 9, "interface": "rust-library", "kind": "direct-io", "mixed": 0, "store_sha256": false, "wall_time": 1790493139.44715}
{"interface": "rust-library", "kind": "resource", "mode": "list", "group": "small", "maxrss_kib": 7372, "user_seconds": 0.331238, "system_seconds": 0.348525, "wall_seconds": 0.7222580818925053, "wall_time": 1790493140.1696403}
{"count": 256, "group": "small", "interface": "rust-library", "kind": "list", "mount_seconds": 0.022630072, "samples_ms": [0.012008999999999999, 0.010161, 0.010411, 0.00996, 0.009364, 0.009385000000000001, 0.009797, 0.009189, 0.009322, 0.009368000000000001], "wall_time": 1790493140.1699765}
{"borrowed": false, "direct": 0, "indirect": 9, "interface": "rust-library", "kind": "direct-io", "mixed": 0, "store_sha256": false, "wall_time": 1790493140.1700406}
{"interface": "rust-library", "kind": "resource", "mode": "write", "group": "growth", "maxrss_kib": 14180, "user_seconds": 0.37726699999999996, "system_seconds": 0.468495, "wall_seconds": 3.1669427540618926, "wall_time": 1790493143.3372138}
{"bytes": 160000, "commit_seconds": 0.663389411, "count": 2500, "data_seconds": 1.872479706, "generation": 4, "group": "growth", "interface": "rust-library", "kind": "write", "mixed_reads": 0, "mount_seconds": 0.01349891, "total_seconds": 2.535901168, "wall_time": 1790493143.3374305}
{"borrowed": false, "direct": 0, "indirect": 2514, "interface": "rust-library", "kind": "direct-io", "mixed": 0, "store_sha256": false, "wall_time": 1790493143.3374693}
{"interface": "rust-library", "kind": "resource", "mode": "list", "group": "large", "maxrss_kib": 11832, "user_seconds": 0.226134, "system_seconds": 0.335795, "wall_seconds": 0.5917721919249743, "wall_time": 1790493143.929437}
{"count": 4, "group": "large", "interface": "rust-library", "kind": "list", "mount_seconds": 0.053426944, "samples_ms": [0.003885, 0.000531, 0.00046100000000000004, 0.000348, 0.00038, 0.00042100000000000004, 0.000437, 0.00043599999999999997, 0.000337, 0.000341], "wall_time": 1790493143.929653}
{"borrowed": false, "direct": 0, "indirect": 15, "interface": "rust-library", "kind": "direct-io", "mixed": 0, "store_sha256": false, "wall_time": 1790493143.9297235}
{"interface": "rust-library", "kind": "resource", "mode": "list", "group": "small", "maxrss_kib": 11840, "user_seconds": 0.24698099999999998, "system_seconds": 0.307656, "wall_seconds": 0.5856530568562448, "wall_time": 1790493144.5155966}
{"count": 256, "group": "small", "interface": "rust-library", "kind": "list", "mount_seconds": 0.054352857, "samples_ms": [0.012489, 0.010536, 0.010176000000000001, 0.009973, 0.009705, 0.010117, 0.009614, 0.009621, 0.009595000000000001, 0.009584], "wall_time": 1790493144.5158427}
{"borrowed": false, "direct": 0, "indirect": 15, "interface": "rust-library", "kind": "direct-io", "mixed": 0, "store_sha256": false, "wall_time": 1790493144.515893}
{"interface": "rust-library", "kind": "resource", "mode": "write", "group": "continuous-00", "maxrss_kib": 18480, "user_seconds": 0.249238, "system_seconds": 0.325773, "wall_seconds": 1.0820158629212528, "wall_time": 1790493145.5980785}
{"bytes": 131072, "commit_seconds": 0.4007668, "count": 32, "data_seconds": 0.086519222, "generation": 5, "group": "continuous-00", "interface": "rust-library", "kind": "write", "mixed_reads": 0, "mount_seconds": 0.053845201, "total_seconds": 0.487296811, "wall_time": 1790493145.5983014}
{"borrowed": false, "direct": 0, "indirect": 52, "interface": "rust-library", "kind": "direct-io", "mixed": 0, "store_sha256": false, "wall_time": 1790493145.5983415}
{"interface": "rust-library", "kind": "resource", "mode": "write", "group": "continuous-01", "maxrss_kib": 18356, "user_seconds": 0.259044, "system_seconds": 0.344732, "wall_seconds": 1.1093512210063636, "wall_time": 1790493146.7078614}
{"bytes": 131072, "commit_seconds": 0.413567717, "count": 32, "data_seconds": 0.048362144, "generation": 6, "group": "continuous-01", "interface": "rust-library", "kind": "write", "mixed_reads": 0, "mount_seconds": 0.097049596, "total_seconds": 0.46194103, "wall_time": 1790493146.7080767}
{"borrowed": false, "direct": 0, "indirect": 58, "interface": "rust-library", "kind": "direct-io", "mixed": 0, "store_sha256": false, "wall_time": 1790493146.7081127}
{"interface": "rust-library", "kind": "resource", "mode": "write", "group": "continuous-02", "maxrss_kib": 19672, "user_seconds": 0.292253, "system_seconds": 0.324139, "wall_seconds": 1.1914454528596252, "wall_time": 1790493147.8997216}
{"bytes": 131072, "commit_seconds": 0.459614486, "count": 32, "data_seconds": 0.066048971, "generation": 7, "group": "continuous-02", "interface": "rust-library", "kind": "write", "mixed_reads": 0, "mount_seconds": 0.119319782, "total_seconds": 0.525674526, "wall_time": 1790493147.8999712}
{"borrowed": false, "direct": 0, "indirect": 64, "interface": "rust-library", "kind": "direct-io", "mixed": 0, "store_sha256": false, "wall_time": 1790493147.9000132}
{"interface": "rust-library", "kind": "resource", "mode": "write", "group": "continuous-03", "maxrss_kib": 19720, "user_seconds": 0.29353999999999997, "system_seconds": 0.338499, "wall_seconds": 1.2248163318727165, "wall_time": 1790493149.1250305}
{"bytes": 131072, "commit_seconds": 0.465328432, "count": 32, "data_seconds": 0.064035781, "generation": 8, "group": "continuous-03", "interface": "rust-library", "kind": "write", "mixed_reads": 0, "mount_seconds": 0.153116804, "total_seconds": 0.529375769, "wall_time": 1790493149.1252518}
{"borrowed": false, "direct": 0, "indirect": 71, "interface": "rust-library", "kind": "direct-io", "mixed": 0, "store_sha256": false, "wall_time": 1790493149.1252897}
{"interface": "rust-library", "kind": "resource", "mode": "write", "group": "continuous-04", "maxrss_kib": 19888, "user_seconds": 0.341914, "system_seconds": 0.29318299999999997, "wall_seconds": 1.2103512911126018, "wall_time": 1790493150.3358164}
{"bytes": 131072, "commit_seconds": 0.412820072, "count": 32, "data_seconds": 0.073192161, "generation": 9, "group": "continuous-04", "interface": "rust-library", "kind": "write", "mixed_reads": 0, "mount_seconds": 0.197959171, "total_seconds": 0.48602472, "wall_time": 1790493150.336056}
{"borrowed": false, "direct": 0, "indirect": 78, "interface": "rust-library", "kind": "direct-io", "mixed": 0, "store_sha256": false, "wall_time": 1790493150.3361168}
{"interface": "rust-library", "kind": "resource", "mode": "write", "group": "continuous-05", "maxrss_kib": 19936, "user_seconds": 0.386353, "system_seconds": 0.337452, "wall_seconds": 1.319030710030347, "wall_time": 1790493151.6553662}
{"bytes": 131072, "commit_seconds": 0.400727388, "count": 32, "data_seconds": 0.093140262, "generation": 10, "group": "continuous-05", "interface": "rust-library", "kind": "write", "mixed_reads": 0, "mount_seconds": 0.23539344, "total_seconds": 0.493879819, "wall_time": 1790493151.6555882}
{"borrowed": false, "direct": 0, "indirect": 85, "interface": "rust-library", "kind": "direct-io", "mixed": 0, "store_sha256": false, "wall_time": 1790493151.655627}
{"interface": "rust-library", "kind": "resource", "mode": "write", "group": "continuous-06", "maxrss_kib": 19728, "user_seconds": 0.39172799999999997, "system_seconds": 0.315582, "wall_seconds": 1.3288365791086107, "wall_time": 1790493152.9847167}
{"bytes": 131072, "commit_seconds": 0.431303594, "count": 32, "data_seconds": 0.073219046, "generation": 11, "group": "continuous-06", "interface": "rust-library", "kind": "write", "mixed_reads": 0, "mount_seconds": 0.262751913, "total_seconds": 0.504540031, "wall_time": 1790493152.9850285}
{"borrowed": false, "direct": 0, "indirect": 92, "interface": "rust-library", "kind": "direct-io", "mixed": 0, "store_sha256": false, "wall_time": 1790493152.9850729}
{"interface": "rust-library", "kind": "resource", "mode": "write", "group": "continuous-07", "maxrss_kib": 20032, "user_seconds": 0.37071499999999996, "system_seconds": 0.34197299999999997, "wall_seconds": 1.3136633189860731, "wall_time": 1790493154.2989404}
{"bytes": 131072, "commit_seconds": 0.412307863, "count": 32, "data_seconds": 0.066520627, "generation": 12, "group": "continuous-07", "interface": "rust-library", "kind": "write", "mixed_reads": 0, "mount_seconds": 0.28972666, "total_seconds": 0.478843752, "wall_time": 1790493154.2991588}
{"borrowed": false, "direct": 0, "indirect": 99, "interface": "rust-library", "kind": "direct-io", "mixed": 0, "store_sha256": false, "wall_time": 1790493154.2992017}
{"interface": "rust-library", "kind": "resource", "mode": "write", "group": "continuous-08", "maxrss_kib": 20208, "user_seconds": 0.439436, "system_seconds": 0.29647999999999997, "wall_seconds": 1.4259996109176427, "wall_time": 1790493155.7253985}
{"bytes": 131072, "commit_seconds": 0.475550472, "count": 32, "data_seconds": 0.063551582, "generation": 13, "group": "continuous-08", "interface": "rust-library", "kind": "write", "mixed_reads": 0, "mount_seconds": 0.338673856, "total_seconds": 0.539112474, "wall_time": 1790493155.7256143}
{"borrowed": false, "direct": 0, "indirect": 106, "interface": "rust-library", "kind": "direct-io", "mixed": 0, "store_sha256": false, "wall_time": 1790493155.7256603}
{"interface": "rust-library", "kind": "resource", "mode": "write", "group": "continuous-09", "maxrss_kib": 20212, "user_seconds": 0.47640699999999997, "system_seconds": 0.326335, "wall_seconds": 1.5260681039653718, "wall_time": 1790493157.2519588}
{"bytes": 131072, "commit_seconds": 0.437254487, "count": 32, "data_seconds": 0.067389869, "generation": 14, "group": "continuous-09", "interface": "rust-library", "kind": "write", "mixed_reads": 0, "mount_seconds": 0.461707617, "total_seconds": 0.504656678, "wall_time": 1790493157.2521799}
{"borrowed": false, "direct": 0, "indirect": 113, "interface": "rust-library", "kind": "direct-io", "mixed": 0, "store_sha256": false, "wall_time": 1790493157.2522192}
{"interface": "rust-library", "kind": "resource", "mode": "write", "group": "continuous-10", "maxrss_kib": 20276, "user_seconds": 0.47088199999999997, "system_seconds": 0.317341, "wall_seconds": 1.459512138972059, "wall_time": 1790493158.7119164}
{"bytes": 131072, "commit_seconds": 0.404160715, "count": 32, "data_seconds": 0.072020454, "generation": 15, "group": "continuous-10", "interface": "rust-library", "kind": "write", "mixed_reads": 0, "mount_seconds": 0.428576088, "total_seconds": 0.476192464, "wall_time": 1790493158.712152}
{"borrowed": false, "direct": 0, "indirect": 120, "interface": "rust-library", "kind": "direct-io", "mixed": 0, "store_sha256": false, "wall_time": 1790493158.7121978}
{"interface": "rust-library", "kind": "resource", "mode": "write", "group": "continuous-11", "maxrss_kib": 20324, "user_seconds": 0.49712599999999996, "system_seconds": 0.315025, "wall_seconds": 2.058574187103659, "wall_time": 1790493160.7709632}
{"bytes": 131072, "commit_seconds": 0.606188592, "count": 32, "data_seconds": 0.427026559, "generation": 16, "group": "continuous-11", "interface": "rust-library", "kind": "write", "mixed_reads": 0, "mount_seconds": 0.481499648, "total_seconds": 1.033227879, "wall_time": 1790493160.771183}
{"borrowed": false, "direct": 0, "indirect": 127, "interface": "rust-library", "kind": "direct-io", "mixed": 0, "store_sha256": false, "wall_time": 1790493160.7712283}
{"interface": "rust-library", "kind": "resource", "mode": "write", "group": "mixed", "maxrss_kib": 20452, "user_seconds": 1.090742, "system_seconds": 0.41378, "wall_seconds": 2.8452653458807617, "wall_time": 1790493163.616682}
{"bytes": 2097152, "commit_seconds": 0.454825529, "count": 64, "data_seconds": 1.273864564, "generation": 17, "group": "mixed", "interface": "rust-library", "kind": "write", "mixed_reads": 12, "mount_seconds": 0.531234604, "total_seconds": 1.728701455, "wall_time": 1790493163.616931}
{"borrowed": false, "direct": 0, "indirect": 358, "interface": "rust-library", "kind": "direct-io", "mixed": 0, "store_sha256": false, "wall_time": 1790493163.6170044}
{"interface": "rust-library", "kind": "resource", "mode": "checkpoint", "group": "all", "maxrss_kib": 20592, "user_seconds": 0.510317, "system_seconds": 0.33219299999999996, "wall_seconds": 1.8220256220083684, "wall_time": 1790493165.4429266}
{"generation": 17, "interface": "rust-library", "kind": "checkpoint", "mount_seconds": 0.537059247, "seconds": 0.739200541, "wall_time": 1790493165.443124}
{"borrowed": false, "direct": 0, "indirect": 109, "interface": "rust-library", "kind": "direct-io", "mixed": 0, "store_sha256": false, "wall_time": 1790493165.4431546}
{"interface": "rust-library", "kind": "unload", "barcode": "PF2701L08", "unthread_seconds": 1.8524412829428911, "total_seconds": 1.8563144330400974, "wall_time": 1790493165.4770806}
{"interface": "rust-library", "kind": "load", "barcode": "PF2701L08", "move_seconds": 0.0034663500264286995, "total_seconds": 0.0316522060893476, "wall_time": 1790493165.511875}
{"interface": "rust-library", "kind": "resource", "mode": "read", "group": "all", "maxrss_kib": 18468, "user_seconds": 1.164119, "system_seconds": 0.913879, "wall_seconds": 6.54102507699281, "wall_time": 1790493172.0531642}
{"bytes": 38433024, "count": 3208, "group": "all", "interface": "rust-library", "kind": "read", "label": "first", "mount_seconds": 0.560591207, "seconds": 2.768565174, "verified": true, "wall_time": 1790493172.0533786}
{"bytes": 38433024, "count": 3208, "group": "all", "interface": "rust-library", "kind": "read", "label": "repeat", "mount_seconds": 0.560591207, "seconds": 2.673009506, "verified": true, "wall_time": 1790493172.0534208}
{"borrowed": false, "direct": 0, "indirect": 6644, "interface": "rust-library", "kind": "direct-io", "mixed": 0, "store_sha256": false, "wall_time": 1790493172.0534458}
{"interface": "rust-library", "kind": "resource", "mode": "checkpoint", "group": "all", "maxrss_kib": 18644, "user_seconds": 0.5621039999999999, "system_seconds": 0.379835, "wall_seconds": 1.1889789928682148, "wall_time": 1790493173.2464716}
{"generation": 17, "interface": "rust-library", "kind": "checkpoint", "mount_seconds": 0.58988657, "seconds": 4.198e-06, "wall_time": 1790493173.2467024}
{"borrowed": false, "direct": 0, "indirect": 108, "interface": "rust-library", "kind": "direct-io", "mixed": 0, "store_sha256": false, "wall_time": 1790493173.2467382}
{"interface": "rust-library", "kind": "unload", "barcode": "PF2701L08", "unthread_seconds": 1.2516298899427056, "total_seconds": 1.255904674064368, "wall_time": 1790493173.3132744}
{"interface": "rust-library", "kind": "load", "barcode": "PF2702L08", "move_seconds": 0.0036012819036841393, "total_seconds": 0.03499233792535961, "wall_time": 1790493173.3520544}
{"interface": "rust-library", "kind": "resource", "mode": "write", "group": "switch-volume", "maxrss_kib": 5344, "user_seconds": 0.770436, "system_seconds": 0.056603999999999995, "wall_seconds": 2.9172592600807548, "wall_time": 1790493176.2696438}
{"bytes": 134217728, "commit_seconds": 1.253542751, "count": 1, "data_seconds": 0.866219056, "generation": 2, "group": "switch-volume", "interface": "rust-library", "kind": "write", "mixed_reads": 0, "mount_seconds": 0.006752435, "total_seconds": 2.119768317, "wall_time": 1790493176.2698739}
{"borrowed": false, "direct": 0, "indirect": 262, "interface": "rust-library", "kind": "direct-io", "mixed": 0, "store_sha256": false, "wall_time": 1790493176.26992}
{"interface": "rust-library", "kind": "resource", "mode": "write", "group": "switch-read", "maxrss_kib": 5348, "user_seconds": 0.048646999999999996, "system_seconds": 0.006802, "wall_seconds": 0.7042600270360708, "wall_time": 1790493176.9743598}
{"bytes": 8388608, "commit_seconds": 0.501088487, "count": 1, "data_seconds": 0.140824091, "generation": 3, "group": "switch-read", "interface": "rust-library", "kind": "write", "mixed_reads": 0, "mount_seconds": 0.010062933, "total_seconds": 0.641920176, "wall_time": 1790493176.9745796}
{"borrowed": false, "direct": 0, "indirect": 24, "interface": "rust-library", "kind": "direct-io", "mixed": 0, "store_sha256": false, "wall_time": 1790493176.9746249}
{"interface": "rust-library", "kind": "resource", "mode": "checkpoint", "group": "all", "maxrss_kib": 5348, "user_seconds": 0.00125, "system_seconds": 0.0024809999999999997, "wall_seconds": 0.371887126006186, "wall_time": 1790493177.350513}
{"generation": 3, "interface": "rust-library", "kind": "checkpoint", "mount_seconds": 0.011080825, "seconds": 0.357762136, "wall_time": 1790493177.3508477}
{"borrowed": false, "direct": 0, "indirect": 10, "interface": "rust-library", "kind": "direct-io", "mixed": 0, "store_sha256": false, "wall_time": 1790493177.3509014}
{"interface": "rust-library", "kind": "unload", "barcode": "PF2702L08", "unthread_seconds": 0.402685702778399, "total_seconds": 0.4080038107931614, "wall_time": 1790493177.3865004}
{"interface": "rust-library", "kind": "load", "barcode": "PF2702L08", "move_seconds": 0.0038112341426312923, "total_seconds": 0.034550205105915666, "wall_time": 1790493177.4245937}
{"interface": "rust-library", "kind": "resource", "mode": "read", "group": "all", "maxrss_kib": 5352, "user_seconds": 1.749492, "system_seconds": 0.049304999999999995, "wall_seconds": 3.461627664975822, "wall_time": 1790493180.8865552}
{"bytes": 142606336, "count": 2, "group": "all", "interface": "rust-library", "kind": "read", "label": "first", "mount_seconds": 0.011501059, "seconds": 1.752196554, "verified": true, "wall_time": 1790493180.8868053}
{"bytes": 142606336, "count": 2, "group": "all", "interface": "rust-library", "kind": "read", "label": "repeat", "mount_seconds": 0.011501059, "seconds": 1.694484739, "verified": true, "wall_time": 1790493180.8868728}
{"borrowed": false, "direct": 0, "indirect": 553, "interface": "rust-library", "kind": "direct-io", "mixed": 0, "store_sha256": false, "wall_time": 1790493180.8869069}
{"interface": "rust-library", "kind": "resource", "mode": "checkpoint", "group": "all", "maxrss_kib": 5356, "user_seconds": 0.000774, "system_seconds": 0.003836, "wall_seconds": 0.01361678191460669, "wall_time": 1790493180.905029}
{"generation": 3, "interface": "rust-library", "kind": "checkpoint", "mount_seconds": 0.010231759, "seconds": 3.402e-06, "wall_time": 1790493180.9052336}
{"borrowed": false, "direct": 0, "indirect": 9, "interface": "rust-library", "kind": "direct-io", "mixed": 0, "store_sha256": false, "wall_time": 1790493180.905287}
{"interface": "rust-library", "kind": "unload", "barcode": "PF2702L08", "unthread_seconds": 0.1495980580803007, "total_seconds": 0.15488650207407773, "wall_time": 1790493181.046182}
{"interface": "rust-library", "kind": "load", "barcode": "PF2701L08", "move_seconds": 0.0038500730879604816, "total_seconds": 0.14794206293299794, "wall_time": 1790493181.197393}
{"interface": "rust-library", "kind": "resource", "mode": "read", "group": "all", "maxrss_kib": 18572, "user_seconds": 0.678183, "system_seconds": 0.322455, "wall_seconds": 1.3078415689524263, "wall_time": 1790493182.5055292}
{"bytes": 8388608, "count": 1, "group": "all", "interface": "rust-library", "kind": "read", "label": "first", "mount_seconds": 0.658077083, "seconds": 0.096373135, "verified": true, "wall_time": 1790493182.5057406}
{"borrowed": false, "direct": 0, "indirect": 124, "interface": "rust-library", "kind": "direct-io", "mixed": 0, "store_sha256": false, "wall_time": 1790493182.5057983}
{"interface": "rust-library", "kind": "cross-tape-first-read", "cycle": 0, "barcode": "PF2701L08", "bytes": 8388608, "seconds": 1.6188834649510682, "wall_time": 1790493182.505866}
{"interface": "rust-library", "kind": "resource", "mode": "checkpoint", "group": "all", "maxrss_kib": 18764, "user_seconds": 0.540849, "system_seconds": 0.34415799999999996, "wall_seconds": 1.1448107121977955, "wall_time": 1790493183.6544526}
{"generation": 17, "interface": "rust-library", "kind": "checkpoint", "mount_seconds": 0.576622962, "seconds": 3.548e-06, "wall_time": 1790493183.6546702}
{"borrowed": false, "direct": 0, "indirect": 108, "interface": "rust-library", "kind": "direct-io", "mixed": 0, "store_sha256": false, "wall_time": 1790493183.6547074}
{"interface": "rust-library", "kind": "unload", "barcode": "PF2701L08", "unthread_seconds": 1.8298835300374776, "total_seconds": 1.8337532780133188, "wall_time": 1790493184.3432634}
{"interface": "rust-library", "kind": "load", "barcode": "PF2702L08", "move_seconds": 0.003335805842652917, "total_seconds": 0.16378375887870789, "wall_time": 1790493184.5102215}
{"interface": "rust-library", "kind": "resource", "mode": "read", "group": "all", "maxrss_kib": 5368, "user_seconds": 0.046473, "system_seconds": 0.0066029999999999995, "wall_seconds": 0.1048456160351634, "wall_time": 1790493184.6153781}
{"bytes": 8388608, "count": 1, "group": "all", "interface": "rust-library", "kind": "read", "label": "first", "mount_seconds": 0.010172926, "seconds": 0.091544545, "verified": true, "wall_time": 1790493184.6156018}
{"borrowed": false, "direct": 0, "indirect": 25, "interface": "rust-library", "kind": "direct-io", "mixed": 0, "store_sha256": false, "wall_time": 1790493184.6156368}
{"interface": "rust-library", "kind": "cross-tape-first-read", "cycle": 1, "barcode": "PF2702L08", "bytes": 8388608, "seconds": 2.1097882371395826, "wall_time": 1790493184.6156936}
{"interface": "rust-library", "kind": "resource", "mode": "checkpoint", "group": "all", "maxrss_kib": 5368, "user_seconds": 0.0009649999999999999, "system_seconds": 0.003939, "wall_seconds": 0.013358972035348415, "wall_time": 1790493184.6328127}
{"generation": 3, "interface": "rust-library", "kind": "checkpoint", "mount_seconds": 0.009743348, "seconds": 3.325e-06, "wall_time": 1790493184.6330438}
{"borrowed": false, "direct": 0, "indirect": 9, "interface": "rust-library", "kind": "direct-io", "mixed": 0, "store_sha256": false, "wall_time": 1790493184.6330786}
{"interface": "rust-library", "kind": "unload", "barcode": "PF2702L08", "unthread_seconds": 0.10118100605905056, "total_seconds": 0.10547840688377619, "wall_time": 1790493184.7248147}
{"interface": "rust-library", "kind": "load", "barcode": "PF2701L08", "move_seconds": 0.0034091759007424116, "total_seconds": 0.035846643848344684, "wall_time": 1790493184.7636867}
{"interface": "rust-library", "kind": "resource", "mode": "read", "group": "all", "maxrss_kib": 19456, "user_seconds": 0.583687, "system_seconds": 0.314478, "wall_seconds": 1.188644730951637, "wall_time": 1790493185.9526525}
{"bytes": 8388608, "count": 1, "group": "all", "interface": "rust-library", "kind": "read", "label": "first", "mount_seconds": 0.555477753, "seconds": 0.094434914, "verified": true, "wall_time": 1790493185.9529057}
{"borrowed": false, "direct": 0, "indirect": 124, "interface": "rust-library", "kind": "direct-io", "mixed": 0, "store_sha256": false, "wall_time": 1790493185.9529462}
{"interface": "rust-library", "kind": "cross-tape-first-read", "cycle": 2, "barcode": "PF2701L08", "bytes": 8388608, "seconds": 1.3372728351969272, "wall_time": 1790493185.9530091}
{"interface": "rust-library", "kind": "resource", "mode": "checkpoint", "group": "all", "maxrss_kib": 18496, "user_seconds": 0.561373, "system_seconds": 0.313197, "wall_seconds": 1.1177699530962855, "wall_time": 1790493187.0745122}
{"generation": 17, "interface": "rust-library", "kind": "checkpoint", "mount_seconds": 0.556392831, "seconds": 4.917e-06, "wall_time": 1790493187.074729}
{"borrowed": false, "direct": 0, "indirect": 108, "interface": "rust-library", "kind": "direct-io", "mixed": 0, "store_sha256": false, "wall_time": 1790493187.0747826}
{"interface": "rust-library", "kind": "unload", "barcode": "PF2701L08", "unthread_seconds": 1.1718033631332219, "total_seconds": 1.1774122312199324, "wall_time": 1790493187.1340334}
{"interface": "rust-library", "kind": "load", "barcode": "PF2702L08", "move_seconds": 0.0038979321252554655, "total_seconds": 0.033535333117470145, "wall_time": 1790493187.1719258}
{"interface": "rust-library", "kind": "resource", "mode": "read", "group": "all", "maxrss_kib": 5372, "user_seconds": 0.050602, "system_seconds": 0.005082, "wall_seconds": 0.11583011201582849, "wall_time": 1790493187.2880592}
{"bytes": 8388608, "count": 1, "group": "all", "interface": "rust-library", "kind": "read", "label": "first", "mount_seconds": 0.011115132, "seconds": 0.10149596, "verified": true, "wall_time": 1790493187.2882793}
{"borrowed": false, "direct": 0, "indirect": 25, "interface": "rust-library", "kind": "direct-io", "mixed": 0, "store_sha256": false, "wall_time": 1790493187.288314}
{"interface": "rust-library", "kind": "cross-tape-first-read", "cycle": 3, "barcode": "PF2702L08", "bytes": 8388608, "seconds": 1.3353009261190891, "wall_time": 1790493187.2883773}
{"interface": "rust-library", "kind": "resource", "mode": "checkpoint", "group": "all", "maxrss_kib": 5372, "user_seconds": 0.001629, "system_seconds": 0.0016359999999999999, "wall_seconds": 0.01276409300044179, "wall_time": 1790493187.304812}
{"generation": 3, "interface": "rust-library", "kind": "checkpoint", "mount_seconds": 0.009929508, "seconds": 3.664e-06, "wall_time": 1790493187.305025}
{"borrowed": false, "direct": 0, "indirect": 9, "interface": "rust-library", "kind": "direct-io", "mixed": 0, "store_sha256": false, "wall_time": 1790493187.305062}
{"interface": "rust-library", "kind": "unload", "barcode": "PF2702L08", "unthread_seconds": 0.04474526387639344, "total_seconds": 0.049943158868700266, "wall_time": 1790493187.341871}
{"interface": "rust-library", "kind": "load", "barcode": "PF2701L08", "move_seconds": 0.004043565830215812, "total_seconds": 0.03449257696047425, "wall_time": 1790493187.3800592}
{"interface": "rust-library", "kind": "resource", "mode": "read", "group": "all", "maxrss_kib": 18184, "user_seconds": 0.589885, "system_seconds": 0.379573, "wall_seconds": 1.2950454798992723, "wall_time": 1790493188.6754084}
{"bytes": 8388608, "count": 1, "group": "all", "interface": "rust-library", "kind": "read", "label": "first", "mount_seconds": 0.614393867, "seconds": 0.096192601, "verified": true, "wall_time": 1790493188.675627}
{"borrowed": false, "direct": 0, "indirect": 124, "interface": "rust-library", "kind": "direct-io", "mixed": 0, "store_sha256": false, "wall_time": 1790493188.6756663}
{"interface": "rust-library", "kind": "cross-tape-first-read", "cycle": 4, "barcode": "PF2701L08", "bytes": 8388608, "seconds": 1.3873229019809514, "wall_time": 1790493188.6757402}
{"interface": "rust-library", "kind": "resource", "mode": "checkpoint", "group": "all", "maxrss_kib": 18172, "user_seconds": 0.653655, "system_seconds": 0.34207, "wall_seconds": 1.2665219171904027, "wall_time": 1790493189.9461145}
{"generation": 17, "interface": "rust-library", "kind": "checkpoint", "mount_seconds": 0.702812099, "seconds": 4.172e-06, "wall_time": 1790493189.946337}
{"borrowed": false, "direct": 0, "indirect": 108, "interface": "rust-library", "kind": "direct-io", "mixed": 0, "store_sha256": false, "wall_time": 1790493189.9463723}
{"interface": "rust-library", "kind": "unload", "barcode": "PF2701L08", "unthread_seconds": 1.3064946769736707, "total_seconds": 1.3108698879368603, "wall_time": 1790493189.990339}
{"interface": "rust-library", "kind": "load", "barcode": "PF2702L08", "move_seconds": 0.0036056849639862776, "total_seconds": 0.03593902103602886, "wall_time": 1790493190.029514}
{"interface": "rust-library", "kind": "resource", "mode": "read", "group": "all", "maxrss_kib": 5372, "user_seconds": 0.052189, "system_seconds": 0.0, "wall_seconds": 0.11149849509820342, "wall_time": 1790493190.1413374}
{"bytes": 8388608, "count": 1, "group": "all", "interface": "rust-library", "kind": "read", "label": "first", "mount_seconds": 0.01136117, "seconds": 0.096933742, "verified": true, "wall_time": 1790493190.141553}
{"borrowed": false, "direct": 0, "indirect": 25, "interface": "rust-library", "kind": "direct-io", "mixed": 0, "store_sha256": false, "wall_time": 1790493190.1415915}
{"interface": "rust-library", "kind": "cross-tape-first-read", "cycle": 5, "barcode": "PF2702L08", "bytes": 8388608, "seconds": 1.465837538940832, "wall_time": 1790493190.1416519}
{"interface": "rust-library", "kind": "resource", "mode": "checkpoint", "group": "all", "maxrss_kib": 5372, "user_seconds": 0.0, "system_seconds": 0.003613, "wall_seconds": 0.01318389386869967, "wall_time": 1790493190.1587002}
{"generation": 3, "interface": "rust-library", "kind": "checkpoint", "mount_seconds": 0.01037298, "seconds": 4.045e-06, "wall_time": 1790493190.1589093}
{"borrowed": false, "direct": 0, "indirect": 9, "interface": "rust-library", "kind": "direct-io", "mixed": 0, "store_sha256": false, "wall_time": 1790493190.1589456}
{"interface": "rust-library", "kind": "unload", "barcode": "PF2702L08", "unthread_seconds": 0.04040431999601424, "total_seconds": 0.04435373703017831, "wall_time": 1790493190.1897395}
{"kind": "complete", "passed": true, "wall_time": 1790493190.1899045}
