663596 1790494180.667001 ioctl(2, TCGETS, 0x7ffc5592d080) = -1 ENOTTY (Inappropriate ioctl for device) <0.000023>
663596 1790494180.667366 ioctl(3, SG_GET_REQUEST_TABLE, {req_state=0, orphan=0, sg_io_owned=0, problem=0, pack_id=0, usr_ptr=NULL, duration=0}) = 0 <0.000021>
663596 1790494180.667481 ioctl(3, SG_IO, {interface_id='S', dxfer_direction=SG_DXFER_FROM_DEV, cmd_len=6, cmdp="\x12\x01\x80\x00\xfc\x00", mx_sb_len=64, iovec_count=0, dxfer_len=252, timeout=10000, flags=0, dxferp="\x01\x80\x00\x0c\x49\x42\x4d\x6c\x69\x73\x61\x34\x32\x32\x39\x39\x00\x00\x00\x00\x65\x6e\x63\x6f\x64\x69\x6e\x67\x3d\x22\x55\x54\x46\x2d\x38\x22\x3f\x3e\x0a\x3c\x6c\x74\x66\x73\x69\x6e\x64\x65\x78\x20\x76\x65\x72\x73\x69\x6f\x6e\x3d\x22\x32\x2e\x34\x2e\x30"..., status=0, masked_status=0, msg_status=0, sb_len_wr=0, sbp="", host_status=0, driver_status=0, resid=0, duration=1, info=0}) = 0 <0.000481>
663596 1790494180.668036 ioctl(3, SG_IO, {interface_id='S', dxfer_direction=SG_DXFER_NONE, cmd_len=16, cmdp="\x92\x02\x00\x00\x00\x00\x00\x00\x00\x00\x00\x02\x00\x00\x00\x00", mx_sb_len=64, iovec_count=0, dxfer_len=0, timeout=600000, flags=0, status=0, masked_status=0, msg_status=0, sb_len_wr=0, sbp="", host_status=0, driver_status=0, resid=0, duration=0, info=0}) = 0 <0.000296>
663596 1790494180.668427 ioctl(3, SG_IO, {interface_id='S', dxfer_direction=SG_DXFER_FROM_DEV, cmd_len=6, cmdp="\x08\x00\x01\x00\x00\x00", mx_sb_len=64, iovec_count=0, dxfer_len=65536, timeout=120000, flags=SG_FLAG_DIRECT_IO, dxferp="\x3c\x3f\x78\x6d\x6c\x20\x76\x65\x72\x73\x69\x6f\x6e\x3d\x22\x31\x2e\x30\x22\x20\x65\x6e\x63\x6f\x64\x69\x6e\x67\x3d\x22\x55\x54\x46\x2d\x38\x22\x3f\x3e\x0a\x3c\x6c\x74\x66\x73\x6c\x61\x62\x65\x6c\x20\x76\x65\x72\x73\x69\x6f\x6e\x3d\x22\x32\x2e\x34\x2e\x30"..., status=0x2, masked_status=0x1, msg_status=0, sb_len_wr=18, sbp="\xf0\x00\x20\x00\x00\xfe\x53\x0a\x00\x00\x00\x00\x00\x00\x00\x00\x00\x00", host_status=0, driver_status=0x8, resid=65107, duration=1, info=SG_INFO_CHECK|SG_INFO_DIRECT_IO}) = 0 <0.000419>
663596 1790494180.668942 ioctl(3, SG_IO, {interface_id='S', dxfer_direction=SG_DXFER_FROM_DEV, cmd_len=16, cmdp="\x8c\x00\x00\x00\x00\x00\x00\x00\x00\x09\x00\x00\x02\x00\x00\x00", mx_sb_len=64, iovec_count=0, dxfer_len=512, timeout=30000, flags=0, dxferp="\x00\x00\x01\xc6\x00\x09\x80\x00\x04\x00\x00\x00\x10\x02\x0a\x81\x00\x28\x49\x42\x4d\x20\x49\x42\x4d\x6c\x69\x73\x61\x34\x32\x32\x39\x39\x20\x20\x20\x20\x20\x20\x20\x20\x20\x20\x20\x20\x20\x20\x20\x20\x20\x20\x20\x20\x20\x20\x20\x20\x02\x0b\x81\x00\x28\x20"..., status=0, masked_status=0, msg_status=0, sb_len_wr=0, sbp="", host_status=0, driver_status=0, resid=0, duration=0, info=0}) = 0 <0.000405>
663596 1790494180.669397 ioctl(3, SG_IO, {interface_id='S', dxfer_direction=SG_DXFER_FROM_DEV, cmd_len=16, cmdp="\x8c\x00\x00\x00\x00\x00\x00\x00\x08\x0c\x00\x00\x02\x00\x00\x00", mx_sb_len=64, iovec_count=0, dxfer_len=512, timeout=30000, flags=0, dxferp="\x00\x00\x00\x54\x08\x0c\x00\x00\x46\x08\x00\x00\x00\x00\x00\x00\x00\x10\x00\x00\x00\x00\x00\x00\x00\x01\x00\x00\x00\x00\x00\x00\x00\x05\x00\x2b\x4c\x54\x46\x53\x00\x35\x63\x31\x36\x64\x61\x61\x65\x2d\x66\x61\x35\x34\x2d\x34\x30\x64\x38\x2d\x62\x61\x32\x38"..., status=0, masked_status=0, msg_status=0, sb_len_wr=0, sbp="", host_status=0, driver_status=0, resid=0, duration=0, info=0}) = 0 <0.000292>
663596 1790494180.669754 ioctl(3, SG_IO, {interface_id='S', dxfer_direction=SG_DXFER_FROM_DEV, cmd_len=16, cmdp="\x8c\x00\x00\x00\x00\x00\x00\x01\x08\x0c\x00\x00\x02\x00\x00\x00", mx_sb_len=64, iovec_count=0, dxfer_len=512, timeout=30000, flags=0, dxferp="\x00\x00\x00\x54\x08\x0c\x00\x00\x46\x08\x00\x00\x00\x00\x00\x00\x00\x10\x00\x00\x00\x00\x00\x00\x00\x01\x00\x00\x00\x00\x00\x00\x00\x05\x00\x2b\x4c\x54\x46\x53\x00\x35\x63\x31\x36\x64\x61\x61\x65\x2d\x66\x61\x35\x34\x2d\x34\x30\x64\x38\x2d\x62\x61\x32\x38"..., status=0, masked_status=0, msg_status=0, sb_len_wr=0, sbp="", host_status=0, driver_status=0, resid=0, duration=0, info=0}) = 0 <0.000345>
663596 1790494180.670154 ioctl(3, SG_IO, {interface_id='S', dxfer_direction=SG_DXFER_NONE, cmd_len=16, cmdp="\x92\x02\x00\x01\x00\x00\x00\x00\x00\x00\x00\x00\x00\x00\x00\x00", mx_sb_len=64, iovec_count=0, dxfer_len=0, timeout=600000, flags=0, status=0, masked_status=0, msg_status=0, sb_len_wr=0, sbp="", host_status=0, driver_status=0, resid=0, duration=0, info=0}) = 0 <0.000441>
663596 1790494180.670652 ioctl(3, SG_IO, {interface_id='S', dxfer_direction=SG_DXFER_NONE, cmd_len=6, cmdp="\x11\x03\x00\x00\x00\x00", mx_sb_len=64, iovec_count=0, dxfer_len=0, timeout=600000, flags=0, status=0, masked_status=0, msg_status=0, sb_len_wr=0, sbp="", host_status=0, driver_status=0, resid=0, duration=1, info=0}) = 0 <0.000275>
663596 1790494180.670979 ioctl(3, SG_IO, {interface_id='S', dxfer_direction=SG_DXFER_FROM_DEV, cmd_len=10, cmdp="\x34\x00\x00\x00\x00\x00\x00\x00\x00\x00", mx_sb_len=64, iovec_count=0, dxfer_len=20, timeout=10000, flags=0, dxferp="\x00\x01\x00\x00\x00\x00\x00\x07\x00\x00\x00\x07\x00\x00\x00\x00\x00\x00\x00\x00", status=0, masked_status=0, msg_status=0, sb_len_wr=0, sbp="", host_status=0, driver_status=0, resid=0, duration=0, info=0}) = 0 <0.000284>
663596 1790494180.671312 ioctl(3, SG_IO, {interface_id='S', dxfer_direction=SG_DXFER_NONE, cmd_len=16, cmdp="\x92\x02\x00\x01\x00\x00\x00\x00\x00\x00\x00\x05\x00\x00\x00\x00", mx_sb_len=64, iovec_count=0, dxfer_len=0, timeout=600000, flags=0, status=0, masked_status=0, msg_status=0, sb_len_wr=0, sbp="", host_status=0, driver_status=0, resid=0, duration=0, info=0}) = 0 <0.000303>
663596 1790494180.671714 ioctl(3, SG_IO, {interface_id='S', dxfer_direction=SG_DXFER_FROM_DEV, cmd_len=6, cmdp="\x08\x00\x08\x00\x00\x00", mx_sb_len=64, iovec_count=0, dxfer_len=524288, timeout=120000, flags=SG_FLAG_DIRECT_IO, dxferp="\x3c\x3f\x78\x6d\x6c\x20\x76\x65\x72\x73\x69\x6f\x6e\x3d\x22\x31\x2e\x30\x22\x20\x65\x6e\x63\x6f\x64\x69\x6e\x67\x3d\x22\x55\x54\x46\x2d\x38\x22\x3f\x3e\x0a\x3c\x6c\x74\x66\x73\x69\x6e\x64\x65\x78\x20\x76\x65\x72\x73\x69\x6f\x6e\x3d\x22\x32\x2e\x34\x2e\x30"..., status=0x2, masked_status=0x1, msg_status=0, sb_len_wr=18, sbp="\xf0\x00\x20\x00\x07\xfc\x8c\x0a\x00\x00\x00\x00\x00\x00\x00\x00\x00\x00", host_status=0, driver_status=0x8, resid=523404, duration=0, info=SG_INFO_CHECK|SG_INFO_DIRECT_IO}) = 0 <0.000542>
663596 1790494180.672313 ioctl(3, SG_IO, {interface_id='S', dxfer_direction=SG_DXFER_FROM_DEV, cmd_len=6, cmdp="\x08\x00\x08\x00\x00\x00", mx_sb_len=64, iovec_count=0, dxfer_len=524288, timeout=120000, flags=SG_FLAG_DIRECT_IO, dxferp="\x3c\x3f\x78\x6d\x6c\x20\x76\x65\x72\x73\x69\x6f\x6e\x3d\x22\x31\x2e\x30\x22\x20\x65\x6e\x63\x6f\x64\x69\x6e\x67\x3d\x22\x55\x54\x46\x2d\x38\x22\x3f\x3e\x0a\x3c\x6c\x74\x66\x73\x69\x6e\x64\x65\x78\x20\x76\x65\x72\x73\x69\x6f\x6e\x3d\x22\x32\x2e\x34\x2e\x30"..., status=0x2, masked_status=0x1, msg_status=0, sb_len_wr=18, sbp="\xf0\x00\x80\x00\x08\x00\x00\x0a\x00\x00\x00\x00\x00\x01\x00\x00\x00\x00", host_status=0, driver_status=0x8, resid=0, duration=0, info=SG_INFO_CHECK|SG_INFO_DIRECT_IO}) = 0 <0.000296>
663596 1790494180.672782 ioctl(3, SG_IO, {interface_id='S', dxfer_direction=SG_DXFER_NONE, cmd_len=16, cmdp="\x92\x02\x00\x00\x00\x00\x00\x00\x00\x00\x00\x00\x00\x00\x00\x00", mx_sb_len=64, iovec_count=0, dxfer_len=0, timeout=600000, flags=0, status=0, masked_status=0, msg_status=0, sb_len_wr=0, sbp="", host_status=0, driver_status=0, resid=0, duration=0, info=0}) = 0 <0.000429>
663596 1790494180.673263 ioctl(3, SG_IO, {interface_id='S', dxfer_direction=SG_DXFER_NONE, cmd_len=6, cmdp="\x11\x03\x00\x00\x00\x00", mx_sb_len=64, iovec_count=0, dxfer_len=0, timeout=600000, flags=0, status=0, masked_status=0, msg_status=0, sb_len_wr=0, sbp="", host_status=0, driver_status=0, resid=0, duration=0, info=0}) = 0 <0.000289>
663596 1790494180.673602 ioctl(3, SG_IO, {interface_id='S', dxfer_direction=SG_DXFER_FROM_DEV, cmd_len=10, cmdp="\x34\x00\x00\x00\x00\x00\x00\x00\x00\x00", mx_sb_len=64, iovec_count=0, dxfer_len=20, timeout=10000, flags=0, dxferp="\x00\x00\x00\x00\x00\x00\x00\x07\x00\x00\x00\x07\x00\x00\x00\x00\x00\x00\x00\x00", status=0, masked_status=0, msg_status=0, sb_len_wr=0, sbp="", host_status=0, driver_status=0, resid=0, duration=1, info=0}) = 0 <0.000283>
663596 1790494180.673939 ioctl(3, SG_IO, {interface_id='S', dxfer_direction=SG_DXFER_NONE, cmd_len=16, cmdp="\x92\x02\x00\x00\x00\x00\x00\x00\x00\x00\x00\x05\x00\x00\x00\x00", mx_sb_len=64, iovec_count=0, dxfer_len=0, timeout=600000, flags=0, status=0, masked_status=0, msg_status=0, sb_len_wr=0, sbp="", host_status=0, driver_status=0, resid=0, duration=0, info=0}) = 0 <0.000270>
663596 1790494180.674340 ioctl(3, SG_IO, {interface_id='S', dxfer_direction=SG_DXFER_FROM_DEV, cmd_len=6, cmdp="\x08\x00\x08\x00\x00\x00", mx_sb_len=64, iovec_count=0, dxfer_len=524288, timeout=120000, flags=SG_FLAG_DIRECT_IO, dxferp="\x3c\x3f\x78\x6d\x6c\x20\x76\x65\x72\x73\x69\x6f\x6e\x3d\x22\x31\x2e\x30\x22\x20\x65\x6e\x63\x6f\x64\x69\x6e\x67\x3d\x22\x55\x54\x46\x2d\x38\x22\x3f\x3e\x0a\x3c\x6c\x74\x66\x73\x69\x6e\x64\x65\x78\x20\x76\x65\x72\x73\x69\x6f\x6e\x3d\x22\x32\x2e\x34\x2e\x30"..., status=0x2, masked_status=0x1, msg_status=0, sb_len_wr=18, sbp="\xf0\x00\x20\x00\x07\xfc\x11\x0a\x00\x00\x00\x00\x00\x00\x00\x00\x00\x00", host_status=0, driver_status=0x8, resid=523281, duration=0, info=SG_INFO_CHECK|SG_INFO_DIRECT_IO}) = 0 <0.000416>
663596 1790494180.674811 ioctl(3, SG_IO, {interface_id='S', dxfer_direction=SG_DXFER_FROM_DEV, cmd_len=6, cmdp="\x08\x00\x08\x00\x00\x00", mx_sb_len=64, iovec_count=0, dxfer_len=524288, timeout=120000, flags=SG_FLAG_DIRECT_IO, dxferp="\x3c\x3f\x78\x6d\x6c\x20\x76\x65\x72\x73\x69\x6f\x6e\x3d\x22\x31\x2e\x30\x22\x20\x65\x6e\x63\x6f\x64\x69\x6e\x67\x3d\x22\x55\x54\x46\x2d\x38\x22\x3f\x3e\x0a\x3c\x6c\x74\x66\x73\x69\x6e\x64\x65\x78\x20\x76\x65\x72\x73\x69\x6f\x6e\x3d\x22\x32\x2e\x34\x2e\x30"..., status=0x2, masked_status=0x1, msg_status=0, sb_len_wr=18, sbp="\xf0\x00\x80\x00\x08\x00\x00\x0a\x00\x00\x00\x00\x00\x01\x00\x00\x00\x00", host_status=0, driver_status=0x8, resid=0, duration=0, info=SG_INFO_CHECK|SG_INFO_DIRECT_IO}) = 0 <0.000300>
663596 1790494180.675189 ioctl(3, SG_IO, {interface_id='S', dxfer_direction=SG_DXFER_NONE, cmd_len=16, cmdp="\x92\x02\x00\x01\x00\x00\x00\x00\x00\x00\x00\x07\x00\x00\x00\x00", mx_sb_len=64, iovec_count=0, dxfer_len=0, timeout=600000, flags=0, status=0, masked_status=0, msg_status=0, sb_len_wr=0, sbp="", host_status=0, driver_status=0, resid=0, duration=0, info=0}) = 0 <0.000436>
663596 1790494180.675675 ioctl(3, SG_IO, {interface_id='S', dxfer_direction=SG_DXFER_FROM_DEV, cmd_len=10, cmdp="\x34\x00\x00\x00\x00\x00\x00\x00\x00\x00", mx_sb_len=64, iovec_count=0, dxfer_len=20, timeout=10000, flags=0, dxferp="\x00\x01\x00\x00\x00\x00\x00\x07\x00\x00\x00\x07\x00\x00\x00\x00\x00\x00\x00\x00", status=0, masked_status=0, msg_status=0, sb_len_wr=0, sbp="", host_status=0, driver_status=0, resid=0, duration=1, info=0}) = 0 <0.000297>
663596 1790494180.679129 ioctl(3, SG_IO, {interface_id='S', dxfer_direction=SG_DXFER_NONE, cmd_len=16, cmdp="\x92\x02\x00\x01\x00\x00\x00\x00\x00\x00\x00\x07\x00\x00\x00\x00", mx_sb_len=64, iovec_count=0, dxfer_len=0, timeout=600000, flags=0, status=0, masked_status=0, msg_status=0, sb_len_wr=0, sbp="", host_status=0, driver_status=0, resid=0, duration=0, info=0}) = 0 <0.000362>
663596 1790494180.679592 ioctl(3, SG_IO, {interface_id='S', dxfer_direction=SG_DXFER_TO_DEV, cmd_len=6, cmdp="\x0a\x00\x08\x00\x00\x00", mx_sb_len=64, iovec_count=0, dxfer_len=524288, timeout=120000, flags=SG_FLAG_DIRECT_IO, dxferp="\x69\x69\x69\x69\x69\x69\x69\x69\x69\x69\x69\x69\x69\x69\x69\x69\x69\x69\x69\x69\x69\x69\x69\x69\x69\x69\x69\x69\x69\x69\x69\x69\x69\x69\x69\x69\x69\x69\x69\x69\x69\x69\x69\x69\x69\x69\x69\x69\x69\x69\x69\x69\x69\x69\x69\x69\x69\x69\x69\x69\x69\x69\x69\x69"..., status=0, masked_status=0, msg_status=0, sb_len_wr=0, sbp="", host_status=0, driver_status=0, resid=0, duration=0, info=0}) = ? ERESTARTSYS (To be restarted if SA_RESTART is set) <0.001559>
663596 1790494180.681222 --- SIGUSR1 {si_signo=SIGUSR1, si_code=SI_TKILL, si_pid=663596, si_uid=0} ---
663596 1790494180.681370 ioctl(3, SG_GET_REQUEST_TABLE, {req_state=1, orphan=1, sg_io_owned=1, problem=0, pack_id=0, usr_ptr=NULL, duration=2}) = 0 <0.000027>
663596 1790494180.682572 --- SIGUSR1 {si_signo=SIGUSR1, si_code=SI_TKILL, si_pid=663596, si_uid=0} ---
663596 1790494180.683882 --- SIGUSR1 {si_signo=SIGUSR1, si_code=SI_TKILL, si_pid=663596, si_uid=0} ---
663596 1790494180.685224 --- SIGUSR1 {si_signo=SIGUSR1, si_code=SI_TKILL, si_pid=663596, si_uid=0} ---
663596 1790494180.686565 --- SIGUSR1 {si_signo=SIGUSR1, si_code=SI_TKILL, si_pid=663596, si_uid=0} ---
663596 1790494180.687921 --- SIGUSR1 {si_signo=SIGUSR1, si_code=SI_TKILL, si_pid=663596, si_uid=0} ---
663596 1790494180.689263 --- SIGUSR1 {si_signo=SIGUSR1, si_code=SI_TKILL, si_pid=663596, si_uid=0} ---
663596 1790494180.690614 --- SIGUSR1 {si_signo=SIGUSR1, si_code=SI_TKILL, si_pid=663596, si_uid=0} ---
663596 1790494180.691954 --- SIGUSR1 {si_signo=SIGUSR1, si_code=SI_TKILL, si_pid=663596, si_uid=0} ---
663596 1790494180.693147 ioctl(3, SG_GET_REQUEST_TABLE, {req_state=1, orphan=1, sg_io_owned=1, problem=0, pack_id=0, usr_ptr=NULL, duration=14}) = 0 <0.000031>
663596 1790494180.693365 --- SIGUSR1 {si_signo=SIGUSR1, si_code=SI_TKILL, si_pid=663596, si_uid=0} ---
663596 1790494180.694724 --- SIGUSR1 {si_signo=SIGUSR1, si_code=SI_TKILL, si_pid=663596, si_uid=0} ---
663596 1790494180.696082 --- SIGUSR1 {si_signo=SIGUSR1, si_code=SI_TKILL, si_pid=663596, si_uid=0} ---
663596 1790494180.697432 --- SIGUSR1 {si_signo=SIGUSR1, si_code=SI_TKILL, si_pid=663596, si_uid=0} ---
663596 1790494180.698783 --- SIGUSR1 {si_signo=SIGUSR1, si_code=SI_TKILL, si_pid=663596, si_uid=0} ---
663596 1790494180.700129 --- SIGUSR1 {si_signo=SIGUSR1, si_code=SI_TKILL, si_pid=663596, si_uid=0} ---
663596 1790494180.701475 --- SIGUSR1 {si_signo=SIGUSR1, si_code=SI_TKILL, si_pid=663596, si_uid=0} ---
663596 1790494180.702880 --- SIGUSR1 {si_signo=SIGUSR1, si_code=SI_TKILL, si_pid=663596, si_uid=0} ---
663596 1790494180.704216 --- SIGUSR1 {si_signo=SIGUSR1, si_code=SI_TKILL, si_pid=663596, si_uid=0} ---
663596 1790494180.705161 ioctl(3, SG_GET_REQUEST_TABLE, {req_state=1, orphan=1, sg_io_owned=1, problem=0, pack_id=0, usr_ptr=NULL, duration=26}) = 0 <0.000027>
663596 1790494180.705532 --- SIGUSR1 {si_signo=SIGUSR1, si_code=SI_TKILL, si_pid=663596, si_uid=0} ---
663596 1790494180.706868 --- SIGUSR1 {si_signo=SIGUSR1, si_code=SI_TKILL, si_pid=663596, si_uid=0} ---
663596 1790494180.708245 --- SIGUSR1 {si_signo=SIGUSR1, si_code=SI_TKILL, si_pid=663596, si_uid=0} ---
663596 1790494180.709567 --- SIGUSR1 {si_signo=SIGUSR1, si_code=SI_TKILL, si_pid=663596, si_uid=0} ---
663596 1790494180.710951 --- SIGUSR1 {si_signo=SIGUSR1, si_code=SI_TKILL, si_pid=663596, si_uid=0} ---
663596 1790494180.712316 --- SIGUSR1 {si_signo=SIGUSR1, si_code=SI_TKILL, si_pid=663596, si_uid=0} ---
663596 1790494180.713692 --- SIGUSR1 {si_signo=SIGUSR1, si_code=SI_TKILL, si_pid=663596, si_uid=0} ---
663596 1790494180.715086 --- SIGUSR1 {si_signo=SIGUSR1, si_code=SI_TKILL, si_pid=663596, si_uid=0} ---
663596 1790494180.716453 --- SIGUSR1 {si_signo=SIGUSR1, si_code=SI_TKILL, si_pid=663596, si_uid=0} ---
663596 1790494180.717196 ioctl(3, SG_GET_REQUEST_TABLE, {req_state=0, orphan=0, sg_io_owned=0, problem=0, pack_id=0, usr_ptr=NULL, duration=0}) = 0 <0.000027>
663596 1790494180.717806 --- SIGUSR1 {si_signo=SIGUSR1, si_code=SI_TKILL, si_pid=663596, si_uid=0} ---
663597 1790494180.718221 +++ exited with 0 +++
663596 1790494180.718913 +++ exited with 0 +++
