Tape TS1001L8 has been successfully unmounted.
Tape TS1001L8 has been successfully unassigned.
{
  "status": "NEED_ASSIGN",
  "severity": "INFO",
  "handling": "UNMOUNTED",
  "read_perms": 0,
  "mount_node": null,
  "accessible": true,
  "format_condition": "WRITABLE",
  "label_mismatch": false,
  "total_blocks": 234,
  "valid_blocks": 103,
  "slot_type": "SLOT",
  "slot": 1033,
  "home_slot": 1033,
  "place_by_operator": false,
  "validation_error": null,
  "cart_type": 136,
  "density_code": "0x5e",
  "is_encrypted": false,
  "is_worm": false,
  "write_protect": "NONE",
  "total_ip": 122,
  "remaining_ip": 121,
  "total_dp": 61,
  "remaining_dp": 0,
  "total_cap": 61,
  "remaining_cap": 0,
  "tape_alert": 9223372036854775808,
  "obj_type": "cartridge",
  "obj_id": "TS1001L8",
  "assignment": "UNASSIGNED",
  "placed_by_operator": false
}
{
  "status": "LABEL_MISMATCH",
  "severity": "WARNING",
  "handling": "UNMOUNTED",
  "read_perms": 0,
  "mount_node": null,
  "accessible": true,
  "format_condition": "UNKNOWN",
  "label_mismatch": true,
  "total_blocks": 0,
  "valid_blocks": 0,
  "slot_type": "SLOT",
  "slot": 1032,
  "home_slot": 1032,
  "place_by_operator": false,
  "validation_error": null,
  "cart_type": 136,
  "density_code": "0x5e",
  "is_encrypted": false,
  "is_worm": false,
  "write_protect": "NONE",
  "total_ip": 122,
  "remaining_ip": 121,
  "total_dp": 61,
  "remaining_dp": 0,
  "total_cap": 61,
  "remaining_cap": 0,
  "tape_alert": 0,
  "obj_type": "cartridge",
  "obj_id": "LP2501L08",
  "assignment": "UNASSIGNED",
  "placed_by_operator": false
}
