iteration 0 exit 0
iteration 1 exit 0
iteration 2 exit 0
iteration 3 exit 0
iteration 4 exit 0
iteration 5 exit 0
iteration 6 exit 0
iteration 7 exit 0
iteration 8 exit 0
iteration 9 exit 0
iteration 10 exit 0
iteration 11 exit 0
iteration 12 exit 0
iteration 13 exit 0
iteration 14 exit 0
iteration 15 exit 0
iteration 16 exit 0
iteration 17 exit 0
iteration 18 exit 0
iteration 19 exit 0
iteration 20 exit 0
iteration 21 exit 0
iteration 22 exit 0
iteration 23 exit 0
iteration 24 exit 0
iteration 25 exit 0
iteration 26 exit 0
iteration 27 exit 0
iteration 28 exit 0
iteration 29 exit 0
