[2026-09-27T03:50:06Z INFO  tape_rs::daemon::net] 节点间通信监听 0.0.0.0:7500
[2026-09-27T03:50:06Z INFO  tape_rs::daemon::http] 客户端接口监听 0.0.0.0:7501
[2026-09-27T03:50:06Z INFO  raft::raft] switched to configuration, raft_id: 2, config: Configuration { voters: Configuration { incoming: Configuration { voters: {1, 2, 3} }, outgoing: Configuration { voters: {} } }, learners: {}, learners_next: {}, auto_leave: false }
[2026-09-27T03:50:06Z INFO  raft::raft] became follower at term 11, raft_id: 2, term: 11
[2026-09-27T03:50:06Z INFO  raft::raft] newRaft, raft_id: 2, peers: Configuration { incoming: Configuration { voters: {1, 2, 3} }, outgoing: Configuration { voters: {} } }, last term: 11, last index: 145, applied: 0, commit: 145, term: 11
[2026-09-27T03:50:06Z INFO  raft::raw_node] RawNode created with id 2., raft_id: 2, id: 2
[2026-09-27T03:50:06Z INFO  tape_rs::daemon::node] 节点 1 成为执行者，轮次 2
[2026-09-27T03:50:06Z INFO  tape_rs::daemon::node] 节点 1 成为执行者，轮次 49
[2026-09-27T03:50:06Z INFO  tape_rs::daemon::node] 节点 3 成为执行者，轮次 78
[2026-09-27T03:50:06Z INFO  tape_rs::daemon::node] 节点 1 成为执行者，轮次 84
[2026-09-27T03:50:06Z INFO  tape_rs::daemon::node] 节点 1 成为执行者，轮次 101
[2026-09-27T03:50:06Z INFO  tape_rs::daemon::node] 节点 3 成为执行者，轮次 116
[2026-09-27T03:50:06Z INFO  tape_rs::daemon::node] 节点 1 成为执行者，轮次 127
[2026-09-27T03:50:06Z INFO  tape_rs::daemon::node] 节点 3 成为执行者，轮次 141
[2026-09-27T03:50:07Z INFO  raft::raft] [logterm: 11, index: 145, vote: 3] cast vote for 3 [logterm: 11, index: 145] at term 11, raft_id: 2, msg type: MsgRequestPreVote, term: 11, msg_index: 145, msg_term: 11, from: 3, vote: 3, log_index: 145, log_term: 11
[2026-09-27T03:50:07Z INFO  raft::raft] received a message with higher term from 3, raft_id: 2, msg type: MsgRequestVote, message_term: 12, term: 11, from: 3
[2026-09-27T03:50:07Z INFO  raft::raft] became follower at term 12, raft_id: 2, term: 12
[2026-09-27T03:50:07Z INFO  raft::raft] [logterm: 11, index: 145, vote: 0] cast vote for 3 [logterm: 11, index: 145] at term 12, raft_id: 2, msg type: MsgRequestVote, term: 12, msg_index: 145, msg_term: 11, from: 3, vote: 0, log_index: 145, log_term: 11
[2026-09-27T03:50:07Z INFO  tape_rs::daemon::node] 节点 3 成为执行者，轮次 147
[2026-09-27T03:50:30Z INFO  raft::raft] starting a new election, raft_id: 2, term: 12
[2026-09-27T03:50:30Z INFO  raft::raft] became pre-candidate at term 12, raft_id: 2, term: 12
[2026-09-27T03:50:30Z INFO  raft::raft] broadcasting vote request, raft_id: 2, to: [1, 3], log_index: 150, log_term: 12, term: 12, type: MsgRequestPreVote
[2026-09-27T03:50:30Z INFO  raft::raft] received votes response, raft_id: 2, term: 12, type: MsgRequestPreVoteResponse, approvals: 2, rejections: 0, from: 1, vote: true
[2026-09-27T03:50:30Z INFO  raft::raft] became candidate at term 13, raft_id: 2, term: 13
[2026-09-27T03:50:30Z INFO  raft::raft] broadcasting vote request, raft_id: 2, to: [1, 3], log_index: 150, log_term: 12, term: 13, type: MsgRequestVote
[2026-09-27T03:50:30Z INFO  raft::raft] received votes response, raft_id: 2, term: 13, type: MsgRequestVoteResponse, approvals: 2, rejections: 0, from: 1, vote: true
[2026-09-27T03:50:30Z INFO  raft::raft] became leader at term 13, raft_id: 2, term: 13
[2026-09-27T03:50:30Z INFO  tape_rs::daemon::node] 本节点成为执行者，轮次 152（任期 13）
[2026-09-27T03:50:30Z INFO  tape_rs::scsi::reservation] /dev/sg8: 预留现状 generation=40 keys=[4c03000000000093] holder=Some((4c03000000000093, 3))
[2026-09-27T03:50:30Z INFO  tape_rs::daemon::executor] 执行线程: IBMtaper2287_LL3 (/dev/sg8) 已隔离（原持有者 Some(4c03000000000093)）
[2026-09-27T03:50:30Z INFO  tape_rs::scsi::reservation] /dev/sg10: 预留现状 generation=40 keys=[4c03000000000093] holder=Some((4c03000000000093, 3))
[2026-09-27T03:50:30Z INFO  tape_rs::daemon::executor] 执行线程: IBMtaper2287 (/dev/sg10) 已隔离（原持有者 Some(4c03000000000093)）
[2026-09-27T03:50:30Z INFO  tape_rs::tape::commands] 定位到 partition=0, block=0
[2026-09-27T03:50:30Z INFO  tape_rs::tape::commands] 定位到 partition=0, block=2
[2026-09-27T03:50:30Z INFO  tape_rs::ltfs::volume] LTFS label: version=2.4.0 uuid=83f0259a-77d6-4788-8399-4e686946022b blocksize=524288 compression=false
[2026-09-27T03:50:30Z INFO  tape_rs::tape::commands] 定位到 partition=1, block=0
[2026-09-27T03:50:30Z INFO  tape_rs::tape::commands] 定位到 partition=1, block=12
[2026-09-27T03:50:30Z INFO  tape_rs::ltfs::recovery] 分区 1 VCI 快速路径命中 gen=3 @ 12..13
[2026-09-27T03:50:30Z INFO  tape_rs::tape::commands] 定位到 partition=0, block=0
[2026-09-27T03:50:30Z INFO  tape_rs::tape::commands] 定位到 partition=0, block=5
[2026-09-27T03:50:30Z INFO  tape_rs::ltfs::recovery] 分区 0 VCI 快速路径命中 gen=3 @ 5..6
[2026-09-27T03:50:30Z INFO  tape_rs::tape::commands] 定位到 partition=1, block=8
[2026-09-27T03:50:30Z INFO  tape_rs::tape::commands] 定位到 partition=1, block=5
[2026-09-27T03:50:30Z INFO  tape_rs::tape::commands] 定位到 partition=1, block=14
[2026-09-27T03:50:30Z INFO  tape_rs::ltfs::volume] index gen=3 highest_uid=2 (dp_tail=Complete, ip_tail=Complete, writable=true)
[2026-09-27T03:50:30Z INFO  tape_rs::daemon::node] SR2502L8 目录停在第 3 代，磁带是第 3 代：以磁带为准重写该带的目录
[2026-09-27T03:50:30Z INFO  tape_rs::daemon::node] 轮次 152 开始服务：IBMtaper2287 (/dev/sg10) [SR2502L8]: gen=3 文件 1 个 尾部 Complete；可用 235 MiB
[2026-09-27T03:50:51Z INFO  tape_rs::tape::commands] 定位到 partition=0, block=2
[2026-09-27T03:50:51Z INFO  tape_rs::ltfs::volume] LTFS label: version=2.4.0 uuid=83f0259a-77d6-4788-8399-4e686946022b blocksize=524288 compression=false
[2026-09-27T03:50:51Z INFO  tape_rs::tape::commands] 定位到 partition=1, block=0
[2026-09-27T03:50:51Z INFO  tape_rs::tape::commands] 定位到 partition=1, block=12
[2026-09-27T03:50:51Z INFO  tape_rs::ltfs::recovery] 分区 1 VCI 快速路径命中 gen=3 @ 12..13
[2026-09-27T03:50:51Z INFO  tape_rs::tape::commands] 定位到 partition=0, block=0
[2026-09-27T03:50:51Z INFO  tape_rs::tape::commands] 定位到 partition=0, block=5
[2026-09-27T03:50:51Z INFO  tape_rs::ltfs::recovery] 分区 0 VCI 快速路径命中 gen=3 @ 5..6
[2026-09-27T03:50:51Z INFO  tape_rs::tape::commands] 定位到 partition=1, block=8
[2026-09-27T03:50:51Z INFO  tape_rs::tape::commands] 定位到 partition=1, block=5
[2026-09-27T03:50:51Z INFO  tape_rs::tape::commands] 定位到 partition=1, block=14
[2026-09-27T03:50:51Z INFO  tape_rs::ltfs::volume] index gen=3 highest_uid=2 (dp_tail=Complete, ip_tail=Complete, writable=true)
[2026-09-27T03:50:51Z INFO  tape_rs::tape::commands] 弹出磁带...
[2026-09-27T03:50:51Z INFO  tape_rs::tape::commands] 弹出完成
[2026-09-27T03:50:51Z INFO  tape_rs::daemon::executor] 执行线程: 卸带 SR2502L8 -> 槽位 0x0408
[2026-09-27T03:50:51Z INFO  tape_rs::changer::commands] 移动介质: 从 0x0100 到 0x0408
[2026-09-27T03:50:51Z INFO  tape_rs::changer::commands] 移动完成
[2026-09-27T03:50:51Z INFO  tape_rs::daemon::executor] 执行线程: 为读取装载 SR2501L8 -> IBMtaper2287 (/dev/sg10)
[2026-09-27T03:50:51Z INFO  tape_rs::changer::commands] 移动介质: 从 0x0407 到 0x0100
[2026-09-27T03:50:51Z INFO  tape_rs::changer::commands] 移动完成
[2026-09-27T03:50:51Z WARN  tape_rs::scsi::transport] TEST UNIT READY: UNIT ATTENTION asc=0x28 ascq=0x00，重发（第 1 次）
[2026-09-27T03:50:51Z WARN  tape_rs::scsi::transport] TEST UNIT READY: UNIT ATTENTION asc=0x28 ascq=0x00，重发（第 2 次）
[2026-09-27T03:50:51Z INFO  tape_rs::tape::commands] 定位到 partition=0, block=2
[2026-09-27T03:50:51Z INFO  tape_rs::ltfs::volume] LTFS label: version=2.4.0 uuid=f5483a52-3587-4069-bfe1-8ed56a8f0868 blocksize=524288 compression=false
[2026-09-27T03:50:51Z INFO  tape_rs::tape::commands] 定位到 partition=1, block=0
[2026-09-27T03:50:51Z INFO  tape_rs::tape::commands] 定位到 partition=1, block=19
[2026-09-27T03:50:51Z INFO  tape_rs::ltfs::recovery] 分区 1 VCI 快速路径命中 gen=5 @ 19..20
[2026-09-27T03:50:51Z INFO  tape_rs::tape::commands] 定位到 partition=0, block=0
[2026-09-27T03:50:51Z INFO  tape_rs::tape::commands] 定位到 partition=0, block=5
[2026-09-27T03:50:51Z INFO  tape_rs::ltfs::recovery] 分区 0 VCI 快速路径命中 gen=5 @ 5..6
[2026-09-27T03:50:51Z INFO  tape_rs::tape::commands] 定位到 partition=1, block=8
[2026-09-27T03:50:51Z INFO  tape_rs::tape::commands] 定位到 partition=1, block=5
[2026-09-27T03:50:51Z INFO  tape_rs::tape::commands] 定位到 partition=1, block=21
[2026-09-27T03:50:51Z INFO  tape_rs::ltfs::volume] index gen=5 highest_uid=20 (dp_tail=Complete, ip_tail=Complete, writable=true)
[2026-09-27T03:50:51Z INFO  tape_rs::tape::commands] 定位到 partition=1, block=10
[2026-09-27T03:50:51Z INFO  tape_rs::daemon::node] SR2501L8 目录停在第 4 代，磁带是第 5 代：以磁带为准重写该带的目录
[2026-09-27T03:50:51Z INFO  tape_rs::ltfs::volume] 读取 sr/links/target: 24 字节
[2026-09-27T03:50:51Z INFO  tape_rs::tape::commands] 弹出磁带...
[2026-09-27T03:50:51Z INFO  tape_rs::tape::commands] 弹出完成
[2026-09-27T03:50:51Z INFO  tape_rs::daemon::executor] 执行线程: 卸带 SR2501L8 -> 槽位 0x0407
[2026-09-27T03:50:51Z INFO  tape_rs::changer::commands] 移动介质: 从 0x0100 到 0x0407
[2026-09-27T03:50:51Z INFO  tape_rs::changer::commands] 移动完成
[2026-09-27T03:50:51Z INFO  tape_rs::daemon::executor] 执行线程: 装载 SR2501L8 (槽位 0x0407) -> 驱动器 IBMtaper2287 (/dev/sg10)
[2026-09-27T03:50:51Z INFO  tape_rs::changer::commands] 移动介质: 从 0x0407 到 0x0100
[2026-09-27T03:50:51Z INFO  tape_rs::changer::commands] 移动完成
[2026-09-27T03:50:51Z WARN  tape_rs::scsi::transport] TEST UNIT READY: UNIT ATTENTION asc=0x28 ascq=0x00，重发（第 1 次）
[2026-09-27T03:50:51Z WARN  tape_rs::scsi::transport] TEST UNIT READY: UNIT ATTENTION asc=0x28 ascq=0x00，重发（第 2 次）
[2026-09-27T03:50:51Z INFO  tape_rs::tape::commands] 定位到 partition=0, block=0
[2026-09-27T03:50:51Z INFO  tape_rs::tape::commands] 定位到 partition=0, block=2
[2026-09-27T03:50:51Z INFO  tape_rs::ltfs::volume] LTFS label: version=2.4.0 uuid=f5483a52-3587-4069-bfe1-8ed56a8f0868 blocksize=524288 compression=false
[2026-09-27T03:50:51Z INFO  tape_rs::tape::commands] 定位到 partition=1, block=0
[2026-09-27T03:50:51Z INFO  tape_rs::tape::commands] 定位到 partition=1, block=19
[2026-09-27T03:50:51Z INFO  tape_rs::ltfs::recovery] 分区 1 VCI 快速路径命中 gen=5 @ 19..20
[2026-09-27T03:50:51Z INFO  tape_rs::tape::commands] 定位到 partition=0, block=0
[2026-09-27T03:50:51Z INFO  tape_rs::tape::commands] 定位到 partition=0, block=5
[2026-09-27T03:50:51Z INFO  tape_rs::ltfs::recovery] 分区 0 VCI 快速路径命中 gen=5 @ 5..6
[2026-09-27T03:50:51Z INFO  tape_rs::tape::commands] 定位到 partition=1, block=8
[2026-09-27T03:50:51Z INFO  tape_rs::tape::commands] 定位到 partition=1, block=5
[2026-09-27T03:50:51Z INFO  tape_rs::tape::commands] 定位到 partition=1, block=21
[2026-09-27T03:50:51Z INFO  tape_rs::ltfs::volume] index gen=5 highest_uid=20 (dp_tail=Complete, ip_tail=Complete, writable=true)
[2026-09-27T03:50:51Z INFO  tape_rs::daemon::node] SR2501L8 目录停在第 5 代，磁带是第 5 代：以磁带为准重写该带的目录
[2026-09-27T03:50:51Z INFO  tape_rs::daemon::node] 轮次 152 开始服务：IBMtaper2287 (/dev/sg10) [SR2501L8]: gen=5 文件 14 个 尾部 Complete；可用 234 MiB
[2026-09-27T03:50:51Z INFO  tape_rs::tape::commands] 定位到 partition=0, block=2
[2026-09-27T03:50:51Z INFO  tape_rs::ltfs::volume] LTFS label: version=2.4.0 uuid=f5483a52-3587-4069-bfe1-8ed56a8f0868 blocksize=524288 compression=false
[2026-09-27T03:50:51Z INFO  tape_rs::tape::commands] 定位到 partition=1, block=0
[2026-09-27T03:50:51Z INFO  tape_rs::tape::commands] 定位到 partition=1, block=19
[2026-09-27T03:50:51Z INFO  tape_rs::ltfs::recovery] 分区 1 VCI 快速路径命中 gen=5 @ 19..20
[2026-09-27T03:50:51Z INFO  tape_rs::tape::commands] 定位到 partition=0, block=0
[2026-09-27T03:50:51Z INFO  tape_rs::tape::commands] 定位到 partition=0, block=5
[2026-09-27T03:50:51Z INFO  tape_rs::ltfs::recovery] 分区 0 VCI 快速路径命中 gen=5 @ 5..6
[2026-09-27T03:50:51Z INFO  tape_rs::tape::commands] 定位到 partition=1, block=8
[2026-09-27T03:50:51Z INFO  tape_rs::tape::commands] 定位到 partition=1, block=5
[2026-09-27T03:50:51Z INFO  tape_rs::tape::commands] 定位到 partition=1, block=21
[2026-09-27T03:50:51Z INFO  tape_rs::ltfs::volume] index gen=5 highest_uid=20 (dp_tail=Complete, ip_tail=Complete, writable=true)
[2026-09-27T03:50:51Z INFO  tape_rs::tape::commands] 定位到 partition=1, block=10
[2026-09-27T03:50:51Z INFO  tape_rs::ltfs::volume] 读取 sr/links/target: 24 字节
[2026-09-27T03:50:51Z INFO  tape_rs::tape::commands] 定位到 partition=0, block=2
[2026-09-27T03:50:51Z INFO  tape_rs::ltfs::volume] LTFS label: version=2.4.0 uuid=f5483a52-3587-4069-bfe1-8ed56a8f0868 blocksize=524288 compression=false
[2026-09-27T03:50:51Z INFO  tape_rs::tape::commands] 定位到 partition=1, block=0
[2026-09-27T03:50:51Z INFO  tape_rs::tape::commands] 定位到 partition=1, block=19
[2026-09-27T03:50:51Z INFO  tape_rs::ltfs::recovery] 分区 1 VCI 快速路径命中 gen=5 @ 19..20
[2026-09-27T03:50:51Z INFO  tape_rs::tape::commands] 定位到 partition=0, block=0
[2026-09-27T03:50:51Z INFO  tape_rs::tape::commands] 定位到 partition=0, block=5
[2026-09-27T03:50:51Z INFO  tape_rs::ltfs::recovery] 分区 0 VCI 快速路径命中 gen=5 @ 5..6
[2026-09-27T03:50:51Z INFO  tape_rs::tape::commands] 定位到 partition=1, block=8
[2026-09-27T03:50:51Z INFO  tape_rs::tape::commands] 定位到 partition=1, block=5
[2026-09-27T03:50:51Z INFO  tape_rs::tape::commands] 定位到 partition=1, block=21
[2026-09-27T03:50:51Z INFO  tape_rs::ltfs::volume] index gen=5 highest_uid=20 (dp_tail=Complete, ip_tail=Complete, writable=true)
[2026-09-27T03:50:51Z INFO  tape_rs::tape::commands] 定位到 partition=1, block=10
[2026-09-27T03:50:51Z INFO  tape_rs::ltfs::volume] 读取 sr/links/target: 24 字节
[2026-09-27T03:50:51Z INFO  tape_rs::tape::commands] 定位到 partition=0, block=2
[2026-09-27T03:50:51Z INFO  tape_rs::ltfs::volume] LTFS label: version=2.4.0 uuid=f5483a52-3587-4069-bfe1-8ed56a8f0868 blocksize=524288 compression=false
[2026-09-27T03:50:51Z INFO  tape_rs::tape::commands] 定位到 partition=1, block=0
[2026-09-27T03:50:51Z INFO  tape_rs::tape::commands] 定位到 partition=1, block=19
[2026-09-27T03:50:51Z INFO  tape_rs::ltfs::recovery] 分区 1 VCI 快速路径命中 gen=5 @ 19..20
[2026-09-27T03:50:51Z INFO  tape_rs::tape::commands] 定位到 partition=0, block=0
[2026-09-27T03:50:51Z INFO  tape_rs::tape::commands] 定位到 partition=0, block=5
[2026-09-27T03:50:51Z INFO  tape_rs::ltfs::recovery] 分区 0 VCI 快速路径命中 gen=5 @ 5..6
[2026-09-27T03:50:51Z INFO  tape_rs::tape::commands] 定位到 partition=1, block=8
[2026-09-27T03:50:51Z INFO  tape_rs::tape::commands] 定位到 partition=1, block=5
[2026-09-27T03:50:51Z INFO  tape_rs::tape::commands] 定位到 partition=1, block=21
[2026-09-27T03:50:51Z INFO  tape_rs::ltfs::volume] index gen=5 highest_uid=20 (dp_tail=Complete, ip_tail=Complete, writable=true)
[2026-09-27T03:50:51Z INFO  tape_rs::tape::commands] 定位到 partition=1, block=10
[2026-09-27T03:50:51Z INFO  tape_rs::ltfs::volume] 读取 sr/links/target: 24 字节
[2026-09-27T03:50:51Z INFO  tape_rs::tape::commands] 定位到 partition=0, block=2
[2026-09-27T03:50:51Z INFO  tape_rs::ltfs::volume] LTFS label: version=2.4.0 uuid=f5483a52-3587-4069-bfe1-8ed56a8f0868 blocksize=524288 compression=false
[2026-09-27T03:50:51Z INFO  tape_rs::tape::commands] 定位到 partition=1, block=0
[2026-09-27T03:50:51Z INFO  tape_rs::tape::commands] 定位到 partition=1, block=19
[2026-09-27T03:50:51Z INFO  tape_rs::ltfs::recovery] 分区 1 VCI 快速路径命中 gen=5 @ 19..20
[2026-09-27T03:50:51Z INFO  tape_rs::tape::commands] 定位到 partition=0, block=0
[2026-09-27T03:50:51Z INFO  tape_rs::tape::commands] 定位到 partition=0, block=5
[2026-09-27T03:50:51Z INFO  tape_rs::ltfs::recovery] 分区 0 VCI 快速路径命中 gen=5 @ 5..6
[2026-09-27T03:50:51Z INFO  tape_rs::tape::commands] 定位到 partition=1, block=8
[2026-09-27T03:50:51Z INFO  tape_rs::tape::commands] 定位到 partition=1, block=5
[2026-09-27T03:50:51Z INFO  tape_rs::tape::commands] 定位到 partition=1, block=21
[2026-09-27T03:50:51Z INFO  tape_rs::ltfs::volume] index gen=5 highest_uid=20 (dp_tail=Complete, ip_tail=Complete, writable=true)
[2026-09-27T03:50:51Z INFO  tape_rs::tape::commands] 定位到 partition=1, block=10
[2026-09-27T03:50:51Z INFO  tape_rs::ltfs::volume] 读取 sr/links/target: 24 字节
[2026-09-27T03:50:51Z INFO  tape_rs::tape::commands] 定位到 partition=0, block=2
[2026-09-27T03:50:51Z INFO  tape_rs::ltfs::volume] LTFS label: version=2.4.0 uuid=f5483a52-3587-4069-bfe1-8ed56a8f0868 blocksize=524288 compression=false
[2026-09-27T03:50:51Z INFO  tape_rs::tape::commands] 定位到 partition=1, block=0
[2026-09-27T03:50:51Z INFO  tape_rs::tape::commands] 定位到 partition=1, block=19
[2026-09-27T03:50:51Z INFO  tape_rs::ltfs::recovery] 分区 1 VCI 快速路径命中 gen=5 @ 19..20
[2026-09-27T03:50:51Z INFO  tape_rs::tape::commands] 定位到 partition=0, block=0
[2026-09-27T03:50:51Z INFO  tape_rs::tape::commands] 定位到 partition=0, block=5
[2026-09-27T03:50:51Z INFO  tape_rs::ltfs::recovery] 分区 0 VCI 快速路径命中 gen=5 @ 5..6
[2026-09-27T03:50:51Z INFO  tape_rs::tape::commands] 定位到 partition=1, block=8
[2026-09-27T03:50:51Z INFO  tape_rs::tape::commands] 定位到 partition=1, block=5
[2026-09-27T03:50:51Z INFO  tape_rs::tape::commands] 定位到 partition=1, block=21
[2026-09-27T03:50:51Z INFO  tape_rs::ltfs::volume] index gen=5 highest_uid=20 (dp_tail=Complete, ip_tail=Complete, writable=true)
[2026-09-27T03:50:51Z INFO  tape_rs::tape::commands] 定位到 partition=1, block=10
[2026-09-27T03:50:51Z INFO  tape_rs::ltfs::volume] 读取 sr/links/target: 24 字节
[2026-09-27T03:50:51Z INFO  tape_rs::tape::commands] 定位到 partition=0, block=2
[2026-09-27T03:50:51Z INFO  tape_rs::ltfs::volume] LTFS label: version=2.4.0 uuid=f5483a52-3587-4069-bfe1-8ed56a8f0868 blocksize=524288 compression=false
[2026-09-27T03:50:51Z INFO  tape_rs::tape::commands] 定位到 partition=1, block=0
[2026-09-27T03:50:51Z INFO  tape_rs::tape::commands] 定位到 partition=1, block=19
[2026-09-27T03:50:51Z INFO  tape_rs::ltfs::recovery] 分区 1 VCI 快速路径命中 gen=5 @ 19..20
[2026-09-27T03:50:51Z INFO  tape_rs::tape::commands] 定位到 partition=0, block=0
[2026-09-27T03:50:51Z INFO  tape_rs::tape::commands] 定位到 partition=0, block=5
[2026-09-27T03:50:51Z INFO  tape_rs::ltfs::recovery] 分区 0 VCI 快速路径命中 gen=5 @ 5..6
[2026-09-27T03:50:51Z INFO  tape_rs::tape::commands] 定位到 partition=1, block=8
[2026-09-27T03:50:51Z INFO  tape_rs::tape::commands] 定位到 partition=1, block=5
[2026-09-27T03:50:51Z INFO  tape_rs::tape::commands] 定位到 partition=1, block=21
[2026-09-27T03:50:51Z INFO  tape_rs::ltfs::volume] index gen=5 highest_uid=20 (dp_tail=Complete, ip_tail=Complete, writable=true)
[2026-09-27T03:50:51Z INFO  tape_rs::tape::commands] 定位到 partition=1, block=10
[2026-09-27T03:50:51Z INFO  tape_rs::ltfs::volume] 读取 sr/links/target: 24 字节
[2026-09-27T03:50:51Z INFO  tape_rs::tape::commands] 定位到 partition=0, block=2
[2026-09-27T03:50:51Z INFO  tape_rs::ltfs::volume] LTFS label: version=2.4.0 uuid=f5483a52-3587-4069-bfe1-8ed56a8f0868 blocksize=524288 compression=false
[2026-09-27T03:50:51Z INFO  tape_rs::tape::commands] 定位到 partition=1, block=0
[2026-09-27T03:50:51Z INFO  tape_rs::tape::commands] 定位到 partition=1, block=19
[2026-09-27T03:50:51Z INFO  tape_rs::ltfs::recovery] 分区 1 VCI 快速路径命中 gen=5 @ 19..20
[2026-09-27T03:50:51Z INFO  tape_rs::tape::commands] 定位到 partition=0, block=0
[2026-09-27T03:50:51Z INFO  tape_rs::tape::commands] 定位到 partition=0, block=5
[2026-09-27T03:50:51Z INFO  tape_rs::ltfs::recovery] 分区 0 VCI 快速路径命中 gen=5 @ 5..6
[2026-09-27T03:50:51Z INFO  tape_rs::tape::commands] 定位到 partition=1, block=8
[2026-09-27T03:50:51Z INFO  tape_rs::tape::commands] 定位到 partition=1, block=5
[2026-09-27T03:50:51Z INFO  tape_rs::tape::commands] 定位到 partition=1, block=21
[2026-09-27T03:50:51Z INFO  tape_rs::ltfs::volume] index gen=5 highest_uid=20 (dp_tail=Complete, ip_tail=Complete, writable=true)
[2026-09-27T03:50:51Z INFO  tape_rs::tape::commands] 定位到 partition=1, block=10
[2026-09-27T03:50:51Z INFO  tape_rs::ltfs::volume] 读取 sr/links/target: 24 字节
[2026-09-27T03:50:51Z INFO  tape_rs::tape::commands] 定位到 partition=0, block=2
[2026-09-27T03:50:51Z INFO  tape_rs::ltfs::volume] LTFS label: version=2.4.0 uuid=f5483a52-3587-4069-bfe1-8ed56a8f0868 blocksize=524288 compression=false
[2026-09-27T03:50:51Z INFO  tape_rs::tape::commands] 定位到 partition=1, block=0
[2026-09-27T03:50:51Z INFO  tape_rs::tape::commands] 定位到 partition=1, block=19
[2026-09-27T03:50:51Z INFO  tape_rs::ltfs::recovery] 分区 1 VCI 快速路径命中 gen=5 @ 19..20
[2026-09-27T03:50:51Z INFO  tape_rs::tape::commands] 定位到 partition=0, block=0
[2026-09-27T03:50:51Z INFO  tape_rs::tape::commands] 定位到 partition=0, block=5
[2026-09-27T03:50:51Z INFO  tape_rs::ltfs::recovery] 分区 0 VCI 快速路径命中 gen=5 @ 5..6
[2026-09-27T03:50:51Z INFO  tape_rs::tape::commands] 定位到 partition=1, block=8
[2026-09-27T03:50:51Z INFO  tape_rs::tape::commands] 定位到 partition=1, block=5
[2026-09-27T03:50:51Z INFO  tape_rs::tape::commands] 定位到 partition=1, block=21
[2026-09-27T03:50:51Z INFO  tape_rs::ltfs::volume] index gen=5 highest_uid=20 (dp_tail=Complete, ip_tail=Complete, writable=true)
[2026-09-27T03:50:51Z INFO  tape_rs::tape::commands] 定位到 partition=1, block=11
[2026-09-27T03:50:51Z INFO  tape_rs::ltfs::volume] 读取 sr/seed: 13 字节
[2026-09-27T03:51:39Z INFO  tape_rs::tape::commands] 定位到 partition=0, block=2
[2026-09-27T03:51:39Z INFO  tape_rs::ltfs::volume] LTFS label: version=2.4.0 uuid=f5483a52-3587-4069-bfe1-8ed56a8f0868 blocksize=524288 compression=false
[2026-09-27T03:51:39Z INFO  tape_rs::tape::commands] 定位到 partition=1, block=0
[2026-09-27T03:51:39Z INFO  tape_rs::tape::commands] 定位到 partition=1, block=19
[2026-09-27T03:51:39Z INFO  tape_rs::ltfs::recovery] 分区 1 VCI 快速路径命中 gen=5 @ 19..20
[2026-09-27T03:51:39Z INFO  tape_rs::tape::commands] 定位到 partition=0, block=0
[2026-09-27T03:51:39Z INFO  tape_rs::tape::commands] 定位到 partition=0, block=5
[2026-09-27T03:51:39Z INFO  tape_rs::ltfs::recovery] 分区 0 VCI 快速路径命中 gen=5 @ 5..6
[2026-09-27T03:51:39Z INFO  tape_rs::tape::commands] 定位到 partition=1, block=8
[2026-09-27T03:51:39Z INFO  tape_rs::tape::commands] 定位到 partition=1, block=5
[2026-09-27T03:51:39Z INFO  tape_rs::tape::commands] 定位到 partition=1, block=21
[2026-09-27T03:51:39Z INFO  tape_rs::ltfs::volume] index gen=5 highest_uid=20 (dp_tail=Complete, ip_tail=Complete, writable=true)
[2026-09-27T03:51:39Z INFO  tape_rs::tape::commands] 定位到 partition=1, block=21
[2026-09-27T03:51:39Z INFO  tape_rs::ltfs::volume] 追加 .tapers/deleted/61ea58b92812291b53920248350ec5a4411b67d96d9db3cf92101f2a8e44e7b6: 0 字节 @ P1 block 21
[2026-09-27T03:51:39Z INFO  tape_rs::tape::commands] 定位到 partition=1, block=21
[2026-09-27T03:51:39Z INFO  tape_rs::ltfs::volume] commit: gen 6 @ P0 5, P1 22
[2026-09-27T03:51:39Z INFO  tape_rs::daemon::executor] 执行线程: 已提交 1 个文件，索引 gen=6
[2026-09-27T03:52:02Z INFO  ltfsd] 收到停机信号，正在计划停机（再按一次直接退出）
[2026-09-27T03:52:02Z INFO  tape_rs::daemon::executor] 执行线程: 轮次 152 计划停机
[2026-09-27T03:52:02Z INFO  tape_rs::tape::commands] 定位到 partition=0, block=2
[2026-09-27T03:52:02Z INFO  tape_rs::ltfs::volume] LTFS label: version=2.4.0 uuid=f5483a52-3587-4069-bfe1-8ed56a8f0868 blocksize=524288 compression=false
[2026-09-27T03:52:02Z INFO  tape_rs::tape::commands] 定位到 partition=1, block=0
[2026-09-27T03:52:02Z INFO  tape_rs::tape::commands] 定位到 partition=1, block=22
[2026-09-27T03:52:02Z INFO  tape_rs::ltfs::recovery] 分区 1 VCI 快速路径命中 gen=6 @ 22..23
[2026-09-27T03:52:02Z INFO  tape_rs::tape::commands] 定位到 partition=0, block=0
[2026-09-27T03:52:02Z INFO  tape_rs::tape::commands] 定位到 partition=0, block=5
[2026-09-27T03:52:02Z INFO  tape_rs::ltfs::recovery] 分区 0 VCI 快速路径命中 gen=5 @ 5..6
[2026-09-27T03:52:02Z INFO  tape_rs::tape::commands] 定位到 partition=1, block=19
[2026-09-27T03:52:02Z INFO  tape_rs::tape::commands] 定位到 partition=1, block=19
[2026-09-27T03:52:02Z INFO  tape_rs::tape::commands] 定位到 partition=1, block=8
[2026-09-27T03:52:02Z INFO  tape_rs::tape::commands] 定位到 partition=1, block=5
[2026-09-27T03:52:02Z INFO  tape_rs::tape::commands] 定位到 partition=1, block=24
[2026-09-27T03:52:02Z INFO  tape_rs::ltfs::volume] index gen=6 highest_uid=21 (dp_tail=Complete, ip_tail=Complete, writable=true)
[2026-09-27T03:52:02Z INFO  tape_rs::tape::commands] 定位到 partition=1, block=24
[2026-09-27T03:52:02Z INFO  tape_rs::tape::commands] 定位到 partition=0, block=4
[2026-09-27T03:52:03Z INFO  tape_rs::ltfs::volume] commit: gen 7 @ P0 5, P1 25
[2026-09-27T03:52:03Z INFO  tape_rs::tape::commands] 弹出磁带...
[2026-09-27T03:52:03Z INFO  tape_rs::tape::commands] 弹出完成
[2026-09-27T03:52:03Z INFO  tape_rs::daemon::executor] 执行线程: IBMtaper2287_LL3 (/dev/sg8) 的预留已释放
[2026-09-27T03:52:03Z INFO  tape_rs::daemon::executor] 执行线程: IBMtaper2287 (/dev/sg10) 的预留已释放
[2026-09-27T03:52:03Z INFO  tape_rs::daemon::node] 节点 2 停机
