[2026-09-27T06:41:31Z INFO  tape_rs::changer::commands] 移动介质: 从 0x040a 到 0x0101
[2026-09-27T06:41:31Z INFO  tape_rs::changer::commands] 移动完成
[2026-09-27T06:41:31Z INFO  tape_rs::tape::commands] 装载磁带...
[2026-09-27T06:41:31Z WARN  tape_rs::scsi::transport] LOAD: UNIT ATTENTION asc=0x28 ascq=0x00，重发（第 1 次）
[2026-09-27T06:41:31Z WARN  tape_rs::scsi::transport] LOAD: UNIT ATTENTION asc=0x28 ascq=0x00，重发（第 2 次）
[2026-09-27T06:41:31Z INFO  tape_rs::tape::commands] 装载完成
{"interface": "rust-library", "kind": "load", "barcode": "PF2701L08", "move_seconds": 0.003321334021165967, "total_seconds": 0.056329081999138, "wall_time": 1790491291.8060527}
{"interface": "rust-library", "kind": "resource", "mode": "write", "group": "large", "maxrss_kib": 7172, "user_seconds": 0.606143, "system_seconds": 0.31898899999999997, "wall_seconds": 1.8946725009009242, "wall_time": 1790491293.7010832}
{"bytes": 33554432, "commit_seconds": 0.754217651, "count": 4, "data_seconds": 0.404537739, "generation": 2, "group": "large", "interface": "rust-library", "kind": "write", "mixed_reads": 0, "mount_seconds": 0.00665306, "total_seconds": 1.158761016, "wall_time": 1790491293.701264}
{"interface": "rust-library", "kind": "resource", "mode": "write", "group": "small", "maxrss_kib": 7952, "user_seconds": 0.236484, "system_seconds": 0.330604, "wall_seconds": 1.5876130550168455, "wall_time": 1790491295.2890327}
{"bytes": 1048576, "commit_seconds": 0.851297519, "count": 256, "data_seconds": 0.181049725, "generation": 3, "group": "small", "interface": "rust-library", "kind": "write", "mixed_reads": 0, "mount_seconds": 0.007945061, "total_seconds": 1.032354647, "wall_time": 1790491295.2892733}
{"interface": "rust-library", "kind": "resource", "mode": "list", "group": "large", "maxrss_kib": 7584, "user_seconds": 0.252081, "system_seconds": 0.283845, "wall_seconds": 0.5509910671971738, "wall_time": 1790491295.8404856}
{"count": 4, "group": "large", "interface": "rust-library", "kind": "list", "mount_seconds": 0.017430286, "samples_ms": [0.002221, 0.000629, 0.000276, 0.00024400000000000002, 0.00023799999999999998, 0.00022700000000000002, 0.00021, 0.000212, 0.000212, 0.000232], "wall_time": 1790491295.840836}
{"interface": "rust-library", "kind": "resource", "mode": "list", "group": "small", "maxrss_kib": 7720, "user_seconds": 0.221628, "system_seconds": 0.33704999999999996, "wall_seconds": 0.5735999539028853, "wall_time": 1790491296.414686}
{"count": 256, "group": "small", "interface": "rust-library", "kind": "list", "mount_seconds": 0.017234326, "samples_ms": [0.010516000000000001, 0.010023, 0.009691, 0.009583, 0.009184000000000001, 0.009186, 0.009358, 0.009231, 0.009352, 0.009249], "wall_time": 1790491296.4153237}
{"interface": "rust-library", "kind": "resource", "mode": "write", "group": "growth", "maxrss_kib": 20920, "user_seconds": 0.381926, "system_seconds": 0.40641499999999997, "wall_seconds": 2.8906204600352794, "wall_time": 1790491299.3064814}
{"bytes": 160000, "commit_seconds": 0.801795324, "count": 2500, "data_seconds": 1.477232987, "generation": 4, "group": "growth", "interface": "rust-library", "kind": "write", "mixed_reads": 0, "mount_seconds": 0.016964674, "total_seconds": 2.2790550019999998, "wall_time": 1790491299.3066955}
{"interface": "rust-library", "kind": "resource", "mode": "list", "group": "large", "maxrss_kib": 16500, "user_seconds": 0.306932, "system_seconds": 0.272234, "wall_seconds": 0.6319784389343113, "wall_time": 1790491299.9388704}
{"count": 4, "group": "large", "interface": "rust-library", "kind": "list", "mount_seconds": 0.106139711, "samples_ms": [0.002565, 0.00048400000000000006, 0.000282, 0.000265, 0.000276, 0.000294, 0.000236, 0.000236, 0.000267, 0.00025600000000000004], "wall_time": 1790491299.9391224}
{"interface": "rust-library", "kind": "resource", "mode": "list", "group": "small", "maxrss_kib": 16628, "user_seconds": 0.290495, "system_seconds": 0.298385, "wall_seconds": 0.6403627619147301, "wall_time": 1790491300.5797007}
{"count": 256, "group": "small", "interface": "rust-library", "kind": "list", "mount_seconds": 0.104012063, "samples_ms": [0.012008999999999999, 0.010392, 0.009799, 0.009616999999999999, 0.009460999999999999, 0.009464, 0.009493, 0.009476, 0.009425000000000001, 0.009645], "wall_time": 1790491300.579942}
{"interface": "rust-library", "kind": "resource", "mode": "write", "group": "continuous-00", "maxrss_kib": 29612, "user_seconds": 0.304518, "system_seconds": 0.306654, "wall_seconds": 1.5668085548095405, "wall_time": 1790491302.1469586}
{"bytes": 131072, "commit_seconds": 0.775755216, "count": 32, "data_seconds": 0.149840943, "generation": 5, "group": "continuous-00", "interface": "rust-library", "kind": "write", "mixed_reads": 0, "mount_seconds": 0.110578612, "total_seconds": 0.925606737, "wall_time": 1790491302.1472092}
{"interface": "rust-library", "kind": "resource", "mode": "write", "group": "continuous-01", "maxrss_kib": 28404, "user_seconds": 0.307707, "system_seconds": 0.323, "wall_seconds": 1.6673160057980567, "wall_time": 1790491303.8147652}
{"bytes": 131072, "commit_seconds": 0.909302807, "count": 32, "data_seconds": 0.075680472, "generation": 6, "group": "continuous-01", "interface": "rust-library", "kind": "write", "mixed_reads": 0, "mount_seconds": 0.154941673, "total_seconds": 0.984997479, "wall_time": 1790491303.8149927}
{"interface": "rust-library", "kind": "resource", "mode": "write", "group": "continuous-02", "maxrss_kib": 28548, "user_seconds": 0.33864, "system_seconds": 0.308836, "wall_seconds": 1.607225368032232, "wall_time": 1790491305.4224138}
{"bytes": 131072, "commit_seconds": 0.809650902, "count": 32, "data_seconds": 0.081623643, "generation": 7, "group": "continuous-02", "interface": "rust-library", "kind": "write", "mixed_reads": 0, "mount_seconds": 0.192711552, "total_seconds": 0.891289091, "wall_time": 1790491305.4226456}
{"interface": "rust-library", "kind": "resource", "mode": "write", "group": "continuous-03", "maxrss_kib": 30636, "user_seconds": 0.37874199999999997, "system_seconds": 0.319988, "wall_seconds": 1.8415089410264045, "wall_time": 1790491307.2643738}
{"bytes": 131072, "commit_seconds": 0.79572149, "count": 32, "data_seconds": 0.253642517, "generation": 8, "group": "continuous-03", "interface": "rust-library", "kind": "write", "mixed_reads": 0, "mount_seconds": 0.250641705, "total_seconds": 1.049379623, "wall_time": 1790491307.2645822}
{"interface": "rust-library", "kind": "resource", "mode": "write", "group": "continuous-04", "maxrss_kib": 30460, "user_seconds": 0.41262699999999997, "system_seconds": 0.311604, "wall_seconds": 1.8531373818404973, "wall_time": 1790491309.1179113}
{"bytes": 131072, "commit_seconds": 0.945731748, "count": 32, "data_seconds": 0.073464794, "generation": 9, "group": "continuous-04", "interface": "rust-library", "kind": "write", "mixed_reads": 0, "mount_seconds": 0.287439507, "total_seconds": 1.019212052, "wall_time": 1790491309.1181233}
{"interface": "rust-library", "kind": "resource", "mode": "write", "group": "continuous-05", "maxrss_kib": 30948, "user_seconds": 0.40620399999999995, "system_seconds": 0.31573599999999996, "wall_seconds": 1.9655774950515479, "wall_time": 1790491311.0838983}
{"bytes": 131072, "commit_seconds": 1.056440383, "count": 32, "data_seconds": 0.057723382, "generation": 10, "group": "continuous-05", "interface": "rust-library", "kind": "write", "mixed_reads": 0, "mount_seconds": 0.329887861, "total_seconds": 1.114178712, "wall_time": 1790491311.0841293}
{"interface": "rust-library", "kind": "resource", "mode": "write", "group": "continuous-06", "maxrss_kib": 29392, "user_seconds": 0.474026, "system_seconds": 0.31456799999999996, "wall_seconds": 1.9275109528098255, "wall_time": 1790491313.0118418}
{"bytes": 131072, "commit_seconds": 0.93336619, "count": 32, "data_seconds": 0.045646877, "generation": 11, "group": "continuous-06", "interface": "rust-library", "kind": "write", "mixed_reads": 0, "mount_seconds": 0.387656892, "total_seconds": 0.979028033, "wall_time": 1790491313.012077}
{"interface": "rust-library", "kind": "resource", "mode": "write", "group": "continuous-07", "maxrss_kib": 29016, "user_seconds": 0.457167, "system_seconds": 0.335013, "wall_seconds": 1.885389711940661, "wall_time": 1790491314.8976753}
{"bytes": 131072, "commit_seconds": 0.851726937, "count": 32, "data_seconds": 0.073404112, "generation": 12, "group": "continuous-07", "interface": "rust-library", "kind": "write", "mixed_reads": 0, "mount_seconds": 0.41957829, "total_seconds": 0.92514413, "wall_time": 1790491314.8979716}
{"interface": "rust-library", "kind": "resource", "mode": "write", "group": "continuous-08", "maxrss_kib": 31476, "user_seconds": 0.511092, "system_seconds": 0.32525899999999996, "wall_seconds": 2.6060719951055944, "wall_time": 1790491317.504245}
{"bytes": 131072, "commit_seconds": 1.532971955, "count": 32, "data_seconds": 0.044925024, "generation": 13, "group": "continuous-08", "interface": "rust-library", "kind": "write", "mixed_reads": 0, "mount_seconds": 0.452611973, "total_seconds": 1.5779108320000002, "wall_time": 1790491317.5044787}
{"interface": "rust-library", "kind": "resource", "mode": "write", "group": "continuous-09", "maxrss_kib": 29612, "user_seconds": 0.5172439999999999, "system_seconds": 0.30524999999999997, "wall_seconds": 1.997952288016677, "wall_time": 1790491319.50262}
{"bytes": 131072, "commit_seconds": 0.875566947, "count": 32, "data_seconds": 0.072024908, "generation": 14, "group": "continuous-09", "interface": "rust-library", "kind": "write", "mixed_reads": 0, "mount_seconds": 0.529536111, "total_seconds": 0.947599783, "wall_time": 1790491319.5028574}
{"interface": "rust-library", "kind": "resource", "mode": "write", "group": "continuous-10", "maxrss_kib": 29856, "user_seconds": 0.566272, "system_seconds": 0.296083, "wall_seconds": 2.2235590079799294, "wall_time": 1790491321.7266126}
{"bytes": 131072, "commit_seconds": 1.026728608, "count": 32, "data_seconds": 0.083834956, "generation": 15, "group": "continuous-10", "interface": "rust-library", "kind": "write", "mixed_reads": 0, "mount_seconds": 0.577318019, "total_seconds": 1.1105829759999999, "wall_time": 1790491321.7268531}
{"interface": "rust-library", "kind": "resource", "mode": "write", "group": "continuous-11", "maxrss_kib": 32068, "user_seconds": 0.565589, "system_seconds": 0.309983, "wall_seconds": 2.0396445179358125, "wall_time": 1790491323.7666903}
{"bytes": 131072, "commit_seconds": 0.816425653, "count": 32, "data_seconds": 0.078433112, "generation": 16, "group": "continuous-11", "interface": "rust-library", "kind": "write", "mixed_reads": 0, "mount_seconds": 0.62697897, "total_seconds": 0.894873615, "wall_time": 1790491323.7669942}
{"interface": "rust-library", "kind": "resource", "mode": "write", "group": "mixed", "maxrss_kib": 32508, "user_seconds": 1.1663540000000001, "system_seconds": 0.391308, "wall_seconds": 4.117138434899971, "wall_time": 1790491327.8843315}
{"bytes": 2097152, "commit_seconds": 1.571633308, "count": 64, "data_seconds": 1.325057224, "generation": 17, "group": "mixed", "interface": "rust-library", "kind": "write", "mixed_reads": 12, "mount_seconds": 0.671587198, "total_seconds": 2.896707988, "wall_time": 1790491327.8845437}
[2026-09-27T06:42:07Z INFO  tape_rs::tape::commands] 弹出磁带...
[2026-09-27T06:42:07Z INFO  tape_rs::tape::commands] 弹出完成
[2026-09-27T06:42:07Z INFO  tape_rs::changer::commands] 移动介质: 从 0x0101 到 0x040a
[2026-09-27T06:42:07Z INFO  tape_rs::changer::commands] 移动完成
{"interface": "rust-library", "kind": "unload", "barcode": "PF2701L08", "unthread_seconds": 0.028282593935728073, "total_seconds": 0.03313769795931876, "wall_time": 1790491327.9213054}
[2026-09-27T06:42:07Z INFO  tape_rs::changer::commands] 移动介质: 从 0x040a 到 0x0101
[2026-09-27T06:42:07Z INFO  tape_rs::changer::commands] 移动完成
[2026-09-27T06:42:07Z INFO  tape_rs::tape::commands] 装载磁带...
[2026-09-27T06:42:07Z WARN  tape_rs::scsi::transport] LOAD: UNIT ATTENTION asc=0x28 ascq=0x00，重发（第 1 次）
[2026-09-27T06:42:07Z WARN  tape_rs::scsi::transport] LOAD: UNIT ATTENTION asc=0x28 ascq=0x00，重发（第 2 次）
[2026-09-27T06:42:07Z INFO  tape_rs::tape::commands] 装载完成
{"interface": "rust-library", "kind": "load", "barcode": "PF2701L08", "move_seconds": 0.0035770218819379807, "total_seconds": 0.03464291081763804, "wall_time": 1790491327.9591134}
{"interface": "rust-library", "kind": "resource", "mode": "read", "group": "all", "maxrss_kib": 21680, "user_seconds": 1.225243, "system_seconds": 1.004336, "wall_seconds": 6.50848114490509, "wall_time": 1790491334.4678729}
{"bytes": 38433024, "count": 3208, "group": "all", "interface": "rust-library", "kind": "read", "label": "first", "mount_seconds": 0.723424291, "seconds": 2.739694599, "verified": true, "wall_time": 1790491334.4681132}
{"bytes": 38433024, "count": 3208, "group": "all", "interface": "rust-library", "kind": "read", "label": "repeat", "mount_seconds": 0.723424291, "seconds": 2.5176363459999997, "verified": true, "wall_time": 1790491334.4681578}
[2026-09-27T06:42:14Z INFO  tape_rs::tape::commands] 弹出磁带...
[2026-09-27T06:42:14Z INFO  tape_rs::tape::commands] 弹出完成
[2026-09-27T06:42:14Z INFO  tape_rs::changer::commands] 移动介质: 从 0x0101 到 0x040a
[2026-09-27T06:42:14Z INFO  tape_rs::changer::commands] 移动完成
{"interface": "rust-library", "kind": "unload", "barcode": "PF2701L08", "unthread_seconds": 0.03392420499585569, "total_seconds": 0.03763809218071401, "wall_time": 1790491334.5095115}
[2026-09-27T06:42:14Z INFO  tape_rs::changer::commands] 移动介质: 从 0x040b 到 0x0101
[2026-09-27T06:42:14Z INFO  tape_rs::changer::commands] 移动完成
[2026-09-27T06:42:14Z INFO  tape_rs::tape::commands] 装载磁带...
[2026-09-27T06:42:14Z WARN  tape_rs::scsi::transport] LOAD: UNIT ATTENTION asc=0x28 ascq=0x00，重发（第 1 次）
[2026-09-27T06:42:14Z WARN  tape_rs::scsi::transport] LOAD: UNIT ATTENTION asc=0x28 ascq=0x00，重发（第 2 次）
[2026-09-27T06:42:14Z INFO  tape_rs::tape::commands] 装载完成
{"interface": "rust-library", "kind": "load", "barcode": "PF2702L08", "move_seconds": 0.003565676975995302, "total_seconds": 0.04002134082838893, "wall_time": 1790491334.5527341}
{"interface": "rust-library", "kind": "resource", "mode": "write", "group": "switch-volume", "maxrss_kib": 5320, "user_seconds": 1.483514, "system_seconds": 0.06949799999999999, "wall_seconds": 3.323404191993177, "wall_time": 1790491337.8764641}
{"bytes": 134217728, "commit_seconds": 1.004415419, "count": 1, "data_seconds": 1.5465717620000001, "generation": 2, "group": "switch-volume", "interface": "rust-library", "kind": "write", "mixed_reads": 0, "mount_seconds": 0.006286989, "total_seconds": 2.550995613, "wall_time": 1790491337.8767042}
{"interface": "rust-library", "kind": "resource", "mode": "write", "group": "switch-read", "maxrss_kib": 5320, "user_seconds": 0.09375499999999999, "system_seconds": 0.011699, "wall_seconds": 0.9964560519438237, "wall_time": 1790491338.8733795}
{"bytes": 8388608, "commit_seconds": 0.79575865, "count": 1, "data_seconds": 0.141493472, "generation": 3, "group": "switch-read", "interface": "rust-library", "kind": "write", "mixed_reads": 0, "mount_seconds": 0.007780255, "total_seconds": 0.937266546, "wall_time": 1790491338.8736186}
[2026-09-27T06:42:18Z INFO  tape_rs::tape::commands] 弹出磁带...
[2026-09-27T06:42:18Z INFO  tape_rs::tape::commands] 弹出完成
[2026-09-27T06:42:18Z INFO  tape_rs::changer::commands] 移动介质: 从 0x0101 到 0x040b
[2026-09-27T06:42:18Z INFO  tape_rs::changer::commands] 移动完成
{"interface": "rust-library", "kind": "unload", "barcode": "PF2702L08", "unthread_seconds": 0.02684155013412237, "total_seconds": 0.03137486008927226, "wall_time": 1790491338.909464}
[2026-09-27T06:42:18Z INFO  tape_rs::changer::commands] 移动介质: 从 0x040b 到 0x0101
[2026-09-27T06:42:18Z INFO  tape_rs::changer::commands] 移动完成
[2026-09-27T06:42:18Z INFO  tape_rs::tape::commands] 装载磁带...
[2026-09-27T06:42:18Z WARN  tape_rs::scsi::transport] LOAD: UNIT ATTENTION asc=0x28 ascq=0x00，重发（第 1 次）
[2026-09-27T06:42:18Z WARN  tape_rs::scsi::transport] LOAD: UNIT ATTENTION asc=0x28 ascq=0x00，重发（第 2 次）
[2026-09-27T06:42:18Z INFO  tape_rs::tape::commands] 装载完成
{"interface": "rust-library", "kind": "load", "barcode": "PF2702L08", "move_seconds": 0.0033994182012975216, "total_seconds": 0.03462698613293469, "wall_time": 1790491338.9473255}
{"interface": "rust-library", "kind": "resource", "mode": "read", "group": "all", "maxrss_kib": 5332, "user_seconds": 1.611158, "system_seconds": 0.044073, "wall_seconds": 3.2745361640118062, "wall_time": 1790491342.2221572}
{"bytes": 142606336, "count": 2, "group": "all", "interface": "rust-library", "kind": "read", "label": "first", "mount_seconds": 0.0100407, "seconds": 1.6185863120000001, "verified": true, "wall_time": 1790491342.222411}
{"bytes": 142606336, "count": 2, "group": "all", "interface": "rust-library", "kind": "read", "label": "repeat", "mount_seconds": 0.0100407, "seconds": 1.642778042, "verified": true, "wall_time": 1790491342.2224498}
[2026-09-27T06:42:22Z INFO  tape_rs::tape::commands] 弹出磁带...
[2026-09-27T06:42:22Z INFO  tape_rs::tape::commands] 弹出完成
[2026-09-27T06:42:22Z INFO  tape_rs::changer::commands] 移动介质: 从 0x0101 到 0x040b
[2026-09-27T06:42:22Z INFO  tape_rs::changer::commands] 移动完成
{"interface": "rust-library", "kind": "unload", "barcode": "PF2702L08", "unthread_seconds": 0.30734161706641316, "total_seconds": 0.3118353160098195, "wall_time": 1790491342.537984}
[2026-09-27T06:42:22Z INFO  tape_rs::changer::commands] 移动介质: 从 0x040a 到 0x0101
[2026-09-27T06:42:22Z INFO  tape_rs::changer::commands] 移动完成
[2026-09-27T06:42:22Z INFO  tape_rs::tape::commands] 装载磁带...
[2026-09-27T06:42:22Z WARN  tape_rs::scsi::transport] LOAD: UNIT ATTENTION asc=0x28 ascq=0x00，重发（第 1 次）
[2026-09-27T06:42:22Z WARN  tape_rs::scsi::transport] LOAD: UNIT ATTENTION asc=0x28 ascq=0x00，重发（第 2 次）
[2026-09-27T06:42:22Z INFO  tape_rs::tape::commands] 装载完成
{"interface": "rust-library", "kind": "load", "barcode": "PF2701L08", "move_seconds": 0.003983536036685109, "total_seconds": 0.3272420330904424, "wall_time": 1790491342.8687727}
{"interface": "rust-library", "kind": "resource", "mode": "read", "group": "all", "maxrss_kib": 21400, "user_seconds": 0.662735, "system_seconds": 0.338404, "wall_seconds": 1.4140431869309396, "wall_time": 1790491344.2831593}
{"bytes": 8388608, "count": 1, "group": "all", "interface": "rust-library", "kind": "read", "label": "first", "mount_seconds": 0.760697917, "seconds": 0.100006573, "verified": true, "wall_time": 1790491344.2834318}
{"interface": "rust-library", "kind": "cross-tape-first-read", "cycle": 0, "barcode": "PF2701L08", "bytes": 8388608, "seconds": 2.0610191179439425, "wall_time": 1790491344.2835362}
[2026-09-27T06:42:24Z INFO  tape_rs::tape::commands] 弹出磁带...
[2026-09-27T06:42:24Z INFO  tape_rs::tape::commands] 弹出完成
[2026-09-27T06:42:24Z INFO  tape_rs::changer::commands] 移动介质: 从 0x0101 到 0x040a
[2026-09-27T06:42:24Z INFO  tape_rs::changer::commands] 移动完成
{"interface": "rust-library", "kind": "unload", "barcode": "PF2701L08", "unthread_seconds": 0.2829611049965024, "total_seconds": 0.2874537999741733, "wall_time": 1790491344.5748734}
[2026-09-27T06:42:24Z INFO  tape_rs::changer::commands] 移动介质: 从 0x040b 到 0x0101
[2026-09-27T06:42:24Z INFO  tape_rs::changer::commands] 移动完成
[2026-09-27T06:42:24Z INFO  tape_rs::tape::commands] 装载磁带...
[2026-09-27T06:42:24Z WARN  tape_rs::scsi::transport] LOAD: UNIT ATTENTION asc=0x28 ascq=0x00，重发（第 1 次）
[2026-09-27T06:42:24Z WARN  tape_rs::scsi::transport] LOAD: UNIT ATTENTION asc=0x28 ascq=0x00，重发（第 2 次）
[2026-09-27T06:42:24Z INFO  tape_rs::tape::commands] 装载完成
{"interface": "rust-library", "kind": "load", "barcode": "PF2702L08", "move_seconds": 0.0038495080079883337, "total_seconds": 0.2848215699195862, "wall_time": 1790491344.863143}
{"interface": "rust-library", "kind": "resource", "mode": "read", "group": "all", "maxrss_kib": 5340, "user_seconds": 0.047300999999999996, "system_seconds": 0.006885, "wall_seconds": 0.11809987691231072, "wall_time": 1790491344.9815774}
{"bytes": 8388608, "count": 1, "group": "all", "interface": "rust-library", "kind": "read", "label": "first", "mount_seconds": 0.010898918, "seconds": 0.103790995, "verified": true, "wall_time": 1790491344.9818363}
{"interface": "rust-library", "kind": "cross-tape-first-read", "cycle": 1, "barcode": "PF2702L08", "bytes": 8388608, "seconds": 0.6983254998922348, "wall_time": 1790491344.981909}
[2026-09-27T06:42:24Z INFO  tape_rs::tape::commands] 弹出磁带...
[2026-09-27T06:42:25Z INFO  tape_rs::tape::commands] 弹出完成
[2026-09-27T06:42:25Z INFO  tape_rs::changer::commands] 移动介质: 从 0x0101 到 0x040b
[2026-09-27T06:42:25Z INFO  tape_rs::changer::commands] 移动完成
{"interface": "rust-library", "kind": "unload", "barcode": "PF2702L08", "unthread_seconds": 0.23972473619505763, "total_seconds": 0.24442505300976336, "wall_time": 1790491345.2304}
[2026-09-27T06:42:25Z INFO  tape_rs::changer::commands] 移动介质: 从 0x040a 到 0x0101
[2026-09-27T06:42:25Z INFO  tape_rs::changer::commands] 移动完成
[2026-09-27T06:42:25Z INFO  tape_rs::tape::commands] 装载磁带...
[2026-09-27T06:42:25Z WARN  tape_rs::scsi::transport] LOAD: UNIT ATTENTION asc=0x28 ascq=0x00，重发（第 1 次）
[2026-09-27T06:42:25Z WARN  tape_rs::scsi::transport] LOAD: UNIT ATTENTION asc=0x28 ascq=0x00，重发（第 2 次）
[2026-09-27T06:42:25Z INFO  tape_rs::tape::commands] 装载完成
{"interface": "rust-library", "kind": "load", "barcode": "PF2701L08", "move_seconds": 0.003497109981253743, "total_seconds": 0.26356512983329594, "wall_time": 1790491345.4973347}
{"interface": "rust-library", "kind": "resource", "mode": "read", "group": "all", "maxrss_kib": 21208, "user_seconds": 0.665848, "system_seconds": 0.337289, "wall_seconds": 1.4053312211763114, "wall_time": 1790491346.903024}
{"bytes": 8388608, "count": 1, "group": "all", "interface": "rust-library", "kind": "read", "label": "first", "mount_seconds": 0.758303365, "seconds": 0.098722689, "verified": true, "wall_time": 1790491346.9032974}
{"interface": "rust-library", "kind": "cross-tape-first-read", "cycle": 2, "barcode": "PF2701L08", "bytes": 8388608, "seconds": 1.9214322250336409, "wall_time": 1790491346.903383}
[2026-09-27T06:42:26Z INFO  tape_rs::tape::commands] 弹出磁带...
[2026-09-27T06:42:27Z INFO  tape_rs::tape::commands] 弹出完成
[2026-09-27T06:42:27Z INFO  tape_rs::changer::commands] 移动介质: 从 0x0101 到 0x040a
[2026-09-27T06:42:27Z INFO  tape_rs::changer::commands] 移动完成
{"interface": "rust-library", "kind": "unload", "barcode": "PF2701L08", "unthread_seconds": 0.1659148361068219, "total_seconds": 0.1703950280789286, "wall_time": 1790491347.0788958}
[2026-09-27T06:42:27Z INFO  tape_rs::changer::commands] 移动介质: 从 0x040b 到 0x0101
[2026-09-27T06:42:27Z INFO  tape_rs::changer::commands] 移动完成
[2026-09-27T06:42:27Z INFO  tape_rs::tape::commands] 装载磁带...
[2026-09-27T06:42:27Z WARN  tape_rs::scsi::transport] LOAD: UNIT ATTENTION asc=0x28 ascq=0x00，重发（第 1 次）
[2026-09-27T06:42:27Z WARN  tape_rs::scsi::transport] LOAD: UNIT ATTENTION asc=0x28 ascq=0x00，重发（第 2 次）
[2026-09-27T06:42:27Z INFO  tape_rs::tape::commands] 装载完成
{"interface": "rust-library", "kind": "load", "barcode": "PF2702L08", "move_seconds": 0.0038279800210148096, "total_seconds": 0.2313873500097543, "wall_time": 1790491347.313615}
{"interface": "rust-library", "kind": "resource", "mode": "read", "group": "all", "maxrss_kib": 5348, "user_seconds": 0.046631, "system_seconds": 0.005951, "wall_seconds": 0.10477157402783632, "wall_time": 1790491347.418796}
{"bytes": 8388608, "count": 1, "group": "all", "interface": "rust-library", "kind": "read", "label": "first", "mount_seconds": 0.009558028, "seconds": 0.091867316, "verified": true, "wall_time": 1790491347.419219}
{"interface": "rust-library", "kind": "cross-tape-first-read", "cycle": 3, "barcode": "PF2702L08", "bytes": 8388608, "seconds": 0.5158628260251135, "wall_time": 1790491347.4192948}
[2026-09-27T06:42:27Z INFO  tape_rs::tape::commands] 弹出磁带...
[2026-09-27T06:42:27Z INFO  tape_rs::tape::commands] 弹出完成
[2026-09-27T06:42:27Z INFO  tape_rs::changer::commands] 移动介质: 从 0x0101 到 0x040b
[2026-09-27T06:42:27Z INFO  tape_rs::changer::commands] 移动完成
{"interface": "rust-library", "kind": "unload", "barcode": "PF2702L08", "unthread_seconds": 0.030500718159601092, "total_seconds": 0.03421243722550571, "wall_time": 1790491347.4569516}
[2026-09-27T06:42:27Z INFO  tape_rs::changer::commands] 移动介质: 从 0x040a 到 0x0101
[2026-09-27T06:42:27Z INFO  tape_rs::changer::commands] 移动完成
[2026-09-27T06:42:27Z INFO  tape_rs::tape::commands] 装载磁带...
[2026-09-27T06:42:27Z WARN  tape_rs::scsi::transport] LOAD: UNIT ATTENTION asc=0x28 ascq=0x00，重发（第 1 次）
[2026-09-27T06:42:27Z WARN  tape_rs::scsi::transport] LOAD: UNIT ATTENTION asc=0x28 ascq=0x00，重发（第 2 次）
[2026-09-27T06:42:27Z INFO  tape_rs::tape::commands] 装载完成
{"interface": "rust-library", "kind": "load", "barcode": "PF2701L08", "move_seconds": 0.003443368012085557, "total_seconds": 0.042843723902478814, "wall_time": 1790491347.5039482}
{"interface": "rust-library", "kind": "resource", "mode": "read", "group": "all", "maxrss_kib": 21176, "user_seconds": 0.64183, "system_seconds": 0.32384999999999997, "wall_seconds": 1.3199972389265895, "wall_time": 1790491348.824223}
{"bytes": 8388608, "count": 1, "group": "all", "interface": "rust-library", "kind": "read", "label": "first", "mount_seconds": 0.68728175, "seconds": 0.095481229, "verified": true, "wall_time": 1790491348.8244627}
{"interface": "rust-library", "kind": "cross-tape-first-read", "cycle": 4, "barcode": "PF2701L08", "bytes": 8388608, "seconds": 1.405200364999473, "wall_time": 1790491348.8245301}
[2026-09-27T06:42:28Z INFO  tape_rs::tape::commands] 弹出磁带...
[2026-09-27T06:42:28Z INFO  tape_rs::tape::commands] 弹出完成
[2026-09-27T06:42:28Z INFO  tape_rs::changer::commands] 移动介质: 从 0x0101 到 0x040a
[2026-09-27T06:42:28Z INFO  tape_rs::changer::commands] 移动完成
{"interface": "rust-library", "kind": "unload", "barcode": "PF2701L08", "unthread_seconds": 0.057263250229880214, "total_seconds": 0.061538941226899624, "wall_time": 1790491348.8897104}
[2026-09-27T06:42:28Z INFO  tape_rs::changer::commands] 移动介质: 从 0x040b 到 0x0101
[2026-09-27T06:42:28Z INFO  tape_rs::changer::commands] 移动完成
[2026-09-27T06:42:28Z INFO  tape_rs::tape::commands] 装载磁带...
[2026-09-27T06:42:28Z WARN  tape_rs::scsi::transport] LOAD: UNIT ATTENTION asc=0x28 ascq=0x00，重发（第 1 次）
[2026-09-27T06:42:28Z WARN  tape_rs::scsi::transport] LOAD: UNIT ATTENTION asc=0x28 ascq=0x00，重发（第 2 次）
[2026-09-27T06:42:28Z INFO  tape_rs::tape::commands] 装载完成
{"interface": "rust-library", "kind": "load", "barcode": "PF2702L08", "move_seconds": 0.0036172529216855764, "total_seconds": 0.03226918610744178, "wall_time": 1790491348.925282}
{"interface": "rust-library", "kind": "resource", "mode": "read", "group": "all", "maxrss_kib": 5348, "user_seconds": 0.046785, "system_seconds": 0.005842, "wall_seconds": 0.10443384805694222, "wall_time": 1790491349.0300024}
{"bytes": 8388608, "count": 1, "group": "all", "interface": "rust-library", "kind": "read", "label": "first", "mount_seconds": 0.010110056, "seconds": 0.091592732, "verified": true, "wall_time": 1790491349.0302052}
{"interface": "rust-library", "kind": "cross-tape-first-read", "cycle": 5, "barcode": "PF2702L08", "bytes": 8388608, "seconds": 0.20570512185804546, "wall_time": 1790491349.0302749}
[2026-09-27T06:42:29Z INFO  tape_rs::tape::commands] 弹出磁带...
[2026-09-27T06:42:29Z INFO  tape_rs::tape::commands] 弹出完成
[2026-09-27T06:42:29Z INFO  tape_rs::changer::commands] 移动介质: 从 0x0101 到 0x040b
[2026-09-27T06:42:29Z INFO  tape_rs::changer::commands] 移动完成
{"interface": "rust-library", "kind": "unload", "barcode": "PF2702L08", "unthread_seconds": 0.02625325694680214, "total_seconds": 0.0299563049338758, "wall_time": 1790491349.0639613}
{"kind": "complete", "passed": true, "wall_time": 1790491349.0640929}
