[2026-09-24T23:52:12Z INFO  tape_rs::daemon::net] 节点间通信监听 0.0.0.0:7500
[2026-09-24T23:52:12Z INFO  tape_rs::daemon::http] 客户端接口监听 0.0.0.0:7501
[2026-09-24T23:52:12Z INFO  raft::raft] switched to configuration, raft_id: 2, config: Configuration { voters: Configuration { incoming: Configuration { voters: {1, 2, 3} }, outgoing: Configuration { voters: {} } }, learners: {}, learners_next: {}, auto_leave: false }
[2026-09-24T23:52:12Z INFO  raft::raft] became follower at term 22, raft_id: 2, term: 22
[2026-09-24T23:52:12Z INFO  raft::raft] newRaft, raft_id: 2, peers: Configuration { incoming: Configuration { voters: {1, 2, 3} }, outgoing: Configuration { voters: {} } }, last term: 22, last index: 208, applied: 0, commit: 208, term: 22
[2026-09-24T23:52:12Z INFO  raft::raw_node] RawNode created with id 2., raft_id: 2, id: 2
[2026-09-24T23:52:12Z INFO  tape_rs::daemon::node] 节点 1 成为执行者，轮次 2
[2026-09-24T23:52:12Z INFO  tape_rs::daemon::node] 节点 3 成为执行者，轮次 6
[2026-09-24T23:52:12Z INFO  tape_rs::daemon::node] 节点 1 成为执行者，轮次 14
[2026-09-24T23:52:12Z INFO  tape_rs::daemon::node] 节点 3 成为执行者，轮次 26
[2026-09-24T23:52:12Z INFO  tape_rs::daemon::node] 节点 1 成为执行者，轮次 31
[2026-09-24T23:52:12Z INFO  tape_rs::daemon::node] 节点 1 成为执行者，轮次 54
[2026-09-24T23:52:12Z INFO  tape_rs::daemon::node] 节点 3 成为执行者，轮次 104
[2026-09-24T23:52:12Z INFO  tape_rs::daemon::node] 节点 3 成为执行者，轮次 119
[2026-09-24T23:52:12Z INFO  tape_rs::daemon::node] 节点 1 成为执行者，轮次 129
[2026-09-24T23:52:12Z INFO  tape_rs::daemon::node] 节点 3 成为执行者，轮次 150
[2026-09-24T23:52:12Z INFO  tape_rs::daemon::node] 节点 1 成为执行者，轮次 162
[2026-09-24T23:52:12Z INFO  tape_rs::daemon::node] 节点 3 成为执行者，轮次 177
[2026-09-24T23:52:12Z INFO  tape_rs::daemon::node] 节点 1 成为执行者，轮次 184
[2026-09-24T23:52:12Z INFO  tape_rs::daemon::node] 节点 3 成为执行者，轮次 196
[2026-09-24T23:52:12Z INFO  tape_rs::daemon::node] 节点 1 成为执行者，轮次 201
[2026-09-24T23:52:13Z INFO  raft::raft] starting a new election, raft_id: 2, term: 22
[2026-09-24T23:52:13Z INFO  raft::raft] became pre-candidate at term 22, raft_id: 2, term: 22
[2026-09-24T23:52:13Z INFO  raft::raft] broadcasting vote request, raft_id: 2, to: [1, 3], log_index: 208, log_term: 22, term: 22, type: MsgRequestPreVote
[2026-09-24T23:52:13Z INFO  raft::raft] received votes response, raft_id: 2, term: 22, type: MsgRequestPreVoteResponse, approvals: 2, rejections: 0, from: 1, vote: true
[2026-09-24T23:52:13Z INFO  raft::raft] became candidate at term 23, raft_id: 2, term: 23
[2026-09-24T23:52:13Z INFO  raft::raft] broadcasting vote request, raft_id: 2, to: [1, 3], log_index: 208, log_term: 22, term: 23, type: MsgRequestVote
[2026-09-24T23:52:13Z INFO  raft::raft] received votes response, raft_id: 2, term: 23, type: MsgRequestVoteResponse, approvals: 2, rejections: 0, from: 3, vote: true
[2026-09-24T23:52:13Z INFO  raft::raft] became leader at term 23, raft_id: 2, term: 23
[2026-09-24T23:52:13Z INFO  tape_rs::daemon::node] 本节点成为执行者，轮次 210（任期 23）
[2026-09-24T23:52:13Z INFO  tape_rs::scsi::reservation] /dev/sg8: 预留现状 generation=59 keys=[] holder=None
[2026-09-24T23:52:13Z INFO  tape_rs::daemon::executor] 执行线程: IBMtaper2287_LL3 (/dev/sg8) 已隔离（原持有者 None）
[2026-09-24T23:52:13Z INFO  tape_rs::scsi::reservation] /dev/sg10: 预留现状 generation=61 keys=[] holder=None
[2026-09-24T23:52:13Z INFO  tape_rs::daemon::executor] 执行线程: IBMtaper2287 (/dev/sg10) 已隔离（原持有者 None）
[2026-09-24T23:52:13Z INFO  tape_rs::scsi::reservation] /dev/sg11: 预留现状 generation=59 keys=[] holder=None
[2026-09-24T23:52:13Z INFO  tape_rs::daemon::executor] 执行线程: IBMtaper3D5E (/dev/sg11) 已隔离（原持有者 None）
[2026-09-24T23:52:13Z INFO  tape_rs::daemon::executor] 执行线程: 装载 RT2502L8 (槽位 0x0406) -> 驱动器 IBMtaper2287 (/dev/sg10)
[2026-09-24T23:52:13Z INFO  tape_rs::changer::commands] 移动介质: 从 0x0406 到 0x0100
[2026-09-24T23:52:13Z INFO  tape_rs::changer::commands] 移动完成
[2026-09-24T23:52:13Z WARN  tape_rs::scsi::transport] TEST UNIT READY: UNIT ATTENTION asc=0x28 ascq=0x00，重发（第 1 次）
[2026-09-24T23:52:13Z WARN  tape_rs::scsi::transport] TEST UNIT READY: UNIT ATTENTION asc=0x28 ascq=0x00，重发（第 2 次）
[2026-09-24T23:52:13Z INFO  tape_rs::tape::commands] 定位到 partition=0, block=0
[2026-09-24T23:52:13Z INFO  tape_rs::tape::commands] 定位到 partition=0, block=2
[2026-09-24T23:52:13Z INFO  tape_rs::ltfs::volume] LTFS label: version=2.4.0 uuid=26aefb84-fbc8-4c4a-a500-c85264ba2d29 blocksize=524288 compression=false
[2026-09-24T23:52:13Z INFO  tape_rs::tape::commands] 定位到 partition=1, block=0
[2026-09-24T23:52:13Z INFO  tape_rs::tape::commands] 定位到 partition=1, block=246
[2026-09-24T23:52:13Z INFO  tape_rs::ltfs::recovery] 分区 1 VCI 快速路径命中 gen=71 @ 246..247
[2026-09-24T23:52:13Z INFO  tape_rs::tape::commands] 定位到 partition=0, block=0
[2026-09-24T23:52:13Z INFO  tape_rs::tape::commands] 定位到 partition=0, block=5
[2026-09-24T23:52:13Z INFO  tape_rs::ltfs::recovery] 分区 0 VCI 快速路径命中 gen=71 @ 5..6
[2026-09-24T23:52:13Z INFO  tape_rs::tape::commands] 定位到 partition=1, block=237
[2026-09-24T23:52:13Z INFO  tape_rs::tape::commands] 定位到 partition=1, block=232
[2026-09-24T23:52:13Z INFO  tape_rs::tape::commands] 定位到 partition=1, block=223
[2026-09-24T23:52:13Z INFO  tape_rs::tape::commands] 定位到 partition=1, block=202
[2026-09-24T23:52:13Z INFO  tape_rs::tape::commands] 定位到 partition=1, block=199
[2026-09-24T23:52:13Z INFO  tape_rs::tape::commands] 定位到 partition=1, block=193
[2026-09-24T23:52:13Z INFO  tape_rs::tape::commands] 定位到 partition=1, block=184
[2026-09-24T23:52:13Z INFO  tape_rs::tape::commands] 定位到 partition=1, block=165
[2026-09-24T23:52:13Z INFO  tape_rs::tape::commands] 定位到 partition=1, block=162
[2026-09-24T23:52:13Z INFO  tape_rs::tape::commands] 定位到 partition=1, block=153
[2026-09-24T23:52:13Z INFO  tape_rs::tape::commands] 定位到 partition=1, block=130
[2026-09-24T23:52:13Z INFO  tape_rs::tape::commands] 定位到 partition=1, block=111
[2026-09-24T23:52:13Z INFO  tape_rs::tape::commands] 定位到 partition=1, block=91
[2026-09-24T23:52:13Z INFO  tape_rs::tape::commands] 定位到 partition=1, block=87
[2026-09-24T23:52:13Z INFO  tape_rs::tape::commands] 定位到 partition=1, block=75
[2026-09-24T23:52:13Z INFO  tape_rs::tape::commands] 定位到 partition=1, block=57
[2026-09-24T23:52:13Z INFO  tape_rs::tape::commands] 定位到 partition=1, block=28
[2026-09-24T23:52:13Z INFO  tape_rs::tape::commands] 定位到 partition=1, block=13
[2026-09-24T23:52:13Z INFO  tape_rs::tape::commands] 定位到 partition=1, block=8
[2026-09-24T23:52:13Z INFO  tape_rs::tape::commands] 定位到 partition=1, block=5
[2026-09-24T23:52:13Z INFO  tape_rs::tape::commands] 定位到 partition=1, block=248
[2026-09-24T23:52:13Z INFO  tape_rs::ltfs::volume] index gen=71 highest_uid=56 (dp_tail=Complete, ip_tail=Complete, writable=true)
[2026-09-24T23:52:13Z INFO  tape_rs::daemon::node] RT2502L8 目录停在第 70 代，磁带是第 71 代：以磁带为准重写该带的目录
[2026-09-24T23:52:13Z INFO  tape_rs::daemon::node] 轮次 210 开始服务：IBMtaper2287 (/dev/sg10) [RT2502L8]: gen=71 文件 26 个 尾部 Complete；可用 77 MiB
[2026-09-24T23:52:23Z INFO  tape_rs::tape::commands] 定位到 partition=0, block=2
[2026-09-24T23:52:23Z INFO  tape_rs::ltfs::volume] LTFS label: version=2.4.0 uuid=26aefb84-fbc8-4c4a-a500-c85264ba2d29 blocksize=524288 compression=false
[2026-09-24T23:52:23Z INFO  tape_rs::tape::commands] 定位到 partition=1, block=0
[2026-09-24T23:52:23Z INFO  tape_rs::tape::commands] 定位到 partition=1, block=246
[2026-09-24T23:52:23Z INFO  tape_rs::ltfs::recovery] 分区 1 VCI 快速路径命中 gen=71 @ 246..247
[2026-09-24T23:52:23Z INFO  tape_rs::tape::commands] 定位到 partition=0, block=0
[2026-09-24T23:52:23Z INFO  tape_rs::tape::commands] 定位到 partition=0, block=5
[2026-09-24T23:52:23Z INFO  tape_rs::ltfs::recovery] 分区 0 VCI 快速路径命中 gen=71 @ 5..6
[2026-09-24T23:52:23Z INFO  tape_rs::tape::commands] 定位到 partition=1, block=237
[2026-09-24T23:52:23Z INFO  tape_rs::tape::commands] 定位到 partition=1, block=232
[2026-09-24T23:52:23Z INFO  tape_rs::tape::commands] 定位到 partition=1, block=223
[2026-09-24T23:52:23Z INFO  tape_rs::tape::commands] 定位到 partition=1, block=202
[2026-09-24T23:52:23Z INFO  tape_rs::tape::commands] 定位到 partition=1, block=199
[2026-09-24T23:52:23Z INFO  tape_rs::tape::commands] 定位到 partition=1, block=193
[2026-09-24T23:52:23Z INFO  tape_rs::tape::commands] 定位到 partition=1, block=184
[2026-09-24T23:52:23Z INFO  tape_rs::tape::commands] 定位到 partition=1, block=165
[2026-09-24T23:52:23Z INFO  tape_rs::tape::commands] 定位到 partition=1, block=162
[2026-09-24T23:52:23Z INFO  tape_rs::tape::commands] 定位到 partition=1, block=153
[2026-09-24T23:52:23Z INFO  tape_rs::tape::commands] 定位到 partition=1, block=130
[2026-09-24T23:52:23Z INFO  tape_rs::tape::commands] 定位到 partition=1, block=111
[2026-09-24T23:52:23Z INFO  tape_rs::tape::commands] 定位到 partition=1, block=91
[2026-09-24T23:52:23Z INFO  tape_rs::tape::commands] 定位到 partition=1, block=87
[2026-09-24T23:52:23Z INFO  tape_rs::tape::commands] 定位到 partition=1, block=75
[2026-09-24T23:52:23Z INFO  tape_rs::tape::commands] 定位到 partition=1, block=57
[2026-09-24T23:52:23Z INFO  tape_rs::tape::commands] 定位到 partition=1, block=28
[2026-09-24T23:52:23Z INFO  tape_rs::tape::commands] 定位到 partition=1, block=13
[2026-09-24T23:52:23Z INFO  tape_rs::tape::commands] 定位到 partition=1, block=8
[2026-09-24T23:52:23Z INFO  tape_rs::tape::commands] 定位到 partition=1, block=5
[2026-09-24T23:52:23Z INFO  tape_rs::tape::commands] 定位到 partition=1, block=248
[2026-09-24T23:52:23Z INFO  tape_rs::ltfs::volume] index gen=71 highest_uid=56 (dp_tail=Complete, ip_tail=Complete, writable=true)
[2026-09-24T23:52:23Z INFO  tape_rs::tape::commands] 定位到 partition=1, block=204
[2026-09-24T23:52:23Z INFO  tape_rs::ltfs::volume] 读取 rc/xattr-fault-20260925: 26 字节
[2026-09-24T23:53:07Z INFO  tape_rs::tape::commands] 定位到 partition=0, block=2
[2026-09-24T23:53:08Z INFO  tape_rs::ltfs::volume] LTFS label: version=2.4.0 uuid=26aefb84-fbc8-4c4a-a500-c85264ba2d29 blocksize=524288 compression=false
[2026-09-24T23:53:08Z INFO  tape_rs::tape::commands] 定位到 partition=1, block=0
[2026-09-24T23:53:09Z INFO  tape_rs::tape::commands] 定位到 partition=1, block=246
[2026-09-24T23:53:10Z INFO  tape_rs::ltfs::recovery] 分区 1 VCI 快速路径命中 gen=71 @ 246..247
[2026-09-24T23:53:10Z INFO  tape_rs::tape::commands] 定位到 partition=0, block=0
[2026-09-24T23:53:10Z INFO  tape_rs::tape::commands] 定位到 partition=0, block=5
[2026-09-24T23:53:11Z INFO  tape_rs::ltfs::recovery] 分区 0 VCI 快速路径命中 gen=71 @ 5..6
[2026-09-24T23:53:11Z INFO  tape_rs::tape::commands] 定位到 partition=1, block=237
[2026-09-24T23:53:11Z INFO  tape_rs::tape::commands] 定位到 partition=1, block=232
[2026-09-24T23:53:12Z INFO  tape_rs::tape::commands] 定位到 partition=1, block=223
[2026-09-24T23:53:13Z INFO  tape_rs::tape::commands] 定位到 partition=1, block=202
[2026-09-24T23:53:13Z INFO  tape_rs::tape::commands] 定位到 partition=1, block=199
[2026-09-24T23:53:14Z INFO  tape_rs::tape::commands] 定位到 partition=1, block=193
[2026-09-24T23:53:14Z INFO  tape_rs::tape::commands] 定位到 partition=1, block=184
[2026-09-24T23:53:15Z INFO  tape_rs::tape::commands] 定位到 partition=1, block=165
[2026-09-24T23:53:16Z INFO  tape_rs::tape::commands] 定位到 partition=1, block=162
[2026-09-24T23:53:16Z INFO  tape_rs::tape::commands] 定位到 partition=1, block=153
[2026-09-24T23:53:17Z INFO  tape_rs::tape::commands] 定位到 partition=1, block=130
[2026-09-24T23:53:18Z INFO  tape_rs::tape::commands] 定位到 partition=1, block=111
[2026-09-24T23:53:18Z INFO  tape_rs::tape::commands] 定位到 partition=1, block=91
[2026-09-24T23:53:19Z INFO  tape_rs::tape::commands] 定位到 partition=1, block=87
[2026-09-24T23:53:19Z INFO  tape_rs::tape::commands] 定位到 partition=1, block=75
[2026-09-24T23:53:20Z INFO  tape_rs::tape::commands] 定位到 partition=1, block=57
[2026-09-24T23:53:21Z INFO  tape_rs::tape::commands] 定位到 partition=1, block=28
[2026-09-24T23:53:21Z INFO  tape_rs::tape::commands] 定位到 partition=1, block=13
[2026-09-24T23:53:22Z INFO  tape_rs::tape::commands] 定位到 partition=1, block=8
[2026-09-24T23:53:22Z INFO  tape_rs::tape::commands] 定位到 partition=1, block=5
[2026-09-24T23:53:23Z INFO  tape_rs::tape::commands] 定位到 partition=1, block=248
[2026-09-24T23:53:23Z INFO  tape_rs::ltfs::volume] index gen=71 highest_uid=56 (dp_tail=Complete, ip_tail=Complete, writable=true)
[2026-09-24T23:53:24Z INFO  tape_rs::tape::commands] 定位到 partition=1, block=248
[2026-09-24T23:53:26Z INFO  tape_rs::ltfs::volume] commit: gen 72 @ P0 5, P1 249
[2026-09-24T23:54:03Z INFO  tape_rs::daemon::net] 节点间通信监听 0.0.0.0:7500
[2026-09-24T23:54:03Z INFO  tape_rs::daemon::http] 客户端接口监听 0.0.0.0:7501
[2026-09-24T23:54:03Z INFO  raft::raft] switched to configuration, raft_id: 2, config: Configuration { voters: Configuration { incoming: Configuration { voters: {1, 2, 3} }, outgoing: Configuration { voters: {} } }, learners: {}, learners_next: {}, auto_leave: false }
[2026-09-24T23:54:03Z INFO  raft::raft] became follower at term 23, raft_id: 2, term: 23
[2026-09-24T23:54:03Z INFO  raft::raft] newRaft, raft_id: 2, peers: Configuration { incoming: Configuration { voters: {1, 2, 3} }, outgoing: Configuration { voters: {} } }, last term: 23, last index: 213, applied: 0, commit: 213, term: 23
[2026-09-24T23:54:03Z INFO  raft::raw_node] RawNode created with id 2., raft_id: 2, id: 2
[2026-09-24T23:54:03Z INFO  tape_rs::daemon::node] 节点 1 成为执行者，轮次 2
[2026-09-24T23:54:03Z INFO  tape_rs::daemon::node] 节点 3 成为执行者，轮次 6
[2026-09-24T23:54:03Z INFO  tape_rs::daemon::node] 节点 1 成为执行者，轮次 14
[2026-09-24T23:54:03Z INFO  tape_rs::daemon::node] 节点 3 成为执行者，轮次 26
[2026-09-24T23:54:03Z INFO  tape_rs::daemon::node] 节点 1 成为执行者，轮次 31
[2026-09-24T23:54:03Z INFO  tape_rs::daemon::node] 节点 1 成为执行者，轮次 54
[2026-09-24T23:54:03Z INFO  tape_rs::daemon::node] 节点 3 成为执行者，轮次 104
[2026-09-24T23:54:03Z INFO  tape_rs::daemon::node] 节点 3 成为执行者，轮次 119
[2026-09-24T23:54:03Z INFO  tape_rs::daemon::node] 节点 1 成为执行者，轮次 129
[2026-09-24T23:54:03Z INFO  tape_rs::daemon::node] 节点 3 成为执行者，轮次 150
[2026-09-24T23:54:03Z INFO  tape_rs::daemon::node] 节点 1 成为执行者，轮次 162
[2026-09-24T23:54:03Z INFO  tape_rs::daemon::node] 节点 3 成为执行者，轮次 177
[2026-09-24T23:54:03Z INFO  tape_rs::daemon::node] 节点 1 成为执行者，轮次 184
[2026-09-24T23:54:03Z INFO  tape_rs::daemon::node] 节点 3 成为执行者，轮次 196
[2026-09-24T23:54:03Z INFO  tape_rs::daemon::node] 节点 1 成为执行者，轮次 201
[2026-09-24T23:54:03Z INFO  raft::raft] received a message with higher term from 1, raft_id: 2, msg type: MsgHeartbeat, message_term: 24, term: 23, from: 1
[2026-09-24T23:54:03Z INFO  raft::raft] became follower at term 24, raft_id: 2, term: 24
[2026-09-24T23:54:03Z INFO  tape_rs::daemon::node] 节点 1 成为执行者，轮次 215
[2026-09-24T23:54:18Z INFO  ltfsd] 收到停机信号，正在计划停机（再按一次直接退出）
[2026-09-24T23:54:18Z INFO  tape_rs::daemon::node] 节点 2 停机
