[2026-09-24T23:52:12Z INFO  tape_rs::daemon::net] 节点间通信监听 0.0.0.0:7500
[2026-09-24T23:52:12Z INFO  tape_rs::daemon::http] 客户端接口监听 0.0.0.0:7501
[2026-09-24T23:52:12Z INFO  raft::raft] switched to configuration, raft_id: 3, config: Configuration { voters: Configuration { incoming: Configuration { voters: {1, 2, 3} }, outgoing: Configuration { voters: {} } }, learners: {}, learners_next: {}, auto_leave: false }
[2026-09-24T23:52:12Z INFO  raft::raft] became follower at term 21, raft_id: 3, term: 21
[2026-09-24T23:52:12Z INFO  raft::raft] newRaft, raft_id: 3, peers: Configuration { incoming: Configuration { voters: {1, 2, 3} }, outgoing: Configuration { voters: {} } }, last term: 21, last index: 199, applied: 0, commit: 199, term: 21
[2026-09-24T23:52:12Z INFO  raft::raw_node] RawNode created with id 3., raft_id: 3, id: 3
[2026-09-24T23:52:12Z INFO  tape_rs::daemon::node] 节点 1 成为执行者，轮次 2
[2026-09-24T23:52:12Z INFO  tape_rs::daemon::node] 节点 1 成为执行者，轮次 14
[2026-09-24T23:52:12Z INFO  tape_rs::daemon::node] 节点 2 成为执行者，轮次 21
[2026-09-24T23:52:12Z INFO  tape_rs::daemon::node] 节点 1 成为执行者，轮次 31
[2026-09-24T23:52:12Z INFO  tape_rs::daemon::node] 节点 1 成为执行者，轮次 54
[2026-09-24T23:52:12Z INFO  tape_rs::daemon::node] 节点 2 成为执行者，轮次 59
[2026-09-24T23:52:12Z INFO  tape_rs::daemon::node] 节点 2 成为执行者，轮次 109
[2026-09-24T23:52:12Z INFO  tape_rs::daemon::node] 节点 2 成为执行者，轮次 114
[2026-09-24T23:52:12Z INFO  tape_rs::daemon::node] 节点 2 成为执行者，轮次 124
[2026-09-24T23:52:12Z INFO  tape_rs::daemon::node] 节点 1 成为执行者，轮次 129
[2026-09-24T23:52:12Z INFO  tape_rs::daemon::node] 节点 2 成为执行者，轮次 157
[2026-09-24T23:52:12Z INFO  tape_rs::daemon::node] 节点 1 成为执行者，轮次 162
[2026-09-24T23:52:12Z INFO  tape_rs::daemon::node] 节点 1 成为执行者，轮次 184
[2026-09-24T23:52:12Z INFO  tape_rs::daemon::node] 节点 2 成为执行者，轮次 191
[2026-09-24T23:52:13Z INFO  raft::raft] [logterm: 21, index: 199, vote: 3] cast vote for 2 [logterm: 22, index: 208] at term 21, raft_id: 3, msg type: MsgRequestPreVote, term: 21, msg_index: 208, msg_term: 22, from: 2, vote: 3, log_index: 199, log_term: 21
[2026-09-24T23:52:13Z INFO  raft::raft] received a message with higher term from 2, raft_id: 3, msg type: MsgRequestVote, message_term: 23, term: 21, from: 2
[2026-09-24T23:52:13Z INFO  raft::raft] became follower at term 23, raft_id: 3, term: 23
[2026-09-24T23:52:13Z INFO  raft::raft] [logterm: 21, index: 199, vote: 0] cast vote for 2 [logterm: 22, index: 208] at term 23, raft_id: 3, msg type: MsgRequestVote, term: 23, msg_index: 208, msg_term: 22, from: 2, vote: 0, log_index: 199, log_term: 21
[2026-09-24T23:52:13Z INFO  tape_rs::daemon::node] 节点 1 成为执行者，轮次 201
[2026-09-24T23:52:13Z INFO  tape_rs::daemon::node] 节点 2 成为执行者，轮次 210
[2026-09-24T23:53:28Z INFO  raft::raft] [logterm: 23, index: 213, vote: 2] cast vote for 1 [logterm: 23, index: 213] at term 23, raft_id: 3, msg type: MsgRequestPreVote, term: 23, msg_index: 213, msg_term: 23, from: 1, vote: 2, log_index: 213, log_term: 23
[2026-09-24T23:53:28Z INFO  raft::raft] received a message with higher term from 1, raft_id: 3, msg type: MsgRequestVote, message_term: 24, term: 23, from: 1
[2026-09-24T23:53:28Z INFO  raft::raft] became follower at term 24, raft_id: 3, term: 24
[2026-09-24T23:53:28Z INFO  raft::raft] [logterm: 23, index: 213, vote: 0] cast vote for 1 [logterm: 23, index: 213] at term 24, raft_id: 3, msg type: MsgRequestVote, term: 24, msg_index: 213, msg_term: 23, from: 1, vote: 0, log_index: 213, log_term: 23
[2026-09-24T23:53:28Z INFO  tape_rs::daemon::node] 节点 1 成为执行者，轮次 215
[2026-09-24T23:54:18Z INFO  ltfsd] 收到停机信号，正在计划停机（再按一次直接退出）
[2026-09-24T23:54:18Z INFO  tape_rs::daemon::node] 节点 3 停机
