[2026-09-24T23:52:12Z INFO  tape_rs::daemon::net] 节点间通信监听 0.0.0.0:7500
[2026-09-24T23:52:12Z INFO  tape_rs::daemon::http] 客户端接口监听 0.0.0.0:7501
[2026-09-24T23:52:12Z INFO  raft::raft] switched to configuration, raft_id: 1, config: Configuration { voters: Configuration { incoming: Configuration { voters: {1, 2, 3} }, outgoing: Configuration { voters: {} } }, learners: {}, learners_next: {}, auto_leave: false }
[2026-09-24T23:52:12Z INFO  raft::raft] became follower at term 22, raft_id: 1, term: 22
[2026-09-24T23:52:12Z INFO  raft::raft] newRaft, raft_id: 1, peers: Configuration { incoming: Configuration { voters: {1, 2, 3} }, outgoing: Configuration { voters: {} } }, last term: 22, last index: 208, applied: 0, commit: 208, term: 22
[2026-09-24T23:52:12Z INFO  raft::raw_node] RawNode created with id 1., raft_id: 1, id: 1
[2026-09-24T23:52:12Z INFO  tape_rs::daemon::node] 节点 3 成为执行者，轮次 6
[2026-09-24T23:52:12Z INFO  tape_rs::daemon::node] 节点 2 成为执行者，轮次 21
[2026-09-24T23:52:12Z INFO  tape_rs::daemon::node] 节点 3 成为执行者，轮次 26
[2026-09-24T23:52:12Z INFO  tape_rs::daemon::node] 节点 2 成为执行者，轮次 59
[2026-09-24T23:52:12Z INFO  tape_rs::daemon::node] 节点 3 成为执行者，轮次 104
[2026-09-24T23:52:12Z INFO  tape_rs::daemon::node] 节点 2 成为执行者，轮次 109
[2026-09-24T23:52:12Z INFO  tape_rs::daemon::node] 节点 2 成为执行者，轮次 114
[2026-09-24T23:52:12Z INFO  tape_rs::daemon::node] 节点 3 成为执行者，轮次 119
[2026-09-24T23:52:12Z INFO  tape_rs::daemon::node] 节点 2 成为执行者，轮次 124
[2026-09-24T23:52:12Z INFO  tape_rs::daemon::node] 节点 3 成为执行者，轮次 150
[2026-09-24T23:52:12Z INFO  tape_rs::daemon::node] 节点 2 成为执行者，轮次 157
[2026-09-24T23:52:12Z INFO  tape_rs::daemon::node] 节点 3 成为执行者，轮次 177
[2026-09-24T23:52:12Z INFO  tape_rs::daemon::node] 节点 2 成为执行者，轮次 191
[2026-09-24T23:52:12Z INFO  tape_rs::daemon::node] 节点 3 成为执行者，轮次 196
[2026-09-24T23:52:13Z INFO  raft::raft] [logterm: 22, index: 208, vote: 1] cast vote for 2 [logterm: 22, index: 208] at term 22, raft_id: 1, msg type: MsgRequestPreVote, term: 22, msg_index: 208, msg_term: 22, from: 2, vote: 1, log_index: 208, log_term: 22
[2026-09-24T23:52:13Z INFO  raft::raft] received a message with higher term from 2, raft_id: 1, msg type: MsgRequestVote, message_term: 23, term: 22, from: 2
[2026-09-24T23:52:13Z INFO  raft::raft] became follower at term 23, raft_id: 1, term: 23
[2026-09-24T23:52:13Z INFO  raft::raft] [logterm: 22, index: 208, vote: 0] cast vote for 2 [logterm: 22, index: 208] at term 23, raft_id: 1, msg type: MsgRequestVote, term: 23, msg_index: 208, msg_term: 22, from: 2, vote: 0, log_index: 208, log_term: 22
[2026-09-24T23:52:13Z INFO  tape_rs::daemon::node] 节点 2 成为执行者，轮次 210
[2026-09-24T23:53:28Z INFO  raft::raft] starting a new election, raft_id: 1, term: 23
[2026-09-24T23:53:28Z INFO  raft::raft] became pre-candidate at term 23, raft_id: 1, term: 23
[2026-09-24T23:53:28Z INFO  raft::raft] broadcasting vote request, raft_id: 1, to: [2, 3], log_index: 213, log_term: 23, term: 23, type: MsgRequestPreVote
[2026-09-24T23:53:28Z INFO  raft::raft] received votes response, raft_id: 1, term: 23, type: MsgRequestPreVoteResponse, approvals: 2, rejections: 0, from: 3, vote: true
[2026-09-24T23:53:28Z INFO  raft::raft] became candidate at term 24, raft_id: 1, term: 24
[2026-09-24T23:53:28Z INFO  raft::raft] broadcasting vote request, raft_id: 1, to: [2, 3], log_index: 213, log_term: 23, term: 24, type: MsgRequestVote
[2026-09-24T23:53:28Z INFO  raft::raft] received votes response, raft_id: 1, term: 24, type: MsgRequestVoteResponse, approvals: 2, rejections: 0, from: 3, vote: true
[2026-09-24T23:53:28Z INFO  raft::raft] became leader at term 24, raft_id: 1, term: 24
[2026-09-24T23:53:28Z INFO  tape_rs::daemon::node] 本节点成为执行者，轮次 215（任期 24）
[2026-09-24T23:53:28Z INFO  tape_rs::scsi::reservation] /dev/sg9: 预留现状 generation=60 keys=[4c020000000000d2] holder=Some((4c020000000000d2, 3))
[2026-09-24T23:53:28Z INFO  tape_rs::daemon::executor] 执行线程: IBMtaper2287_LL3 (/dev/sg9) 已隔离（原持有者 Some(4c020000000000d2)）
[2026-09-24T23:53:28Z INFO  tape_rs::scsi::reservation] /dev/sg10: 预留现状 generation=62 keys=[4c020000000000d2] holder=Some((4c020000000000d2, 3))
[2026-09-24T23:53:28Z INFO  tape_rs::daemon::executor] 执行线程: IBMtaper2287 (/dev/sg10) 已隔离（原持有者 Some(4c020000000000d2)）
[2026-09-24T23:53:28Z INFO  tape_rs::scsi::reservation] /dev/sg11: 预留现状 generation=60 keys=[4c020000000000d2] holder=Some((4c020000000000d2, 3))
[2026-09-24T23:53:28Z INFO  tape_rs::daemon::executor] 执行线程: IBMtaper3D5E (/dev/sg11) 已隔离（原持有者 Some(4c020000000000d2)）
[2026-09-24T23:53:28Z INFO  tape_rs::tape::commands] 定位到 partition=0, block=0
[2026-09-24T23:53:28Z INFO  tape_rs::tape::commands] 定位到 partition=0, block=2
[2026-09-24T23:53:28Z INFO  tape_rs::ltfs::volume] LTFS label: version=2.4.0 uuid=26aefb84-fbc8-4c4a-a500-c85264ba2d29 blocksize=524288 compression=false
[2026-09-24T23:53:28Z INFO  tape_rs::tape::commands] 定位到 partition=1, block=0
[2026-09-24T23:53:28Z INFO  tape_rs::tape::commands] 定位到 partition=1, block=249
[2026-09-24T23:53:28Z INFO  tape_rs::ltfs::recovery] 分区 1 VCI 快速路径命中 gen=72 @ 249..250
[2026-09-24T23:53:28Z INFO  tape_rs::tape::commands] 定位到 partition=0, block=0
[2026-09-24T23:53:28Z INFO  tape_rs::tape::commands] 定位到 partition=0, block=5
[2026-09-24T23:53:28Z INFO  tape_rs::ltfs::recovery] 分区 0 VCI 快速路径命中 gen=71 @ 5..6
[2026-09-24T23:53:28Z INFO  tape_rs::tape::commands] 定位到 partition=1, block=246
[2026-09-24T23:53:28Z INFO  tape_rs::tape::commands] 定位到 partition=1, block=246
[2026-09-24T23:53:28Z INFO  tape_rs::tape::commands] 定位到 partition=1, block=237
[2026-09-24T23:53:28Z INFO  tape_rs::tape::commands] 定位到 partition=1, block=232
[2026-09-24T23:53:28Z INFO  tape_rs::tape::commands] 定位到 partition=1, block=223
[2026-09-24T23:53:28Z INFO  tape_rs::tape::commands] 定位到 partition=1, block=202
[2026-09-24T23:53:28Z INFO  tape_rs::tape::commands] 定位到 partition=1, block=199
[2026-09-24T23:53:28Z INFO  tape_rs::tape::commands] 定位到 partition=1, block=193
[2026-09-24T23:53:28Z INFO  tape_rs::tape::commands] 定位到 partition=1, block=184
[2026-09-24T23:53:28Z INFO  tape_rs::tape::commands] 定位到 partition=1, block=165
[2026-09-24T23:53:28Z INFO  tape_rs::tape::commands] 定位到 partition=1, block=162
[2026-09-24T23:53:28Z INFO  tape_rs::tape::commands] 定位到 partition=1, block=153
[2026-09-24T23:53:28Z INFO  tape_rs::tape::commands] 定位到 partition=1, block=130
[2026-09-24T23:53:28Z INFO  tape_rs::tape::commands] 定位到 partition=1, block=111
[2026-09-24T23:53:28Z INFO  tape_rs::tape::commands] 定位到 partition=1, block=91
[2026-09-24T23:53:28Z INFO  tape_rs::tape::commands] 定位到 partition=1, block=87
[2026-09-24T23:53:28Z INFO  tape_rs::tape::commands] 定位到 partition=1, block=75
[2026-09-24T23:53:28Z INFO  tape_rs::tape::commands] 定位到 partition=1, block=57
[2026-09-24T23:53:28Z INFO  tape_rs::tape::commands] 定位到 partition=1, block=28
[2026-09-24T23:53:28Z INFO  tape_rs::tape::commands] 定位到 partition=1, block=13
[2026-09-24T23:53:28Z INFO  tape_rs::tape::commands] 定位到 partition=1, block=8
[2026-09-24T23:53:28Z INFO  tape_rs::tape::commands] 定位到 partition=1, block=5
[2026-09-24T23:53:28Z INFO  tape_rs::tape::commands] 定位到 partition=1, block=251
[2026-09-24T23:53:28Z INFO  tape_rs::ltfs::volume] index gen=72 highest_uid=56 (dp_tail=Complete, ip_tail=Complete, writable=true)
[2026-09-24T23:53:28Z INFO  tape_rs::daemon::node] RT2502L8 目录停在第 71 代，磁带是第 72 代：以磁带为准重写该带的目录
[2026-09-24T23:53:28Z INFO  tape_rs::daemon::node] 轮次 215 开始服务：IBMtaper2287 (/dev/sg10) [RT2502L8]: gen=72 文件 26 个 尾部 Complete；可用 76 MiB
[2026-09-24T23:54:02Z INFO  tape_rs::tape::commands] 定位到 partition=0, block=2
[2026-09-24T23:54:02Z INFO  tape_rs::ltfs::volume] LTFS label: version=2.4.0 uuid=26aefb84-fbc8-4c4a-a500-c85264ba2d29 blocksize=524288 compression=false
[2026-09-24T23:54:02Z INFO  tape_rs::tape::commands] 定位到 partition=1, block=0
[2026-09-24T23:54:02Z INFO  tape_rs::tape::commands] 定位到 partition=1, block=249
[2026-09-24T23:54:02Z INFO  tape_rs::ltfs::recovery] 分区 1 VCI 快速路径命中 gen=72 @ 249..250
[2026-09-24T23:54:02Z INFO  tape_rs::tape::commands] 定位到 partition=0, block=0
[2026-09-24T23:54:02Z INFO  tape_rs::tape::commands] 定位到 partition=0, block=5
[2026-09-24T23:54:02Z INFO  tape_rs::ltfs::recovery] 分区 0 VCI 快速路径命中 gen=71 @ 5..6
[2026-09-24T23:54:02Z INFO  tape_rs::tape::commands] 定位到 partition=1, block=246
[2026-09-24T23:54:02Z INFO  tape_rs::tape::commands] 定位到 partition=1, block=246
[2026-09-24T23:54:02Z INFO  tape_rs::tape::commands] 定位到 partition=1, block=237
[2026-09-24T23:54:02Z INFO  tape_rs::tape::commands] 定位到 partition=1, block=232
[2026-09-24T23:54:02Z INFO  tape_rs::tape::commands] 定位到 partition=1, block=223
[2026-09-24T23:54:02Z INFO  tape_rs::tape::commands] 定位到 partition=1, block=202
[2026-09-24T23:54:02Z INFO  tape_rs::tape::commands] 定位到 partition=1, block=199
[2026-09-24T23:54:02Z INFO  tape_rs::tape::commands] 定位到 partition=1, block=193
[2026-09-24T23:54:02Z INFO  tape_rs::tape::commands] 定位到 partition=1, block=184
[2026-09-24T23:54:02Z INFO  tape_rs::tape::commands] 定位到 partition=1, block=165
[2026-09-24T23:54:02Z INFO  tape_rs::tape::commands] 定位到 partition=1, block=162
[2026-09-24T23:54:02Z INFO  tape_rs::tape::commands] 定位到 partition=1, block=153
[2026-09-24T23:54:02Z INFO  tape_rs::tape::commands] 定位到 partition=1, block=130
[2026-09-24T23:54:02Z INFO  tape_rs::tape::commands] 定位到 partition=1, block=111
[2026-09-24T23:54:02Z INFO  tape_rs::tape::commands] 定位到 partition=1, block=91
[2026-09-24T23:54:02Z INFO  tape_rs::tape::commands] 定位到 partition=1, block=87
[2026-09-24T23:54:02Z INFO  tape_rs::tape::commands] 定位到 partition=1, block=75
[2026-09-24T23:54:02Z INFO  tape_rs::tape::commands] 定位到 partition=1, block=57
[2026-09-24T23:54:02Z INFO  tape_rs::tape::commands] 定位到 partition=1, block=28
[2026-09-24T23:54:02Z INFO  tape_rs::tape::commands] 定位到 partition=1, block=13
[2026-09-24T23:54:02Z INFO  tape_rs::tape::commands] 定位到 partition=1, block=8
[2026-09-24T23:54:02Z INFO  tape_rs::tape::commands] 定位到 partition=1, block=5
[2026-09-24T23:54:02Z INFO  tape_rs::tape::commands] 定位到 partition=1, block=251
[2026-09-24T23:54:02Z INFO  tape_rs::ltfs::volume] index gen=72 highest_uid=56 (dp_tail=Complete, ip_tail=Complete, writable=true)
[2026-09-24T23:54:02Z INFO  tape_rs::tape::commands] 定位到 partition=1, block=204
[2026-09-24T23:54:02Z INFO  tape_rs::ltfs::volume] 读取 rc/xattr-fault-20260925: 26 字节
[2026-09-24T23:54:18Z INFO  ltfsd] 收到停机信号，正在计划停机（再按一次直接退出）
[2026-09-24T23:54:18Z INFO  tape_rs::daemon::executor] 执行线程: 轮次 215 计划停机
[2026-09-24T23:54:18Z INFO  tape_rs::tape::commands] 定位到 partition=0, block=2
[2026-09-24T23:54:18Z INFO  tape_rs::ltfs::volume] LTFS label: version=2.4.0 uuid=26aefb84-fbc8-4c4a-a500-c85264ba2d29 blocksize=524288 compression=false
[2026-09-24T23:54:18Z INFO  tape_rs::tape::commands] 定位到 partition=1, block=0
[2026-09-24T23:54:18Z INFO  tape_rs::tape::commands] 定位到 partition=1, block=249
[2026-09-24T23:54:18Z INFO  tape_rs::ltfs::recovery] 分区 1 VCI 快速路径命中 gen=72 @ 249..250
[2026-09-24T23:54:18Z INFO  tape_rs::tape::commands] 定位到 partition=0, block=0
[2026-09-24T23:54:18Z INFO  tape_rs::tape::commands] 定位到 partition=0, block=5
[2026-09-24T23:54:18Z INFO  tape_rs::ltfs::recovery] 分区 0 VCI 快速路径命中 gen=71 @ 5..6
[2026-09-24T23:54:18Z INFO  tape_rs::tape::commands] 定位到 partition=1, block=246
[2026-09-24T23:54:18Z INFO  tape_rs::tape::commands] 定位到 partition=1, block=246
[2026-09-24T23:54:18Z INFO  tape_rs::tape::commands] 定位到 partition=1, block=237
[2026-09-24T23:54:18Z INFO  tape_rs::tape::commands] 定位到 partition=1, block=232
[2026-09-24T23:54:18Z INFO  tape_rs::tape::commands] 定位到 partition=1, block=223
[2026-09-24T23:54:18Z INFO  tape_rs::tape::commands] 定位到 partition=1, block=202
[2026-09-24T23:54:18Z INFO  tape_rs::tape::commands] 定位到 partition=1, block=199
[2026-09-24T23:54:18Z INFO  tape_rs::tape::commands] 定位到 partition=1, block=193
[2026-09-24T23:54:18Z INFO  tape_rs::tape::commands] 定位到 partition=1, block=184
[2026-09-24T23:54:18Z INFO  tape_rs::tape::commands] 定位到 partition=1, block=165
[2026-09-24T23:54:18Z INFO  tape_rs::tape::commands] 定位到 partition=1, block=162
[2026-09-24T23:54:18Z INFO  tape_rs::tape::commands] 定位到 partition=1, block=153
[2026-09-24T23:54:18Z INFO  tape_rs::tape::commands] 定位到 partition=1, block=130
[2026-09-24T23:54:18Z INFO  tape_rs::tape::commands] 定位到 partition=1, block=111
[2026-09-24T23:54:18Z INFO  tape_rs::tape::commands] 定位到 partition=1, block=91
[2026-09-24T23:54:18Z INFO  tape_rs::tape::commands] 定位到 partition=1, block=87
[2026-09-24T23:54:18Z INFO  tape_rs::tape::commands] 定位到 partition=1, block=75
[2026-09-24T23:54:18Z INFO  tape_rs::tape::commands] 定位到 partition=1, block=57
[2026-09-24T23:54:18Z INFO  tape_rs::tape::commands] 定位到 partition=1, block=28
[2026-09-24T23:54:18Z INFO  tape_rs::tape::commands] 定位到 partition=1, block=13
[2026-09-24T23:54:18Z INFO  tape_rs::tape::commands] 定位到 partition=1, block=8
[2026-09-24T23:54:18Z INFO  tape_rs::tape::commands] 定位到 partition=1, block=5
[2026-09-24T23:54:18Z INFO  tape_rs::tape::commands] 定位到 partition=1, block=251
[2026-09-24T23:54:18Z INFO  tape_rs::ltfs::volume] index gen=72 highest_uid=56 (dp_tail=Complete, ip_tail=Complete, writable=true)
[2026-09-24T23:54:18Z INFO  tape_rs::tape::commands] 定位到 partition=1, block=251
[2026-09-24T23:54:18Z INFO  tape_rs::tape::commands] 定位到 partition=0, block=4
[2026-09-24T23:54:19Z INFO  tape_rs::ltfs::volume] commit: gen 73 @ P0 5, P1 252
[2026-09-24T23:54:19Z INFO  tape_rs::tape::commands] 弹出磁带...
[2026-09-24T23:54:19Z INFO  tape_rs::tape::commands] 弹出完成
[2026-09-24T23:54:19Z INFO  tape_rs::daemon::executor] 执行线程: IBMtaper2287_LL3 (/dev/sg9) 的预留已释放
[2026-09-24T23:54:19Z INFO  tape_rs::daemon::executor] 执行线程: IBMtaper2287 (/dev/sg10) 的预留已释放
[2026-09-24T23:54:19Z INFO  tape_rs::daemon::executor] 执行线程: IBMtaper3D5E (/dev/sg11) 的预留已释放
[2026-09-24T23:54:19Z INFO  tape_rs::daemon::node] 节点 1 停机
