[2026-09-24T15:11:58Z INFO  tape_rs::daemon::net] 节点间通信监听 0.0.0.0:7500
[2026-09-24T15:11:58Z INFO  tape_rs::daemon::http] 客户端接口监听 0.0.0.0:7501
[2026-09-24T15:11:58Z INFO  raft::raft] switched to configuration, raft_id: 3, config: Configuration { voters: Configuration { incoming: Configuration { voters: {1, 2, 3} }, outgoing: Configuration { voters: {} } }, learners: {}, learners_next: {}, auto_leave: false }
[2026-09-24T15:11:58Z INFO  raft::raft] became follower at term 11, raft_id: 3, term: 11
[2026-09-24T15:11:58Z INFO  raft::raft] newRaft, raft_id: 3, peers: Configuration { incoming: Configuration { voters: {1, 2, 3} }, outgoing: Configuration { voters: {} } }, last term: 11, last index: 117, applied: 0, commit: 117, term: 11
[2026-09-24T15:11:58Z INFO  raft::raw_node] RawNode created with id 3., raft_id: 3, id: 3
[2026-09-24T15:11:59Z INFO  tape_rs::daemon::node] 节点 1 成为执行者，轮次 2
[2026-09-24T15:11:59Z INFO  tape_rs::daemon::node] 节点 1 成为执行者，轮次 14
[2026-09-24T15:11:59Z INFO  tape_rs::daemon::node] 节点 2 成为执行者，轮次 21
[2026-09-24T15:11:59Z INFO  tape_rs::daemon::node] 节点 1 成为执行者，轮次 31
[2026-09-24T15:11:59Z INFO  tape_rs::daemon::node] 节点 1 成为执行者，轮次 54
[2026-09-24T15:11:59Z INFO  tape_rs::daemon::node] 节点 2 成为执行者，轮次 59
[2026-09-24T15:11:59Z INFO  tape_rs::daemon::node] 节点 2 成为执行者，轮次 109
[2026-09-24T15:11:59Z INFO  tape_rs::daemon::node] 节点 2 成为执行者，轮次 114
[2026-09-24T15:12:00Z INFO  raft::raft] starting a new election, raft_id: 3, term: 11
[2026-09-24T15:12:00Z INFO  raft::raft] became pre-candidate at term 11, raft_id: 3, term: 11
[2026-09-24T15:12:00Z INFO  raft::raft] broadcasting vote request, raft_id: 3, to: [1, 2], log_index: 117, log_term: 11, term: 11, type: MsgRequestPreVote
[2026-09-24T15:12:00Z INFO  raft::raft] received votes response, raft_id: 3, term: 11, type: MsgRequestPreVoteResponse, approvals: 2, rejections: 0, from: 1, vote: true
[2026-09-24T15:12:00Z INFO  raft::raft] became candidate at term 12, raft_id: 3, term: 12
[2026-09-24T15:12:00Z INFO  raft::raft] broadcasting vote request, raft_id: 3, to: [1, 2], log_index: 117, log_term: 11, term: 12, type: MsgRequestVote
[2026-09-24T15:12:00Z INFO  raft::raft] received votes response, raft_id: 3, term: 12, type: MsgRequestVoteResponse, approvals: 2, rejections: 0, from: 2, vote: true
[2026-09-24T15:12:00Z INFO  raft::raft] became leader at term 12, raft_id: 3, term: 12
[2026-09-24T15:12:00Z INFO  tape_rs::daemon::node] 本节点成为执行者，轮次 119（任期 12）
[2026-09-24T15:12:00Z INFO  tape_rs::scsi::reservation] /dev/sg6: 预留现状 generation=37 keys=[] holder=None
[2026-09-24T15:12:00Z INFO  tape_rs::daemon::executor] 执行线程: IBMtaper2287 (/dev/sg6) 已隔离（原持有者 None）
[2026-09-24T15:12:00Z INFO  tape_rs::scsi::reservation] /dev/sg7: 预留现状 generation=35 keys=[] holder=None
[2026-09-24T15:12:00Z INFO  tape_rs::daemon::executor] 执行线程: IBMtaper2287_LL3 (/dev/sg7) 已隔离（原持有者 None）
[2026-09-24T15:12:00Z INFO  tape_rs::scsi::reservation] /dev/sg8: 预留现状 generation=35 keys=[] holder=None
[2026-09-24T15:12:00Z INFO  tape_rs::daemon::executor] 执行线程: IBMtaper3D5E (/dev/sg8) 已隔离（原持有者 None）
[2026-09-24T15:12:00Z INFO  tape_rs::daemon::executor] 执行线程: 装载 RT2502L8 (槽位 0x0406) -> 驱动器 IBMtaper2287 (/dev/sg6)
[2026-09-24T15:12:00Z INFO  tape_rs::changer::commands] 移动介质: 从 0x0406 到 0x0100
[2026-09-24T15:12:00Z INFO  tape_rs::changer::commands] 移动完成
[2026-09-24T15:12:00Z WARN  tape_rs::scsi::transport] TEST UNIT READY: UNIT ATTENTION asc=0x28 ascq=0x00，重发（第 1 次）
[2026-09-24T15:12:00Z WARN  tape_rs::scsi::transport] TEST UNIT READY: UNIT ATTENTION asc=0x28 ascq=0x00，重发（第 2 次）
[2026-09-24T15:12:00Z INFO  tape_rs::tape::commands] 定位到 partition=0, block=0
[2026-09-24T15:12:00Z INFO  tape_rs::tape::commands] 定位到 partition=0, block=2
[2026-09-24T15:12:00Z INFO  tape_rs::ltfs::volume] LTFS label: version=2.4.0 uuid=26aefb84-fbc8-4c4a-a500-c85264ba2d29 blocksize=524288 compression=false
[2026-09-24T15:12:00Z INFO  tape_rs::tape::commands] 定位到 partition=1, block=0
[2026-09-24T15:12:00Z INFO  tape_rs::tape::commands] 定位到 partition=1, block=165
[2026-09-24T15:12:00Z INFO  tape_rs::ltfs::recovery] 分区 1 末索引 gen=46 @ 165..166
[2026-09-24T15:12:00Z INFO  tape_rs::tape::commands] 定位到 partition=0, block=0
[2026-09-24T15:12:00Z INFO  tape_rs::tape::commands] 定位到 partition=0, block=5
[2026-09-24T15:12:00Z INFO  tape_rs::ltfs::recovery] 分区 0 末索引 gen=46 @ 5..6
[2026-09-24T15:12:00Z INFO  tape_rs::tape::commands] 定位到 partition=1, block=162
[2026-09-24T15:12:00Z INFO  tape_rs::tape::commands] 定位到 partition=1, block=153
[2026-09-24T15:12:00Z INFO  tape_rs::tape::commands] 定位到 partition=1, block=130
[2026-09-24T15:12:00Z INFO  tape_rs::tape::commands] 定位到 partition=1, block=111
[2026-09-24T15:12:00Z INFO  tape_rs::tape::commands] 定位到 partition=1, block=91
[2026-09-24T15:12:00Z INFO  tape_rs::tape::commands] 定位到 partition=1, block=87
[2026-09-24T15:12:00Z INFO  tape_rs::tape::commands] 定位到 partition=1, block=75
[2026-09-24T15:12:00Z INFO  tape_rs::tape::commands] 定位到 partition=1, block=57
[2026-09-24T15:12:00Z INFO  tape_rs::tape::commands] 定位到 partition=1, block=28
[2026-09-24T15:12:00Z INFO  tape_rs::tape::commands] 定位到 partition=1, block=13
[2026-09-24T15:12:00Z INFO  tape_rs::tape::commands] 定位到 partition=1, block=8
[2026-09-24T15:12:00Z INFO  tape_rs::tape::commands] 定位到 partition=1, block=5
[2026-09-24T15:12:00Z INFO  tape_rs::tape::commands] 定位到 partition=1, block=167
[2026-09-24T15:12:00Z INFO  tape_rs::ltfs::volume] index gen=46 highest_uid=53 (dp_tail=Complete, ip_tail=Complete, writable=true)
[2026-09-24T15:12:00Z INFO  tape_rs::daemon::node] RT2502L8 目录停在第 46 代，磁带是第 46 代：以磁带为准重写该带的目录
[2026-09-24T15:12:00Z INFO  tape_rs::daemon::node] 轮次 119 开始服务：IBMtaper2287 (/dev/sg6) [RT2502L8]: gen=46 文件 24 个 尾部 Complete；可用 90 MiB
[2026-09-24T15:12:37Z INFO  tape_rs::tape::commands] 定位到 partition=0, block=2
[2026-09-24T15:12:37Z INFO  tape_rs::ltfs::volume] LTFS label: version=2.4.0 uuid=26aefb84-fbc8-4c4a-a500-c85264ba2d29 blocksize=524288 compression=false
[2026-09-24T15:12:37Z INFO  tape_rs::tape::commands] 定位到 partition=1, block=0
[2026-09-24T15:12:37Z INFO  tape_rs::tape::commands] 定位到 partition=1, block=165
[2026-09-24T15:12:37Z INFO  tape_rs::ltfs::recovery] 分区 1 末索引 gen=46 @ 165..166
[2026-09-24T15:12:37Z INFO  tape_rs::tape::commands] 定位到 partition=0, block=0
[2026-09-24T15:12:37Z INFO  tape_rs::tape::commands] 定位到 partition=0, block=5
[2026-09-24T15:12:37Z INFO  tape_rs::ltfs::recovery] 分区 0 末索引 gen=46 @ 5..6
[2026-09-24T15:12:37Z INFO  tape_rs::tape::commands] 定位到 partition=1, block=162
[2026-09-24T15:12:37Z INFO  tape_rs::tape::commands] 定位到 partition=1, block=153
[2026-09-24T15:12:37Z INFO  tape_rs::tape::commands] 定位到 partition=1, block=130
[2026-09-24T15:12:37Z INFO  tape_rs::tape::commands] 定位到 partition=1, block=111
[2026-09-24T15:12:37Z INFO  tape_rs::tape::commands] 定位到 partition=1, block=91
[2026-09-24T15:12:37Z INFO  tape_rs::tape::commands] 定位到 partition=1, block=87
[2026-09-24T15:12:37Z INFO  tape_rs::tape::commands] 定位到 partition=1, block=75
[2026-09-24T15:12:37Z INFO  tape_rs::tape::commands] 定位到 partition=1, block=57
[2026-09-24T15:12:37Z INFO  tape_rs::tape::commands] 定位到 partition=1, block=28
[2026-09-24T15:12:37Z INFO  tape_rs::tape::commands] 定位到 partition=1, block=13
[2026-09-24T15:12:37Z INFO  tape_rs::tape::commands] 定位到 partition=1, block=8
[2026-09-24T15:12:37Z INFO  tape_rs::tape::commands] 定位到 partition=1, block=5
[2026-09-24T15:12:37Z INFO  tape_rs::tape::commands] 定位到 partition=1, block=167
[2026-09-24T15:12:37Z INFO  tape_rs::ltfs::volume] index gen=46 highest_uid=53 (dp_tail=Complete, ip_tail=Complete, writable=true)
[2026-09-24T15:12:37Z INFO  tape_rs::tape::commands] 定位到 partition=1, block=34
[2026-09-24T15:12:37Z INFO  tape_rs::ltfs::volume] 读取 rc/ha-upload.bin: 4194304 字节
[2026-09-24T15:12:37Z INFO  tape_rs::tape::commands] 定位到 partition=0, block=2
[2026-09-24T15:12:37Z INFO  tape_rs::ltfs::volume] LTFS label: version=2.4.0 uuid=26aefb84-fbc8-4c4a-a500-c85264ba2d29 blocksize=524288 compression=false
[2026-09-24T15:12:37Z INFO  tape_rs::tape::commands] 定位到 partition=1, block=0
[2026-09-24T15:12:37Z INFO  tape_rs::tape::commands] 定位到 partition=1, block=165
[2026-09-24T15:12:37Z INFO  tape_rs::ltfs::recovery] 分区 1 末索引 gen=46 @ 165..166
[2026-09-24T15:12:37Z INFO  tape_rs::tape::commands] 定位到 partition=0, block=0
[2026-09-24T15:12:37Z INFO  tape_rs::tape::commands] 定位到 partition=0, block=5
[2026-09-24T15:12:37Z INFO  tape_rs::ltfs::recovery] 分区 0 末索引 gen=46 @ 5..6
[2026-09-24T15:12:37Z INFO  tape_rs::tape::commands] 定位到 partition=1, block=162
[2026-09-24T15:12:37Z INFO  tape_rs::tape::commands] 定位到 partition=1, block=153
[2026-09-24T15:12:37Z INFO  tape_rs::tape::commands] 定位到 partition=1, block=130
[2026-09-24T15:12:37Z INFO  tape_rs::tape::commands] 定位到 partition=1, block=111
[2026-09-24T15:12:37Z INFO  tape_rs::tape::commands] 定位到 partition=1, block=91
[2026-09-24T15:12:37Z INFO  tape_rs::tape::commands] 定位到 partition=1, block=87
[2026-09-24T15:12:37Z INFO  tape_rs::tape::commands] 定位到 partition=1, block=75
[2026-09-24T15:12:37Z INFO  tape_rs::tape::commands] 定位到 partition=1, block=57
[2026-09-24T15:12:37Z INFO  tape_rs::tape::commands] 定位到 partition=1, block=28
[2026-09-24T15:12:37Z INFO  tape_rs::tape::commands] 定位到 partition=1, block=13
[2026-09-24T15:12:37Z INFO  tape_rs::tape::commands] 定位到 partition=1, block=8
[2026-09-24T15:12:37Z INFO  tape_rs::tape::commands] 定位到 partition=1, block=5
[2026-09-24T15:12:37Z INFO  tape_rs::tape::commands] 定位到 partition=1, block=167
[2026-09-24T15:12:37Z INFO  tape_rs::ltfs::volume] index gen=46 highest_uid=53 (dp_tail=Complete, ip_tail=Complete, writable=true)
[2026-09-24T15:12:37Z INFO  tape_rs::tape::commands] 定位到 partition=1, block=34
[2026-09-24T15:12:37Z INFO  tape_rs::ltfs::volume] 读取 rc/ha-upload.bin: 4194304 字节
[2026-09-24T15:12:37Z INFO  tape_rs::tape::commands] 定位到 partition=0, block=2
[2026-09-24T15:12:37Z INFO  tape_rs::ltfs::volume] LTFS label: version=2.4.0 uuid=26aefb84-fbc8-4c4a-a500-c85264ba2d29 blocksize=524288 compression=false
[2026-09-24T15:12:37Z INFO  tape_rs::tape::commands] 定位到 partition=1, block=0
[2026-09-24T15:12:37Z INFO  tape_rs::tape::commands] 定位到 partition=1, block=165
[2026-09-24T15:12:37Z INFO  tape_rs::ltfs::recovery] 分区 1 末索引 gen=46 @ 165..166
[2026-09-24T15:12:37Z INFO  tape_rs::tape::commands] 定位到 partition=0, block=0
[2026-09-24T15:12:37Z INFO  tape_rs::tape::commands] 定位到 partition=0, block=5
[2026-09-24T15:12:37Z INFO  tape_rs::ltfs::recovery] 分区 0 末索引 gen=46 @ 5..6
[2026-09-24T15:12:37Z INFO  tape_rs::tape::commands] 定位到 partition=1, block=162
[2026-09-24T15:12:37Z INFO  tape_rs::tape::commands] 定位到 partition=1, block=153
[2026-09-24T15:12:37Z INFO  tape_rs::tape::commands] 定位到 partition=1, block=130
[2026-09-24T15:12:37Z INFO  tape_rs::tape::commands] 定位到 partition=1, block=111
[2026-09-24T15:12:37Z INFO  tape_rs::tape::commands] 定位到 partition=1, block=91
[2026-09-24T15:12:37Z INFO  tape_rs::tape::commands] 定位到 partition=1, block=87
[2026-09-24T15:12:37Z INFO  tape_rs::tape::commands] 定位到 partition=1, block=75
[2026-09-24T15:12:37Z INFO  tape_rs::tape::commands] 定位到 partition=1, block=57
[2026-09-24T15:12:37Z INFO  tape_rs::tape::commands] 定位到 partition=1, block=28
[2026-09-24T15:12:37Z INFO  tape_rs::tape::commands] 定位到 partition=1, block=13
[2026-09-24T15:12:37Z INFO  tape_rs::tape::commands] 定位到 partition=1, block=8
[2026-09-24T15:12:37Z INFO  tape_rs::tape::commands] 定位到 partition=1, block=5
[2026-09-24T15:12:37Z INFO  tape_rs::tape::commands] 定位到 partition=1, block=167
[2026-09-24T15:12:37Z INFO  tape_rs::ltfs::volume] index gen=46 highest_uid=53 (dp_tail=Complete, ip_tail=Complete, writable=true)
[2026-09-24T15:12:37Z INFO  tape_rs::tape::commands] 定位到 partition=1, block=34
[2026-09-24T15:12:37Z INFO  tape_rs::ltfs::volume] 读取 rc/ha-upload.bin: 4194304 字节
[2026-09-24T15:12:39Z INFO  tape_rs::tape::commands] 定位到 partition=0, block=2
[2026-09-24T15:12:39Z INFO  tape_rs::ltfs::volume] LTFS label: version=2.4.0 uuid=26aefb84-fbc8-4c4a-a500-c85264ba2d29 blocksize=524288 compression=false
[2026-09-24T15:12:39Z INFO  tape_rs::tape::commands] 定位到 partition=1, block=0
[2026-09-24T15:12:39Z INFO  tape_rs::tape::commands] 定位到 partition=1, block=165
[2026-09-24T15:12:39Z INFO  tape_rs::ltfs::recovery] 分区 1 末索引 gen=46 @ 165..166
[2026-09-24T15:12:39Z INFO  tape_rs::tape::commands] 定位到 partition=0, block=0
[2026-09-24T15:12:39Z INFO  tape_rs::tape::commands] 定位到 partition=0, block=5
[2026-09-24T15:12:39Z INFO  tape_rs::ltfs::recovery] 分区 0 末索引 gen=46 @ 5..6
[2026-09-24T15:12:39Z INFO  tape_rs::tape::commands] 定位到 partition=1, block=162
[2026-09-24T15:12:39Z INFO  tape_rs::tape::commands] 定位到 partition=1, block=153
[2026-09-24T15:12:39Z INFO  tape_rs::tape::commands] 定位到 partition=1, block=130
[2026-09-24T15:12:39Z INFO  tape_rs::tape::commands] 定位到 partition=1, block=111
[2026-09-24T15:12:39Z INFO  tape_rs::tape::commands] 定位到 partition=1, block=91
[2026-09-24T15:12:39Z INFO  tape_rs::tape::commands] 定位到 partition=1, block=87
[2026-09-24T15:12:39Z INFO  tape_rs::tape::commands] 定位到 partition=1, block=75
[2026-09-24T15:12:39Z INFO  tape_rs::tape::commands] 定位到 partition=1, block=57
[2026-09-24T15:12:39Z INFO  tape_rs::tape::commands] 定位到 partition=1, block=28
[2026-09-24T15:12:39Z INFO  tape_rs::tape::commands] 定位到 partition=1, block=13
[2026-09-24T15:12:39Z INFO  tape_rs::tape::commands] 定位到 partition=1, block=8
[2026-09-24T15:12:39Z INFO  tape_rs::tape::commands] 定位到 partition=1, block=5
[2026-09-24T15:12:39Z INFO  tape_rs::tape::commands] 定位到 partition=1, block=167
[2026-09-24T15:12:39Z INFO  tape_rs::ltfs::volume] index gen=46 highest_uid=53 (dp_tail=Complete, ip_tail=Complete, writable=true)
[2026-09-24T15:12:39Z INFO  tape_rs::tape::commands] 定位到 partition=1, block=34
[2026-09-24T15:12:39Z INFO  tape_rs::ltfs::volume] 读取 rc/ha-upload.bin: 4194304 字节
[2026-09-24T15:12:39Z INFO  tape_rs::tape::commands] 定位到 partition=0, block=2
[2026-09-24T15:12:39Z INFO  tape_rs::ltfs::volume] LTFS label: version=2.4.0 uuid=26aefb84-fbc8-4c4a-a500-c85264ba2d29 blocksize=524288 compression=false
[2026-09-24T15:12:39Z INFO  tape_rs::tape::commands] 定位到 partition=1, block=0
[2026-09-24T15:12:39Z INFO  tape_rs::tape::commands] 定位到 partition=1, block=165
[2026-09-24T15:12:39Z INFO  tape_rs::ltfs::recovery] 分区 1 末索引 gen=46 @ 165..166
[2026-09-24T15:12:39Z INFO  tape_rs::tape::commands] 定位到 partition=0, block=0
[2026-09-24T15:12:39Z INFO  tape_rs::tape::commands] 定位到 partition=0, block=5
[2026-09-24T15:12:39Z INFO  tape_rs::ltfs::recovery] 分区 0 末索引 gen=46 @ 5..6
[2026-09-24T15:12:39Z INFO  tape_rs::tape::commands] 定位到 partition=1, block=162
[2026-09-24T15:12:39Z INFO  tape_rs::tape::commands] 定位到 partition=1, block=153
[2026-09-24T15:12:39Z INFO  tape_rs::tape::commands] 定位到 partition=1, block=130
[2026-09-24T15:12:39Z INFO  tape_rs::tape::commands] 定位到 partition=1, block=111
[2026-09-24T15:12:39Z INFO  tape_rs::tape::commands] 定位到 partition=1, block=91
[2026-09-24T15:12:39Z INFO  tape_rs::tape::commands] 定位到 partition=1, block=87
[2026-09-24T15:12:39Z INFO  tape_rs::tape::commands] 定位到 partition=1, block=75
[2026-09-24T15:12:39Z INFO  tape_rs::tape::commands] 定位到 partition=1, block=57
[2026-09-24T15:12:39Z INFO  tape_rs::tape::commands] 定位到 partition=1, block=28
[2026-09-24T15:12:39Z INFO  tape_rs::tape::commands] 定位到 partition=1, block=13
[2026-09-24T15:12:39Z INFO  tape_rs::tape::commands] 定位到 partition=1, block=8
[2026-09-24T15:12:39Z INFO  tape_rs::tape::commands] 定位到 partition=1, block=5
[2026-09-24T15:12:39Z INFO  tape_rs::tape::commands] 定位到 partition=1, block=167
[2026-09-24T15:12:39Z INFO  tape_rs::ltfs::volume] index gen=46 highest_uid=53 (dp_tail=Complete, ip_tail=Complete, writable=true)
[2026-09-24T15:12:39Z INFO  tape_rs::tape::commands] 定位到 partition=1, block=34
[2026-09-24T15:12:39Z INFO  tape_rs::ltfs::volume] 读取 rc/ha-upload.bin: 4194304 字节
[2026-09-24T15:12:39Z INFO  tape_rs::tape::commands] 定位到 partition=0, block=2
[2026-09-24T15:12:39Z INFO  tape_rs::ltfs::volume] LTFS label: version=2.4.0 uuid=26aefb84-fbc8-4c4a-a500-c85264ba2d29 blocksize=524288 compression=false
[2026-09-24T15:12:39Z INFO  tape_rs::tape::commands] 定位到 partition=1, block=0
[2026-09-24T15:12:39Z INFO  tape_rs::tape::commands] 定位到 partition=1, block=165
[2026-09-24T15:12:39Z INFO  tape_rs::ltfs::recovery] 分区 1 末索引 gen=46 @ 165..166
[2026-09-24T15:12:39Z INFO  tape_rs::tape::commands] 定位到 partition=0, block=0
[2026-09-24T15:12:39Z INFO  tape_rs::tape::commands] 定位到 partition=0, block=5
[2026-09-24T15:12:39Z INFO  tape_rs::ltfs::recovery] 分区 0 末索引 gen=46 @ 5..6
[2026-09-24T15:12:39Z INFO  tape_rs::tape::commands] 定位到 partition=1, block=162
[2026-09-24T15:12:39Z INFO  tape_rs::tape::commands] 定位到 partition=1, block=153
[2026-09-24T15:12:39Z INFO  tape_rs::tape::commands] 定位到 partition=1, block=130
[2026-09-24T15:12:39Z INFO  tape_rs::tape::commands] 定位到 partition=1, block=111
[2026-09-24T15:12:39Z INFO  tape_rs::tape::commands] 定位到 partition=1, block=91
[2026-09-24T15:12:39Z INFO  tape_rs::tape::commands] 定位到 partition=1, block=87
[2026-09-24T15:12:39Z INFO  tape_rs::tape::commands] 定位到 partition=1, block=75
[2026-09-24T15:12:39Z INFO  tape_rs::tape::commands] 定位到 partition=1, block=57
[2026-09-24T15:12:39Z INFO  tape_rs::tape::commands] 定位到 partition=1, block=28
[2026-09-24T15:12:39Z INFO  tape_rs::tape::commands] 定位到 partition=1, block=13
[2026-09-24T15:12:39Z INFO  tape_rs::tape::commands] 定位到 partition=1, block=8
[2026-09-24T15:12:39Z INFO  tape_rs::tape::commands] 定位到 partition=1, block=5
[2026-09-24T15:12:39Z INFO  tape_rs::tape::commands] 定位到 partition=1, block=167
[2026-09-24T15:12:39Z INFO  tape_rs::ltfs::volume] index gen=46 highest_uid=53 (dp_tail=Complete, ip_tail=Complete, writable=true)
[2026-09-24T15:12:39Z INFO  tape_rs::tape::commands] 定位到 partition=1, block=34
[2026-09-24T15:12:39Z INFO  tape_rs::ltfs::volume] 读取 rc/ha-upload.bin: 4194304 字节
[2026-09-24T15:13:32Z INFO  tape_rs::tape::commands] 定位到 partition=0, block=2
[2026-09-24T15:13:32Z INFO  tape_rs::ltfs::volume] LTFS label: version=2.4.0 uuid=26aefb84-fbc8-4c4a-a500-c85264ba2d29 blocksize=524288 compression=false
[2026-09-24T15:13:32Z INFO  tape_rs::tape::commands] 定位到 partition=1, block=0
[2026-09-24T15:13:32Z INFO  tape_rs::tape::commands] 定位到 partition=1, block=165
[2026-09-24T15:13:32Z INFO  tape_rs::ltfs::recovery] 分区 1 末索引 gen=46 @ 165..166
[2026-09-24T15:13:32Z INFO  tape_rs::tape::commands] 定位到 partition=0, block=0
[2026-09-24T15:13:32Z INFO  tape_rs::tape::commands] 定位到 partition=0, block=5
[2026-09-24T15:13:32Z INFO  tape_rs::ltfs::recovery] 分区 0 末索引 gen=46 @ 5..6
[2026-09-24T15:13:32Z INFO  tape_rs::tape::commands] 定位到 partition=1, block=162
[2026-09-24T15:13:32Z INFO  tape_rs::tape::commands] 定位到 partition=1, block=153
[2026-09-24T15:13:32Z INFO  tape_rs::tape::commands] 定位到 partition=1, block=130
[2026-09-24T15:13:32Z INFO  tape_rs::tape::commands] 定位到 partition=1, block=111
[2026-09-24T15:13:32Z INFO  tape_rs::tape::commands] 定位到 partition=1, block=91
[2026-09-24T15:13:32Z INFO  tape_rs::tape::commands] 定位到 partition=1, block=87
[2026-09-24T15:13:32Z INFO  tape_rs::tape::commands] 定位到 partition=1, block=75
[2026-09-24T15:13:32Z INFO  tape_rs::tape::commands] 定位到 partition=1, block=57
[2026-09-24T15:13:32Z INFO  tape_rs::tape::commands] 定位到 partition=1, block=28
[2026-09-24T15:13:32Z INFO  tape_rs::tape::commands] 定位到 partition=1, block=13
[2026-09-24T15:13:32Z INFO  tape_rs::tape::commands] 定位到 partition=1, block=8
[2026-09-24T15:13:32Z INFO  tape_rs::tape::commands] 定位到 partition=1, block=5
[2026-09-24T15:13:32Z INFO  tape_rs::tape::commands] 定位到 partition=1, block=167
[2026-09-24T15:13:32Z INFO  tape_rs::ltfs::volume] index gen=46 highest_uid=53 (dp_tail=Complete, ip_tail=Complete, writable=true)
[2026-09-24T15:13:32Z INFO  tape_rs::tape::commands] 定位到 partition=1, block=34
[2026-09-24T15:13:32Z INFO  tape_rs::ltfs::volume] 读取 rc/ha-upload.bin: 4194304 字节
[2026-09-24T15:13:32Z INFO  tape_rs::tape::commands] 定位到 partition=0, block=2
[2026-09-24T15:13:32Z INFO  tape_rs::ltfs::volume] LTFS label: version=2.4.0 uuid=26aefb84-fbc8-4c4a-a500-c85264ba2d29 blocksize=524288 compression=false
[2026-09-24T15:13:32Z INFO  tape_rs::tape::commands] 定位到 partition=1, block=0
[2026-09-24T15:13:32Z INFO  tape_rs::tape::commands] 定位到 partition=1, block=165
[2026-09-24T15:13:32Z INFO  tape_rs::ltfs::recovery] 分区 1 末索引 gen=46 @ 165..166
[2026-09-24T15:13:32Z INFO  tape_rs::tape::commands] 定位到 partition=0, block=0
[2026-09-24T15:13:32Z INFO  tape_rs::tape::commands] 定位到 partition=0, block=5
[2026-09-24T15:13:32Z INFO  tape_rs::ltfs::recovery] 分区 0 末索引 gen=46 @ 5..6
[2026-09-24T15:13:32Z INFO  tape_rs::tape::commands] 定位到 partition=1, block=162
[2026-09-24T15:13:32Z INFO  tape_rs::tape::commands] 定位到 partition=1, block=153
[2026-09-24T15:13:32Z INFO  tape_rs::tape::commands] 定位到 partition=1, block=130
[2026-09-24T15:13:32Z INFO  tape_rs::tape::commands] 定位到 partition=1, block=111
[2026-09-24T15:13:32Z INFO  tape_rs::tape::commands] 定位到 partition=1, block=91
[2026-09-24T15:13:32Z INFO  tape_rs::tape::commands] 定位到 partition=1, block=87
[2026-09-24T15:13:32Z INFO  tape_rs::tape::commands] 定位到 partition=1, block=75
[2026-09-24T15:13:32Z INFO  tape_rs::tape::commands] 定位到 partition=1, block=57
[2026-09-24T15:13:32Z INFO  tape_rs::tape::commands] 定位到 partition=1, block=28
[2026-09-24T15:13:32Z INFO  tape_rs::tape::commands] 定位到 partition=1, block=13
[2026-09-24T15:13:32Z INFO  tape_rs::tape::commands] 定位到 partition=1, block=8
[2026-09-24T15:13:32Z INFO  tape_rs::tape::commands] 定位到 partition=1, block=5
[2026-09-24T15:13:32Z INFO  tape_rs::tape::commands] 定位到 partition=1, block=167
[2026-09-24T15:13:32Z INFO  tape_rs::ltfs::volume] index gen=46 highest_uid=53 (dp_tail=Complete, ip_tail=Complete, writable=true)
[2026-09-24T15:13:32Z INFO  tape_rs::tape::commands] 定位到 partition=1, block=34
[2026-09-24T15:13:32Z INFO  tape_rs::ltfs::volume] 读取 rc/ha-upload.bin: 4194304 字节
[2026-09-24T15:13:32Z INFO  tape_rs::tape::commands] 定位到 partition=0, block=2
[2026-09-24T15:13:32Z INFO  tape_rs::ltfs::volume] LTFS label: version=2.4.0 uuid=26aefb84-fbc8-4c4a-a500-c85264ba2d29 blocksize=524288 compression=false
[2026-09-24T15:13:32Z INFO  tape_rs::tape::commands] 定位到 partition=1, block=0
[2026-09-24T15:13:32Z INFO  tape_rs::tape::commands] 定位到 partition=1, block=165
[2026-09-24T15:13:32Z INFO  tape_rs::ltfs::recovery] 分区 1 末索引 gen=46 @ 165..166
[2026-09-24T15:13:32Z INFO  tape_rs::tape::commands] 定位到 partition=0, block=0
[2026-09-24T15:13:32Z INFO  tape_rs::tape::commands] 定位到 partition=0, block=5
[2026-09-24T15:13:32Z INFO  tape_rs::ltfs::recovery] 分区 0 末索引 gen=46 @ 5..6
[2026-09-24T15:13:32Z INFO  tape_rs::tape::commands] 定位到 partition=1, block=162
[2026-09-24T15:13:32Z INFO  tape_rs::tape::commands] 定位到 partition=1, block=153
[2026-09-24T15:13:32Z INFO  tape_rs::tape::commands] 定位到 partition=1, block=130
[2026-09-24T15:13:32Z INFO  tape_rs::tape::commands] 定位到 partition=1, block=111
[2026-09-24T15:13:32Z INFO  tape_rs::tape::commands] 定位到 partition=1, block=91
[2026-09-24T15:13:32Z INFO  tape_rs::tape::commands] 定位到 partition=1, block=87
[2026-09-24T15:13:32Z INFO  tape_rs::tape::commands] 定位到 partition=1, block=75
[2026-09-24T15:13:32Z INFO  tape_rs::tape::commands] 定位到 partition=1, block=57
[2026-09-24T15:13:32Z INFO  tape_rs::tape::commands] 定位到 partition=1, block=28
[2026-09-24T15:13:32Z INFO  tape_rs::tape::commands] 定位到 partition=1, block=13
[2026-09-24T15:13:32Z INFO  tape_rs::tape::commands] 定位到 partition=1, block=8
[2026-09-24T15:13:33Z INFO  tape_rs::tape::commands] 定位到 partition=1, block=5
[2026-09-24T15:13:33Z INFO  tape_rs::tape::commands] 定位到 partition=1, block=167
[2026-09-24T15:13:33Z INFO  tape_rs::ltfs::volume] index gen=46 highest_uid=53 (dp_tail=Complete, ip_tail=Complete, writable=true)
[2026-09-24T15:13:33Z INFO  tape_rs::tape::commands] 定位到 partition=1, block=34
[2026-09-24T15:13:33Z INFO  tape_rs::ltfs::volume] 读取 rc/ha-upload.bin: 4194304 字节
[2026-09-24T15:13:34Z INFO  tape_rs::tape::commands] 定位到 partition=0, block=2
[2026-09-24T15:13:53Z INFO  raft::raft] [logterm: 12, index: 122, vote: 3] ignored vote from 2 [logterm: 12, index: 122]: lease is not expired, raft_id: 3, msg type: MsgRequestPreVote, remaining ticks: 7, term: 12, msg_index: 122, msg_term: 12, from: 2, vote: 3, log_index: 122, log_term: 12
[2026-09-24T15:13:53Z INFO  raft::raft] [logterm: 12, index: 122, vote: 3] ignored vote from 2 [logterm: 12, index: 122]: lease is not expired, raft_id: 3, msg type: MsgRequestVote, remaining ticks: 6, term: 12, msg_index: 122, msg_term: 12, from: 2, vote: 3, log_index: 122, log_term: 12
[2026-09-24T15:13:53Z INFO  raft::raft] received a message with higher term from 2, raft_id: 3, msg type: MsgAppend, message_term: 13, term: 12, from: 2
[2026-09-24T15:13:53Z INFO  raft::raft] became follower at term 13, raft_id: 3, term: 13
[2026-09-24T15:13:53Z ERROR tape_rs::daemon::node] 轮次 119 放弃：读取文件失败: SCSI command failed: status=0x02, sense_key=0x06, asc=0x2a, ascq=0x05
[2026-09-24T15:13:53Z INFO  tape_rs::daemon::node] 节点 2 成为执行者，轮次 124
