   Compiling proc-macro2 v1.0.106
   Compiling unicode-ident v1.0.24
   Compiling quote v1.0.45
   Compiling cfg-if v1.0.4
   Compiling libc v0.2.189
   Compiling version_check v0.9.5
   Compiling rustversion v1.0.22
   Compiling zerocopy v0.8.48
   Compiling serde_core v1.0.228
   Compiling autocfg v1.5.0
   Compiling memchr v2.8.0
   Compiling protobuf v2.28.0
   Compiling pkg-config v0.3.33
   Compiling regex-syntax v0.8.10
   Compiling serde v1.0.228
   Compiling bytes v1.11.1
   Compiling cfg_aliases v0.2.1
   Compiling equivalent v1.0.2
   Compiling hashbrown v0.17.0
   Compiling typenum v1.20.1
   Compiling winnow v1.0.4
   Compiling utf8parse v0.2.2
   Compiling toml_datetime v1.1.1+spec-1.1.0
   Compiling find-msvc-tools v0.1.9
   Compiling shlex v1.3.0
   Compiling bitflags v1.3.2
   Compiling colorchoice v1.0.5
   Compiling anstyle-parse v1.0.0
   Compiling anstyle v1.0.14
   Compiling once_cell v1.21.4
   Compiling cc v1.2.60
   Compiling generic-array v0.14.7
   Compiling ahash v0.8.12
   Compiling anstyle-query v1.1.5
   Compiling is_terminal_polyfill v1.70.2
   Compiling bitflags v2.11.1
   Compiling parking_lot_core v0.9.12
   Compiling smallvec v1.15.1
   Compiling vcpkg v0.2.15
   Compiling log v0.4.29
   Compiling anstream v1.0.0
   Compiling nix v0.31.3
   Compiling aho-corasick v1.1.4
   Compiling memoffset v0.9.1
   Compiling num-traits v0.2.19
   Compiling scopeguard v1.2.0
   Compiling zmij v1.0.21
   Compiling ref-cast v1.0.27
   Compiling getrandom v0.4.2
   Compiling thiserror v1.0.69
   Compiling lock_api v0.4.14
   Compiling fuser v0.18.0
   Compiling nix v0.29.0
   Compiling slog v2.8.2
   Compiling arc-swap v1.9.2
   Compiling indexmap v2.14.0
   Compiling byteorder v1.5.0
   Compiling heck v0.5.0
   Compiling lazy_static v1.5.0
   Compiling clap_lex v1.1.0
   Compiling thiserror v2.0.18
   Compiling strsim v0.11.1
   Compiling serde_json v1.0.149
   Compiling syn v2.0.117
   Compiling syn v3.0.6
   Compiling fxhash v0.2.1
   Compiling cpufeatures v0.2.17
   Compiling fallible-iterator v0.3.0
   Compiling jiff v0.2.23
   Compiling fallible-streaming-iterator v0.1.9
   Compiling toml_parser v1.1.3+spec-1.1.0
   Compiling clap_builder v4.6.0
   Compiling itoa v1.0.18
   Compiling iana-time-zone v0.1.65
   Compiling quick-xml v0.36.2
   Compiling base64 v0.22.1
   Compiling toml_edit v0.25.15+spec-1.1.0
   Compiling block-buffer v0.10.4
   Compiling crypto-common v0.1.7
   Compiling digest v0.10.7
   Compiling regex-automata v0.4.14
   Compiling chrono v0.4.44
   Compiling md-5 v0.10.6
   Compiling sha2 v0.10.9
   Compiling libsqlite3-sys v0.28.0
   Compiling getrandom v0.2.17
   Compiling page_size v0.6.0
   Compiling rand_core v0.6.4
   Compiling proc-macro-crate v3.5.0
   Compiling parking_lot v0.12.5
   Compiling uuid v1.23.1
   Compiling protobuf-codegen v2.28.0
   Compiling erased-serde v0.3.31
   Compiling ref-cast-impl v1.0.27
   Compiling regex v1.12.3
   Compiling slog-scope v4.4.1
   Compiling protobuf-build v0.14.1
   Compiling slog-stdlog v4.1.1
   Compiling raft-proto v0.7.0
   Compiling zerocopy-derive v0.8.48
   Compiling num_enum_derive v0.7.6
   Compiling thiserror-impl v1.0.69
   Compiling getset v0.1.7
   Compiling thiserror-impl v2.0.18
   Compiling env_filter v1.0.1
   Compiling clap_derive v4.6.1
   Compiling env_logger v0.11.10
   Compiling num_enum v0.7.6
   Compiling clap v4.6.1
   Compiling ppv-lite86 v0.2.21
   Compiling hashbrown v0.14.5
   Compiling rand_chacha v0.3.1
   Compiling rand v0.8.8
   Compiling hashlink v0.9.1
   Compiling rusqlite v0.31.0
   Compiling raft v0.7.0
   Compiling tape-rs v0.1.0 (/work/jay/tape-rs-ltfs-recovery-ibm-interop)
warning: linker stderr: ignoring deprecated linker optimization setting '1'
  |
  = note: `#[warn(linker_messages)]` on by default

warning: `tape-rs` (bin "ltfsctl") generated 1 warning (1 duplicate)
warning: `tape-rs` (bin "tape-fuse") generated 1 warning
warning: `tape-rs` (bin "ltfsd") generated 1 warning (1 duplicate)
warning: `tape-rs` (bin "tape-rs") generated 1 warning (1 duplicate)
    Finished `release` profile [optimized] target(s) in 30.75s
