[2026-09-27T03:35:08Z INFO  tape_rs::daemon::net] 节点间通信监听 0.0.0.0:7500
[2026-09-27T03:35:08Z INFO  tape_rs::daemon::http] 客户端接口监听 0.0.0.0:7501
[2026-09-27T03:35:08Z INFO  raft::raft] switched to configuration, raft_id: 3, config: Configuration { voters: Configuration { incoming: Configuration { voters: {1, 2, 3} }, outgoing: Configuration { voters: {} } }, learners: {}, learners_next: {}, auto_leave: false }
[2026-09-27T03:35:08Z INFO  raft::raft] became follower at term 9, raft_id: 3, term: 9
[2026-09-27T03:35:08Z INFO  raft::raft] newRaft, raft_id: 3, peers: Configuration { incoming: Configuration { voters: {1, 2, 3} }, outgoing: Configuration { voters: {} } }, last term: 9, last index: 125, applied: 0, commit: 125, term: 9
[2026-09-27T03:35:08Z INFO  raft::raw_node] RawNode created with id 3., raft_id: 3, id: 3
[2026-09-27T03:35:08Z INFO  tape_rs::daemon::node] 节点 1 成为执行者，轮次 2
[2026-09-27T03:35:08Z INFO  tape_rs::daemon::node] 节点 1 成为执行者，轮次 49
[2026-09-27T03:35:08Z INFO  tape_rs::daemon::node] 节点 2 成为执行者，轮次 62
[2026-09-27T03:35:08Z INFO  tape_rs::daemon::node] 节点 2 成为执行者，轮次 67
[2026-09-27T03:35:08Z INFO  tape_rs::daemon::node] 节点 1 成为执行者，轮次 84
[2026-09-27T03:35:08Z INFO  tape_rs::daemon::node] 节点 2 成为执行者，轮次 95
[2026-09-27T03:35:08Z INFO  tape_rs::daemon::node] 节点 1 成为执行者，轮次 101
[2026-09-27T03:35:08Z INFO  raft::raft] [logterm: 9, index: 125, vote: 3] cast vote for 1 [logterm: 9, index: 125] at term 9, raft_id: 3, msg type: MsgRequestPreVote, term: 9, msg_index: 125, msg_term: 9, from: 1, vote: 3, log_index: 125, log_term: 9
[2026-09-27T03:35:08Z INFO  raft::raft] received a message with higher term from 1, raft_id: 3, msg type: MsgRequestVote, message_term: 10, term: 9, from: 1
[2026-09-27T03:35:08Z INFO  raft::raft] became follower at term 10, raft_id: 3, term: 10
[2026-09-27T03:35:08Z INFO  raft::raft] [logterm: 9, index: 125, vote: 0] cast vote for 1 [logterm: 9, index: 125] at term 10, raft_id: 3, msg type: MsgRequestVote, term: 10, msg_index: 125, msg_term: 9, from: 1, vote: 0, log_index: 125, log_term: 9
[2026-09-27T03:35:08Z INFO  tape_rs::daemon::node] 节点 1 成为执行者，轮次 127
[2026-09-27T03:38:35Z INFO  raft::raft] starting a new election, raft_id: 3, term: 10
[2026-09-27T03:38:35Z INFO  raft::raft] became pre-candidate at term 10, raft_id: 3, term: 10
[2026-09-27T03:38:35Z INFO  raft::raft] broadcasting vote request, raft_id: 3, to: [1, 2], log_index: 139, log_term: 10, term: 10, type: MsgRequestPreVote
[2026-09-27T03:38:35Z INFO  raft::raft] received votes response, raft_id: 3, term: 10, type: MsgRequestPreVoteResponse, approvals: 2, rejections: 0, from: 2, vote: true
[2026-09-27T03:38:35Z INFO  raft::raft] became candidate at term 11, raft_id: 3, term: 11
[2026-09-27T03:38:35Z INFO  raft::raft] broadcasting vote request, raft_id: 3, to: [1, 2], log_index: 139, log_term: 10, term: 11, type: MsgRequestVote
[2026-09-27T03:38:35Z INFO  raft::raft] received votes response, raft_id: 3, term: 11, type: MsgRequestVoteResponse, approvals: 2, rejections: 0, from: 2, vote: true
[2026-09-27T03:38:35Z INFO  raft::raft] became leader at term 11, raft_id: 3, term: 11
[2026-09-27T03:38:35Z INFO  tape_rs::daemon::node] 本节点成为执行者，轮次 141（任期 11）
[2026-09-27T03:38:35Z INFO  tape_rs::scsi::reservation] /dev/sg6: 预留现状 generation=36 keys=[4c0100000000007f] holder=Some((4c0100000000007f, 3))
[2026-09-27T03:38:35Z INFO  tape_rs::daemon::executor] 执行线程: IBMtaper2287 (/dev/sg6) 已隔离（原持有者 Some(4c0100000000007f)）
[2026-09-27T03:38:35Z INFO  tape_rs::scsi::reservation] /dev/sg7: 预留现状 generation=36 keys=[4c0100000000007f] holder=Some((4c0100000000007f, 3))
[2026-09-27T03:38:35Z INFO  tape_rs::daemon::executor] 执行线程: IBMtaper2287_LL3 (/dev/sg7) 已隔离（原持有者 Some(4c0100000000007f)）
[2026-09-27T03:38:35Z INFO  tape_rs::scsi::reservation] /dev/sg8: 预留现状 generation=36 keys=[4c0100000000007f] holder=Some((4c0100000000007f, 3))
[2026-09-27T03:38:35Z INFO  tape_rs::daemon::executor] 执行线程: IBMtaper3D5E (/dev/sg8) 已隔离（原持有者 Some(4c0100000000007f)）
[2026-09-27T03:38:35Z INFO  tape_rs::tape::commands] 定位到 partition=0, block=0
[2026-09-27T03:38:35Z INFO  tape_rs::tape::commands] 定位到 partition=0, block=2
[2026-09-27T03:38:35Z INFO  tape_rs::ltfs::volume] LTFS label: version=2.4.0 uuid=f5483a52-3587-4069-bfe1-8ed56a8f0868 blocksize=524288 compression=false
[2026-09-27T03:38:35Z INFO  tape_rs::tape::commands] 定位到 partition=1, block=0
[2026-09-27T03:38:35Z INFO  tape_rs::tape::commands] 定位到 partition=1, block=16
[2026-09-27T03:38:35Z INFO  tape_rs::ltfs::recovery] 分区 1 VCI 快速路径命中 gen=4 @ 16..17
[2026-09-27T03:38:35Z INFO  tape_rs::tape::commands] 定位到 partition=0, block=0
[2026-09-27T03:38:35Z INFO  tape_rs::tape::commands] 定位到 partition=0, block=5
[2026-09-27T03:38:35Z INFO  tape_rs::ltfs::recovery] 分区 0 VCI 快速路径命中 gen=2 @ 5..6
[2026-09-27T03:38:35Z INFO  tape_rs::tape::commands] 定位到 partition=1, block=13
[2026-09-27T03:38:35Z INFO  tape_rs::tape::commands] 定位到 partition=1, block=8
[2026-09-27T03:38:35Z INFO  tape_rs::tape::commands] 定位到 partition=1, block=8
[2026-09-27T03:38:35Z INFO  tape_rs::tape::commands] 定位到 partition=1, block=5
[2026-09-27T03:38:35Z INFO  tape_rs::tape::commands] 定位到 partition=1, block=18
[2026-09-27T03:38:35Z INFO  tape_rs::ltfs::volume] index gen=4 highest_uid=20 (dp_tail=Complete, ip_tail=Complete, writable=true)
[2026-09-27T03:38:35Z INFO  tape_rs::daemon::node] SR2501L8 目录停在第 4 代，磁带是第 4 代：以磁带为准重写该带的目录
[2026-09-27T03:38:35Z INFO  tape_rs::daemon::node] 轮次 141 开始服务：IBMtaper2287 (/dev/sg6) [SR2501L8]: gen=4 文件 14 个 尾部 Complete；可用 235 MiB
[2026-09-27T03:38:37Z INFO  tape_rs::daemon::executor] 执行线程: 恢复回收 SR2502L8（待搬迁 0 个路径）
[2026-09-27T03:38:37Z INFO  tape_rs::daemon::executor] 执行线程: SR2502L8 上的内容已全部有着落（搬走 0 个 / 0 MiB，跳过旧副本 0 个），重新格式化
[2026-09-27T03:38:37Z INFO  tape_rs::ltfs::mkltfs] mkltfs 开始: volume_id=SR2502 uuid=83f0259a-77d6-4788-8399-4e686946022b
[2026-09-27T03:38:37Z WARN  tape_rs::scsi::transport] TEST UNIT READY: UNIT ATTENTION asc=0x2a ascq=0x01，重发（第 1 次）
[2026-09-27T03:38:37Z INFO  tape_rs::tape::commands] 倒带...
[2026-09-27T03:38:37Z INFO  tape_rs::tape::commands] 倒带完成
[2026-09-27T03:38:37Z INFO  tape_rs::ltfs::mkltfs] MODE SELECT page 0x11: 2-partition (IDP=1, PSUM=GB, P0=default, P1=max)
[2026-09-27T03:38:37Z INFO  tape_rs::ltfs::mkltfs] 格式化介质（2-partition）...
[2026-09-27T03:38:37Z INFO  tape_rs::tape::commands] 格式化介质（format=1, verify=false）...
[2026-09-27T03:38:38Z INFO  tape_rs::tape::commands] 格式化完成
[2026-09-27T03:38:38Z INFO  tape_rs::tape::commands] 定位到 partition=0, block=0
[2026-09-27T03:38:38Z WARN  tape_rs::scsi::transport] LOCATE: UNIT ATTENTION asc=0x2a ascq=0x01，重发（第 1 次）
[2026-09-27T03:38:39Z INFO  tape_rs::tape::commands] 定位到 partition=0, block=4
[2026-09-27T03:38:39Z INFO  tape_rs::tape::commands] 定位到 partition=1, block=0
[2026-09-27T03:38:39Z INFO  tape_rs::tape::commands] 定位到 partition=1, block=4
[2026-09-27T03:38:40Z INFO  tape_rs::tape::commands] 倒带...
[2026-09-27T03:38:40Z INFO  tape_rs::tape::commands] 倒带完成
[2026-09-27T03:38:40Z INFO  tape_rs::ltfs::mkltfs] mkltfs 完成: 83f0259a-77d6-4788-8399-4e686946022b
[2026-09-27T03:38:40Z INFO  tape_rs::tape::commands] 定位到 partition=0, block=2
[2026-09-27T03:38:40Z INFO  tape_rs::ltfs::volume] LTFS label: version=2.4.0 uuid=83f0259a-77d6-4788-8399-4e686946022b blocksize=524288 compression=false
[2026-09-27T03:38:40Z INFO  tape_rs::tape::commands] 定位到 partition=1, block=0
[2026-09-27T03:38:40Z INFO  tape_rs::tape::commands] 定位到 partition=1, block=5
[2026-09-27T03:38:40Z INFO  tape_rs::ltfs::recovery] 分区 1 VCI 快速路径命中 gen=1 @ 5..6
[2026-09-27T03:38:40Z INFO  tape_rs::tape::commands] 定位到 partition=0, block=0
[2026-09-27T03:38:40Z INFO  tape_rs::tape::commands] 定位到 partition=0, block=5
[2026-09-27T03:38:40Z INFO  tape_rs::ltfs::recovery] 分区 0 VCI 快速路径命中 gen=1 @ 5..6
[2026-09-27T03:38:40Z INFO  tape_rs::tape::commands] 定位到 partition=1, block=7
[2026-09-27T03:38:40Z INFO  tape_rs::ltfs::volume] index gen=1 highest_uid=1 (dp_tail=Complete, ip_tail=Complete, writable=true)
[2026-09-27T03:38:40Z INFO  tape_rs::tape::commands] 定位到 partition=1, block=7
[2026-09-27T03:38:40Z INFO  tape_rs::tape::commands] 定位到 partition=0, block=4
[2026-09-27T03:38:40Z INFO  tape_rs::ltfs::volume] commit: gen 2 @ P0 5, P1 8
[2026-09-27T03:38:40Z INFO  tape_rs::daemon::node] 磁带 SR2502L8 回收完毕：搬走 0 个文件 / 0 MiB，已重新格式化
[2026-09-27T03:38:40Z INFO  tape_rs::tape::commands] 弹出磁带...
[2026-09-27T03:38:40Z INFO  tape_rs::tape::commands] 弹出完成
[2026-09-27T03:38:40Z INFO  tape_rs::daemon::executor] 执行线程: 卸带 SR2502L8 -> 槽位 0x0408
[2026-09-27T03:38:40Z INFO  tape_rs::changer::commands] 移动介质: 从 0x0101 到 0x0408
[2026-09-27T03:38:40Z INFO  tape_rs::changer::commands] 移动完成
[2026-09-27T03:39:09Z INFO  tape_rs::tape::commands] 定位到 partition=0, block=2
[2026-09-27T03:39:09Z INFO  tape_rs::ltfs::volume] LTFS label: version=2.4.0 uuid=f5483a52-3587-4069-bfe1-8ed56a8f0868 blocksize=524288 compression=false
[2026-09-27T03:39:09Z INFO  tape_rs::tape::commands] 定位到 partition=1, block=0
[2026-09-27T03:39:09Z INFO  tape_rs::tape::commands] 定位到 partition=1, block=16
[2026-09-27T03:39:09Z INFO  tape_rs::ltfs::recovery] 分区 1 VCI 快速路径命中 gen=4 @ 16..17
[2026-09-27T03:39:09Z INFO  tape_rs::tape::commands] 定位到 partition=0, block=0
[2026-09-27T03:39:09Z INFO  tape_rs::tape::commands] 定位到 partition=0, block=5
[2026-09-27T03:39:09Z INFO  tape_rs::ltfs::recovery] 分区 0 VCI 快速路径命中 gen=2 @ 5..6
[2026-09-27T03:39:09Z INFO  tape_rs::tape::commands] 定位到 partition=1, block=13
[2026-09-27T03:39:09Z INFO  tape_rs::tape::commands] 定位到 partition=1, block=8
[2026-09-27T03:39:09Z INFO  tape_rs::tape::commands] 定位到 partition=1, block=8
[2026-09-27T03:39:09Z INFO  tape_rs::tape::commands] 定位到 partition=1, block=5
[2026-09-27T03:39:09Z INFO  tape_rs::tape::commands] 定位到 partition=1, block=18
[2026-09-27T03:39:09Z INFO  tape_rs::ltfs::volume] index gen=4 highest_uid=20 (dp_tail=Complete, ip_tail=Complete, writable=true)
[2026-09-27T03:39:09Z INFO  tape_rs::tape::commands] 定位到 partition=1, block=10
[2026-09-27T03:39:09Z INFO  tape_rs::ltfs::volume] 读取 sr/links/target: 24 字节
[2026-09-27T03:39:09Z INFO  tape_rs::tape::commands] 定位到 partition=0, block=2
[2026-09-27T03:39:09Z INFO  tape_rs::ltfs::volume] LTFS label: version=2.4.0 uuid=f5483a52-3587-4069-bfe1-8ed56a8f0868 blocksize=524288 compression=false
[2026-09-27T03:39:09Z INFO  tape_rs::tape::commands] 定位到 partition=1, block=0
[2026-09-27T03:39:09Z INFO  tape_rs::tape::commands] 定位到 partition=1, block=16
[2026-09-27T03:39:09Z INFO  tape_rs::ltfs::recovery] 分区 1 VCI 快速路径命中 gen=4 @ 16..17
[2026-09-27T03:39:09Z INFO  tape_rs::tape::commands] 定位到 partition=0, block=0
[2026-09-27T03:39:09Z INFO  tape_rs::tape::commands] 定位到 partition=0, block=5
[2026-09-27T03:39:09Z INFO  tape_rs::ltfs::recovery] 分区 0 VCI 快速路径命中 gen=2 @ 5..6
[2026-09-27T03:39:09Z INFO  tape_rs::tape::commands] 定位到 partition=1, block=13
[2026-09-27T03:39:09Z INFO  tape_rs::tape::commands] 定位到 partition=1, block=8
[2026-09-27T03:39:09Z INFO  tape_rs::tape::commands] 定位到 partition=1, block=8
[2026-09-27T03:39:09Z INFO  tape_rs::tape::commands] 定位到 partition=1, block=5
[2026-09-27T03:39:09Z INFO  tape_rs::tape::commands] 定位到 partition=1, block=18
[2026-09-27T03:39:09Z INFO  tape_rs::ltfs::volume] index gen=4 highest_uid=20 (dp_tail=Complete, ip_tail=Complete, writable=true)
[2026-09-27T03:39:09Z INFO  tape_rs::tape::commands] 定位到 partition=1, block=10
[2026-09-27T03:39:09Z INFO  tape_rs::ltfs::volume] 读取 sr/links/target: 24 字节
[2026-09-27T03:39:09Z INFO  tape_rs::tape::commands] 定位到 partition=0, block=2
[2026-09-27T03:39:09Z INFO  tape_rs::ltfs::volume] LTFS label: version=2.4.0 uuid=f5483a52-3587-4069-bfe1-8ed56a8f0868 blocksize=524288 compression=false
[2026-09-27T03:39:09Z INFO  tape_rs::tape::commands] 定位到 partition=1, block=0
[2026-09-27T03:39:09Z INFO  tape_rs::tape::commands] 定位到 partition=1, block=16
[2026-09-27T03:39:09Z INFO  tape_rs::ltfs::recovery] 分区 1 VCI 快速路径命中 gen=4 @ 16..17
[2026-09-27T03:39:09Z INFO  tape_rs::tape::commands] 定位到 partition=0, block=0
[2026-09-27T03:39:09Z INFO  tape_rs::tape::commands] 定位到 partition=0, block=5
[2026-09-27T03:39:09Z INFO  tape_rs::ltfs::recovery] 分区 0 VCI 快速路径命中 gen=2 @ 5..6
[2026-09-27T03:39:09Z INFO  tape_rs::tape::commands] 定位到 partition=1, block=13
[2026-09-27T03:39:09Z INFO  tape_rs::tape::commands] 定位到 partition=1, block=8
[2026-09-27T03:39:09Z INFO  tape_rs::tape::commands] 定位到 partition=1, block=8
[2026-09-27T03:39:09Z INFO  tape_rs::tape::commands] 定位到 partition=1, block=5
[2026-09-27T03:39:09Z INFO  tape_rs::tape::commands] 定位到 partition=1, block=18
[2026-09-27T03:39:09Z INFO  tape_rs::ltfs::volume] index gen=4 highest_uid=20 (dp_tail=Complete, ip_tail=Complete, writable=true)
[2026-09-27T03:39:09Z INFO  tape_rs::tape::commands] 定位到 partition=1, block=10
[2026-09-27T03:39:09Z INFO  tape_rs::ltfs::volume] 读取 sr/links/target: 24 字节
[2026-09-27T03:39:09Z INFO  tape_rs::tape::commands] 定位到 partition=0, block=2
[2026-09-27T03:39:09Z INFO  tape_rs::ltfs::volume] LTFS label: version=2.4.0 uuid=f5483a52-3587-4069-bfe1-8ed56a8f0868 blocksize=524288 compression=false
[2026-09-27T03:39:09Z INFO  tape_rs::tape::commands] 定位到 partition=1, block=0
[2026-09-27T03:39:09Z INFO  tape_rs::tape::commands] 定位到 partition=1, block=16
[2026-09-27T03:39:09Z INFO  tape_rs::ltfs::recovery] 分区 1 VCI 快速路径命中 gen=4 @ 16..17
[2026-09-27T03:39:09Z INFO  tape_rs::tape::commands] 定位到 partition=0, block=0
[2026-09-27T03:39:09Z INFO  tape_rs::tape::commands] 定位到 partition=0, block=5
[2026-09-27T03:39:09Z INFO  tape_rs::ltfs::recovery] 分区 0 VCI 快速路径命中 gen=2 @ 5..6
[2026-09-27T03:39:09Z INFO  tape_rs::tape::commands] 定位到 partition=1, block=13
[2026-09-27T03:39:09Z INFO  tape_rs::tape::commands] 定位到 partition=1, block=8
[2026-09-27T03:39:09Z INFO  tape_rs::tape::commands] 定位到 partition=1, block=8
[2026-09-27T03:39:09Z INFO  tape_rs::tape::commands] 定位到 partition=1, block=5
[2026-09-27T03:39:09Z INFO  tape_rs::tape::commands] 定位到 partition=1, block=18
[2026-09-27T03:39:09Z INFO  tape_rs::ltfs::volume] index gen=4 highest_uid=20 (dp_tail=Complete, ip_tail=Complete, writable=true)
[2026-09-27T03:39:09Z INFO  tape_rs::tape::commands] 定位到 partition=1, block=10
[2026-09-27T03:39:09Z INFO  tape_rs::ltfs::volume] 读取 sr/links/target: 24 字节
[2026-09-27T03:39:09Z INFO  tape_rs::tape::commands] 定位到 partition=0, block=2
[2026-09-27T03:39:09Z INFO  tape_rs::ltfs::volume] LTFS label: version=2.4.0 uuid=f5483a52-3587-4069-bfe1-8ed56a8f0868 blocksize=524288 compression=false
[2026-09-27T03:39:09Z INFO  tape_rs::tape::commands] 定位到 partition=1, block=0
[2026-09-27T03:39:09Z INFO  tape_rs::tape::commands] 定位到 partition=1, block=16
[2026-09-27T03:39:09Z INFO  tape_rs::ltfs::recovery] 分区 1 VCI 快速路径命中 gen=4 @ 16..17
[2026-09-27T03:39:09Z INFO  tape_rs::tape::commands] 定位到 partition=0, block=0
[2026-09-27T03:39:09Z INFO  tape_rs::tape::commands] 定位到 partition=0, block=5
[2026-09-27T03:39:09Z INFO  tape_rs::ltfs::recovery] 分区 0 VCI 快速路径命中 gen=2 @ 5..6
[2026-09-27T03:39:09Z INFO  tape_rs::tape::commands] 定位到 partition=1, block=13
[2026-09-27T03:39:09Z INFO  tape_rs::tape::commands] 定位到 partition=1, block=8
[2026-09-27T03:39:09Z INFO  tape_rs::tape::commands] 定位到 partition=1, block=8
[2026-09-27T03:39:09Z INFO  tape_rs::tape::commands] 定位到 partition=1, block=5
[2026-09-27T03:39:09Z INFO  tape_rs::tape::commands] 定位到 partition=1, block=18
[2026-09-27T03:39:09Z INFO  tape_rs::ltfs::volume] index gen=4 highest_uid=20 (dp_tail=Complete, ip_tail=Complete, writable=true)
[2026-09-27T03:39:09Z INFO  tape_rs::tape::commands] 定位到 partition=1, block=10
[2026-09-27T03:39:09Z INFO  tape_rs::ltfs::volume] 读取 sr/links/target: 24 字节
[2026-09-27T03:39:09Z INFO  tape_rs::tape::commands] 定位到 partition=0, block=2
[2026-09-27T03:39:09Z INFO  tape_rs::ltfs::volume] LTFS label: version=2.4.0 uuid=f5483a52-3587-4069-bfe1-8ed56a8f0868 blocksize=524288 compression=false
[2026-09-27T03:39:09Z INFO  tape_rs::tape::commands] 定位到 partition=1, block=0
[2026-09-27T03:39:09Z INFO  tape_rs::tape::commands] 定位到 partition=1, block=16
[2026-09-27T03:39:09Z INFO  tape_rs::ltfs::recovery] 分区 1 VCI 快速路径命中 gen=4 @ 16..17
[2026-09-27T03:39:09Z INFO  tape_rs::tape::commands] 定位到 partition=0, block=0
[2026-09-27T03:39:09Z INFO  tape_rs::tape::commands] 定位到 partition=0, block=5
[2026-09-27T03:39:09Z INFO  tape_rs::ltfs::recovery] 分区 0 VCI 快速路径命中 gen=2 @ 5..6
[2026-09-27T03:39:09Z INFO  tape_rs::tape::commands] 定位到 partition=1, block=13
[2026-09-27T03:39:09Z INFO  tape_rs::tape::commands] 定位到 partition=1, block=8
[2026-09-27T03:39:09Z INFO  tape_rs::tape::commands] 定位到 partition=1, block=8
[2026-09-27T03:39:09Z INFO  tape_rs::tape::commands] 定位到 partition=1, block=5
[2026-09-27T03:39:09Z INFO  tape_rs::tape::commands] 定位到 partition=1, block=18
[2026-09-27T03:39:09Z INFO  tape_rs::ltfs::volume] index gen=4 highest_uid=20 (dp_tail=Complete, ip_tail=Complete, writable=true)
[2026-09-27T03:39:09Z INFO  tape_rs::tape::commands] 定位到 partition=1, block=10
[2026-09-27T03:39:09Z INFO  tape_rs::ltfs::volume] 读取 sr/links/target: 24 字节
[2026-09-27T03:39:09Z INFO  tape_rs::tape::commands] 定位到 partition=0, block=2
[2026-09-27T03:39:09Z INFO  tape_rs::ltfs::volume] LTFS label: version=2.4.0 uuid=f5483a52-3587-4069-bfe1-8ed56a8f0868 blocksize=524288 compression=false
[2026-09-27T03:39:09Z INFO  tape_rs::tape::commands] 定位到 partition=1, block=0
[2026-09-27T03:39:09Z INFO  tape_rs::tape::commands] 定位到 partition=1, block=16
[2026-09-27T03:39:09Z INFO  tape_rs::ltfs::recovery] 分区 1 VCI 快速路径命中 gen=4 @ 16..17
[2026-09-27T03:39:09Z INFO  tape_rs::tape::commands] 定位到 partition=0, block=0
[2026-09-27T03:39:09Z INFO  tape_rs::tape::commands] 定位到 partition=0, block=5
[2026-09-27T03:39:09Z INFO  tape_rs::ltfs::recovery] 分区 0 VCI 快速路径命中 gen=2 @ 5..6
[2026-09-27T03:39:09Z INFO  tape_rs::tape::commands] 定位到 partition=1, block=13
[2026-09-27T03:39:09Z INFO  tape_rs::tape::commands] 定位到 partition=1, block=8
[2026-09-27T03:39:09Z INFO  tape_rs::tape::commands] 定位到 partition=1, block=8
[2026-09-27T03:39:09Z INFO  tape_rs::tape::commands] 定位到 partition=1, block=5
[2026-09-27T03:39:09Z INFO  tape_rs::tape::commands] 定位到 partition=1, block=18
[2026-09-27T03:39:09Z INFO  tape_rs::ltfs::volume] index gen=4 highest_uid=20 (dp_tail=Complete, ip_tail=Complete, writable=true)
[2026-09-27T03:39:09Z INFO  tape_rs::tape::commands] 定位到 partition=1, block=10
[2026-09-27T03:39:09Z INFO  tape_rs::ltfs::volume] 读取 sr/links/target: 24 字节
[2026-09-27T03:39:09Z INFO  tape_rs::tape::commands] 定位到 partition=0, block=2
[2026-09-27T03:39:09Z INFO  tape_rs::ltfs::volume] LTFS label: version=2.4.0 uuid=f5483a52-3587-4069-bfe1-8ed56a8f0868 blocksize=524288 compression=false
[2026-09-27T03:39:09Z INFO  tape_rs::tape::commands] 定位到 partition=1, block=0
[2026-09-27T03:39:09Z INFO  tape_rs::tape::commands] 定位到 partition=1, block=16
[2026-09-27T03:39:09Z INFO  tape_rs::ltfs::recovery] 分区 1 VCI 快速路径命中 gen=4 @ 16..17
[2026-09-27T03:39:09Z INFO  tape_rs::tape::commands] 定位到 partition=0, block=0
[2026-09-27T03:39:09Z INFO  tape_rs::tape::commands] 定位到 partition=0, block=5
[2026-09-27T03:39:09Z INFO  tape_rs::ltfs::recovery] 分区 0 VCI 快速路径命中 gen=2 @ 5..6
[2026-09-27T03:39:09Z INFO  tape_rs::tape::commands] 定位到 partition=1, block=13
[2026-09-27T03:39:09Z INFO  tape_rs::tape::commands] 定位到 partition=1, block=8
[2026-09-27T03:39:09Z INFO  tape_rs::tape::commands] 定位到 partition=1, block=8
[2026-09-27T03:39:09Z INFO  tape_rs::tape::commands] 定位到 partition=1, block=5
[2026-09-27T03:39:09Z INFO  tape_rs::tape::commands] 定位到 partition=1, block=18
[2026-09-27T03:39:09Z INFO  tape_rs::ltfs::volume] index gen=4 highest_uid=20 (dp_tail=Complete, ip_tail=Complete, writable=true)
[2026-09-27T03:39:09Z INFO  tape_rs::tape::commands] 定位到 partition=1, block=10
[2026-09-27T03:39:09Z INFO  tape_rs::ltfs::volume] 读取 sr/links/target: 24 字节
[2026-09-27T03:39:09Z INFO  tape_rs::tape::commands] 定位到 partition=0, block=2
[2026-09-27T03:39:09Z INFO  tape_rs::ltfs::volume] LTFS label: version=2.4.0 uuid=f5483a52-3587-4069-bfe1-8ed56a8f0868 blocksize=524288 compression=false
[2026-09-27T03:39:09Z INFO  tape_rs::tape::commands] 定位到 partition=1, block=0
[2026-09-27T03:39:09Z INFO  tape_rs::tape::commands] 定位到 partition=1, block=16
[2026-09-27T03:39:09Z INFO  tape_rs::ltfs::recovery] 分区 1 VCI 快速路径命中 gen=4 @ 16..17
[2026-09-27T03:39:09Z INFO  tape_rs::tape::commands] 定位到 partition=0, block=0
[2026-09-27T03:39:09Z INFO  tape_rs::tape::commands] 定位到 partition=0, block=5
[2026-09-27T03:39:09Z INFO  tape_rs::ltfs::recovery] 分区 0 VCI 快速路径命中 gen=2 @ 5..6
[2026-09-27T03:39:09Z INFO  tape_rs::tape::commands] 定位到 partition=1, block=13
[2026-09-27T03:39:09Z INFO  tape_rs::tape::commands] 定位到 partition=1, block=8
[2026-09-27T03:39:09Z INFO  tape_rs::tape::commands] 定位到 partition=1, block=8
[2026-09-27T03:39:09Z INFO  tape_rs::tape::commands] 定位到 partition=1, block=5
[2026-09-27T03:39:09Z INFO  tape_rs::tape::commands] 定位到 partition=1, block=18
[2026-09-27T03:39:09Z INFO  tape_rs::ltfs::volume] index gen=4 highest_uid=20 (dp_tail=Complete, ip_tail=Complete, writable=true)
[2026-09-27T03:39:09Z INFO  tape_rs::tape::commands] 定位到 partition=1, block=11
[2026-09-27T03:39:09Z INFO  tape_rs::ltfs::volume] 读取 sr/seed: 13 字节
[2026-09-27T03:39:34Z INFO  ltfsd] 收到停机信号，正在计划停机（再按一次直接退出）
[2026-09-27T03:39:34Z INFO  tape_rs::daemon::executor] 执行线程: 轮次 141 计划停机
[2026-09-27T03:39:34Z INFO  tape_rs::tape::commands] 定位到 partition=0, block=2
[2026-09-27T03:39:34Z INFO  tape_rs::ltfs::volume] LTFS label: version=2.4.0 uuid=f5483a52-3587-4069-bfe1-8ed56a8f0868 blocksize=524288 compression=false
[2026-09-27T03:39:34Z INFO  tape_rs::tape::commands] 定位到 partition=1, block=0
[2026-09-27T03:39:35Z INFO  tape_rs::tape::commands] 定位到 partition=1, block=16
[2026-09-27T03:39:35Z INFO  tape_rs::ltfs::recovery] 分区 1 VCI 快速路径命中 gen=4 @ 16..17
[2026-09-27T03:39:35Z INFO  tape_rs::tape::commands] 定位到 partition=0, block=0
[2026-09-27T03:39:35Z INFO  tape_rs::tape::commands] 定位到 partition=0, block=5
[2026-09-27T03:39:35Z INFO  tape_rs::ltfs::recovery] 分区 0 VCI 快速路径命中 gen=2 @ 5..6
[2026-09-27T03:39:35Z INFO  tape_rs::tape::commands] 定位到 partition=1, block=13
[2026-09-27T03:39:35Z INFO  tape_rs::tape::commands] 定位到 partition=1, block=8
[2026-09-27T03:39:35Z INFO  tape_rs::tape::commands] 定位到 partition=1, block=8
[2026-09-27T03:39:35Z INFO  tape_rs::tape::commands] 定位到 partition=1, block=5
[2026-09-27T03:39:35Z INFO  tape_rs::tape::commands] 定位到 partition=1, block=18
[2026-09-27T03:39:35Z INFO  tape_rs::ltfs::volume] index gen=4 highest_uid=20 (dp_tail=Complete, ip_tail=Complete, writable=true)
[2026-09-27T03:39:35Z INFO  tape_rs::tape::commands] 定位到 partition=1, block=18
[2026-09-27T03:39:35Z INFO  tape_rs::tape::commands] 定位到 partition=0, block=4
[2026-09-27T03:39:35Z INFO  tape_rs::ltfs::volume] commit: gen 5 @ P0 5, P1 19
[2026-09-27T03:39:35Z INFO  tape_rs::tape::commands] 弹出磁带...
[2026-09-27T03:39:35Z INFO  tape_rs::tape::commands] 弹出完成
[2026-09-27T03:39:35Z INFO  tape_rs::daemon::executor] 执行线程: IBMtaper2287 (/dev/sg6) 的预留已释放
[2026-09-27T03:39:35Z INFO  tape_rs::daemon::executor] 执行线程: IBMtaper2287_LL3 (/dev/sg7) 的预留已释放
[2026-09-27T03:39:35Z INFO  tape_rs::daemon::executor] 执行线程: IBMtaper3D5E (/dev/sg8) 的预留已释放
[2026-09-27T03:39:35Z INFO  tape_rs::daemon::node] 节点 3 停机
