    Checking cfg-if v1.0.4
   Compiling zerocopy v0.8.48
   Compiling aho-corasick v1.1.4
   Compiling bytes v1.11.1
    Checking memchr v2.8.0
    Checking typenum v1.20.1
    Checking utf8parse v0.2.2
    Checking anstyle v1.0.14
    Checking is_terminal_polyfill v1.70.2
    Checking libc v0.2.189
    Checking serde_core v1.0.228
    Checking regex-syntax v0.8.10
    Checking colorchoice v1.0.5
    Checking anstyle-query v1.1.5
    Checking once_cell v1.21.4
    Checking log v0.4.29
   Compiling syn v2.0.117
    Checking arc-swap v1.9.2
    Checking bitflags v2.11.1
    Checking clap_lex v1.1.0
    Checking lazy_static v1.5.0
    Checking byteorder v1.5.0
    Checking strsim v0.11.1
    Checking zmij v1.0.21
    Checking libsqlite3-sys v0.28.0
    Checking num-traits v0.2.19
    Checking jiff v0.2.23
    Checking anstyle-parse v1.0.0
    Checking smallvec v1.15.1
    Checking cpufeatures v0.2.17
    Checking iana-time-zone v0.1.65
    Checking itoa v1.0.18
    Checking fallible-iterator v0.3.0
    Checking fallible-streaming-iterator v0.1.9
    Checking base64 v0.22.1
    Checking anstream v1.0.0
    Checking fxhash v0.2.1
    Checking clap_builder v4.6.0
    Checking quick-xml v0.36.2
    Checking protobuf v2.28.0
    Checking chrono v0.4.44
    Checking generic-array v0.14.7
   Compiling regex-automata v0.4.14
    Checking block-buffer v0.10.4
    Checking crypto-common v0.1.7
    Checking digest v0.10.7
    Checking sha2 v0.10.9
    Checking md-5 v0.10.6
    Checking getrandom v0.2.17
    Checking getrandom v0.4.2
    Checking nix v0.29.0
    Checking rand_core v0.6.4
    Checking uuid v1.23.1
    Checking serde v1.0.228
    Checking serde_json v1.0.149
    Checking erased-serde v0.3.31
   Compiling thiserror-impl v1.0.69
   Compiling getset v0.1.7
   Compiling clap_derive v4.6.1
   Compiling thiserror-impl v2.0.18
    Checking slog v2.8.2
    Checking slog-scope v4.4.1
    Checking regex v1.12.3
    Checking slog-stdlog v4.1.1
    Checking env_filter v1.0.1
    Checking env_logger v0.11.10
    Checking thiserror v1.0.69
   Compiling protobuf-codegen v2.28.0
    Checking thiserror v2.0.18
    Checking ahash v0.8.12
    Checking ppv-lite86 v0.2.21
    Checking clap v4.6.1
    Checking hashbrown v0.14.5
    Checking rand_chacha v0.3.1
    Checking rand v0.8.8
   Compiling protobuf-build v0.14.1
    Checking hashlink v0.9.1
   Compiling raft-proto v0.7.0
    Checking rusqlite v0.31.0
    Checking raft v0.7.0
    Checking tape-rs v0.1.0 (/work/jay/tape-rs-ltfs-recovery-ibm-interop)
    Finished `dev` profile [unoptimized + debuginfo] target(s) in 9.47s
