[2026-09-27T01:27:17Z INFO  tape_rs::daemon::net] 节点间通信监听 0.0.0.0:7500
[2026-09-27T01:27:17Z INFO  tape_rs::daemon::http] 客户端接口监听 0.0.0.0:7501
[2026-09-27T01:27:17Z INFO  raft::raft] switched to configuration, raft_id: 2, config: Configuration { voters: Configuration { incoming: Configuration { voters: {1, 2, 3} }, outgoing: Configuration { voters: {} } }, learners: {}, learners_next: {}, auto_leave: false }
[2026-09-27T01:27:17Z INFO  raft::raft] became follower at term 3, raft_id: 2, term: 3
[2026-09-27T01:27:17Z INFO  raft::raft] newRaft, raft_id: 2, peers: Configuration { incoming: Configuration { voters: {1, 2, 3} }, outgoing: Configuration { voters: {} } }, last term: 3, last index: 65, applied: 0, commit: 65, term: 3
[2026-09-27T01:27:17Z INFO  raft::raw_node] RawNode created with id 2., raft_id: 2, id: 2
[2026-09-27T01:27:17Z INFO  tape_rs::daemon::node] 节点 1 成为执行者，轮次 2
[2026-09-27T01:27:17Z INFO  tape_rs::daemon::node] 节点 1 成为执行者，轮次 49
[2026-09-27T01:27:18Z INFO  raft::raft] starting a new election, raft_id: 2, term: 3
[2026-09-27T01:27:18Z INFO  raft::raft] became pre-candidate at term 3, raft_id: 2, term: 3
[2026-09-27T01:27:18Z INFO  raft::raft] broadcasting vote request, raft_id: 2, to: [1, 3], log_index: 65, log_term: 3, term: 3, type: MsgRequestPreVote
[2026-09-27T01:27:18Z INFO  raft::raft] received votes response, raft_id: 2, term: 3, type: MsgRequestPreVoteResponse, approvals: 2, rejections: 0, from: 3, vote: true
[2026-09-27T01:27:18Z INFO  raft::raft] became candidate at term 4, raft_id: 2, term: 4
[2026-09-27T01:27:18Z INFO  raft::raft] broadcasting vote request, raft_id: 2, to: [1, 3], log_index: 65, log_term: 3, term: 4, type: MsgRequestVote
[2026-09-27T01:27:18Z INFO  raft::raft] received votes response, raft_id: 2, term: 4, type: MsgRequestVoteResponse, approvals: 2, rejections: 0, from: 1, vote: true
[2026-09-27T01:27:18Z INFO  raft::raft] became leader at term 4, raft_id: 2, term: 4
[2026-09-27T01:27:18Z INFO  tape_rs::daemon::node] 本节点成为执行者，轮次 67（任期 4）
[2026-09-27T01:27:18Z INFO  tape_rs::scsi::reservation] /dev/sg8: 预留现状 generation=24 keys=[] holder=None
[2026-09-27T01:27:18Z INFO  tape_rs::daemon::executor] 执行线程: IBMtaper2287_LL3 (/dev/sg8) 已隔离（原持有者 None）
[2026-09-27T01:27:18Z INFO  tape_rs::scsi::reservation] /dev/sg10: 预留现状 generation=24 keys=[] holder=None
[2026-09-27T01:27:18Z INFO  tape_rs::daemon::executor] 执行线程: IBMtaper2287 (/dev/sg10) 已隔离（原持有者 None）
[2026-09-27T01:27:18Z INFO  tape_rs::scsi::reservation] /dev/sg11: 预留现状 generation=24 keys=[] holder=None
[2026-09-27T01:27:18Z INFO  tape_rs::daemon::executor] 执行线程: IBMtaper3D5E (/dev/sg11) 已隔离（原持有者 None）
[2026-09-27T01:27:18Z INFO  tape_rs::daemon::executor] 执行线程: 装载 SR2502L8 (槽位 0x0408) -> 驱动器 IBMtaper2287 (/dev/sg10)
[2026-09-27T01:27:18Z INFO  tape_rs::changer::commands] 移动介质: 从 0x0408 到 0x0100
[2026-09-27T01:27:18Z INFO  tape_rs::changer::commands] 移动完成
[2026-09-27T01:27:18Z WARN  tape_rs::scsi::transport] TEST UNIT READY: UNIT ATTENTION asc=0x28 ascq=0x00，重发（第 1 次）
[2026-09-27T01:27:18Z WARN  tape_rs::scsi::transport] TEST UNIT READY: UNIT ATTENTION asc=0x28 ascq=0x00，重发（第 2 次）
[2026-09-27T01:27:18Z INFO  tape_rs::tape::commands] 定位到 partition=0, block=0
[2026-09-27T01:27:18Z INFO  tape_rs::tape::commands] 定位到 partition=0, block=2
[2026-09-27T01:27:18Z INFO  tape_rs::ltfs::volume] LTFS label: version=2.4.0 uuid=30e4255b-949f-440e-bcd2-1d4f66e409ff blocksize=524288 compression=false
[2026-09-27T01:27:18Z INFO  tape_rs::tape::commands] 定位到 partition=1, block=0
[2026-09-27T01:27:18Z INFO  tape_rs::tape::commands] 定位到 partition=1, block=16
[2026-09-27T01:27:18Z INFO  tape_rs::ltfs::recovery] 分区 1 VCI 快速路径命中 gen=4 @ 16..17
[2026-09-27T01:27:18Z INFO  tape_rs::tape::commands] 定位到 partition=0, block=0
[2026-09-27T01:27:18Z INFO  tape_rs::tape::commands] 定位到 partition=0, block=5
[2026-09-27T01:27:18Z INFO  tape_rs::ltfs::recovery] 分区 0 VCI 快速路径命中 gen=4 @ 5..6
[2026-09-27T01:27:18Z INFO  tape_rs::tape::commands] 定位到 partition=1, block=8
[2026-09-27T01:27:18Z INFO  tape_rs::tape::commands] 定位到 partition=1, block=5
[2026-09-27T01:27:18Z INFO  tape_rs::tape::commands] 定位到 partition=1, block=18
[2026-09-27T01:27:18Z INFO  tape_rs::ltfs::volume] index gen=4 highest_uid=16 (dp_tail=Complete, ip_tail=Complete, writable=true)
[2026-09-27T01:27:18Z INFO  tape_rs::daemon::node] SR2502L8 目录停在第 4 代，磁带是第 4 代：以磁带为准重写该带的目录
[2026-09-27T01:27:18Z INFO  tape_rs::daemon::node] 轮次 67 开始服务：IBMtaper2287 (/dev/sg10) [SR2502L8]: gen=4 文件 10 个 尾部 Complete；可用 235 MiB
[2026-09-27T01:29:01Z INFO  tape_rs::tape::commands] 定位到 partition=0, block=2
[2026-09-27T01:29:02Z INFO  tape_rs::ltfs::volume] LTFS label: version=2.4.0 uuid=30e4255b-949f-440e-bcd2-1d4f66e409ff blocksize=524288 compression=false
[2026-09-27T01:29:03Z INFO  tape_rs::tape::commands] 定位到 partition=1, block=0
[2026-09-27T01:29:05Z INFO  tape_rs::tape::commands] 定位到 partition=1, block=16
[2026-09-27T01:29:06Z INFO  tape_rs::ltfs::recovery] 分区 1 VCI 快速路径命中 gen=4 @ 16..17
[2026-09-27T01:29:06Z INFO  tape_rs::tape::commands] 定位到 partition=0, block=0
[2026-09-27T01:29:08Z INFO  tape_rs::tape::commands] 定位到 partition=0, block=5
[2026-09-27T01:29:09Z INFO  tape_rs::ltfs::recovery] 分区 0 VCI 快速路径命中 gen=4 @ 5..6
[2026-09-27T01:29:09Z INFO  tape_rs::tape::commands] 定位到 partition=1, block=8
[2026-09-27T01:29:11Z INFO  tape_rs::tape::commands] 定位到 partition=1, block=5
[2026-09-27T01:29:12Z INFO  tape_rs::tape::commands] 定位到 partition=1, block=18
[2026-09-27T01:29:13Z INFO  tape_rs::ltfs::volume] index gen=4 highest_uid=16 (dp_tail=Complete, ip_tail=Complete, writable=true)
[2026-09-27T01:29:13Z INFO  tape_rs::daemon::executor] 执行线程: SR2502L8 转为 reclaiming，换下一盘
[2026-09-27T01:29:13Z INFO  tape_rs::daemon::node] 磁带 SR2502L8 状态变为 reclaiming
[2026-09-27T01:29:14Z INFO  tape_rs::tape::commands] 弹出磁带...
[2026-09-27T01:29:15Z INFO  tape_rs::tape::commands] 弹出完成
[2026-09-27T01:29:15Z INFO  tape_rs::daemon::executor] 执行线程: 卸带 SR2502L8 -> 槽位 0x0408
[2026-09-27T01:29:15Z INFO  tape_rs::changer::commands] 移动介质: 从 0x0100 到 0x0408
[2026-09-27T01:29:16Z INFO  tape_rs::changer::commands] 移动完成
[2026-09-27T01:29:17Z INFO  tape_rs::daemon::executor] 执行线程: 装载 SR2501L8 (槽位 0x0407) -> 驱动器 IBMtaper2287 (/dev/sg10)
[2026-09-27T01:29:17Z INFO  tape_rs::changer::commands] 移动介质: 从 0x0407 到 0x0100
[2026-09-27T01:29:18Z INFO  tape_rs::changer::commands] 移动完成
[2026-09-27T01:29:18Z WARN  tape_rs::scsi::transport] TEST UNIT READY: UNIT ATTENTION asc=0x28 ascq=0x00，重发（第 1 次）
[2026-09-27T01:29:19Z WARN  tape_rs::scsi::transport] TEST UNIT READY: UNIT ATTENTION asc=0x28 ascq=0x00，重发（第 2 次）
[2026-09-27T01:29:19Z INFO  tape_rs::tape::commands] 定位到 partition=0, block=0
[2026-09-27T01:29:20Z INFO  tape_rs::tape::commands] 定位到 partition=0, block=2
[2026-09-27T01:29:21Z INFO  tape_rs::ltfs::volume] LTFS label: version=2.4.0 uuid=3c9ce34a-849c-4ae0-82ad-7bf19c81750e blocksize=524288 compression=false
[2026-09-27T01:29:23Z INFO  tape_rs::tape::commands] 定位到 partition=1, block=0
[2026-09-27T01:29:24Z INFO  tape_rs::tape::commands] 定位到 partition=1, block=8
[2026-09-27T01:29:26Z INFO  tape_rs::ltfs::recovery] 分区 1 VCI 快速路径命中 gen=2 @ 8..9
[2026-09-27T01:29:26Z INFO  tape_rs::tape::commands] 定位到 partition=0, block=0
[2026-09-27T01:29:27Z INFO  tape_rs::tape::commands] 定位到 partition=0, block=5
[2026-09-27T01:29:29Z INFO  tape_rs::ltfs::recovery] 分区 0 VCI 快速路径命中 gen=2 @ 5..6
[2026-09-27T01:29:29Z INFO  tape_rs::tape::commands] 定位到 partition=1, block=5
[2026-09-27T01:29:30Z INFO  tape_rs::tape::commands] 定位到 partition=1, block=10
[2026-09-27T01:29:31Z INFO  tape_rs::ltfs::volume] index gen=2 highest_uid=1 (dp_tail=Complete, ip_tail=Complete, writable=true)
[2026-09-27T01:29:32Z INFO  tape_rs::daemon::node] SR2501L8 目录停在第 1 代，磁带是第 2 代：以磁带为准重写该带的目录
[2026-09-27T01:29:32Z INFO  tape_rs::daemon::node] 轮次 67 开始服务：IBMtaper2287 (/dev/sg10) [SR2501L8]: gen=2 文件 0 个 尾部 Complete；可用 236 MiB
[2026-09-27T01:29:34Z INFO  tape_rs::daemon::executor] 执行线程: 为回收装载 SR2502L8 -> IBMtaper3D5E (/dev/sg11)
[2026-09-27T01:29:35Z INFO  tape_rs::changer::commands] 移动介质: 从 0x0408 到 0x0101
[2026-09-27T01:29:35Z INFO  tape_rs::changer::commands] 移动完成
[2026-09-27T01:29:36Z WARN  tape_rs::scsi::transport] TEST UNIT READY: UNIT ATTENTION asc=0x28 ascq=0x00，重发（第 1 次）
[2026-09-27T01:29:37Z WARN  tape_rs::scsi::transport] TEST UNIT READY: UNIT ATTENTION asc=0x28 ascq=0x00，重发（第 2 次）
[2026-09-27T01:29:37Z INFO  tape_rs::tape::commands] 定位到 partition=0, block=2
[2026-09-27T01:29:38Z INFO  tape_rs::ltfs::volume] LTFS label: version=2.4.0 uuid=30e4255b-949f-440e-bcd2-1d4f66e409ff blocksize=524288 compression=false
[2026-09-27T01:29:40Z INFO  tape_rs::tape::commands] 定位到 partition=1, block=0
[2026-09-27T01:29:41Z INFO  tape_rs::tape::commands] 定位到 partition=1, block=16
[2026-09-27T01:29:43Z INFO  tape_rs::ltfs::recovery] 分区 1 VCI 快速路径命中 gen=4 @ 16..17
[2026-09-27T01:29:43Z INFO  tape_rs::tape::commands] 定位到 partition=0, block=0
[2026-09-27T01:29:44Z INFO  tape_rs::tape::commands] 定位到 partition=0, block=5
[2026-09-27T01:29:46Z INFO  tape_rs::ltfs::recovery] 分区 0 VCI 快速路径命中 gen=4 @ 5..6
[2026-09-27T01:29:46Z INFO  tape_rs::tape::commands] 定位到 partition=1, block=8
[2026-09-27T01:29:47Z INFO  tape_rs::tape::commands] 定位到 partition=1, block=5
[2026-09-27T01:29:49Z INFO  tape_rs::tape::commands] 定位到 partition=1, block=18
[2026-09-27T01:29:50Z INFO  tape_rs::ltfs::volume] index gen=4 highest_uid=16 (dp_tail=Complete, ip_tail=Complete, writable=true)
[2026-09-27T01:29:50Z INFO  tape_rs::daemon::executor] 执行线程: 开始回收 SR2502L8（第 4 代，带上 13 个文件）→ 搬到 SR2501L8
[2026-09-27T01:29:50Z INFO  tape_rs::tape::commands] 定位到 partition=0, block=2
[2026-09-27T01:29:51Z INFO  tape_rs::ltfs::volume] LTFS label: version=2.4.0 uuid=30e4255b-949f-440e-bcd2-1d4f66e409ff blocksize=524288 compression=false
[2026-09-27T01:29:52Z INFO  tape_rs::tape::commands] 定位到 partition=1, block=0
[2026-09-27T01:29:54Z INFO  tape_rs::tape::commands] 定位到 partition=1, block=16
[2026-09-27T01:29:55Z INFO  tape_rs::ltfs::recovery] 分区 1 VCI 快速路径命中 gen=4 @ 16..17
[2026-09-27T01:29:55Z INFO  tape_rs::tape::commands] 定位到 partition=0, block=0
[2026-09-27T01:29:57Z INFO  tape_rs::tape::commands] 定位到 partition=0, block=5
[2026-09-27T01:29:58Z INFO  tape_rs::ltfs::recovery] 分区 0 VCI 快速路径命中 gen=4 @ 5..6
[2026-09-27T01:29:58Z INFO  tape_rs::tape::commands] 定位到 partition=1, block=8
[2026-09-27T01:30:00Z INFO  tape_rs::tape::commands] 定位到 partition=1, block=5
[2026-09-27T01:30:01Z INFO  tape_rs::tape::commands] 定位到 partition=1, block=18
[2026-09-27T01:30:02Z INFO  tape_rs::ltfs::volume] index gen=4 highest_uid=16 (dp_tail=Complete, ip_tail=Complete, writable=true)
[2026-09-27T01:30:02Z INFO  tape_rs::tape::commands] 定位到 partition=1, block=10
[2026-09-27T01:30:03Z INFO  tape_rs::ltfs::volume] 读取 sr/links/target: 24 字节
[2026-09-27T01:30:03Z INFO  tape_rs::tape::commands] 定位到 partition=1, block=11
[2026-09-27T01:30:04Z INFO  tape_rs::ltfs::volume] 读取 sr/seed: 13 字节
[2026-09-27T01:30:04Z INFO  tape_rs::tape::commands] 定位到 partition=0, block=2
[2026-09-27T01:30:05Z INFO  tape_rs::ltfs::volume] LTFS label: version=2.4.0 uuid=3c9ce34a-849c-4ae0-82ad-7bf19c81750e blocksize=524288 compression=false
[2026-09-27T01:30:07Z INFO  tape_rs::tape::commands] 定位到 partition=1, block=0
[2026-09-27T01:30:08Z INFO  tape_rs::tape::commands] 定位到 partition=1, block=8
[2026-09-27T01:30:10Z INFO  tape_rs::ltfs::recovery] 分区 1 VCI 快速路径命中 gen=2 @ 8..9
[2026-09-27T01:30:10Z INFO  tape_rs::tape::commands] 定位到 partition=0, block=0
[2026-09-27T01:30:11Z INFO  tape_rs::tape::commands] 定位到 partition=0, block=5
[2026-09-27T01:30:13Z INFO  tape_rs::ltfs::recovery] 分区 0 VCI 快速路径命中 gen=2 @ 5..6
[2026-09-27T01:30:13Z INFO  tape_rs::tape::commands] 定位到 partition=1, block=5
[2026-09-27T01:30:14Z INFO  tape_rs::tape::commands] 定位到 partition=1, block=10
[2026-09-27T01:30:15Z INFO  tape_rs::ltfs::volume] index gen=2 highest_uid=1 (dp_tail=Complete, ip_tail=Complete, writable=true)
[2026-09-27T01:30:16Z INFO  tape_rs::tape::commands] 定位到 partition=1, block=10
[2026-09-27T01:30:17Z INFO  tape_rs::ltfs::volume] 追加 .tapers/deleted/d7199cb34589394084ef723e5cf02257285575afc278316239b0400c0817bb8e: 0 字节 @ P1 block 10
[2026-09-27T01:30:18Z INFO  tape_rs::tape::commands] 定位到 partition=1, block=10
[2026-09-27T01:30:18Z INFO  tape_rs::ltfs::volume] 追加 .tapers/deleted/dbf71d1efb40859e329e47d0e99c9ba619e935c283574736a89224f3a0c60be3: 0 字节 @ P1 block 10
[2026-09-27T01:30:19Z INFO  tape_rs::tape::commands] 定位到 partition=1, block=10
[2026-09-27T01:30:20Z INFO  tape_rs::ltfs::volume] 追加 /sr/links/target: 24 字节 @ P1 block 10
[2026-09-27T01:30:21Z INFO  tape_rs::tape::commands] 定位到 partition=1, block=11
[2026-09-27T01:30:22Z INFO  tape_rs::ltfs::volume] 追加 /sr/seed: 13 字节 @ P1 block 11
[2026-09-27T01:30:23Z INFO  tape_rs::tape::commands] 定位到 partition=1, block=12
[2026-09-27T01:30:29Z INFO  tape_rs::ltfs::volume] commit: gen 3 @ P0 5, P1 13
[2026-09-27T01:30:30Z INFO  tape_rs::daemon::executor] 执行线程: 已提交 11 个文件，索引 gen=3
[2026-09-27T01:30:33Z INFO  tape_rs::tape::commands] 定位到 partition=0, block=2
[2026-09-27T01:30:34Z INFO  tape_rs::ltfs::volume] LTFS label: version=2.4.0 uuid=30e4255b-949f-440e-bcd2-1d4f66e409ff blocksize=524288 compression=false
[2026-09-27T01:30:35Z INFO  tape_rs::tape::commands] 定位到 partition=1, block=0
[2026-09-27T01:30:37Z INFO  tape_rs::tape::commands] 定位到 partition=1, block=16
[2026-09-27T01:30:38Z INFO  tape_rs::ltfs::recovery] 分区 1 VCI 快速路径命中 gen=4 @ 16..17
[2026-09-27T01:30:38Z INFO  tape_rs::tape::commands] 定位到 partition=0, block=0
[2026-09-27T01:30:40Z INFO  tape_rs::tape::commands] 定位到 partition=0, block=5
[2026-09-27T01:30:41Z INFO  tape_rs::ltfs::recovery] 分区 0 VCI 快速路径命中 gen=4 @ 5..6
[2026-09-27T01:30:41Z INFO  tape_rs::tape::commands] 定位到 partition=1, block=8
[2026-09-27T01:30:43Z INFO  tape_rs::tape::commands] 定位到 partition=1, block=5
[2026-09-27T01:30:44Z INFO  tape_rs::tape::commands] 定位到 partition=1, block=18
[2026-09-27T01:30:45Z INFO  tape_rs::ltfs::volume] index gen=4 highest_uid=16 (dp_tail=Complete, ip_tail=Complete, writable=true)
[2026-09-27T01:30:45Z INFO  tape_rs::tape::commands] 定位到 partition=0, block=2
[2026-09-27T01:30:46Z INFO  tape_rs::ltfs::volume] LTFS label: version=2.4.0 uuid=30e4255b-949f-440e-bcd2-1d4f66e409ff blocksize=524288 compression=false
[2026-09-27T01:30:48Z INFO  tape_rs::tape::commands] 定位到 partition=1, block=0
[2026-09-27T01:30:49Z INFO  tape_rs::tape::commands] 定位到 partition=1, block=16
[2026-09-27T01:30:51Z INFO  tape_rs::ltfs::recovery] 分区 1 VCI 快速路径命中 gen=4 @ 16..17
[2026-09-27T01:30:51Z INFO  tape_rs::tape::commands] 定位到 partition=0, block=0
[2026-09-27T01:30:52Z INFO  tape_rs::tape::commands] 定位到 partition=0, block=5
[2026-09-27T01:30:54Z INFO  tape_rs::ltfs::recovery] 分区 0 VCI 快速路径命中 gen=4 @ 5..6
[2026-09-27T01:30:54Z INFO  tape_rs::tape::commands] 定位到 partition=1, block=8
[2026-09-27T01:30:55Z INFO  tape_rs::tape::commands] 定位到 partition=1, block=5
[2026-09-27T01:30:57Z INFO  tape_rs::tape::commands] 定位到 partition=1, block=18
[2026-09-27T01:30:58Z INFO  tape_rs::ltfs::volume] index gen=4 highest_uid=16 (dp_tail=Complete, ip_tail=Complete, writable=true)
[2026-09-27T01:30:58Z INFO  tape_rs::daemon::executor] 执行线程: SR2502L8 上的内容已全部有着落（搬走 11 个 / 0 MiB，跳过旧副本 2 个），重新格式化
[2026-09-27T01:30:58Z INFO  tape_rs::ltfs::mkltfs] mkltfs 开始: volume_id=SR2502 uuid=26cffceb-3cb8-4ae3-98e3-c169199a82a4
[2026-09-27T01:31:26Z INFO  tape_rs::daemon::net] 节点间通信监听 0.0.0.0:7500
[2026-09-27T01:31:26Z INFO  tape_rs::daemon::http] 客户端接口监听 0.0.0.0:7501
[2026-09-27T01:31:26Z INFO  raft::raft] switched to configuration, raft_id: 2, config: Configuration { voters: Configuration { incoming: Configuration { voters: {1, 2, 3} }, outgoing: Configuration { voters: {} } }, learners: {}, learners_next: {}, auto_leave: false }
[2026-09-27T01:31:26Z INFO  raft::raft] became follower at term 4, raft_id: 2, term: 4
[2026-09-27T01:31:26Z INFO  raft::raft] newRaft, raft_id: 2, peers: Configuration { incoming: Configuration { voters: {1, 2, 3} }, outgoing: Configuration { voters: {} } }, last term: 4, last index: 76, applied: 0, commit: 76, term: 4
[2026-09-27T01:31:26Z INFO  raft::raw_node] RawNode created with id 2., raft_id: 2, id: 2
[2026-09-27T01:31:26Z INFO  tape_rs::daemon::node] 节点 1 成为执行者，轮次 2
[2026-09-27T01:31:26Z INFO  tape_rs::daemon::node] 节点 1 成为执行者，轮次 49
[2026-09-27T01:31:27Z INFO  raft::raft] received a message with higher term from 3, raft_id: 2, msg type: MsgHeartbeat, message_term: 5, term: 4, from: 3
[2026-09-27T01:31:27Z INFO  raft::raft] became follower at term 5, raft_id: 2, term: 5
[2026-09-27T01:31:27Z INFO  tape_rs::daemon::node] 节点 3 成为执行者，轮次 78
[2026-09-27T01:31:53Z INFO  ltfsd] 收到停机信号，正在计划停机（再按一次直接退出）
[2026-09-27T01:31:53Z INFO  tape_rs::daemon::node] 节点 2 停机
