[2026-09-27T03:35:07Z INFO  tape_rs::daemon::net] 节点间通信监听 0.0.0.0:7500
[2026-09-27T03:35:07Z INFO  tape_rs::daemon::http] 客户端接口监听 0.0.0.0:7501
[2026-09-27T03:35:07Z INFO  raft::raft] switched to configuration, raft_id: 2, config: Configuration { voters: Configuration { incoming: Configuration { voters: {1, 2, 3} }, outgoing: Configuration { voters: {} } }, learners: {}, learners_next: {}, auto_leave: false }
[2026-09-27T03:35:07Z INFO  raft::raft] became follower at term 9, raft_id: 2, term: 9
[2026-09-27T03:35:07Z INFO  raft::raft] newRaft, raft_id: 2, peers: Configuration { incoming: Configuration { voters: {1, 2, 3} }, outgoing: Configuration { voters: {} } }, last term: 9, last index: 125, applied: 0, commit: 125, term: 9
[2026-09-27T03:35:07Z INFO  raft::raw_node] RawNode created with id 2., raft_id: 2, id: 2
[2026-09-27T03:35:07Z INFO  tape_rs::daemon::node] 节点 1 成为执行者，轮次 2
[2026-09-27T03:35:07Z INFO  tape_rs::daemon::node] 节点 1 成为执行者，轮次 49
[2026-09-27T03:35:07Z INFO  tape_rs::daemon::node] 节点 3 成为执行者，轮次 78
[2026-09-27T03:35:07Z INFO  tape_rs::daemon::node] 节点 1 成为执行者，轮次 84
[2026-09-27T03:35:07Z INFO  tape_rs::daemon::node] 节点 1 成为执行者，轮次 101
[2026-09-27T03:35:07Z INFO  tape_rs::daemon::node] 节点 3 成为执行者，轮次 116
[2026-09-27T03:35:08Z INFO  raft::raft] [logterm: 9, index: 125, vote: 3] cast vote for 1 [logterm: 9, index: 125] at term 9, raft_id: 2, msg type: MsgRequestPreVote, term: 9, msg_index: 125, msg_term: 9, from: 1, vote: 3, log_index: 125, log_term: 9
[2026-09-27T03:35:08Z INFO  raft::raft] received a message with higher term from 1, raft_id: 2, msg type: MsgRequestVote, message_term: 10, term: 9, from: 1
[2026-09-27T03:35:08Z INFO  raft::raft] became follower at term 10, raft_id: 2, term: 10
[2026-09-27T03:35:08Z INFO  raft::raft] [logterm: 9, index: 125, vote: 0] cast vote for 1 [logterm: 9, index: 125] at term 10, raft_id: 2, msg type: MsgRequestVote, term: 10, msg_index: 125, msg_term: 9, from: 1, vote: 0, log_index: 125, log_term: 9
[2026-09-27T03:35:08Z INFO  tape_rs::daemon::node] 节点 1 成为执行者，轮次 127
[2026-09-27T03:38:35Z INFO  raft::raft] [logterm: 10, index: 139, vote: 1] cast vote for 3 [logterm: 10, index: 139] at term 10, raft_id: 2, msg type: MsgRequestPreVote, term: 10, msg_index: 139, msg_term: 10, from: 3, vote: 1, log_index: 139, log_term: 10
[2026-09-27T03:38:35Z INFO  raft::raft] received a message with higher term from 3, raft_id: 2, msg type: MsgRequestVote, message_term: 11, term: 10, from: 3
[2026-09-27T03:38:35Z INFO  raft::raft] became follower at term 11, raft_id: 2, term: 11
[2026-09-27T03:38:35Z INFO  raft::raft] [logterm: 10, index: 139, vote: 0] cast vote for 3 [logterm: 10, index: 139] at term 11, raft_id: 2, msg type: MsgRequestVote, term: 11, msg_index: 139, msg_term: 10, from: 3, vote: 0, log_index: 139, log_term: 10
[2026-09-27T03:38:35Z INFO  tape_rs::daemon::node] 节点 3 成为执行者，轮次 141
[2026-09-27T03:39:35Z INFO  ltfsd] 收到停机信号，正在计划停机（再按一次直接退出）
[2026-09-27T03:39:35Z INFO  tape_rs::daemon::node] 节点 2 停机
