[2026-09-27T02:31:45Z INFO  tape_rs::daemon::net] 节点间通信监听 0.0.0.0:7500
[2026-09-27T02:31:45Z INFO  tape_rs::daemon::http] 客户端接口监听 0.0.0.0:7501
[2026-09-27T02:31:45Z INFO  raft::raft] switched to configuration, raft_id: 3, config: Configuration { voters: Configuration { incoming: Configuration { voters: {1, 2, 3} }, outgoing: Configuration { voters: {} } }, learners: {}, learners_next: {}, auto_leave: false }
[2026-09-27T02:31:45Z INFO  raft::raft] became follower at term 5, raft_id: 3, term: 5
[2026-09-27T02:31:45Z INFO  raft::raft] newRaft, raft_id: 3, peers: Configuration { incoming: Configuration { voters: {1, 2, 3} }, outgoing: Configuration { voters: {} } }, last term: 5, last index: 82, applied: 0, commit: 82, term: 5
[2026-09-27T02:31:45Z INFO  raft::raw_node] RawNode created with id 3., raft_id: 3, id: 3
[2026-09-27T02:31:46Z INFO  tape_rs::daemon::node] 节点 1 成为执行者，轮次 2
[2026-09-27T02:31:46Z INFO  tape_rs::daemon::node] 节点 1 成为执行者，轮次 49
[2026-09-27T02:31:46Z INFO  tape_rs::daemon::node] 节点 2 成为执行者，轮次 62
[2026-09-27T02:31:46Z INFO  tape_rs::daemon::node] 节点 2 成为执行者，轮次 67
[2026-09-27T02:31:47Z INFO  raft::raft] [logterm: 5, index: 82, vote: 3] cast vote for 1 [logterm: 5, index: 82] at term 5, raft_id: 3, msg type: MsgRequestPreVote, term: 5, msg_index: 82, msg_term: 5, from: 1, vote: 3, log_index: 82, log_term: 5
[2026-09-27T02:31:47Z INFO  raft::raft] received a message with higher term from 1, raft_id: 3, msg type: MsgRequestVote, message_term: 6, term: 5, from: 1
[2026-09-27T02:31:47Z INFO  raft::raft] became follower at term 6, raft_id: 3, term: 6
[2026-09-27T02:31:47Z INFO  raft::raft] [logterm: 5, index: 82, vote: 0] cast vote for 1 [logterm: 5, index: 82] at term 6, raft_id: 3, msg type: MsgRequestVote, term: 6, msg_index: 82, msg_term: 5, from: 1, vote: 0, log_index: 82, log_term: 5
[2026-09-27T02:31:47Z INFO  tape_rs::daemon::node] 节点 1 成为执行者，轮次 84
[2026-09-27T02:34:54Z INFO  raft::raft] [logterm: 6, index: 93, vote: 1] cast vote for 2 [logterm: 6, index: 93] at term 6, raft_id: 3, msg type: MsgRequestPreVote, term: 6, msg_index: 93, msg_term: 6, from: 2, vote: 1, log_index: 93, log_term: 6
[2026-09-27T02:34:54Z INFO  raft::raft] received a message with higher term from 2, raft_id: 3, msg type: MsgRequestVote, message_term: 7, term: 6, from: 2
[2026-09-27T02:34:54Z INFO  raft::raft] became follower at term 7, raft_id: 3, term: 7
[2026-09-27T02:34:54Z INFO  raft::raft] [logterm: 6, index: 93, vote: 0] cast vote for 2 [logterm: 6, index: 93] at term 7, raft_id: 3, msg type: MsgRequestVote, term: 7, msg_index: 93, msg_term: 6, from: 2, vote: 0, log_index: 93, log_term: 6
[2026-09-27T02:34:54Z INFO  tape_rs::daemon::node] 节点 2 成为执行者，轮次 95
[2026-09-27T02:35:48Z INFO  ltfsd] 收到停机信号，正在计划停机（再按一次直接退出）
[2026-09-27T02:35:48Z INFO  tape_rs::daemon::node] 节点 3 停机
