[2026-09-24T23:36:39Z INFO  tape_rs::daemon::net] 节点间通信监听 0.0.0.0:7500
[2026-09-24T23:36:39Z INFO  tape_rs::daemon::http] 客户端接口监听 0.0.0.0:7501
[2026-09-24T23:36:39Z INFO  raft::raft] switched to configuration, raft_id: 3, config: Configuration { voters: Configuration { incoming: Configuration { voters: {1, 2, 3} }, outgoing: Configuration { voters: {} } }, learners: {}, learners_next: {}, auto_leave: false }
[2026-09-24T23:36:39Z INFO  raft::raft] became follower at term 16, raft_id: 3, term: 16
[2026-09-24T23:36:39Z INFO  raft::raft] newRaft, raft_id: 3, peers: Configuration { incoming: Configuration { voters: {1, 2, 3} }, outgoing: Configuration { voters: {} } }, last term: 16, last index: 160, applied: 0, commit: 160, term: 16
[2026-09-24T23:36:39Z INFO  raft::raw_node] RawNode created with id 3., raft_id: 3, id: 3
[2026-09-24T23:36:39Z INFO  tape_rs::daemon::node] 节点 1 成为执行者，轮次 2
[2026-09-24T23:36:39Z INFO  tape_rs::daemon::node] 节点 1 成为执行者，轮次 14
[2026-09-24T23:36:39Z INFO  tape_rs::daemon::node] 节点 2 成为执行者，轮次 21
[2026-09-24T23:36:39Z INFO  tape_rs::daemon::node] 节点 1 成为执行者，轮次 31
[2026-09-24T23:36:39Z INFO  tape_rs::daemon::node] 节点 1 成为执行者，轮次 54
[2026-09-24T23:36:39Z INFO  tape_rs::daemon::node] 节点 2 成为执行者，轮次 59
[2026-09-24T23:36:39Z INFO  tape_rs::daemon::node] 节点 2 成为执行者，轮次 109
[2026-09-24T23:36:39Z INFO  tape_rs::daemon::node] 节点 2 成为执行者，轮次 114
[2026-09-24T23:36:39Z INFO  tape_rs::daemon::node] 节点 2 成为执行者，轮次 124
[2026-09-24T23:36:39Z INFO  tape_rs::daemon::node] 节点 1 成为执行者，轮次 129
[2026-09-24T23:36:39Z INFO  tape_rs::daemon::node] 节点 2 成为执行者，轮次 157
[2026-09-24T23:36:40Z INFO  raft::raft] [logterm: 16, index: 160, vote: 2] cast vote for 1 [logterm: 16, index: 160] at term 16, raft_id: 3, msg type: MsgRequestPreVote, term: 16, msg_index: 160, msg_term: 16, from: 1, vote: 2, log_index: 160, log_term: 16
[2026-09-24T23:36:40Z INFO  raft::raft] received a message with higher term from 1, raft_id: 3, msg type: MsgRequestVote, message_term: 17, term: 16, from: 1
[2026-09-24T23:36:40Z INFO  raft::raft] became follower at term 17, raft_id: 3, term: 17
[2026-09-24T23:36:40Z INFO  raft::raft] [logterm: 16, index: 160, vote: 0] cast vote for 1 [logterm: 16, index: 160] at term 17, raft_id: 3, msg type: MsgRequestVote, term: 17, msg_index: 160, msg_term: 16, from: 1, vote: 0, log_index: 160, log_term: 16
[2026-09-24T23:36:40Z INFO  tape_rs::daemon::node] 节点 1 成为执行者，轮次 162
[2026-09-24T23:40:46Z INFO  raft::raft] starting a new election, raft_id: 3, term: 17
[2026-09-24T23:40:46Z INFO  raft::raft] became pre-candidate at term 17, raft_id: 3, term: 17
[2026-09-24T23:40:46Z INFO  raft::raft] broadcasting vote request, raft_id: 3, to: [1, 2], log_index: 175, log_term: 17, term: 17, type: MsgRequestPreVote
[2026-09-24T23:40:46Z INFO  raft::raft] received votes response, raft_id: 3, term: 17, type: MsgRequestPreVoteResponse, approvals: 2, rejections: 0, from: 2, vote: true
[2026-09-24T23:40:46Z INFO  raft::raft] became candidate at term 18, raft_id: 3, term: 18
[2026-09-24T23:40:46Z INFO  raft::raft] broadcasting vote request, raft_id: 3, to: [1, 2], log_index: 175, log_term: 17, term: 18, type: MsgRequestVote
[2026-09-24T23:40:46Z INFO  raft::raft] received votes response, raft_id: 3, term: 18, type: MsgRequestVoteResponse, approvals: 2, rejections: 0, from: 2, vote: true
[2026-09-24T23:40:46Z INFO  raft::raft] became leader at term 18, raft_id: 3, term: 18
[2026-09-24T23:40:46Z INFO  tape_rs::daemon::node] 本节点成为执行者，轮次 177（任期 18）
[2026-09-24T23:40:46Z INFO  tape_rs::scsi::reservation] /dev/sg6: 预留现状 generation=50 keys=[4c010000000000a2] holder=Some((4c010000000000a2, 3))
[2026-09-24T23:40:46Z INFO  tape_rs::daemon::executor] 执行线程: IBMtaper2287 (/dev/sg6) 已隔离（原持有者 Some(4c010000000000a2)）
[2026-09-24T23:40:46Z INFO  tape_rs::scsi::reservation] /dev/sg7: 预留现状 generation=48 keys=[4c010000000000a2] holder=Some((4c010000000000a2, 3))
[2026-09-24T23:40:46Z INFO  tape_rs::daemon::executor] 执行线程: IBMtaper2287_LL3 (/dev/sg7) 已隔离（原持有者 Some(4c010000000000a2)）
[2026-09-24T23:40:46Z INFO  tape_rs::scsi::reservation] /dev/sg8: 预留现状 generation=48 keys=[4c010000000000a2] holder=Some((4c010000000000a2, 3))
[2026-09-24T23:40:46Z INFO  tape_rs::daemon::executor] 执行线程: IBMtaper3D5E (/dev/sg8) 已隔离（原持有者 Some(4c010000000000a2)）
[2026-09-24T23:40:46Z INFO  tape_rs::tape::commands] 定位到 partition=0, block=0
[2026-09-24T23:40:46Z INFO  tape_rs::tape::commands] 定位到 partition=0, block=2
[2026-09-24T23:40:46Z INFO  tape_rs::ltfs::volume] LTFS label: version=2.4.0 uuid=26aefb84-fbc8-4c4a-a500-c85264ba2d29 blocksize=524288 compression=false
[2026-09-24T23:40:46Z INFO  tape_rs::tape::commands] 定位到 partition=1, block=0
[2026-09-24T23:40:47Z INFO  tape_rs::tape::commands] 定位到 partition=1, block=220
[2026-09-24T23:40:47Z INFO  tape_rs::tape::commands] 定位到 partition=1, block=219
[2026-09-24T23:40:47Z INFO  tape_rs::tape::commands] 定位到 partition=1, block=218
[2026-09-24T23:40:47Z INFO  tape_rs::ltfs::recovery] 分区 1 末索引 gen=63 @ 218..219
[2026-09-24T23:40:47Z INFO  tape_rs::tape::commands] 定位到 partition=1, block=220
[2026-09-24T23:40:47Z INFO  tape_rs::tape::commands] 定位到 partition=1, block=221
[2026-09-24T23:40:47Z INFO  tape_rs::tape::commands] 定位到 partition=0, block=0
[2026-09-24T23:40:47Z INFO  tape_rs::tape::commands] 定位到 partition=0, block=5
[2026-09-24T23:40:47Z INFO  tape_rs::ltfs::recovery] 分区 0 末索引 gen=58 @ 5..6
[2026-09-24T23:40:47Z INFO  tape_rs::tape::commands] 定位到 partition=1, block=215
[2026-09-24T23:40:47Z INFO  tape_rs::tape::commands] 定位到 partition=1, block=212
[2026-09-24T23:40:47Z INFO  tape_rs::tape::commands] 定位到 partition=1, block=209
[2026-09-24T23:40:47Z INFO  tape_rs::tape::commands] 定位到 partition=1, block=206
[2026-09-24T23:40:47Z INFO  tape_rs::tape::commands] 定位到 partition=1, block=202
[2026-09-24T23:40:47Z INFO  tape_rs::tape::commands] 定位到 partition=1, block=202
[2026-09-24T23:40:47Z INFO  tape_rs::tape::commands] 定位到 partition=1, block=199
[2026-09-24T23:40:47Z INFO  tape_rs::tape::commands] 定位到 partition=1, block=193
[2026-09-24T23:40:47Z INFO  tape_rs::tape::commands] 定位到 partition=1, block=184
[2026-09-24T23:40:47Z INFO  tape_rs::tape::commands] 定位到 partition=1, block=165
[2026-09-24T23:40:47Z INFO  tape_rs::tape::commands] 定位到 partition=1, block=162
[2026-09-24T23:40:47Z INFO  tape_rs::tape::commands] 定位到 partition=1, block=153
[2026-09-24T23:40:47Z INFO  tape_rs::tape::commands] 定位到 partition=1, block=130
[2026-09-24T23:40:47Z INFO  tape_rs::tape::commands] 定位到 partition=1, block=111
[2026-09-24T23:40:47Z INFO  tape_rs::tape::commands] 定位到 partition=1, block=91
[2026-09-24T23:40:47Z INFO  tape_rs::tape::commands] 定位到 partition=1, block=87
[2026-09-24T23:40:47Z INFO  tape_rs::tape::commands] 定位到 partition=1, block=75
[2026-09-24T23:40:47Z INFO  tape_rs::tape::commands] 定位到 partition=1, block=57
[2026-09-24T23:40:47Z INFO  tape_rs::tape::commands] 定位到 partition=1, block=28
[2026-09-24T23:40:47Z INFO  tape_rs::tape::commands] 定位到 partition=1, block=13
[2026-09-24T23:40:47Z INFO  tape_rs::tape::commands] 定位到 partition=1, block=8
[2026-09-24T23:40:47Z INFO  tape_rs::tape::commands] 定位到 partition=1, block=5
[2026-09-24T23:40:47Z WARN  tape_rs::ltfs::recovery] 卷 26aefb84-fbc8-4c4a-a500-c85264ba2d29 恢复为只读: ["分区 0 VCI 过期（VCR 不匹配）", "分区 1 VCI 过期（VCR 不匹配）", "IP 落后于 DP，记为维护债务", "不放行追加: dp_tail=TruncatedIndex ip_tail=Complete chain_ok=true"]
[2026-09-24T23:40:47Z INFO  tape_rs::ltfs::volume] index gen=63 highest_uid=56 (dp_tail=TruncatedIndex, ip_tail=Complete, writable=false)
[2026-09-24T23:40:47Z INFO  tape_rs::tape::commands] 定位到 partition=1, block=222
[2026-09-24T23:40:47Z INFO  tape_rs::ltfs::volume] 收尾: DP 尾部 TruncatedIndex，放弃块 220..222，在 EOD 222 追加索引
[2026-09-24T23:40:47Z INFO  tape_rs::tape::commands] 定位到 partition=1, block=222
[2026-09-24T23:40:47Z INFO  tape_rs::tape::commands] 定位到 partition=0, block=4
[2026-09-24T23:40:47Z INFO  tape_rs::ltfs::volume] commit: gen 64 @ P0 5, P1 223
[2026-09-24T23:40:47Z INFO  tape_rs::daemon::node] RT2502L8 目录停在第 63 代，磁带是第 64 代：以磁带为准重写该带的目录
[2026-09-24T23:40:47Z INFO  tape_rs::daemon::node] 轮次 177 开始服务：IBMtaper2287 (/dev/sg6) [RT2502L8]: gen=63 文件 26 个 尾部 TruncatedIndex；已收尾：放弃块 220..221，新索引 gen=64；可用 81 MiB
[2026-09-24T23:40:58Z INFO  tape_rs::tape::commands] 定位到 partition=0, block=2
[2026-09-24T23:40:58Z INFO  tape_rs::ltfs::volume] LTFS label: version=2.4.0 uuid=26aefb84-fbc8-4c4a-a500-c85264ba2d29 blocksize=524288 compression=false
[2026-09-24T23:40:58Z INFO  tape_rs::tape::commands] 定位到 partition=1, block=0
[2026-09-24T23:40:58Z INFO  tape_rs::tape::commands] 定位到 partition=1, block=223
[2026-09-24T23:40:58Z INFO  tape_rs::ltfs::recovery] 分区 1 VCI 快速路径命中 gen=64 @ 223..224
[2026-09-24T23:40:58Z INFO  tape_rs::tape::commands] 定位到 partition=0, block=0
[2026-09-24T23:40:58Z INFO  tape_rs::tape::commands] 定位到 partition=0, block=5
[2026-09-24T23:40:58Z INFO  tape_rs::ltfs::recovery] 分区 0 VCI 快速路径命中 gen=64 @ 5..6
[2026-09-24T23:40:58Z INFO  tape_rs::tape::commands] 定位到 partition=1, block=202
[2026-09-24T23:40:58Z INFO  tape_rs::tape::commands] 定位到 partition=1, block=199
[2026-09-24T23:40:58Z INFO  tape_rs::tape::commands] 定位到 partition=1, block=193
[2026-09-24T23:40:58Z INFO  tape_rs::tape::commands] 定位到 partition=1, block=184
[2026-09-24T23:40:58Z INFO  tape_rs::tape::commands] 定位到 partition=1, block=165
[2026-09-24T23:40:58Z INFO  tape_rs::tape::commands] 定位到 partition=1, block=162
[2026-09-24T23:40:58Z INFO  tape_rs::tape::commands] 定位到 partition=1, block=153
[2026-09-24T23:40:58Z INFO  tape_rs::tape::commands] 定位到 partition=1, block=130
[2026-09-24T23:40:58Z INFO  tape_rs::tape::commands] 定位到 partition=1, block=111
[2026-09-24T23:40:58Z INFO  tape_rs::tape::commands] 定位到 partition=1, block=91
[2026-09-24T23:40:58Z INFO  tape_rs::tape::commands] 定位到 partition=1, block=87
[2026-09-24T23:40:58Z INFO  tape_rs::tape::commands] 定位到 partition=1, block=75
[2026-09-24T23:40:58Z INFO  tape_rs::tape::commands] 定位到 partition=1, block=57
[2026-09-24T23:40:58Z INFO  tape_rs::tape::commands] 定位到 partition=1, block=28
[2026-09-24T23:40:58Z INFO  tape_rs::tape::commands] 定位到 partition=1, block=13
[2026-09-24T23:40:58Z INFO  tape_rs::tape::commands] 定位到 partition=1, block=8
[2026-09-24T23:40:58Z INFO  tape_rs::tape::commands] 定位到 partition=1, block=5
[2026-09-24T23:40:58Z INFO  tape_rs::tape::commands] 定位到 partition=1, block=225
[2026-09-24T23:40:58Z INFO  tape_rs::ltfs::volume] index gen=64 highest_uid=56 (dp_tail=Complete, ip_tail=Complete, writable=true)
[2026-09-24T23:40:58Z INFO  tape_rs::tape::commands] 定位到 partition=1, block=204
[2026-09-24T23:40:58Z INFO  tape_rs::ltfs::volume] 读取 rc/xattr-fault-20260925: 26 字节
[2026-09-24T23:41:32Z INFO  tape_rs::tape::commands] 定位到 partition=0, block=2
[2026-09-24T23:41:32Z INFO  tape_rs::ltfs::volume] LTFS label: version=2.4.0 uuid=26aefb84-fbc8-4c4a-a500-c85264ba2d29 blocksize=524288 compression=false
[2026-09-24T23:41:32Z INFO  tape_rs::tape::commands] 定位到 partition=1, block=0
[2026-09-24T23:41:32Z INFO  tape_rs::tape::commands] 定位到 partition=1, block=223
[2026-09-24T23:41:32Z INFO  tape_rs::ltfs::recovery] 分区 1 VCI 快速路径命中 gen=64 @ 223..224
[2026-09-24T23:41:32Z INFO  tape_rs::tape::commands] 定位到 partition=0, block=0
[2026-09-24T23:41:32Z INFO  tape_rs::tape::commands] 定位到 partition=0, block=5
[2026-09-24T23:41:32Z INFO  tape_rs::ltfs::recovery] 分区 0 VCI 快速路径命中 gen=64 @ 5..6
[2026-09-24T23:41:32Z INFO  tape_rs::tape::commands] 定位到 partition=1, block=202
[2026-09-24T23:41:32Z INFO  tape_rs::tape::commands] 定位到 partition=1, block=199
[2026-09-24T23:41:32Z INFO  tape_rs::tape::commands] 定位到 partition=1, block=193
[2026-09-24T23:41:32Z INFO  tape_rs::tape::commands] 定位到 partition=1, block=184
[2026-09-24T23:41:32Z INFO  tape_rs::tape::commands] 定位到 partition=1, block=165
[2026-09-24T23:41:32Z INFO  tape_rs::tape::commands] 定位到 partition=1, block=162
[2026-09-24T23:41:32Z INFO  tape_rs::tape::commands] 定位到 partition=1, block=153
[2026-09-24T23:41:32Z INFO  tape_rs::tape::commands] 定位到 partition=1, block=130
[2026-09-24T23:41:32Z INFO  tape_rs::tape::commands] 定位到 partition=1, block=111
[2026-09-24T23:41:32Z INFO  tape_rs::tape::commands] 定位到 partition=1, block=91
[2026-09-24T23:41:32Z INFO  tape_rs::tape::commands] 定位到 partition=1, block=87
[2026-09-24T23:41:32Z INFO  tape_rs::tape::commands] 定位到 partition=1, block=75
[2026-09-24T23:41:32Z INFO  tape_rs::tape::commands] 定位到 partition=1, block=57
[2026-09-24T23:41:32Z INFO  tape_rs::tape::commands] 定位到 partition=1, block=28
[2026-09-24T23:41:32Z INFO  tape_rs::tape::commands] 定位到 partition=1, block=13
[2026-09-24T23:41:32Z INFO  tape_rs::tape::commands] 定位到 partition=1, block=8
[2026-09-24T23:41:32Z INFO  tape_rs::tape::commands] 定位到 partition=1, block=5
[2026-09-24T23:41:32Z INFO  tape_rs::tape::commands] 定位到 partition=1, block=225
[2026-09-24T23:41:32Z INFO  tape_rs::ltfs::volume] index gen=64 highest_uid=56 (dp_tail=Complete, ip_tail=Complete, writable=true)
[2026-09-24T23:41:32Z INFO  tape_rs::tape::commands] 定位到 partition=1, block=225
[2026-09-24T23:41:32Z INFO  tape_rs::ltfs::volume] commit: gen 65 @ P0 5, P1 226
[2026-09-24T23:41:32Z INFO  tape_rs::daemon::executor] 执行线程: 已提交 1 个文件，索引 gen=65
[2026-09-24T23:42:02Z INFO  tape_rs::daemon::net] 节点间通信监听 0.0.0.0:7500
[2026-09-24T23:42:02Z INFO  tape_rs::daemon::http] 客户端接口监听 0.0.0.0:7501
[2026-09-24T23:42:02Z INFO  raft::raft] switched to configuration, raft_id: 3, config: Configuration { voters: Configuration { incoming: Configuration { voters: {1, 2, 3} }, outgoing: Configuration { voters: {} } }, learners: {}, learners_next: {}, auto_leave: false }
[2026-09-24T23:42:02Z INFO  raft::raft] became follower at term 18, raft_id: 3, term: 18
[2026-09-24T23:42:02Z INFO  raft::raft] newRaft, raft_id: 3, peers: Configuration { incoming: Configuration { voters: {1, 2, 3} }, outgoing: Configuration { voters: {} } }, last term: 18, last index: 182, applied: 0, commit: 182, term: 18
[2026-09-24T23:42:02Z INFO  raft::raw_node] RawNode created with id 3., raft_id: 3, id: 3
[2026-09-24T23:42:02Z INFO  tape_rs::daemon::node] 节点 1 成为执行者，轮次 2
[2026-09-24T23:42:02Z INFO  tape_rs::daemon::node] 节点 1 成为执行者，轮次 14
[2026-09-24T23:42:02Z INFO  tape_rs::daemon::node] 节点 2 成为执行者，轮次 21
[2026-09-24T23:42:02Z INFO  tape_rs::daemon::node] 节点 1 成为执行者，轮次 31
[2026-09-24T23:42:02Z INFO  tape_rs::daemon::node] 节点 1 成为执行者，轮次 54
[2026-09-24T23:42:02Z INFO  tape_rs::daemon::node] 节点 2 成为执行者，轮次 59
[2026-09-24T23:42:02Z INFO  tape_rs::daemon::node] 节点 2 成为执行者，轮次 109
[2026-09-24T23:42:02Z INFO  tape_rs::daemon::node] 节点 2 成为执行者，轮次 114
[2026-09-24T23:42:02Z INFO  tape_rs::daemon::node] 节点 2 成为执行者，轮次 124
[2026-09-24T23:42:02Z INFO  tape_rs::daemon::node] 节点 1 成为执行者，轮次 129
[2026-09-24T23:42:02Z INFO  tape_rs::daemon::node] 节点 2 成为执行者，轮次 157
[2026-09-24T23:42:02Z INFO  tape_rs::daemon::node] 节点 1 成为执行者，轮次 162
[2026-09-24T23:42:02Z INFO  raft::raft] received a message with higher term from 1, raft_id: 3, msg type: MsgHeartbeat, message_term: 19, term: 18, from: 1
[2026-09-24T23:42:02Z INFO  raft::raft] became follower at term 19, raft_id: 3, term: 19
[2026-09-24T23:42:02Z INFO  tape_rs::daemon::node] 节点 1 成为执行者，轮次 184
[2026-09-24T23:42:42Z INFO  raft::raft] starting a new election, raft_id: 3, term: 19
[2026-09-24T23:42:42Z INFO  raft::raft] became pre-candidate at term 19, raft_id: 3, term: 19
[2026-09-24T23:42:42Z INFO  raft::raft] broadcasting vote request, raft_id: 3, to: [1, 2], log_index: 189, log_term: 19, term: 19, type: MsgRequestPreVote
[2026-09-24T23:42:42Z INFO  raft::raft] [logterm: 19, index: 189, vote: 0] cast vote for 2 [logterm: 19, index: 189] at term 19, raft_id: 3, msg type: MsgRequestPreVote, term: 19, msg_index: 189, msg_term: 19, from: 2, vote: 0, log_index: 189, log_term: 19
[2026-09-24T23:42:42Z INFO  raft::raft] received a message with higher term from 2, raft_id: 3, msg type: MsgRequestVote, message_term: 20, term: 19, from: 2
[2026-09-24T23:42:42Z INFO  raft::raft] became follower at term 20, raft_id: 3, term: 20
[2026-09-24T23:42:42Z INFO  raft::raft] [logterm: 19, index: 189, vote: 0] cast vote for 2 [logterm: 19, index: 189] at term 20, raft_id: 3, msg type: MsgRequestVote, term: 20, msg_index: 189, msg_term: 19, from: 2, vote: 0, log_index: 189, log_term: 19
[2026-09-24T23:42:42Z INFO  tape_rs::daemon::node] 节点 2 成为执行者，轮次 191
[2026-09-24T23:43:01Z INFO  ltfsd] 收到停机信号，正在计划停机（再按一次直接退出）
[2026-09-24T23:43:01Z INFO  tape_rs::daemon::node] 节点 3 停机
