[2026-09-24T12:59:25Z INFO  tape_rs::daemon::net] 节点间通信监听 127.0.0.3:7500
[2026-09-24T12:59:25Z INFO  tape_rs::daemon::http] 客户端接口监听 127.0.0.3:7501
[2026-09-24T12:59:25Z INFO  raft::raft] switched to configuration, raft_id: 241, config: Configuration { voters: Configuration { incoming: Configuration { voters: {240, 241, 242} }, outgoing: Configuration { voters: {} } }, learners: {}, learners_next: {}, auto_leave: false }
[2026-09-24T12:59:25Z INFO  raft::raft] became follower at term 0, raft_id: 241, term: 0
[2026-09-24T12:59:25Z INFO  raft::raft] newRaft, raft_id: 241, peers: Configuration { incoming: Configuration { voters: {240, 241, 242} }, outgoing: Configuration { voters: {} } }, last term: 0, last index: 0, applied: 0, commit: 0, term: 0
[2026-09-24T12:59:25Z INFO  raft::raw_node] RawNode created with id 241., raft_id: 241, id: 241
[2026-09-24T12:59:27Z INFO  raft::raft] [logterm: 0, index: 0, vote: 0] cast vote for 242 [logterm: 0, index: 0] at term 0, raft_id: 241, msg type: MsgRequestPreVote, term: 0, msg_index: 0, msg_term: 0, from: 242, vote: 0, log_index: 0, log_term: 0
[2026-09-24T12:59:27Z INFO  raft::raft] received a message with higher term from 242, raft_id: 241, msg type: MsgRequestVote, message_term: 1, term: 0, from: 242
[2026-09-24T12:59:27Z INFO  raft::raft] became follower at term 1, raft_id: 241, term: 1
[2026-09-24T12:59:27Z INFO  raft::raft] [logterm: 0, index: 0, vote: 0] cast vote for 242 [logterm: 0, index: 0] at term 1, raft_id: 241, msg type: MsgRequestVote, term: 1, msg_index: 0, msg_term: 0, from: 242, vote: 0, log_index: 0, log_term: 0
[2026-09-24T12:59:27Z INFO  tape_rs::daemon::node] 节点 242 成为执行者，轮次 2
[2026-09-24T12:59:57Z INFO  hw_interop_daemon] 收到停机信号，正在计划停机（再按一次直接退出）
[2026-09-24T12:59:57Z INFO  tape_rs::daemon::node] 节点 241 停机
[2026-09-24T13:00:12Z INFO  tape_rs::daemon::net] 节点间通信监听 127.0.0.3:7500
[2026-09-24T13:00:12Z INFO  tape_rs::daemon::http] 客户端接口监听 127.0.0.3:7501
[2026-09-24T13:00:12Z INFO  raft::raft] switched to configuration, raft_id: 241, config: Configuration { voters: Configuration { incoming: Configuration { voters: {240, 241, 242} }, outgoing: Configuration { voters: {} } }, learners: {}, learners_next: {}, auto_leave: false }
[2026-09-24T13:00:12Z INFO  raft::raft] became follower at term 1, raft_id: 241, term: 1
[2026-09-24T13:00:12Z INFO  raft::raft] newRaft, raft_id: 241, peers: Configuration { incoming: Configuration { voters: {240, 241, 242} }, outgoing: Configuration { voters: {} } }, last term: 1, last index: 4, applied: 0, commit: 4, term: 1
[2026-09-24T13:00:12Z INFO  raft::raw_node] RawNode created with id 241., raft_id: 241, id: 241
[2026-09-24T13:00:13Z INFO  tape_rs::daemon::node] 节点 242 成为执行者，轮次 2
[2026-09-24T13:00:14Z INFO  raft::raft] starting a new election, raft_id: 241, term: 1
[2026-09-24T13:00:14Z INFO  raft::raft] became pre-candidate at term 1, raft_id: 241, term: 1
[2026-09-24T13:00:14Z INFO  raft::raft] broadcasting vote request, raft_id: 241, to: [240, 242], log_index: 4, log_term: 1, term: 1, type: MsgRequestPreVote
[2026-09-24T13:00:14Z INFO  raft::raft] received votes response, raft_id: 241, term: 1, type: MsgRequestPreVoteResponse, approvals: 2, rejections: 0, from: 242, vote: true
[2026-09-24T13:00:14Z INFO  raft::raft] became candidate at term 2, raft_id: 241, term: 2
[2026-09-24T13:00:14Z INFO  raft::raft] broadcasting vote request, raft_id: 241, to: [240, 242], log_index: 4, log_term: 1, term: 2, type: MsgRequestVote
[2026-09-24T13:00:14Z INFO  raft::raft] [logterm: 1, index: 4, vote: 241] rejected vote from 240 [logterm: 1, index: 4] at term 2, raft_id: 241, msg type: MsgRequestPreVote, term: 2, msg_index: 4, msg_term: 1, from: 240, vote: 241, log_index: 4, log_term: 1
[2026-09-24T13:00:14Z INFO  raft::raft] [logterm: 1, index: 4, vote: 241] rejected vote from 240 [logterm: 1, index: 4] at term 2, raft_id: 241, msg type: MsgRequestVote, term: 2, msg_index: 4, msg_term: 1, from: 240, vote: 241, log_index: 4, log_term: 1
[2026-09-24T13:00:14Z INFO  raft::raft] received votes response, raft_id: 241, term: 2, type: MsgRequestVoteResponse, approvals: 1, rejections: 1, from: 240, vote: false
[2026-09-24T13:00:14Z INFO  raft::raft] received votes response, raft_id: 241, term: 2, type: MsgRequestVoteResponse, approvals: 2, rejections: 1, from: 242, vote: true
[2026-09-24T13:00:14Z INFO  raft::raft] became leader at term 2, raft_id: 241, term: 2
[2026-09-24T13:00:14Z INFO  tape_rs::daemon::node] 本节点成为执行者，轮次 6（任期 2）
[2026-09-24T13:00:14Z INFO  tape_rs::scsi::reservation] /dev/sg5: 预留现状 generation=7 keys=[] holder=None
[2026-09-24T13:00:14Z INFO  tape_rs::daemon::executor] 执行线程: IBMtaper2287_LL3 (/dev/sg5) 已隔离（原持有者 None）
[2026-09-24T13:00:14Z INFO  tape_rs::scsi::reservation] /dev/sg6: 预留现状 generation=9 keys=[] holder=None
[2026-09-24T13:00:14Z INFO  tape_rs::daemon::executor] 执行线程: IBMtaper2287 (/dev/sg6) 已隔离（原持有者 None）
[2026-09-24T13:00:14Z INFO  tape_rs::scsi::reservation] /dev/sg7: 预留现状 generation=7 keys=[] holder=None
[2026-09-24T13:00:14Z INFO  tape_rs::daemon::executor] 执行线程: IBMtaper3D5E (/dev/sg7) 已隔离（原持有者 None）
[2026-09-24T13:00:14Z INFO  tape_rs::daemon::node] 轮次 6 开始服务：仅持有预留：IBMtaper2287 (/dev/sg6) 里的 TS1001L08 未归属或不可写，不触碰
INTEROP_POOL Ok(Ok("0ba1b026-9595-4b86-9056-c54c7858e744"))
[2026-09-24T13:00:37Z INFO  tape_rs::daemon::executor] 执行线程: 装载 RT2502L8 (槽位 0x0406) -> 驱动器 IBMtaper3D5E (/dev/sg7)
[2026-09-24T13:00:37Z INFO  tape_rs::changer::commands] 移动介质: 从 0x0406 到 0x0101
[2026-09-24T13:00:37Z INFO  tape_rs::changer::commands] 移动完成
[2026-09-24T13:00:37Z WARN  tape_rs::scsi::transport] TEST UNIT READY: UNIT ATTENTION asc=0x28 ascq=0x00，重发（第 1 次）
[2026-09-24T13:00:37Z WARN  tape_rs::scsi::transport] TEST UNIT READY: UNIT ATTENTION asc=0x28 ascq=0x00，重发（第 2 次）
[2026-09-24T13:00:37Z INFO  tape_rs::tape::commands] 定位到 partition=0, block=0
[2026-09-24T13:00:37Z INFO  tape_rs::tape::commands] 定位到 partition=0, block=2
[2026-09-24T13:00:37Z INFO  tape_rs::ltfs::volume] LTFS label: version=2.4.0 uuid=26aefb84-fbc8-4c4a-a500-c85264ba2d29 blocksize=524288 compression=false
[2026-09-24T13:00:37Z INFO  tape_rs::tape::commands] 定位到 partition=1, block=0
[2026-09-24T13:00:37Z INFO  tape_rs::tape::commands] 定位到 partition=1, block=13
[2026-09-24T13:00:37Z INFO  tape_rs::ltfs::recovery] 分区 1 VCI 快速路径命中 gen=3 @ 13..14
[2026-09-24T13:00:37Z INFO  tape_rs::tape::commands] 定位到 partition=0, block=0
[2026-09-24T13:00:37Z INFO  tape_rs::tape::commands] 定位到 partition=0, block=5
[2026-09-24T13:00:37Z INFO  tape_rs::ltfs::recovery] 分区 0 VCI 快速路径命中 gen=3 @ 5..6
[2026-09-24T13:00:37Z INFO  tape_rs::tape::commands] 定位到 partition=1, block=8
[2026-09-24T13:00:37Z INFO  tape_rs::tape::commands] 定位到 partition=1, block=5
[2026-09-24T13:00:37Z INFO  tape_rs::tape::commands] 定位到 partition=1, block=15
[2026-09-24T13:00:37Z INFO  tape_rs::ltfs::volume] index gen=3 highest_uid=6 (dp_tail=Complete, ip_tail=Complete, writable=true)
[2026-09-24T13:00:37Z INFO  tape_rs::daemon::node] RT2502L8 目录停在第 0 代，磁带是第 3 代：以磁带为准重写该带的目录
[2026-09-24T13:00:37Z INFO  tape_rs::daemon::node] 轮次 6 开始服务：IBMtaper3D5E (/dev/sg7) [RT2502L8]: gen=3 文件 3 个 尾部 Complete；可用 116 MiB
[2026-09-24T13:01:11Z INFO  tape_rs::tape::commands] 定位到 partition=0, block=2
[2026-09-24T13:01:11Z INFO  tape_rs::ltfs::volume] LTFS label: version=2.4.0 uuid=26aefb84-fbc8-4c4a-a500-c85264ba2d29 blocksize=524288 compression=false
[2026-09-24T13:01:11Z INFO  tape_rs::tape::commands] 定位到 partition=1, block=0
[2026-09-24T13:01:11Z INFO  tape_rs::tape::commands] 定位到 partition=1, block=13
[2026-09-24T13:01:11Z INFO  tape_rs::ltfs::recovery] 分区 1 VCI 快速路径命中 gen=3 @ 13..14
[2026-09-24T13:01:11Z INFO  tape_rs::tape::commands] 定位到 partition=0, block=0
[2026-09-24T13:01:11Z INFO  tape_rs::tape::commands] 定位到 partition=0, block=5
[2026-09-24T13:01:11Z INFO  tape_rs::ltfs::recovery] 分区 0 VCI 快速路径命中 gen=3 @ 5..6
[2026-09-24T13:01:11Z INFO  tape_rs::tape::commands] 定位到 partition=1, block=8
[2026-09-24T13:01:11Z INFO  tape_rs::tape::commands] 定位到 partition=1, block=5
[2026-09-24T13:01:11Z INFO  tape_rs::tape::commands] 定位到 partition=1, block=15
[2026-09-24T13:01:11Z INFO  tape_rs::ltfs::volume] index gen=3 highest_uid=6 (dp_tail=Complete, ip_tail=Complete, writable=true)
[2026-09-24T13:01:11Z INFO  tape_rs::tape::commands] 定位到 partition=1, block=11
[2026-09-24T13:01:11Z INFO  tape_rs::ltfs::volume] 读取 rc/edit.bin: 65536 字节
[2026-09-24T13:01:11Z INFO  tape_rs::tape::commands] 定位到 partition=0, block=2
[2026-09-24T13:01:11Z INFO  tape_rs::ltfs::volume] LTFS label: version=2.4.0 uuid=26aefb84-fbc8-4c4a-a500-c85264ba2d29 blocksize=524288 compression=false
[2026-09-24T13:01:11Z INFO  tape_rs::tape::commands] 定位到 partition=1, block=0
[2026-09-24T13:01:11Z INFO  tape_rs::tape::commands] 定位到 partition=1, block=13
[2026-09-24T13:01:11Z INFO  tape_rs::ltfs::recovery] 分区 1 VCI 快速路径命中 gen=3 @ 13..14
[2026-09-24T13:01:11Z INFO  tape_rs::tape::commands] 定位到 partition=0, block=0
[2026-09-24T13:01:11Z INFO  tape_rs::tape::commands] 定位到 partition=0, block=5
[2026-09-24T13:01:11Z INFO  tape_rs::ltfs::recovery] 分区 0 VCI 快速路径命中 gen=3 @ 5..6
[2026-09-24T13:01:11Z INFO  tape_rs::tape::commands] 定位到 partition=1, block=8
[2026-09-24T13:01:11Z INFO  tape_rs::tape::commands] 定位到 partition=1, block=5
[2026-09-24T13:01:11Z INFO  tape_rs::tape::commands] 定位到 partition=1, block=15
[2026-09-24T13:01:11Z INFO  tape_rs::ltfs::volume] index gen=3 highest_uid=6 (dp_tail=Complete, ip_tail=Complete, writable=true)
[2026-09-24T13:01:11Z INFO  tape_rs::tape::commands] 定位到 partition=1, block=11
[2026-09-24T13:01:11Z INFO  tape_rs::ltfs::volume] 读取 rc/edit.bin: 65536 字节
[2026-09-24T13:01:13Z INFO  tape_rs::tape::commands] 定位到 partition=0, block=2
[2026-09-24T13:01:13Z INFO  tape_rs::ltfs::volume] LTFS label: version=2.4.0 uuid=26aefb84-fbc8-4c4a-a500-c85264ba2d29 blocksize=524288 compression=false
[2026-09-24T13:01:13Z INFO  tape_rs::tape::commands] 定位到 partition=1, block=0
[2026-09-24T13:01:13Z INFO  tape_rs::tape::commands] 定位到 partition=1, block=13
[2026-09-24T13:01:13Z INFO  tape_rs::ltfs::recovery] 分区 1 VCI 快速路径命中 gen=3 @ 13..14
[2026-09-24T13:01:13Z INFO  tape_rs::tape::commands] 定位到 partition=0, block=0
[2026-09-24T13:01:13Z INFO  tape_rs::tape::commands] 定位到 partition=0, block=5
[2026-09-24T13:01:13Z INFO  tape_rs::ltfs::recovery] 分区 0 VCI 快速路径命中 gen=3 @ 5..6
[2026-09-24T13:01:13Z INFO  tape_rs::tape::commands] 定位到 partition=1, block=8
[2026-09-24T13:01:13Z INFO  tape_rs::tape::commands] 定位到 partition=1, block=5
[2026-09-24T13:01:13Z INFO  tape_rs::tape::commands] 定位到 partition=1, block=15
[2026-09-24T13:01:13Z INFO  tape_rs::ltfs::volume] index gen=3 highest_uid=6 (dp_tail=Complete, ip_tail=Complete, writable=true)
[2026-09-24T13:01:13Z INFO  tape_rs::tape::commands] 定位到 partition=1, block=15
[2026-09-24T13:01:13Z INFO  tape_rs::ltfs::volume] 追加 /rc/edit.bin: 70000 字节 @ P1 block 15
[2026-09-24T13:01:13Z INFO  tape_rs::tape::commands] 定位到 partition=1, block=16
[2026-09-24T13:01:13Z INFO  tape_rs::ltfs::volume] commit: gen 4 @ P0 5, P1 17
[2026-09-24T13:01:13Z INFO  tape_rs::daemon::executor] 执行线程: 已提交 1 个文件，索引 gen=4
[2026-09-24T13:01:13Z INFO  tape_rs::tape::commands] 定位到 partition=0, block=2
[2026-09-24T13:01:13Z INFO  tape_rs::ltfs::volume] LTFS label: version=2.4.0 uuid=26aefb84-fbc8-4c4a-a500-c85264ba2d29 blocksize=524288 compression=false
[2026-09-24T13:01:13Z INFO  tape_rs::tape::commands] 定位到 partition=1, block=0
[2026-09-24T13:01:13Z INFO  tape_rs::tape::commands] 定位到 partition=1, block=17
[2026-09-24T13:01:13Z INFO  tape_rs::ltfs::recovery] 分区 1 VCI 快速路径命中 gen=4 @ 17..18
[2026-09-24T13:01:13Z INFO  tape_rs::tape::commands] 定位到 partition=0, block=0
[2026-09-24T13:01:13Z INFO  tape_rs::tape::commands] 定位到 partition=0, block=5
[2026-09-24T13:01:13Z INFO  tape_rs::ltfs::recovery] 分区 0 VCI 快速路径命中 gen=3 @ 5..6
[2026-09-24T13:01:13Z INFO  tape_rs::tape::commands] 定位到 partition=1, block=13
[2026-09-24T13:01:13Z INFO  tape_rs::tape::commands] 定位到 partition=1, block=13
[2026-09-24T13:01:13Z INFO  tape_rs::tape::commands] 定位到 partition=1, block=8
[2026-09-24T13:01:13Z INFO  tape_rs::tape::commands] 定位到 partition=1, block=5
[2026-09-24T13:01:13Z INFO  tape_rs::tape::commands] 定位到 partition=1, block=19
[2026-09-24T13:01:13Z INFO  tape_rs::ltfs::volume] index gen=4 highest_uid=7 (dp_tail=Complete, ip_tail=Complete, writable=true)
[2026-09-24T13:01:13Z INFO  tape_rs::tape::commands] 定位到 partition=1, block=15
[2026-09-24T13:01:13Z INFO  tape_rs::ltfs::volume] 读取 rc/edit.bin: 70000 字节
[2026-09-24T13:01:15Z INFO  tape_rs::tape::commands] 定位到 partition=0, block=2
[2026-09-24T13:01:15Z INFO  tape_rs::ltfs::volume] LTFS label: version=2.4.0 uuid=26aefb84-fbc8-4c4a-a500-c85264ba2d29 blocksize=524288 compression=false
[2026-09-24T13:01:15Z INFO  tape_rs::tape::commands] 定位到 partition=1, block=0
[2026-09-24T13:01:15Z INFO  tape_rs::tape::commands] 定位到 partition=1, block=17
[2026-09-24T13:01:15Z INFO  tape_rs::ltfs::recovery] 分区 1 VCI 快速路径命中 gen=4 @ 17..18
[2026-09-24T13:01:15Z INFO  tape_rs::tape::commands] 定位到 partition=0, block=0
[2026-09-24T13:01:15Z INFO  tape_rs::tape::commands] 定位到 partition=0, block=5
[2026-09-24T13:01:15Z INFO  tape_rs::ltfs::recovery] 分区 0 VCI 快速路径命中 gen=3 @ 5..6
[2026-09-24T13:01:15Z INFO  tape_rs::tape::commands] 定位到 partition=1, block=13
[2026-09-24T13:01:15Z INFO  tape_rs::tape::commands] 定位到 partition=1, block=13
[2026-09-24T13:01:15Z INFO  tape_rs::tape::commands] 定位到 partition=1, block=8
[2026-09-24T13:01:15Z INFO  tape_rs::tape::commands] 定位到 partition=1, block=5
[2026-09-24T13:01:15Z INFO  tape_rs::tape::commands] 定位到 partition=1, block=19
[2026-09-24T13:01:15Z INFO  tape_rs::ltfs::volume] index gen=4 highest_uid=7 (dp_tail=Complete, ip_tail=Complete, writable=true)
[2026-09-24T13:01:15Z INFO  tape_rs::tape::commands] 定位到 partition=1, block=19
[2026-09-24T13:01:15Z INFO  tape_rs::ltfs::volume] 追加 /rc/edit.bin: 70012 字节 @ P1 block 19
[2026-09-24T13:01:15Z INFO  tape_rs::tape::commands] 定位到 partition=1, block=20
[2026-09-24T13:01:15Z INFO  tape_rs::ltfs::volume] commit: gen 5 @ P0 5, P1 21
[2026-09-24T13:01:15Z INFO  tape_rs::daemon::executor] 执行线程: 已提交 1 个文件，索引 gen=5
[2026-09-24T13:01:17Z INFO  tape_rs::tape::commands] 定位到 partition=0, block=2
[2026-09-24T13:01:17Z INFO  tape_rs::ltfs::volume] LTFS label: version=2.4.0 uuid=26aefb84-fbc8-4c4a-a500-c85264ba2d29 blocksize=524288 compression=false
[2026-09-24T13:01:17Z INFO  tape_rs::tape::commands] 定位到 partition=1, block=0
[2026-09-24T13:01:17Z INFO  tape_rs::tape::commands] 定位到 partition=1, block=21
[2026-09-24T13:01:17Z INFO  tape_rs::ltfs::recovery] 分区 1 VCI 快速路径命中 gen=5 @ 21..22
[2026-09-24T13:01:17Z INFO  tape_rs::tape::commands] 定位到 partition=0, block=0
[2026-09-24T13:01:17Z INFO  tape_rs::tape::commands] 定位到 partition=0, block=5
[2026-09-24T13:01:17Z INFO  tape_rs::ltfs::recovery] 分区 0 VCI 快速路径命中 gen=3 @ 5..6
[2026-09-24T13:01:17Z INFO  tape_rs::tape::commands] 定位到 partition=1, block=17
[2026-09-24T13:01:17Z INFO  tape_rs::tape::commands] 定位到 partition=1, block=13
[2026-09-24T13:01:17Z INFO  tape_rs::tape::commands] 定位到 partition=1, block=13
[2026-09-24T13:01:17Z INFO  tape_rs::tape::commands] 定位到 partition=1, block=8
[2026-09-24T13:01:17Z INFO  tape_rs::tape::commands] 定位到 partition=1, block=5
[2026-09-24T13:01:17Z INFO  tape_rs::tape::commands] 定位到 partition=1, block=23
[2026-09-24T13:01:17Z INFO  tape_rs::ltfs::volume] index gen=5 highest_uid=8 (dp_tail=Complete, ip_tail=Complete, writable=true)
[2026-09-24T13:01:17Z INFO  tape_rs::tape::commands] 定位到 partition=1, block=23
[2026-09-24T13:01:18Z INFO  tape_rs::ltfs::volume] 追加 /rc/new.bin: 26 字节 @ P1 block 23
[2026-09-24T13:01:18Z INFO  tape_rs::tape::commands] 定位到 partition=1, block=24
[2026-09-24T13:01:18Z INFO  tape_rs::ltfs::volume] commit: gen 6 @ P0 5, P1 25
[2026-09-24T13:01:18Z INFO  tape_rs::daemon::executor] 执行线程: 已提交 1 个文件，索引 gen=6
[2026-09-24T13:01:18Z INFO  tape_rs::tape::commands] 定位到 partition=0, block=2
[2026-09-24T13:01:18Z INFO  tape_rs::ltfs::volume] LTFS label: version=2.4.0 uuid=26aefb84-fbc8-4c4a-a500-c85264ba2d29 blocksize=524288 compression=false
[2026-09-24T13:01:18Z INFO  tape_rs::tape::commands] 定位到 partition=1, block=0
[2026-09-24T13:01:18Z INFO  tape_rs::tape::commands] 定位到 partition=1, block=25
[2026-09-24T13:01:18Z INFO  tape_rs::ltfs::recovery] 分区 1 VCI 快速路径命中 gen=6 @ 25..26
[2026-09-24T13:01:18Z INFO  tape_rs::tape::commands] 定位到 partition=0, block=0
[2026-09-24T13:01:18Z INFO  tape_rs::tape::commands] 定位到 partition=0, block=5
[2026-09-24T13:01:18Z INFO  tape_rs::ltfs::recovery] 分区 0 VCI 快速路径命中 gen=3 @ 5..6
[2026-09-24T13:01:18Z INFO  tape_rs::tape::commands] 定位到 partition=1, block=21
[2026-09-24T13:01:18Z INFO  tape_rs::tape::commands] 定位到 partition=1, block=17
[2026-09-24T13:01:18Z INFO  tape_rs::tape::commands] 定位到 partition=1, block=13
[2026-09-24T13:01:18Z INFO  tape_rs::tape::commands] 定位到 partition=1, block=13
[2026-09-24T13:01:18Z INFO  tape_rs::tape::commands] 定位到 partition=1, block=8
[2026-09-24T13:01:18Z INFO  tape_rs::tape::commands] 定位到 partition=1, block=5
[2026-09-24T13:01:18Z INFO  tape_rs::tape::commands] 定位到 partition=1, block=27
[2026-09-24T13:01:18Z INFO  tape_rs::ltfs::volume] index gen=6 highest_uid=9 (dp_tail=Complete, ip_tail=Complete, writable=true)
[2026-09-24T13:01:18Z INFO  tape_rs::tape::commands] 定位到 partition=1, block=10
[2026-09-24T13:01:18Z INFO  tape_rs::ltfs::volume] 读取 rc/keep.bin: 65536 字节
[2026-09-24T13:01:18Z INFO  tape_rs::tape::commands] 定位到 partition=0, block=2
[2026-09-24T13:01:18Z INFO  tape_rs::ltfs::volume] LTFS label: version=2.4.0 uuid=26aefb84-fbc8-4c4a-a500-c85264ba2d29 blocksize=524288 compression=false
[2026-09-24T13:01:18Z INFO  tape_rs::tape::commands] 定位到 partition=1, block=0
[2026-09-24T13:01:18Z INFO  tape_rs::tape::commands] 定位到 partition=1, block=25
[2026-09-24T13:01:18Z INFO  tape_rs::ltfs::recovery] 分区 1 VCI 快速路径命中 gen=6 @ 25..26
[2026-09-24T13:01:18Z INFO  tape_rs::tape::commands] 定位到 partition=0, block=0
[2026-09-24T13:01:18Z INFO  tape_rs::tape::commands] 定位到 partition=0, block=5
[2026-09-24T13:01:18Z INFO  tape_rs::ltfs::recovery] 分区 0 VCI 快速路径命中 gen=3 @ 5..6
[2026-09-24T13:01:18Z INFO  tape_rs::tape::commands] 定位到 partition=1, block=21
[2026-09-24T13:01:18Z INFO  tape_rs::tape::commands] 定位到 partition=1, block=17
[2026-09-24T13:01:18Z INFO  tape_rs::tape::commands] 定位到 partition=1, block=13
[2026-09-24T13:01:18Z INFO  tape_rs::tape::commands] 定位到 partition=1, block=13
[2026-09-24T13:01:18Z INFO  tape_rs::tape::commands] 定位到 partition=1, block=8
[2026-09-24T13:01:18Z INFO  tape_rs::tape::commands] 定位到 partition=1, block=5
[2026-09-24T13:01:18Z INFO  tape_rs::tape::commands] 定位到 partition=1, block=27
[2026-09-24T13:01:18Z INFO  tape_rs::ltfs::volume] index gen=6 highest_uid=9 (dp_tail=Complete, ip_tail=Complete, writable=true)
[2026-09-24T13:01:18Z INFO  tape_rs::tape::commands] 定位到 partition=1, block=19
[2026-09-24T13:01:18Z INFO  tape_rs::ltfs::volume] 读取 rc/edit.bin: 70012 字节
[2026-09-24T13:01:18Z INFO  tape_rs::tape::commands] 定位到 partition=0, block=2
[2026-09-24T13:01:18Z INFO  tape_rs::ltfs::volume] LTFS label: version=2.4.0 uuid=26aefb84-fbc8-4c4a-a500-c85264ba2d29 blocksize=524288 compression=false
[2026-09-24T13:01:18Z INFO  tape_rs::tape::commands] 定位到 partition=1, block=0
[2026-09-24T13:01:18Z INFO  tape_rs::tape::commands] 定位到 partition=1, block=25
[2026-09-24T13:01:18Z INFO  tape_rs::ltfs::recovery] 分区 1 VCI 快速路径命中 gen=6 @ 25..26
[2026-09-24T13:01:18Z INFO  tape_rs::tape::commands] 定位到 partition=0, block=0
[2026-09-24T13:01:18Z INFO  tape_rs::tape::commands] 定位到 partition=0, block=5
[2026-09-24T13:01:18Z INFO  tape_rs::ltfs::recovery] 分区 0 VCI 快速路径命中 gen=3 @ 5..6
[2026-09-24T13:01:18Z INFO  tape_rs::tape::commands] 定位到 partition=1, block=21
[2026-09-24T13:01:18Z INFO  tape_rs::tape::commands] 定位到 partition=1, block=17
[2026-09-24T13:01:18Z INFO  tape_rs::tape::commands] 定位到 partition=1, block=13
[2026-09-24T13:01:18Z INFO  tape_rs::tape::commands] 定位到 partition=1, block=13
[2026-09-24T13:01:18Z INFO  tape_rs::tape::commands] 定位到 partition=1, block=8
[2026-09-24T13:01:18Z INFO  tape_rs::tape::commands] 定位到 partition=1, block=5
[2026-09-24T13:01:18Z INFO  tape_rs::tape::commands] 定位到 partition=1, block=27
[2026-09-24T13:01:18Z INFO  tape_rs::ltfs::volume] index gen=6 highest_uid=9 (dp_tail=Complete, ip_tail=Complete, writable=true)
[2026-09-24T13:01:18Z INFO  tape_rs::tape::commands] 定位到 partition=1, block=23
[2026-09-24T13:01:18Z INFO  tape_rs::ltfs::volume] 读取 rc/new.bin: 26 字节
[2026-09-24T13:01:40Z INFO  hw_interop_daemon] 收到停机信号，正在计划停机（再按一次直接退出）
[2026-09-24T13:01:40Z INFO  tape_rs::daemon::executor] 执行线程: 轮次 6 计划停机
[2026-09-24T13:01:40Z INFO  tape_rs::tape::commands] 定位到 partition=0, block=2
[2026-09-24T13:01:40Z INFO  tape_rs::ltfs::volume] LTFS label: version=2.4.0 uuid=26aefb84-fbc8-4c4a-a500-c85264ba2d29 blocksize=524288 compression=false
[2026-09-24T13:01:40Z INFO  tape_rs::tape::commands] 定位到 partition=1, block=0
[2026-09-24T13:01:40Z INFO  tape_rs::tape::commands] 定位到 partition=1, block=25
[2026-09-24T13:01:40Z INFO  tape_rs::ltfs::recovery] 分区 1 VCI 快速路径命中 gen=6 @ 25..26
[2026-09-24T13:01:40Z INFO  tape_rs::tape::commands] 定位到 partition=0, block=0
[2026-09-24T13:01:40Z INFO  tape_rs::tape::commands] 定位到 partition=0, block=5
[2026-09-24T13:01:40Z INFO  tape_rs::ltfs::recovery] 分区 0 VCI 快速路径命中 gen=3 @ 5..6
[2026-09-24T13:01:40Z INFO  tape_rs::tape::commands] 定位到 partition=1, block=21
[2026-09-24T13:01:40Z INFO  tape_rs::tape::commands] 定位到 partition=1, block=17
[2026-09-24T13:01:40Z INFO  tape_rs::tape::commands] 定位到 partition=1, block=13
[2026-09-24T13:01:40Z INFO  tape_rs::tape::commands] 定位到 partition=1, block=13
[2026-09-24T13:01:40Z INFO  tape_rs::tape::commands] 定位到 partition=1, block=8
[2026-09-24T13:01:40Z INFO  tape_rs::tape::commands] 定位到 partition=1, block=5
[2026-09-24T13:01:40Z INFO  tape_rs::tape::commands] 定位到 partition=1, block=27
[2026-09-24T13:01:40Z INFO  tape_rs::ltfs::volume] index gen=6 highest_uid=9 (dp_tail=Complete, ip_tail=Complete, writable=true)
[2026-09-24T13:01:40Z INFO  tape_rs::tape::commands] 定位到 partition=1, block=27
[2026-09-24T13:01:40Z INFO  tape_rs::tape::commands] 定位到 partition=0, block=4
[2026-09-24T13:01:40Z INFO  tape_rs::ltfs::volume] commit: gen 7 @ P0 5, P1 28
[2026-09-24T13:01:40Z INFO  tape_rs::tape::commands] 弹出磁带...
[2026-09-24T13:01:40Z INFO  tape_rs::tape::commands] 弹出完成
[2026-09-24T13:01:40Z INFO  tape_rs::daemon::executor] 执行线程: IBMtaper2287_LL3 (/dev/sg5) 的预留已释放
[2026-09-24T13:01:40Z INFO  tape_rs::daemon::executor] 执行线程: IBMtaper2287 (/dev/sg6) 的预留已释放
[2026-09-24T13:01:40Z INFO  tape_rs::daemon::executor] 执行线程: IBMtaper3D5E (/dev/sg7) 的预留已释放
[2026-09-24T13:01:40Z INFO  tape_rs::daemon::node] 节点 241 停机
