195fda LTFS14000I LTFS starting, LTFS version 2.4.8.2 (10520), log level 2.
195fda LTFS14058I LTFS Format Specification version 2.4.0.
195fda LTFS14104I Launched by "/opt/ibm/ltfsle/bin/ltfs /root/tape-rs-io-20260927/le-mount -f -o changer_devname=/dev/sg5 -o work_directory=/root/tape-rs-io-20260927/le-work -o admin_port=17600 -o sync_type=unmount -o volser_only_folder".
195fda LTFS14105I This binary is built for Linux (x86_64).
195fda LTFS14106I GCC version is 11.5.0 20240719 (Red Hat 11.5.0-5).
195fda LTFS17087I Kernel version: Linux version 5.14.0-611.5.1.el9_7.x86_64 (mockbuild@iad1-prod-build001.bld.equ.rockylinux.org) (gcc (GCC) 11.5.0 20240719 (Red Hat 11.5.0-11), GNU ld version 2.35.2-67.el9) #1 SMP PREEMPT_DYNAMIC Tue Nov 11 22:20:27 UTC 2025 i386.
195fda LTFS17089I Distribution: NAME="Rocky Linux".
195fda LTFS17089I Distribution: Rocky Linux release 9.7 (Blue Onyx).
195fda LTFS17089I Distribution: Rocky Linux release 9.7 (Blue Onyx).
195fda LTFS17089I Distribution: Rocky Linux release 9.7 (Blue Onyx).
195fda LTFS14064I Sync type is "unmount".
195fda LTFS17085I Plugin: Loading "sg" tape backend.
195fda LTFS17085I Plugin: Loading "unified" iosched backend.
195fda LTFS17085I Plugin: Loading "sg" changer backend.
195fda LTFS17085I Plugin: Loading "ondemand" dcache backend.
195fda LTFS17085I Plugin: Loading "memory" crepos backend.
195fda LTFS11593I LTFS starts with a product license version (20130412_2702).
195fda LTFS40245I Opening a changer device through sg-changer driver (/dev/sg5).
195fda LTFS40252I Opened SCSI changer device 17.0.0.1 (/dev/sg5).
195fda LTFS40249I Vendor ID is IBM     .
195fda LTFS40250I Product ID is 3573-TL         .
195fda LTFS40214I Firmware revision is 1711.
195fda LTFS40215I Changer serial is 55L3A7802K19LL01.
195fda LTFS40205I INQUIRY LOW (0x12) returns -20501.
195fda LTFS30209I Opening a device through sg-ibmtape driver (11EB4A80F1).
195fda LTFS30288I Opening a tape device for drive serial 11EB4A80F1.
195fda LTFS30250I Opened the SCSI tape device 16.0.0.0 (/dev/sg4).
195fda LTFS30207I Vendor ID is IBM     .
195fda LTFS30208I Product ID is ULT3580-TD9     .
195fda LTFS30214I Firmware revision is R3G0.
195fda LTFS30215I Drive serial is 11EB4A80F1.
195fda LTFS30205I TEST_UNIT_READY (0x00) returns -20209.
195fda LTFS30290I Changer /dev/sg4 isn't reserved from any nodes.
195fda LTFS30285I The reserved buffer size of 11EB4A80F1 is 1048576.
195fda LTFS30294I Setting up timeout values from RSOC.
195fda LTFS30205I TEST_UNIT_READY (0x00) returns -20209.
195fda LTFS17160I Maximum device block size is 1048576.
195fda LTFS16500I Cartridge repository plugin is initialized (memory, /root/tape-rs-io-20260927/le-work/55L3A7802K19LL01).
195fda LTFS11545I Rebuilding the cartridge inventory.
195fda LTFS11627I Getting Inventory - 55L3A7802K19LL01.
195fda LTFS11629I Aqcuireing MoveLock - 55L3A7802K19LL01.
195fda LTFS11630I Aqcuired Move Lock (6) - 55L3A7802K19LL01.
195fda LTFS11628I Got Inventory - 55L3A7802K19LL01.
195fda LTFS11637I Reset the cartridge link against the drive 11EB4A80F1.
195fda LTFS11638I Cartridge CLNU03L1 was unassigned because it is in a IE slot.
195fda LTFS11571I State of tape 'CLNU03L1' in slot 0x66 is changed from 'INIT' to 'NON_SUPPORTED_TAPE'.
195fda LTFS11571I State of tape 'AA0017L8' in slot 0x3e9 is changed from 'INIT' to 'NOT_MOUNTED_YET'.
195fda LTFS11571I State of tape 'AA0018L8' in slot 0x3ea is changed from 'INIT' to 'NOT_MOUNTED_YET'.
195fda LTFS11571I State of tape 'AA0014L8' in slot 0x3eb is changed from 'INIT' to 'NOT_MOUNTED_YET'.
195fda LTFS11571I State of tape 'AA0015L8' in slot 0x3ec is changed from 'INIT' to 'NOT_MOUNTED_YET'.
195fda LTFS11571I State of tape 'AA0016L8' in slot 0x3ed is changed from 'INIT' to 'NOT_MOUNTED_YET'.
195fda LTFS11571I State of tape 'L00283L8' in slot 0x3ee is changed from 'INIT' to 'NOT_MOUNTED_YET'.
195fda LTFS11571I State of tape 'RC0018L9' in slot 0x3ef is changed from 'INIT' to 'WRITABLE'.
195fda LTFS11571I State of tape 'RC0017L9' in slot 0x3f0 is changed from 'INIT' to 'NOT_MOUNTED_YET'.
195fda LTFS11720I Built the cartridge inventory (0).
195fda LTFS11774I Starting volume cache cleaning.
195fda LTFS11775I Volume cache cleaning is finished
195fda LTFS16566I Starting repos file cleaning.
195fda LTFS16567I Repos file cleaning is finished.
195fda LTFS11776I Starting volume cache load.
195fda LTFS11732I Loading cache for cartridge RC0018L9.
195fda LTFS11733I Loading volume cache for cartridge RC0018L9.
195fda LTFS11743I Reading index of RC0018L9 from volume cache (3145 files).
195fda LTFS11745I Read index of RC0018L9 from volume cache.
195fda LTFS11777I Loaded required volume caches.
195fda LTFS14708I LTFS admin server version 2 is starting on port 17600.
195fda LTFS14111I Initial setup completed successfully.
195fda LTFS14112I Invoke 'mount' command to check the result of final setup.
195fda LTFS14113I Specified mount point is listed if succeeded.
195ffb LTFS14029I Ready to receive file system requests.
196032 LTFS14784I Removing cartridge RC0018L9.
196032 LTFS11638I Cartridge RC0018L9 was unassigned because an error happens in a file system operation or it is unassigned from OOB.
196032 LTFS11632I Remove volume cache files - RC0018L9.
196032 LTFS11571I State of tape 'RC0018L9' in slot 0x3ef is changed from 'WRITABLE' to 'NEED_ASSIGN'.
196032 LTFS14785I Cartridge RC0018L9 is removed successfully.
19603c LTFS14781I Adding cartridge RC0018L9.
19603c LTFS11571I State of tape 'RC0018L9' in slot 0x3ef is changed from 'NEED_ASSIGN' to 'WRITABLE'.
19603c LTFS14782I Cartridge RC0018L9 is added successfully.
196048 LTFS14802I Moving cartridge RC0018L9.
196048 LTFS14812I Moving cartridge RC0018L9 from 1007 to 1 - 55L3A7802K19LL01 .
196048 LTFS11629I Aqcuireing MoveLock - 55L3A7802K19LL01.
196048 LTFS11630I Aqcuired Move Lock (10) - 55L3A7802K19LL01.
196048 LTFS14813I Moved cartridge RC0018L9 to 1 successfully - 55L3A7802K19LL01.
196048 LTFS11635I Link the drive 11EB4A80F1 to the cartridge RC0018L9.
196048 LTFS14803I Cartridge RC0018L9 is moved successfully.
195ffc LTFS11616I Mounting cartridge RC0018L9.
195ffc LTFS11613I Moving cartridge RC0018L9 to drive 11EB4A80F1.
195ffc LTFS11626I Cartridge RC0018L9 is already in drive 11EB4A80F1.
195ffc LTFS11746I Mounting RC0018L9 on 11EB4A80F1.
195ffc LTFS11330I Loading cartridge.
195ffc LTFS30205I LOAD_UNLOAD (0x1b) returns -20601.
195ffc LTFS30252I Logical block protection is disabled.
195ffc LTFS11332I Load successful.
195ffc LTFS17157I Changing the drive setting to append-only mode.
195ffc LTFS11005I Mounting the volume.
195ffc LTFS30252I Logical block protection is disabled.
195ffc LTFS30205I READ_ATTR (0x8c) returns -20501.
195ffc LTFS30263I READ_ATTR returns Invalid Field in CDB (-20501) /dev/sg4.
195ffc LTFS30233I Cannot read attribute (-20501).
195ffc LTFS11336I The attribute does not exist. Ignore the expected error.
195ffc LTFS30205I READ_ATTR (0x8c) returns -20501.
195ffc LTFS30263I READ_ATTR returns Invalid Field in CDB (-20501) /dev/sg4.
195ffc LTFS30205I READ_ATTR (0x8c) returns -20501.
195ffc LTFS30263I READ_ATTR returns Invalid Field in CDB (-20501) /dev/sg4.
195ffc LTFS30205I READ_ATTR (0x8c) returns -20501.
195ffc LTFS30263I READ_ATTR returns Invalid Field in CDB (-20501) /dev/sg4.
195ffc LTFS30233I Cannot read attribute (-20501).
195ffc LTFS30205I READ_ATTR (0x8c) returns -20501.
195ffc LTFS30263I READ_ATTR returns Invalid Field in CDB (-20501) /dev/sg4.
195ffc LTFS30233I Cannot read attribute (-20501).
195ffc LTFS17227I Tape attribute: Vendor = tap.
195ffc LTFS17227I Tape attribute: Application Name = tap.
195ffc LTFS17227I Tape attribute: Application Version = 0.1.
195ffc LTFS17227I Tape attribute: Medium Label = .
195ffc LTFS17228I Tape attribute: Text Localization ID = 0x00.
195ffc LTFS17227I Tape attribute: Barcode = RC0.
195ffc LTFS17227I Tape attribute: Application Format Version = 2.4.
195ffc LTFS17228I Tape attribute: Volume Lock Status = 0x00.
195ffc LTFS17227I Tape attribute: Media Pool name = .
195ffc LTFS11031I Volume mounted successfully. RC0018 : Gen = 17 / (a, 5) -> (b, 38065) / 11EB4A80F1.
195ffc LTFS11664I Cartridge 'RC0018L9' is mounted on node 'lisa-143'.
195ffc LTFS11741I Writing index of RC0018L9 to volume cache (Reason: (null), 3145 files).
195ffc LTFS11410I Wrote index cache of RC0018L9.
195ffc LTFS30205I READ_ATTR (0x8c) returns -20501.
195ffc LTFS30263I READ_ATTR returns Invalid Field in CDB (-20501) /dev/sg4.
195ffc LTFS30233I Cannot read attribute (-20501).
195ffc LTFS11336I The attribute does not exist. Ignore the expected error.
195ffc LTFS30205I READ_ATTR (0x8c) returns -20501.
195ffc LTFS30263I READ_ATTR returns Invalid Field in CDB (-20501) /dev/sg4.
195ffc LTFS30233I Cannot read attribute (-20501).
195ffc LTFS11336I The attribute does not exist. Ignore the expected error.
195ffc LTFS11747I Mounted RC0018L9 on 11EB4A80F1.
195ffc LTFS11617I Mounted cartridge RC0018L9 successfully.
19648f LTFS11337I Update index-dirty flag (1) - RC0018 (0x0x7fc64400b7f0).
195ffc LTFS11338I Syncing index of RC0018 11EB4A80F1.
195ffc LTFS17068I Syncing index of RC0018 (Reason: Sync by EA) 11EB4A80F1.
195ffc LTFS30205I READ_ATTR (0x8c) returns -20501.
195ffc LTFS30263I READ_ATTR returns Invalid Field in CDB (-20501) /dev/sg4.
195ffc LTFS30233I Cannot read attribute (-20501).
195ffc LTFS11336I The attribute does not exist. Ignore the expected error.
195ffc LTFS17235I Writing index of RC0018 to b (Reason: Sync by EA, 3145 files) 11EB4A80F1.
195ffc LTFS17236I Wrote index of RC0018 (Gen = 18, Part = b, Pos = 38073, 11EB4A80F1).
195ffc LTFS11337I Update index-dirty flag (0) - RC0018 (0x0x7fc64400b7f0).
195ffc LTFS17070I Synced index of RC0018 (0) 11EB4A80F1.
195ffc LTFS30205I READ_ATTR (0x8c) returns -20501.
195ffc LTFS30263I READ_ATTR returns Invalid Field in CDB (-20501) /dev/sg4.
195ffc LTFS30233I Cannot read attribute (-20501).
195ffc LTFS11336I The attribute does not exist. Ignore the expected error.
195ffc LTFS11337I Update index-dirty flag (1) - RC0018 (0x0x7fc64400b7f0).
195ffc LTFS11338I Syncing index of RC0018 11EB4A80F1.
195ffc LTFS17068I Syncing index of RC0018 (Reason: Sync by EA) 11EB4A80F1.
195ffc LTFS30205I READ_ATTR (0x8c) returns -20501.
195ffc LTFS30263I READ_ATTR returns Invalid Field in CDB (-20501) /dev/sg4.
195ffc LTFS30233I Cannot read attribute (-20501).
195ffc LTFS11336I The attribute does not exist. Ignore the expected error.
195ffc LTFS17235I Writing index of RC0018 to b (Reason: Sync by EA, 3146 files) 11EB4A80F1.
195ffc LTFS17236I Wrote index of RC0018 (Gen = 19, Part = b, Pos = 38080, 11EB4A80F1).
195ffc LTFS11337I Update index-dirty flag (0) - RC0018 (0x0x7fc64400b7f0).
195ffc LTFS17070I Synced index of RC0018 (0) 11EB4A80F1.
195ffc LTFS30205I READ_ATTR (0x8c) returns -20501.
195ffc LTFS30263I READ_ATTR returns Invalid Field in CDB (-20501) /dev/sg4.
195ffc LTFS30233I Cannot read attribute (-20501).
195ffc LTFS11336I The attribute does not exist. Ignore the expected error.
195ffc LTFS11337I Update index-dirty flag (1) - RC0018 (0x0x7fc64400b7f0).
19648f LTFS11338I Syncing index of RC0018 11EB4A80F1.
19648f LTFS17068I Syncing index of RC0018 (Reason: Sync by EA) 11EB4A80F1.
19648f LTFS30205I READ_ATTR (0x8c) returns -20501.
19648f LTFS30263I READ_ATTR returns Invalid Field in CDB (-20501) /dev/sg4.
19648f LTFS30233I Cannot read attribute (-20501).
19648f LTFS11336I The attribute does not exist. Ignore the expected error.
19648f LTFS17235I Writing index of RC0018 to b (Reason: Sync by EA, 3147 files) 11EB4A80F1.
19648f LTFS17236I Wrote index of RC0018 (Gen = 20, Part = b, Pos = 38087, 11EB4A80F1).
19648f LTFS11337I Update index-dirty flag (0) - RC0018 (0x0x7fc64400b7f0).
19648f LTFS17070I Synced index of RC0018 (0) 11EB4A80F1.
19648f LTFS30205I READ_ATTR (0x8c) returns -20501.
19648f LTFS30263I READ_ATTR returns Invalid Field in CDB (-20501) /dev/sg4.
19648f LTFS30233I Cannot read attribute (-20501).
19648f LTFS11336I The attribute does not exist. Ignore the expected error.
19648f LTFS11337I Update index-dirty flag (1) - RC0018 (0x0x7fc64400b7f0).
195ffb LTFS11338I Syncing index of RC0018 11EB4A80F1.
195ffb LTFS17068I Syncing index of RC0018 (Reason: Sync by EA) 11EB4A80F1.
195ffb LTFS30205I READ_ATTR (0x8c) returns -20501.
195ffb LTFS30263I READ_ATTR returns Invalid Field in CDB (-20501) /dev/sg4.
195ffb LTFS30233I Cannot read attribute (-20501).
195ffb LTFS11336I The attribute does not exist. Ignore the expected error.
195ffb LTFS17235I Writing index of RC0018 to b (Reason: Sync by EA, 3148 files) 11EB4A80F1.
195ffb LTFS17236I Wrote index of RC0018 (Gen = 21, Part = b, Pos = 38094, 11EB4A80F1).
195ffb LTFS11337I Update index-dirty flag (0) - RC0018 (0x0x7fc64400b7f0).
195ffb LTFS17070I Synced index of RC0018 (0) 11EB4A80F1.
195ffb LTFS30205I READ_ATTR (0x8c) returns -20501.
195ffb LTFS30263I READ_ATTR returns Invalid Field in CDB (-20501) /dev/sg4.
195ffb LTFS30233I Cannot read attribute (-20501).
195ffb LTFS11336I The attribute does not exist. Ignore the expected error.
195ffb LTFS11337I Update index-dirty flag (1) - RC0018 (0x0x7fc64400b7f0).
195ffb LTFS11338I Syncing index of RC0018 11EB4A80F1.
195ffb LTFS17068I Syncing index of RC0018 (Reason: Sync by EA) 11EB4A80F1.
195ffb LTFS30205I READ_ATTR (0x8c) returns -20501.
195ffb LTFS30263I READ_ATTR returns Invalid Field in CDB (-20501) /dev/sg4.
195ffb LTFS30233I Cannot read attribute (-20501).
195ffb LTFS11336I The attribute does not exist. Ignore the expected error.
195ffb LTFS17235I Writing index of RC0018 to b (Reason: Sync by EA, 3149 files) 11EB4A80F1.
195ffb LTFS17236I Wrote index of RC0018 (Gen = 22, Part = b, Pos = 38101, 11EB4A80F1).
195ffb LTFS11337I Update index-dirty flag (0) - RC0018 (0x0x7fc64400b7f0).
195ffb LTFS17070I Synced index of RC0018 (0) 11EB4A80F1.
195ffb LTFS30205I READ_ATTR (0x8c) returns -20501.
195ffb LTFS30263I READ_ATTR returns Invalid Field in CDB (-20501) /dev/sg4.
195ffb LTFS30233I Cannot read attribute (-20501).
195ffb LTFS11336I The attribute does not exist. Ignore the expected error.
195ffb LTFS11337I Update index-dirty flag (1) - RC0018 (0x0x7fc64400b7f0).
19648f LTFS11338I Syncing index of RC0018 11EB4A80F1.
19648f LTFS17068I Syncing index of RC0018 (Reason: Sync by EA) 11EB4A80F1.
19648f LTFS30205I READ_ATTR (0x8c) returns -20501.
19648f LTFS30263I READ_ATTR returns Invalid Field in CDB (-20501) /dev/sg4.
19648f LTFS30233I Cannot read attribute (-20501).
19648f LTFS11336I The attribute does not exist. Ignore the expected error.
19648f LTFS17235I Writing index of RC0018 to b (Reason: Sync by EA, 3150 files) 11EB4A80F1.
19648f LTFS17236I Wrote index of RC0018 (Gen = 23, Part = b, Pos = 38108, 11EB4A80F1).
19648f LTFS11337I Update index-dirty flag (0) - RC0018 (0x0x7fc64400b7f0).
19648f LTFS17070I Synced index of RC0018 (0) 11EB4A80F1.
19648f LTFS30205I READ_ATTR (0x8c) returns -20501.
19648f LTFS30263I READ_ATTR returns Invalid Field in CDB (-20501) /dev/sg4.
19648f LTFS30233I Cannot read attribute (-20501).
19648f LTFS11336I The attribute does not exist. Ignore the expected error.
19648f LTFS30205I READ_ATTR (0x8c) returns -20501.
19648f LTFS30263I READ_ATTR returns Invalid Field in CDB (-20501) /dev/sg4.
19648f LTFS30233I Cannot read attribute (-20501).
19648f LTFS11336I The attribute does not exist. Ignore the expected error.
195ffc LTFS30205I READ_ATTR (0x8c) returns -20501.
195ffc LTFS30263I READ_ATTR returns Invalid Field in CDB (-20501) /dev/sg4.
195ffc LTFS30233I Cannot read attribute (-20501).
195ffc LTFS11336I The attribute does not exist. Ignore the expected error.
195ffc LTFS11337I Update index-dirty flag (1) - RC0018 (0x0x7fc64400b7f0).
195ffb LTFS11338I Syncing index of RC0018 11EB4A80F1.
195ffb LTFS17068I Syncing index of RC0018 (Reason: Sync by EA) 11EB4A80F1.
195ffb LTFS30205I READ_ATTR (0x8c) returns -20501.
195ffb LTFS30263I READ_ATTR returns Invalid Field in CDB (-20501) /dev/sg4.
195ffb LTFS30233I Cannot read attribute (-20501).
195ffb LTFS11336I The attribute does not exist. Ignore the expected error.
195ffb LTFS17235I Writing index of RC0018 to b (Reason: Sync by EA, 3151 files) 11EB4A80F1.
195ffb LTFS17236I Wrote index of RC0018 (Gen = 24, Part = b, Pos = 38115, 11EB4A80F1).
195ffb LTFS11337I Update index-dirty flag (0) - RC0018 (0x0x7fc64400b7f0).
195ffb LTFS17070I Synced index of RC0018 (0) 11EB4A80F1.
195ffb LTFS30205I READ_ATTR (0x8c) returns -20501.
195ffb LTFS30263I READ_ATTR returns Invalid Field in CDB (-20501) /dev/sg4.
195ffb LTFS30233I Cannot read attribute (-20501).
195ffb LTFS11336I The attribute does not exist. Ignore the expected error.
195ffb LTFS30205I READ_ATTR (0x8c) returns -20501.
195ffb LTFS30263I READ_ATTR returns Invalid Field in CDB (-20501) /dev/sg4.
195ffb LTFS30233I Cannot read attribute (-20501).
195ffb LTFS11336I The attribute does not exist. Ignore the expected error.
19648f LTFS30205I READ_ATTR (0x8c) returns -20501.
19648f LTFS30263I READ_ATTR returns Invalid Field in CDB (-20501) /dev/sg4.
19648f LTFS30233I Cannot read attribute (-20501).
19648f LTFS11336I The attribute does not exist. Ignore the expected error.
19648f LTFS11337I Update index-dirty flag (1) - RC0018 (0x0x7fc64400b7f0).
19854d LTFS14820I Synchronizing cartridge RC0018L9.
19854d LTFS11338I Syncing index of RC0018 11EB4A80F1.
19854d LTFS17068I Syncing index of RC0018 (Reason: Sync via adminchannel) 11EB4A80F1.
19854d LTFS30205I READ_ATTR (0x8c) returns -20501.
19854d LTFS30263I READ_ATTR returns Invalid Field in CDB (-20501) /dev/sg4.
19854d LTFS30233I Cannot read attribute (-20501).
19854d LTFS11336I The attribute does not exist. Ignore the expected error.
19854d LTFS17235I Writing index of RC0018 to b (Reason: Sync via adminchannel, 3152 files) 11EB4A80F1.
19854d LTFS17236I Wrote index of RC0018 (Gen = 25, Part = b, Pos = 38122, 11EB4A80F1).
19854d LTFS11337I Update index-dirty flag (0) - RC0018 (0x0x7fc64400b7f0).
19854d LTFS17070I Synced index of RC0018 (0) 11EB4A80F1.
19854d LTFS30205I READ_ATTR (0x8c) returns -20501.
19854d LTFS30263I READ_ATTR returns Invalid Field in CDB (-20501) /dev/sg4.
19854d LTFS30233I Cannot read attribute (-20501).
19854d LTFS11336I The attribute does not exist. Ignore the expected error.
19854d LTFS14821I Cartridge RC0018L9 is synchronized successfully.
1986f2 LTFS14820I Synchronizing cartridge RC0018L9.
1986f2 LTFS30205I READ_ATTR (0x8c) returns -20501.
1986f2 LTFS30263I READ_ATTR returns Invalid Field in CDB (-20501) /dev/sg4.
1986f2 LTFS30233I Cannot read attribute (-20501).
1986f2 LTFS11336I The attribute does not exist. Ignore the expected error.
1986f2 LTFS14821I Cartridge RC0018L9 is synchronized successfully.
19648f LTFS30205I READ_ATTR (0x8c) returns -20501.
19648f LTFS30263I READ_ATTR returns Invalid Field in CDB (-20501) /dev/sg4.
19648f LTFS30233I Cannot read attribute (-20501).
19648f LTFS11336I The attribute does not exist. Ignore the expected error.
19648f LTFS11337I Update index-dirty flag (1) - RC0018 (0x0x7fc64400b7f0).
1988e6 LTFS14820I Synchronizing cartridge RC0018L9.
1988e6 LTFS11338I Syncing index of RC0018 11EB4A80F1.
1988e6 LTFS17068I Syncing index of RC0018 (Reason: Sync via adminchannel) 11EB4A80F1.
1988e6 LTFS30205I READ_ATTR (0x8c) returns -20501.
1988e6 LTFS30263I READ_ATTR returns Invalid Field in CDB (-20501) /dev/sg4.
1988e6 LTFS30233I Cannot read attribute (-20501).
1988e6 LTFS11336I The attribute does not exist. Ignore the expected error.
1988e6 LTFS17235I Writing index of RC0018 to b (Reason: Sync via adminchannel, 3153 files) 11EB4A80F1.
1988e6 LTFS17236I Wrote index of RC0018 (Gen = 26, Part = b, Pos = 38129, 11EB4A80F1).
1988e6 LTFS11337I Update index-dirty flag (0) - RC0018 (0x0x7fc64400b7f0).
1988e6 LTFS17070I Synced index of RC0018 (0) 11EB4A80F1.
1988e6 LTFS30205I READ_ATTR (0x8c) returns -20501.
1988e6 LTFS30263I READ_ATTR returns Invalid Field in CDB (-20501) /dev/sg4.
1988e6 LTFS30233I Cannot read attribute (-20501).
1988e6 LTFS11336I The attribute does not exist. Ignore the expected error.
1988e6 LTFS14821I Cartridge RC0018L9 is synchronized successfully.
198aa8 LTFS14820I Synchronizing cartridge RC0018L9.
198aa8 LTFS30205I READ_ATTR (0x8c) returns -20501.
198aa8 LTFS30263I READ_ATTR returns Invalid Field in CDB (-20501) /dev/sg4.
198aa8 LTFS30233I Cannot read attribute (-20501).
198aa8 LTFS11336I The attribute does not exist. Ignore the expected error.
198aa8 LTFS14821I Cartridge RC0018L9 is synchronized successfully.
195ffc LTFS30205I READ_ATTR (0x8c) returns -20501.
195ffc LTFS30263I READ_ATTR returns Invalid Field in CDB (-20501) /dev/sg4.
195ffc LTFS30233I Cannot read attribute (-20501).
195ffc LTFS11336I The attribute does not exist. Ignore the expected error.
195ffc LTFS11337I Update index-dirty flag (1) - RC0018 (0x0x7fc64400b7f0).
19648f LTFS11338I Syncing index of RC0018 11EB4A80F1.
19648f LTFS17068I Syncing index of RC0018 (Reason: Sync by EA) 11EB4A80F1.
19648f LTFS30205I READ_ATTR (0x8c) returns -20501.
19648f LTFS30263I READ_ATTR returns Invalid Field in CDB (-20501) /dev/sg4.
19648f LTFS30233I Cannot read attribute (-20501).
19648f LTFS11336I The attribute does not exist. Ignore the expected error.
19648f LTFS17235I Writing index of RC0018 to b (Reason: Sync by EA, 3154 files) 11EB4A80F1.
19648f LTFS17236I Wrote index of RC0018 (Gen = 27, Part = b, Pos = 38136, 11EB4A80F1).
19648f LTFS11337I Update index-dirty flag (0) - RC0018 (0x0x7fc64400b7f0).
19648f LTFS17070I Synced index of RC0018 (0) 11EB4A80F1.
19648f LTFS30205I READ_ATTR (0x8c) returns -20501.
19648f LTFS30263I READ_ATTR returns Invalid Field in CDB (-20501) /dev/sg4.
19648f LTFS30233I Cannot read attribute (-20501).
19648f LTFS11336I The attribute does not exist. Ignore the expected error.
19648f LTFS11337I Update index-dirty flag (1) - RC0018 (0x0x7fc64400b7f0).
195ffb LTFS11338I Syncing index of RC0018 11EB4A80F1.
195ffb LTFS17068I Syncing index of RC0018 (Reason: Sync by EA) 11EB4A80F1.
195ffb LTFS30205I READ_ATTR (0x8c) returns -20501.
195ffb LTFS30263I READ_ATTR returns Invalid Field in CDB (-20501) /dev/sg4.
195ffb LTFS30233I Cannot read attribute (-20501).
195ffb LTFS11336I The attribute does not exist. Ignore the expected error.
195ffb LTFS17235I Writing index of RC0018 to b (Reason: Sync by EA, 3155 files) 11EB4A80F1.
195ffb LTFS17236I Wrote index of RC0018 (Gen = 28, Part = b, Pos = 38143, 11EB4A80F1).
195ffb LTFS11337I Update index-dirty flag (0) - RC0018 (0x0x7fc64400b7f0).
195ffb LTFS17070I Synced index of RC0018 (0) 11EB4A80F1.
195ffb LTFS30205I READ_ATTR (0x8c) returns -20501.
195ffb LTFS30263I READ_ATTR returns Invalid Field in CDB (-20501) /dev/sg4.
195ffb LTFS30233I Cannot read attribute (-20501).
195ffb LTFS11336I The attribute does not exist. Ignore the expected error.
195ffc LTFS30205I READ_ATTR (0x8c) returns -20501.
195ffc LTFS30263I READ_ATTR returns Invalid Field in CDB (-20501) /dev/sg4.
195ffc LTFS30233I Cannot read attribute (-20501).
195ffc LTFS11336I The attribute does not exist. Ignore the expected error.
1991ae LTFS14802I Moving cartridge RC0018L9.
1991ae LTFS11748I Unmounting RC0018L9 from 11EB4A80F1.
1991ae LTFS30205I READ_ATTR (0x8c) returns -20501.
1991ae LTFS30263I READ_ATTR returns Invalid Field in CDB (-20501) /dev/sg4.
1991ae LTFS30233I Cannot read attribute (-20501).
1991ae LTFS11336I The attribute does not exist. Ignore the expected error.
1991ae LTFS30205I READ_ATTR (0x8c) returns -20501.
1991ae LTFS30263I READ_ATTR returns Invalid Field in CDB (-20501) /dev/sg4.
1991ae LTFS30233I Cannot read attribute (-20501).
1991ae LTFS11336I The attribute does not exist. Ignore the expected error.
1991ae LTFS30205I READ_ATTR (0x8c) returns -20501.
1991ae LTFS30263I READ_ATTR returns Invalid Field in CDB (-20501) /dev/sg4.
1991ae LTFS30233I Cannot read attribute (-20501).
1991ae LTFS11336I The attribute does not exist. Ignore the expected error.
1991ae LTFS17235I Writing index of RC0018 to a (Reason: Unmount - 0, 3155 files) 11EB4A80F1.
1991ae LTFS17236I Wrote index of RC0018 (Gen = 28, Part = a, Pos = 5, 11EB4A80F1).
1991ae LTFS11034I Volume unmounted successfully.
1991ae LTFS30205I READ_ATTR (0x8c) returns -20501.
1991ae LTFS30263I READ_ATTR returns Invalid Field in CDB (-20501) /dev/sg4.
1991ae LTFS30233I Cannot read attribute (-20501).
1991ae LTFS11336I The attribute does not exist. Ignore the expected error.
1991ae LTFS11741I Writing index of RC0018L9 to volume cache (Reason: Unmount - 0, 3155 files).
1991ae LTFS11410I Wrote index cache of RC0018L9.
1991ae LTFS30205I READ_ATTR (0x8c) returns -20501.
1991ae LTFS30263I READ_ATTR returns Invalid Field in CDB (-20501) /dev/sg4.
1991ae LTFS30233I Cannot read attribute (-20501).
1991ae LTFS11336I The attribute does not exist. Ignore the expected error.
1991ae LTFS11787I Capturing cartridge statistics for RC0018L9.
1991ae LTFS11289I Ejecting cartridge.
1991ae LTFS12022I Unloading medium.
1991ae LTFS11291I Eject successful.
1991ae LTFS11749I Unmounted RC0018L9 from 11EB4A80F1.
1991ae LTFS14812I Moving cartridge RC0018L9 from 1 to 1007 - 55L3A7802K19LL01 .
1991ae LTFS11629I Aqcuireing MoveLock - 55L3A7802K19LL01.
1991ae LTFS11630I Aqcuired Move Lock (10) - 55L3A7802K19LL01.
1991ae LTFS11636I Unlink the drive 11EB4A80F1 from the cartridge RC0018L9.
1991ae LTFS14813I Moved cartridge RC0018L9 to 1007 successfully - 55L3A7802K19LL01.
1991ae LTFS14803I Cartridge RC0018L9 is moved successfully.
19a6e9 LTFS14802I Moving cartridge RC0018L9.
19a6e9 LTFS14812I Moving cartridge RC0018L9 from 1007 to 1 - 55L3A7802K19LL01 .
19a6e9 LTFS11629I Aqcuireing MoveLock - 55L3A7802K19LL01.
19a6e9 LTFS11630I Aqcuired Move Lock (10) - 55L3A7802K19LL01.
19a6e9 LTFS14813I Moved cartridge RC0018L9 to 1 successfully - 55L3A7802K19LL01.
19a6e9 LTFS11635I Link the drive 11EB4A80F1 to the cartridge RC0018L9.
19a6e9 LTFS14803I Cartridge RC0018L9 is moved successfully.
195ffb LTFS11616I Mounting cartridge RC0018L9.
195ffb LTFS11613I Moving cartridge RC0018L9 to drive 11EB4A80F1.
195ffb LTFS11626I Cartridge RC0018L9 is already in drive 11EB4A80F1.
195ffb LTFS11746I Mounting RC0018L9 on 11EB4A80F1.
195ffb LTFS11330I Loading cartridge.
195ffb LTFS30205I LOAD_UNLOAD (0x1b) returns -20601.
195ffb LTFS30252I Logical block protection is disabled.
195ffb LTFS11332I Load successful.
195ffb LTFS17157I Changing the drive setting to append-only mode.
195ffb LTFS11514E Failed to convert MAM cache: Invalid signature (0).
195ffb LTFS11538W Failed to verify library cache state for cartridge 'RC0018L9'.
195ffb LTFS11005I Mounting the volume.
195ffb LTFS30252I Logical block protection is disabled.
195ffb LTFS30205I READ_ATTR (0x8c) returns -20501.
195ffb LTFS30263I READ_ATTR returns Invalid Field in CDB (-20501) /dev/sg4.
195ffb LTFS30233I Cannot read attribute (-20501).
195ffb LTFS11336I The attribute does not exist. Ignore the expected error.
195ffb LTFS11031I Volume mounted successfully. RC0018 : Gen = 28 / (a, 5) -> (b, 38143) / 11EB4A80F1.
195ffb LTFS11664I Cartridge 'RC0018L9' is mounted on node 'lisa-143'.
195ffb LTFS11504I Cached index is from generation 28, but tape 'RC0018L9' reports last one as 28.
195ffb LTFS11741I Writing index of RC0018L9 to volume cache (Reason: (null), 3155 files).
195ffb LTFS11410I Wrote index cache of RC0018L9.
195ffb LTFS30205I READ_ATTR (0x8c) returns -20501.
195ffb LTFS30263I READ_ATTR returns Invalid Field in CDB (-20501) /dev/sg4.
195ffb LTFS30233I Cannot read attribute (-20501).
195ffb LTFS11336I The attribute does not exist. Ignore the expected error.
195ffb LTFS30205I READ_ATTR (0x8c) returns -20501.
195ffb LTFS30263I READ_ATTR returns Invalid Field in CDB (-20501) /dev/sg4.
195ffb LTFS30233I Cannot read attribute (-20501).
195ffb LTFS11336I The attribute does not exist. Ignore the expected error.
195ffb LTFS11747I Mounted RC0018L9 on 11EB4A80F1.
195ffb LTFS11617I Mounted cartridge RC0018L9 successfully.
19ac3e LTFS14802I Moving cartridge RC0018L9.
19ac3e LTFS11748I Unmounting RC0018L9 from 11EB4A80F1.
19ac3e LTFS30205I READ_ATTR (0x8c) returns -20501.
19ac3e LTFS30263I READ_ATTR returns Invalid Field in CDB (-20501) /dev/sg4.
19ac3e LTFS30233I Cannot read attribute (-20501).
19ac3e LTFS11336I The attribute does not exist. Ignore the expected error.
19ac3e LTFS30205I READ_ATTR (0x8c) returns -20501.
19ac3e LTFS30263I READ_ATTR returns Invalid Field in CDB (-20501) /dev/sg4.
19ac3e LTFS30233I Cannot read attribute (-20501).
19ac3e LTFS11336I The attribute does not exist. Ignore the expected error.
19ac3e LTFS17265I Skip writing the index because of the volume is not dirty and current self pointer points IP.
19ac3e LTFS11034I Volume unmounted successfully.
19ac3e LTFS30205I READ_ATTR (0x8c) returns -20501.
19ac3e LTFS30263I READ_ATTR returns Invalid Field in CDB (-20501) /dev/sg4.
19ac3e LTFS30233I Cannot read attribute (-20501).
19ac3e LTFS11336I The attribute does not exist. Ignore the expected error.
19ac3e LTFS11787I Capturing cartridge statistics for RC0018L9.
19ac3e LTFS11289I Ejecting cartridge.
19ac3e LTFS12022I Unloading medium.
19ac3e LTFS11291I Eject successful.
19ac3e LTFS11749I Unmounted RC0018L9 from 11EB4A80F1.
19ac3e LTFS14812I Moving cartridge RC0018L9 from 1 to 1007 - 55L3A7802K19LL01 .
19ac3e LTFS11629I Aqcuireing MoveLock - 55L3A7802K19LL01.
19ac3e LTFS11630I Aqcuired Move Lock (10) - 55L3A7802K19LL01.
19ac3e LTFS11636I Unlink the drive 11EB4A80F1 from the cartridge RC0018L9.
19ac3e LTFS14813I Moved cartridge RC0018L9 to 1007 successfully - 55L3A7802K19LL01.
19ac3e LTFS14803I Cartridge RC0018L9 is moved successfully.
195fda LTFS16501I Cartridge repository plugin is uninitialized (memory).
195fda LTFS30205I TEST_UNIT_READY (0x00) returns -20209.
195fda LTFS30205I TEST_UNIT_READY (0x00) returns -20209.
195fda LTFS30205I TEST_UNIT_READY (0x00) returns -20209.
195fda LTFS30252I Logical block protection is disabled.
