FORMAT RC0018L9 ONLY: native MODE SELECT + FORMAT MEDIUM; old UUID 0bf1c655-7a6f-4822-bed0-218b864ac1c6
[2026-09-27T11:58:09Z INFO  tape_rs::ltfs::mkltfs] mkltfs 开始: volume_id=RC0018 uuid=878f7b34-4910-4d09-9f1f-3e4725ede6d8
[2026-09-27T11:58:09Z INFO  tape_rs::tape::commands] 定位到 partition=0, block=0
[2026-09-27T11:58:13Z INFO  tape_rs::ltfs::mkltfs] MODE SELECT page 0x11: 2-partition (IDP=1, unit=GB, P0=1GB/minimum, P1=max)
[2026-09-27T11:58:13Z INFO  tape_rs::ltfs::mkltfs] 格式化介质（2-partition）...
[2026-09-27T11:58:13Z INFO  tape_rs::tape::commands] 格式化介质（format=1, verify=false）...
[2026-09-27T11:58:37Z INFO  tape_rs::tape::commands] 格式化完成
[2026-09-27T11:58:37Z INFO  tape_rs::tape::commands] 定位到 partition=0, block=0
[2026-09-27T11:58:47Z INFO  tape_rs::tape::commands] 定位到 partition=0, block=4
[2026-09-27T11:58:57Z INFO  tape_rs::tape::commands] 定位到 partition=1, block=0
[2026-09-27T11:59:13Z INFO  tape_rs::tape::commands] 定位到 partition=1, block=4
[2026-09-27T11:59:36Z INFO  tape_rs::tape::commands] 定位到 partition=0, block=0
[2026-09-27T11:59:40Z INFO  tape_rs::ltfs::mkltfs] mkltfs 完成: 878f7b34-4910-4d09-9f1f-3e4725ede6d8
{"chain_depth": 0, "generation": 1, "history_checked": false, "interface": "rust-library", "kind": "mount", "notes": ["\u53cc\u5206\u533a\u6700\u65b0 Full \u6784\u9020\u4e0e\u65b0\u9c9c VCI \u4e00\u81f4\uff1b\u672a\u626b\u63cf\u5386\u53f2 Full \u94fe"], "seconds": 21.324859541, "scsi_io": {"iorequest_cnt": "0x59818", "iodone_cnt": "0x59818", "ioerr_cnt": "0x5885"}, "wall_time": 1790510401.5196633}
{"bytes": 1073741824, "commit_seconds": 7.107398249, "count": 4, "data_seconds": 5.033844292, "generation": 2, "group": "large", "interface": "rust-library", "kind": "write", "mixed_reads": 0, "mount_seconds": 21.324859541, "total_seconds": 12.141248369, "scsi_io": {"iorequest_cnt": "0x5a024", "iodone_cnt": "0x5a024", "ioerr_cnt": "0x5885"}, "wall_time": 1790510414.8461072}
{"bytes": 17179869184, "commit_seconds": 7.268380836, "count": 1, "data_seconds": 56.31469067, "generation": 3, "group": "stream", "interface": "rust-library", "kind": "write", "mixed_reads": 0, "mount_seconds": 21.324859541, "total_seconds": 63.58307683, "scsi_io": {"iorequest_cnt": "0x6202d", "iodone_cnt": "0x6202d", "ioerr_cnt": "0x5885"}, "wall_time": 1790510496.668792}
{"bytes": 1048576, "commit_seconds": 12.83859715, "count": 256, "data_seconds": 12.981784271, "generation": 4, "group": "small", "interface": "rust-library", "kind": "write", "mixed_reads": 0, "mount_seconds": 21.324859541, "total_seconds": 25.820389162, "scsi_io": {"iorequest_cnt": "0x62235", "iodone_cnt": "0x62235", "ioerr_cnt": "0x5885"}, "wall_time": 1790510522.491477}
{"count": 4, "group": "large", "interface": "rust-library", "kind": "list", "mount_seconds": 21.324859541, "samples_ms": [0.002147, 0.00037, 0.00025100000000000003, 0.000203, 0.00019899999999999999, 0.00021899999999999998, 0.000247, 0.000203, 0.00019999999999999998, 0.00025100000000000003], "scsi_io": {"iorequest_cnt": "0x62235", "iodone_cnt": "0x62235", "ioerr_cnt": "0x5885"}, "wall_time": 1790510522.4916646}
{"count": 256, "group": "small", "interface": "rust-library", "kind": "list", "mount_seconds": 21.324859541, "samples_ms": [0.011785, 0.011137000000000001, 0.010771000000000001, 0.010687, 0.010437, 0.010665999999999998, 0.010612, 0.010494, 0.010545, 0.009996999999999999], "scsi_io": {"iorequest_cnt": "0x62235", "iodone_cnt": "0x62235", "ioerr_cnt": "0x5885"}, "wall_time": 1790510522.4917958}
{"bytes": 160000, "commit_seconds": 13.202910759, "count": 2500, "data_seconds": 17.847921984, "generation": 5, "group": "growth", "interface": "rust-library", "kind": "write", "mixed_reads": 0, "mount_seconds": 21.324859541, "total_seconds": 31.05085797, "scsi_io": {"iorequest_cnt": "0x635c9", "iodone_cnt": "0x635c9", "ioerr_cnt": "0x5885"}, "wall_time": 1790510553.5540392}
{"count": 4, "group": "large", "interface": "rust-library", "kind": "list", "mount_seconds": 21.324859541, "samples_ms": [0.0021969999999999997, 0.000357, 0.000271, 0.000252, 0.000232, 0.000201, 0.000212, 0.00023, 0.000239, 0.00023799999999999998], "scsi_io": {"iorequest_cnt": "0x635c9", "iodone_cnt": "0x635c9", "ioerr_cnt": "0x5885"}, "wall_time": 1790510553.5542333}
{"count": 256, "group": "small", "interface": "rust-library", "kind": "list", "mount_seconds": 21.324859541, "samples_ms": [0.014716, 0.009694999999999999, 0.008893, 0.008933, 0.009041, 0.009432999999999999, 0.009278, 0.0096, 0.009113999999999999, 0.008593], "scsi_io": {"iorequest_cnt": "0x635ca", "iodone_cnt": "0x635c9", "ioerr_cnt": "0x5885"}, "wall_time": 1790510553.5543709}
{"bytes": 131072, "commit_seconds": 13.214989343, "count": 32, "data_seconds": 12.619405556, "generation": 6, "group": "continuous-00", "interface": "rust-library", "kind": "write", "mixed_reads": 0, "mount_seconds": 21.324859541, "total_seconds": 25.834400153, "scsi_io": {"iorequest_cnt": "0x63615", "iodone_cnt": "0x63615", "ioerr_cnt": "0x5885"}, "wall_time": 1790510579.3888974}
{"bytes": 131072, "commit_seconds": 13.362606337, "count": 32, "data_seconds": 12.612388096, "generation": 7, "group": "continuous-01", "interface": "rust-library", "kind": "write", "mixed_reads": 0, "mount_seconds": 21.324859541, "total_seconds": 25.974999851, "scsi_io": {"iorequest_cnt": "0x63661", "iodone_cnt": "0x63661", "ioerr_cnt": "0x5885"}, "wall_time": 1790510605.3642712}
{"bytes": 131072, "commit_seconds": 13.330229886, "count": 32, "data_seconds": 12.704675228, "generation": 8, "group": "continuous-02", "interface": "rust-library", "kind": "write", "mixed_reads": 0, "mount_seconds": 21.324859541, "total_seconds": 26.03491033, "scsi_io": {"iorequest_cnt": "0x636ad", "iodone_cnt": "0x636ad", "ioerr_cnt": "0x5885"}, "wall_time": 1790510631.3995438}
{"bytes": 131072, "commit_seconds": 13.476422826, "count": 32, "data_seconds": 12.731847183, "generation": 9, "group": "continuous-03", "interface": "rust-library", "kind": "write", "mixed_reads": 0, "mount_seconds": 21.324859541, "total_seconds": 26.208275579, "scsi_io": {"iorequest_cnt": "0x636fa", "iodone_cnt": "0x636fa", "ioerr_cnt": "0x5885"}, "wall_time": 1790510657.6081893}
{"bytes": 131072, "commit_seconds": 13.38429375, "count": 32, "data_seconds": 12.807290421, "generation": 10, "group": "continuous-04", "interface": "rust-library", "kind": "write", "mixed_reads": 0, "mount_seconds": 21.324859541, "total_seconds": 26.1915907, "scsi_io": {"iorequest_cnt": "0x63747", "iodone_cnt": "0x63747", "ioerr_cnt": "0x5885"}, "wall_time": 1790510683.8001447}
{"bytes": 131072, "commit_seconds": 13.442905333, "count": 32, "data_seconds": 12.848953466, "generation": 11, "group": "continuous-05", "interface": "rust-library", "kind": "write", "mixed_reads": 0, "mount_seconds": 21.324859541, "total_seconds": 26.291864188, "scsi_io": {"iorequest_cnt": "0x63794", "iodone_cnt": "0x63794", "ioerr_cnt": "0x5885"}, "wall_time": 1790510710.0923672}
{"bytes": 131072, "commit_seconds": 13.437801188, "count": 32, "data_seconds": 12.926557901, "generation": 12, "group": "continuous-06", "interface": "rust-library", "kind": "write", "mixed_reads": 0, "mount_seconds": 21.324859541, "total_seconds": 26.36436402, "scsi_io": {"iorequest_cnt": "0x637e1", "iodone_cnt": "0x637e1", "ioerr_cnt": "0x5885"}, "wall_time": 1790510736.4570973}
{"bytes": 131072, "commit_seconds": 13.419373318, "count": 32, "data_seconds": 12.939182648, "generation": 13, "group": "continuous-07", "interface": "rust-library", "kind": "write", "mixed_reads": 0, "mount_seconds": 21.324859541, "total_seconds": 26.358561675, "scsi_io": {"iorequest_cnt": "0x6382e", "iodone_cnt": "0x6382e", "ioerr_cnt": "0x5885"}, "wall_time": 1790510762.8160267}
{"bytes": 131072, "commit_seconds": 13.446773106, "count": 32, "data_seconds": 13.0384634, "generation": 14, "group": "continuous-08", "interface": "rust-library", "kind": "write", "mixed_reads": 0, "mount_seconds": 21.324859541, "total_seconds": 26.485241619, "scsi_io": {"iorequest_cnt": "0x6387b", "iodone_cnt": "0x6387b", "ioerr_cnt": "0x5885"}, "wall_time": 1790510789.301616}
{"bytes": 131072, "commit_seconds": 13.355933716, "count": 32, "data_seconds": 13.047021077, "generation": 15, "group": "continuous-09", "interface": "rust-library", "kind": "write", "mixed_reads": 0, "mount_seconds": 21.324859541, "total_seconds": 26.402960516, "scsi_io": {"iorequest_cnt": "0x638c8", "iodone_cnt": "0x638c8", "ioerr_cnt": "0x5885"}, "wall_time": 1790510815.7049596}
{"bytes": 131072, "commit_seconds": 13.299663677, "count": 32, "data_seconds": 13.084184892, "generation": 16, "group": "continuous-10", "interface": "rust-library", "kind": "write", "mixed_reads": 0, "mount_seconds": 21.324859541, "total_seconds": 26.383853867, "scsi_io": {"iorequest_cnt": "0x63915", "iodone_cnt": "0x63915", "ioerr_cnt": "0x5885"}, "wall_time": 1790510842.0891654}
{"bytes": 131072, "commit_seconds": 13.263769488, "count": 32, "data_seconds": 13.13785223, "generation": 17, "group": "continuous-11", "interface": "rust-library", "kind": "write", "mixed_reads": 0, "mount_seconds": 21.324859541, "total_seconds": 26.401628055, "scsi_io": {"iorequest_cnt": "0x63962", "iodone_cnt": "0x63962", "ioerr_cnt": "0x5885"}, "wall_time": 1790510868.4911585}
{"generation": 17, "interface": "rust-library", "kind": "checkpoint", "seconds": 47.758295691, "scsi_io": {"iorequest_cnt": "0x6396f", "iodone_cnt": "0x6396f", "ioerr_cnt": "0x5885"}, "wall_time": 1790510916.2494774}
{"borrowed": false, "interface": "rust-library", "kind": "direct-io", "read": {"direct": 0, "indirect": 5, "mixed": 0}, "store_sha256": false, "write": {"direct": 0, "indirect": 38039, "mixed": 0}, "scsi_io": {"iorequest_cnt": "0x6396f", "iodone_cnt": "0x6396f", "ioerr_cnt": "0x5885"}, "wall_time": 1790510916.249644}
{"interface": "rust-library", "kind": "resource", "mode": "write-groups", "group": "all", "maxrss_kib": 22496, "user_seconds": 16.977689, "system_seconds": 6.6458960000000005, "wall_seconds": 536.2149200650165, "scsi_io": {"iorequest_cnt": "0x6396f", "iodone_cnt": "0x6396f", "ioerr_cnt": "0x5885"}, "wall_time": 1790510916.252565}
[2026-09-27T12:08:36Z INFO  tape_rs::tape::commands] 弹出磁带...
[2026-09-27T12:10:12Z INFO  tape_rs::tape::commands] 弹出完成
[2026-09-27T12:10:12Z INFO  tape_rs::changer::commands] 移动介质: 从 0x0001 到 0x03ef
[2026-09-27T12:10:44Z INFO  tape_rs::changer::commands] 移动完成
{"interface": "rust-library", "kind": "unload", "barcode": "RC0018L9", "checkpoint_seconds": 47.758295691, "unthread_seconds": 96.0721457899781, "total_seconds": 175.94887085201748, "scsi_io": {"iorequest_cnt": "0x63970", "iodone_cnt": "0x63970", "ioerr_cnt": "0x5885"}, "wall_time": 1790511044.54631}
[2026-09-27T12:10:44Z INFO  tape_rs::changer::commands] 移动介质: 从 0x03ef 到 0x0001
[2026-09-27T12:11:09Z INFO  tape_rs::changer::commands] 移动完成
[2026-09-27T12:11:09Z INFO  tape_rs::tape::commands] 装载磁带...
[2026-09-27T12:11:13Z WARN  tape_rs::scsi::transport] LOAD: UNIT ATTENTION asc=0x28 ascq=0x00，重发（第 1 次）
[2026-09-27T12:11:16Z INFO  tape_rs::tape::commands] 装载完成
{"interface": "rust-library", "kind": "load", "barcode": "RC0018L9", "move_seconds": 25.239585816976614, "total_seconds": 31.308609572937712, "scsi_io": {"iorequest_cnt": "0x63972", "iodone_cnt": "0x63972", "ioerr_cnt": "0x5886"}, "wall_time": 1790511076.0153353}
{"chain_depth": 0, "generation": 17, "history_checked": false, "interface": "rust-library", "kind": "mount", "notes": ["\u53cc\u5206\u533a\u6700\u65b0 Full \u6784\u9020\u4e0e\u65b0\u9c9c VCI \u4e00\u81f4\uff1b\u672a\u626b\u63cf\u5386\u53f2 Full \u94fe"], "seconds": 112.011278259, "scsi_io": {"iorequest_cnt": "0x6398f", "iodone_cnt": "0x6398e", "ioerr_cnt": "0x588b"}, "wall_time": 1790511188.1837566}
{"bytes": 18256392448, "count": 3145, "group": "all", "interface": "rust-library", "kind": "read", "label": "first", "mount_seconds": 112.011278259, "seconds": 90.440182785, "verified": true, "scsi_io": {"iorequest_cnt": "0x6da2c", "iodone_cnt": "0x6da2b", "ioerr_cnt": "0x64cf"}, "wall_time": 1790511278.62399}
{"bytes": 18256392448, "count": 3145, "group": "all", "interface": "rust-library", "kind": "read", "label": "repeat", "mount_seconds": 112.011278259, "seconds": 88.731249151, "verified": true, "scsi_io": {"iorequest_cnt": "0x77ac8", "iodone_cnt": "0x77ac8", "ioerr_cnt": "0x7113"}, "wall_time": 1790511367.355264}
{"borrowed": false, "interface": "rust-library", "kind": "direct-io", "read": {"direct": 0, "indirect": 75927, "mixed": 0}, "store_sha256": false, "write": {"direct": 0, "indirect": 0, "mixed": 0}, "scsi_io": {"iorequest_cnt": "0x77ac8", "iodone_cnt": "0x77ac8", "ioerr_cnt": "0x7113"}, "wall_time": 1790511367.3554542}
{"interface": "rust-library", "kind": "resource", "mode": "read", "group": "all", "maxrss_kib": 22496, "user_seconds": 33.753112, "system_seconds": 2.391683, "wall_seconds": 291.3463981760433, "scsi_io": {"iorequest_cnt": "0x77ac8", "iodone_cnt": "0x77ac8", "ioerr_cnt": "0x7113"}, "wall_time": 1790511367.3619103}
[2026-09-27T12:16:07Z INFO  tape_rs::tape::commands] 弹出磁带...
[2026-09-27T12:17:11Z INFO  tape_rs::tape::commands] 弹出完成
[2026-09-27T12:17:11Z INFO  tape_rs::changer::commands] 移动介质: 从 0x0001 到 0x03ef
[2026-09-27T12:17:44Z INFO  tape_rs::changer::commands] 移动完成
{"interface": "rust-library", "kind": "unload", "barcode": "RC0018L9", "checkpoint_seconds": 0.0, "unthread_seconds": 64.26765989803243, "total_seconds": 97.21966306690592, "scsi_io": {"iorequest_cnt": "0x77ac9", "iodone_cnt": "0x77ac9", "ioerr_cnt": "0x7113"}, "wall_time": 1790511464.71561}
{"kind": "complete", "passed": true, "scsi_io": {"iorequest_cnt": "0x77ac9", "iodone_cnt": "0x77ac9", "ioerr_cnt": "0x7113"}, "wall_time": 1790511464.7157605}
/opt/ibm/ltfsle/bin/leadm:2502: DeprecationWarning: setDaemon() is deprecated, set the daemon attribute instead
  t.setDaemon(True)
/opt/ibm/ltfsle/bin/leadm:2502: DeprecationWarning: setDaemon() is deprecated, set the daemon attribute instead
  t.setDaemon(True)
/opt/ibm/ltfsle/bin/leadm:2502: DeprecationWarning: setDaemon() is deprecated, set the daemon attribute instead
  t.setDaemon(True)
/opt/ibm/ltfsle/bin/leadm:2502: DeprecationWarning: setDaemon() is deprecated, set the daemon attribute instead
  t.setDaemon(True)
/opt/ibm/ltfsle/bin/leadm:2502: DeprecationWarning: setDaemon() is deprecated, set the daemon attribute instead
  t.setDaemon(True)
{"interface": "IBM-LE-FUSE", "kind": "load", "barcode": "RC0018L9", "move_seconds": 24.96816395095084, "total_seconds": 24.968164928955957, "namespace_seconds": 18.9740753719816, "ltfs_rss_kib": 24528, "ltfs_hwm_kib": 24528, "ltfs_cpu_seconds": 0.27, "probe_hwm_kib": 22496, "probe_cpu_seconds": 0.27696099999999996, "scsi_io": {"iorequest_cnt": "0x26399", "iodone_cnt": "0x26399", "ioerr_cnt": "0x9c"}, "wall_time": 1790511510.6825812}
{"interface": "IBM-LE-FUSE", "kind": "read", "label": "first", "count": 3145, "bytes": 18256392448, "seconds": 70.84870554902591, "verified": true, "ltfs_rss_kib": 30068, "ltfs_hwm_kib": 30068, "ltfs_cpu_seconds": 7.52, "probe_hwm_kib": 22496, "probe_cpu_seconds": 21.926153, "scsi_io": {"iorequest_cnt": "0x2f7fd", "iodone_cnt": "0x2f7fd", "ioerr_cnt": "0x9c"}, "wall_time": 1790511581.5318513}
{"interface": "IBM-LE-FUSE", "kind": "read", "label": "repeat", "count": 3145, "bytes": 18256392448, "seconds": 19.98208997095935, "verified": true, "ltfs_rss_kib": 30656, "ltfs_hwm_kib": 30656, "ltfs_cpu_seconds": 7.63, "probe_hwm_kib": 22496, "probe_cpu_seconds": 41.74354199999999, "scsi_io": {"iorequest_cnt": "0x2f7fd", "iodone_cnt": "0x2f7fd", "ioerr_cnt": "0x9c"}, "wall_time": 1790511601.5145767}
/opt/ibm/ltfsle/bin/leadm:2502: DeprecationWarning: setDaemon() is deprecated, set the daemon attribute instead
  t.setDaemon(True)
{"interface": "IBM-LE-FUSE", "kind": "unload", "barcode": "RC0018L9", "total_seconds": 157.95031801308505, "ltfs_rss_kib": 31924, "ltfs_hwm_kib": 31924, "ltfs_cpu_seconds": 7.76, "probe_hwm_kib": 22496, "probe_cpu_seconds": 41.830315999999996, "scsi_io": {"iorequest_cnt": "0x2f821", "iodone_cnt": "0x2f821", "ioerr_cnt": "0xa2"}, "wall_time": 1790511759.4654093}
{"kind": "complete", "passed": true, "ltfs_rss_kib": 31924, "ltfs_hwm_kib": 31924, "ltfs_cpu_seconds": 7.76, "probe_hwm_kib": 22496, "probe_cpu_seconds": 41.830625, "scsi_io": {"iorequest_cnt": "0x2f821", "iodone_cnt": "0x2f821", "ioerr_cnt": "0xa2"}, "wall_time": 1790511759.4656754}
[2026-09-27T12:22:41Z INFO  tape_rs::scsi::reservation] /dev/sg3: PERSISTENT RESERVE IN 前越过 UNIT ATTENTION 2a/01
FINAL PHYSICAL I/O VALIDATION PASSED
