[2026-09-27T10:44:43Z INFO  tape_rs::changer::commands] 移动介质: 从 0x03ef 到 0x0001
[2026-09-27T10:45:05Z INFO  tape_rs::changer::commands] 移动完成
[2026-09-27T10:45:06Z INFO  tape_rs::tape::commands] 装载磁带...
[2026-09-27T10:45:11Z WARN  tape_rs::scsi::transport] LOAD: UNIT ATTENTION asc=0x28 ascq=0x00，重发（第 1 次）
[2026-09-27T10:45:13Z INFO  tape_rs::tape::commands] 装载完成
{"interface": "rust-library", "kind": "load", "barcode": "RC0018L9", "move_seconds": 22.48053533094935, "total_seconds": 29.895657644956373, "scsi_io": {"iorequest_cnt": "0x30f0e", "iodone_cnt": "0x30f0e", "ioerr_cnt": "0x253f"}, "wall_time": 1790505913.4555852}
{"bytes": 131072, "commit_seconds": 10.086287083, "count": 32, "data_seconds": 0.147522818, "generation": 18, "group": "sync-position-0", "interface": "rust-library", "kind": "write", "mixed_reads": 0, "mount_seconds": 357.046886571, "total_seconds": 10.233819087, "scsi_io": {"iorequest_cnt": "0x30fe5", "iodone_cnt": "0x30fe5", "ioerr_cnt": "0x2564"}, "wall_time": 1790506280.7499766}
{"bytes": 131072, "commit_seconds": 13.803491339, "count": 32, "data_seconds": 8.13035278, "generation": 19, "group": "sync-position-1", "interface": "rust-library", "kind": "write", "mixed_reads": 0, "mount_seconds": 357.046886571, "total_seconds": 21.933849177, "scsi_io": {"iorequest_cnt": "0x31032", "iodone_cnt": "0x31032", "ioerr_cnt": "0x2564"}, "wall_time": 1790506302.684218}
{"bytes": 131072, "commit_seconds": 9.986538846, "count": 32, "data_seconds": 5.338812942, "generation": 20, "group": "sync-position-2", "interface": "rust-library", "kind": "write", "mixed_reads": 0, "mount_seconds": 357.046886571, "total_seconds": 15.325357718, "scsi_io": {"iorequest_cnt": "0x3107f", "iodone_cnt": "0x3107f", "ioerr_cnt": "0x2564"}, "wall_time": 1790506318.0099425}
{"generation": 20, "interface": "rust-library", "kind": "checkpoint", "seconds": 49.815694547, "scsi_io": {"iorequest_cnt": "0x3108c", "iodone_cnt": "0x3108c", "ioerr_cnt": "0x2564"}, "wall_time": 1790506367.8256543}
{"borrowed": false, "interface": "rust-library", "kind": "direct-io", "read": {"direct": 0, "indirect": 103, "mixed": 0}, "store_sha256": false, "write": {"direct": 0, "indirect": 120, "mixed": 0}, "scsi_io": {"iorequest_cnt": "0x3108c", "iodone_cnt": "0x3108c", "ioerr_cnt": "0x2564"}, "wall_time": 1790506367.8258212}
{"interface": "rust-library", "kind": "resource", "mode": "write-groups", "group": "all", "maxrss_kib": 18880, "user_seconds": 0.296373, "system_seconds": 0.027215, "wall_seconds": 454.3679117989959, "scsi_io": {"iorequest_cnt": "0x3108c", "iodone_cnt": "0x3108c", "ioerr_cnt": "0x2564"}, "wall_time": 1790506367.8286548}
[2026-09-27T10:52:47Z INFO  tape_rs::tape::commands] 弹出磁带...
[2026-09-27T10:54:23Z INFO  tape_rs::tape::commands] 弹出完成
[2026-09-27T10:54:23Z INFO  tape_rs::changer::commands] 移动介质: 从 0x0001 到 0x03ef
[2026-09-27T10:55:00Z INFO  tape_rs::changer::commands] 移动完成
{"interface": "rust-library", "kind": "unload", "barcode": "RC0018L9", "checkpoint_seconds": 49.815694547, "unthread_seconds": 95.83739458501805, "total_seconds": 182.3864225439938, "scsi_io": {"iorequest_cnt": "0x3108d", "iodone_cnt": "0x3108d", "ioerr_cnt": "0x2564"}, "wall_time": 1790506500.5308146}
[2026-09-27T10:55:00Z INFO  tape_rs::changer::commands] 移动介质: 从 0x03ef 到 0x0001
[2026-09-27T10:55:27Z INFO  tape_rs::changer::commands] 移动完成
[2026-09-27T10:55:27Z INFO  tape_rs::tape::commands] 装载磁带...
[2026-09-27T10:55:32Z WARN  tape_rs::scsi::transport] LOAD: UNIT ATTENTION asc=0x28 ascq=0x00，重发（第 1 次）
[2026-09-27T10:55:34Z INFO  tape_rs::tape::commands] 装载完成
{"interface": "rust-library", "kind": "load", "barcode": "RC0018L9", "move_seconds": 27.18726322101429, "total_seconds": 34.25966427905951, "scsi_io": {"iorequest_cnt": "0x3108f", "iodone_cnt": "0x3108f", "ioerr_cnt": "0x2565"}, "wall_time": 1790506534.9522445}
{"bytes": 18256785664, "count": 3241, "group": "all", "interface": "rust-library", "kind": "read", "label": "first", "mount_seconds": 363.282057001, "seconds": 141.446367486, "verified": true, "scsi_io": {"iorequest_cnt": "0x3b27b", "iodone_cnt": "0x3b27a", "ioerr_cnt": "0x3234"}, "wall_time": 1790507039.8442395}
{"bytes": 18256785664, "count": 3241, "group": "all", "interface": "rust-library", "kind": "read", "label": "repeat", "mount_seconds": 363.282057001, "seconds": 140.022554749, "verified": true, "scsi_io": {"iorequest_cnt": "0x453c7", "iodone_cnt": "0x453c7", "ioerr_cnt": "0x3ed8"}, "wall_time": 1790507179.8668067}
{"borrowed": false, "interface": "rust-library", "kind": "direct-io", "read": {"direct": 0, "indirect": 76228, "mixed": 0}, "store_sha256": false, "write": {"direct": 0, "indirect": 0, "mixed": 0}, "scsi_io": {"iorequest_cnt": "0x453c7", "iodone_cnt": "0x453c7", "ioerr_cnt": "0x3ed8"}, "wall_time": 1790507179.866975}
{"interface": "rust-library", "kind": "resource", "mode": "read", "group": "all", "maxrss_kib": 19080, "user_seconds": 34.608539, "system_seconds": 3.6439269999999997, "wall_seconds": 644.9241914000595, "scsi_io": {"iorequest_cnt": "0x453c7", "iodone_cnt": "0x453c7", "ioerr_cnt": "0x3ed8"}, "wall_time": 1790507179.876611}
[2026-09-27T11:06:20Z INFO  tape_rs::tape::commands] 弹出磁带...
[2026-09-27T11:07:22Z INFO  tape_rs::tape::commands] 弹出完成
[2026-09-27T11:07:22Z INFO  tape_rs::changer::commands] 移动介质: 从 0x0001 到 0x03ef
[2026-09-27T11:07:52Z INFO  tape_rs::changer::commands] 移动完成
{"interface": "rust-library", "kind": "unload", "barcode": "RC0018L9", "checkpoint_seconds": 0.0, "unthread_seconds": 62.44197459099814, "total_seconds": 92.94995595503133, "scsi_io": {"iorequest_cnt": "0x453c8", "iodone_cnt": "0x453c8", "ioerr_cnt": "0x3ed8"}, "wall_time": 1790507272.9604526}
{"kind": "complete", "passed": true, "scope": "native; LE cross-read follows separately", "scsi_io": {"iorequest_cnt": "0x453c8", "iodone_cnt": "0x453c8", "ioerr_cnt": "0x3ed8"}, "wall_time": 1790507272.9605963}
